09-20 15:01:24.891644  1260  1963 I am_proc_bound: [0,14962,com.zookingsoft.themestore:zremote]
09-20 15:01:24.920000 14962 14962 I auditd  : type=1400 audit(0.0:1896): avc: denied { execute } for comm="mestore:zremote" path="/data/data/com.zookingsoft.themestore/app_bdodex/bd.dex" dev="dm-1" ino=443392 scontext=u:r:platform_app:s0:c512,c768 tcontext=u:object_r:yl_trusted_app_data_file:s0:c512,c768 tclass=file permissive=0
09-20 15:01:24.920000 14962 14962 I auditd  : type=1400 audit(0.0:1897): avc: denied { execute } for comm="mestore:zremote" path="/data/data/com.zookingsoft.themestore/app_bdodex/bd.dex" dev="dm-1" ino=443392 scontext=u:r:platform_app:s0:c512,c768 tcontext=u:object_r:yl_trusted_app_data_file:s0:c512,c768 tclass=file permissive=0
09-20 15:01:25.770000 14962 14962 I auditd  : type=1400 audit(0.0:1898): avc: denied { execute } for comm="mestore:zremote" path="/data/data/com.zookingsoft.themestore/app_bdodex/bd.dex" dev="dm-1" ino=443391 scontext=u:r:platform_app:s0:c512,c768 tcontext=u:object_r:yl_trusted_app_data_file:s0:c512,c768 tclass=file permissive=0
09-20 15:01:25.770000 14962 14962 I auditd  : type=1400 audit(0.0:1899): avc: denied { execute } for comm="mestore:zremote" path="/data/data/com.zookingsoft.themestore/app_bdodex/bd.dex" dev="dm-1" ino=443391 scontext=u:r:platform_app:s0:c512,c768 tcontext=u:object_r:yl_trusted_app_data_file:s0:c512,c768 tclass=file permissive=0
09-20 15:01:25.800000 14962 14962 I auditd  : type=1400 audit(0.0:1900): avc: denied { execute } for comm="mestore:zremote" path="/data/data/com.zookingsoft.themestore/app_gdtodex/gdt.dex" dev="dm-1" ino=443401 scontext=u:r:platform_app:s0:c512,c768 tcontext=u:object_r:yl_trusted_app_data_file:s0:c512,c768 tclass=file permissive=0
09-20 15:01:25.800000 14962 14962 I auditd  : type=1400 audit(0.0:1901): avc: denied { execute } for comm="mestore:zremote" path="/data/data/com.zookingsoft.themestore/app_gdtodex/gdt.dex" dev="dm-1" ino=443401 scontext=u:r:platform_app:s0:c512,c768 tcontext=u:object_r:yl_trusted_app_data_file:s0:c512,c768 tclass=file permissive=0
09-20 15:01:26.130000 14962 14962 I auditd  : type=1400 audit(0.0:1902): avc: denied { execute } for comm="mestore:zremote" path="/data/data/com.zookingsoft.themestore/app_gdtodex/gdt.dex" dev="dm-1" ino=443400 scontext=u:r:platform_app:s0:c512,c768 tcontext=u:object_r:yl_trusted_app_data_file:s0:c512,c768 tclass=file permissive=0
09-20 15:01:26.130000 14962 14962 I auditd  : type=1400 audit(0.0:1903): avc: denied { execute } for comm="mestore:zremote" path="/data/data/com.zookingsoft.themestore/app_gdtodex/gdt.dex" dev="dm-1" ino=443400 scontext=u:r:platform_app:s0:c512,c768 tcontext=u:object_r:yl_trusted_app_data_file:s0:c512,c768 tclass=file permissive=0
09-20 15:01:26.190000 14993 14993 I auditd  : type=1400 audit(0.0:1904): avc: denied { execute } for comm="adthread" path="/data/data/com.zookingsoft.themestore/app_dex/EventDex.dex" dev="dm-1" ino=419820 scontext=u:r:platform_app:s0:c512,c768 tcontext=u:object_r:yl_trusted_app_data_file:s0:c512,c768 tclass=file permissive=0
09-20 15:01:26.190000 14993 14993 I auditd  : type=1400 audit(0.0:1905): avc: denied { execute } for comm="adthread" path="/data/data/com.zookingsoft.themestore/app_dex/EventDex.dex" dev="dm-1" ino=419820 scontext=u:r:platform_app:s0:c512,c768 tcontext=u:object_r:yl_trusted_app_data_file:s0:c512,c768 tclass=file permissive=0
09-20 15:01:48.190000 14993 14993 I auditd  : type=1400 audit(0.0:1906): avc: denied { execute } for comm="adthread" path="/data/data/com.zookingsoft.themestore/app_dex/EventDex.dex" dev="dm-1" ino=419824 scontext=u:r:platform_app:s0:c512,c768 tcontext=u:object_r:yl_trusted_app_data_file:s0:c512,c768 tclass=file permissive=0
09-20 15:01:48.190000 14993 14993 I auditd  : type=1400 audit(0.0:1907): avc: denied { execute } for comm="adthread" path="/data/data/com.zookingsoft.themestore/app_dex/EventDex.dex" dev="dm-1" ino=419824 scontext=u:r:platform_app:s0:c512,c768 tcontext=u:object_r:yl_trusted_app_data_file:s0:c512,c768 tclass=file permissive=0
09-20 15:01:55.008323  1260  1271 I am_proc_died: [0,14962,com.zookingsoft.themestore:zremote]
09-20 15:01:55.008974  1260  1271 I am_schedule_service_restart: [0,com.zookingsoft.themestore/com.main.svr.MService,1000]
09-20 15:01:55.009535  1260  1260 I notification_cancel: [1000,1260,com.zookingsoft.themestore,0,NULL,0,0,0,8,NULL]
09-20 15:01:55.030705  1260  1916 I am_proc_start: [0,15026,10033,com.zookingsoft.themestore:zremote,service,com.zookingsoft.themestore/com.main.svr.MService]
09-20 15:01:55.046586  1260  1959 I am_proc_bound: [0,15026,com.zookingsoft.themestore:zremote]
09-20 15:01:55.070000 15026 15026 I auditd  : type=1400 audit(0.0:1908): avc: denied { execute } for comm="mestore:zremote" path="/data/data/com.zookingsoft.themestore/app_bdodex/bd.dex" dev="dm-1" ino=443391 scontext=u:r:platform_app:s0:c512,c768 tcontext=u:object_r:yl_trusted_app_data_file:s0:c512,c768 tclass=file permissive=0
09-20 15:01:55.070000 15026 15026 I auditd  : type=1400 audit(0.0:1909): avc: denied { execute } for comm="mestore:zremote" path="/data/data/com.zookingsoft.themestore/app_bdodex/bd.dex" dev="dm-1" ino=443391 scontext=u:r:platform_app:s0:c512,c768 tcontext=u:object_r:yl_trusted_app_data_file:s0:c512,c768 tclass=file permissive=0
09-20 15:01:55.880000 15026 15026 I auditd  : type=1400 audit(0.0:1910): avc: denied { execute } for comm="mestore:zremote" path="/data/data/com.zookingsoft.themestore/app_bdodex/bd.dex" dev="dm-1" ino=443392 scontext=u:r:platform_app:s0:c512,c768 tcontext=u:object_r:yl_trusted_app_data_file:s0:c512,c768 tclass=file permissive=0
09-20 15:01:55.880000 15026 15026 I auditd  : type=1400 audit(0.0:1911): avc: denied { execute } for comm="mestore:zremote" path="/data/data/com.zookingsoft.themestore/app_bdodex/bd.dex" dev="dm-1" ino=443392 scontext=u:r:platform_app:s0:c512,c768 tcontext=u:object_r:yl_trusted_app_data_file:s0:c512,c768 tclass=file permissive=0
09-20 15:01:55.900000 15026 15026 I auditd  : type=1400 audit(0.0:1912): avc: denied { execute } for comm="mestore:zremote" path="/data/data/com.zookingsoft.themestore/app_gdtodex/gdt.dex" dev="dm-1" ino=443400 scontext=u:r:platform_app:s0:c512,c768 tcontext=u:object_r:yl_trusted_app_data_file:s0:c512,c768 tclass=file permissive=0
09-20 15:01:55.900000 15026 15026 I auditd  : type=1400 audit(0.0:1913): avc: denied { execute } for comm="mestore:zremote" path="/data/data/com.zookingsoft.themestore/app_gdtodex/gdt.dex" dev="dm-1" ino=443400 scontext=u:r:platform_app:s0:c512,c768 tcontext=u:object_r:yl_trusted_app_data_file:s0:c512,c768 tclass=file permissive=0
09-20 15:02:03.180000 15026 15026 I auditd  : type=1400 audit(0.0:1914): avc: denied { execute } for comm="mestore:zremote" path="/data/data/com.zookingsoft.themestore/app_gdtodex/gdt.dex" dev="dm-1" ino=443401 scontext=u:r:platform_app:s0:c512,c768 tcontext=u:object_r:yl_trusted_app_data_file:s0:c512,c768 tclass=file permissive=0
09-20 15:02:03.180000 15026 15026 I auditd  : type=1400 audit(0.0:1915): avc: denied { execute } for comm="mestore:zremote" path="/data/data/com.zookingsoft.themestore/app_gdtodex/gdt.dex" dev="dm-1" ino=443401 scontext=u:r:platform_app:s0:c512,c768 tcontext=u:object_r:yl_trusted_app_data_file:s0:c512,c768 tclass=file permissive=0
09-20 15:02:03.240000 15058 15058 I auditd  : type=1400 audit(0.0:1916): avc: denied { execute } for comm="adthread" path="/data/data/com.zookingsoft.themestore/app_dex/EventDex.dex" dev="dm-1" ino=419824 scontext=u:r:platform_app:s0:c512,c768 tcontext=u:object_r:yl_trusted_app_data_file:s0:c512,c768 tclass=file permissive=0
09-20 15:02:03.240000 15058 15058 I auditd  : type=1400 audit(0.0:1917): avc: denied { execute } for comm="adthread" path="/data/data/com.zookingsoft.themestore/app_dex/EventDex.dex" dev="dm-1" ino=419824 scontext=u:r:platform_app:s0:c512,c768 tcontext=u:object_r:yl_trusted_app_data_file:s0:c512,c768 tclass=file permissive=0
09-20 15:02:04.540000 15058 15058 I auditd  : type=1400 audit(0.0:1918): avc: denied { execute } for comm="adthread" path="/data/data/com.zookingsoft.themestore/app_dex/EventDex.dex" dev="dm-1" ino=419820 scontext=u:r:platform_app:s0:c512,c768 tcontext=u:object_r:yl_trusted_app_data_file:s0:c512,c768 tclass=file permissive=0
09-20 15:02:04.540000 15058 15058 I auditd  : type=1400 audit(0.0:1919): avc: denied { execute } for comm="adthread" path="/data/data/com.zookingsoft.themestore/app_dex/EventDex.dex" dev="dm-1" ino=419820 scontext=u:r:platform_app:s0:c512,c768 tcontext=u:object_r:yl_trusted_app_data_file:s0:c512,c768 tclass=file permissive=0
09-20 15:02:04.898854  1260 14512 I am_proc_died: [0,15026,com.zookingsoft.themestore:zremote]
09-20 15:02:04.899379  1260 14512 I am_schedule_service_restart: [0,com.zookingsoft.themestore/com.main.svr.MService,1000]
09-20 15:02:04.900825  1260  1260 I notification_cancel: [1000,1260,com.zookingsoft.themestore,0,NULL,0,0,0,8,NULL]
09-20 15:02:04.918448  1260  1271 I am_proc_start: [0,15092,10033,com.zookingsoft.themestore:zremote,service,com.zookingsoft.themestore/com.main.svr.MService]
09-20 15:02:04.934076  1260  1959 I am_proc_bound: [0,15092,com.zookingsoft.themestore:zremote]
09-20 15:02:04.960000 15092 15092 I auditd  : type=1400 audit(0.0:1920): avc: denied { execute } for comm="mestore:zremote" path="/data/data/com.zookingsoft.themestore/app_bdodex/bd.dex" dev="dm-1" ino=443392 scontext=u:r:platform_app:s0:c512,c768 tcontext=u:object_r:yl_trusted_app_data_file:s0:c512,c768 tclass=file permissive=0
09-20 15:02:04.960000 15092 15092 I auditd  : type=1400 audit(0.0:1921): avc: denied { execute } for comm="mestore:zremote" path="/data/data/com.zookingsoft.themestore/app_bdodex/bd.dex" dev="dm-1" ino=443392 scontext=u:r:platform_app:s0:c512,c768 tcontext=u:object_r:yl_trusted_app_data_file:s0:c512,c768 tclass=file permissive=0
09-20 15:02:07.120000 15092 15092 I auditd  : type=1400 audit(0.0:1922): avc: denied { execute } for comm="mestore:zremote" path="/data/data/com.zookingsoft.themestore/app_bdodex/bd.dex" dev="dm-1" ino=443391 scontext=u:r:platform_app:s0:c512,c768 tcontext=u:object_r:yl_trusted_app_data_file:s0:c512,c768 tclass=file permissive=0
09-20 15:02:07.120000 15092 15092 I auditd  : type=1400 audit(0.0:1923): avc: denied { execute } for comm="mestore:zremote" path="/data/data/com.zookingsoft.themestore/app_bdodex/bd.dex" dev="dm-1" ino=443391 scontext=u:r:platform_app:s0:c512,c768 tcontext=u:object_r:yl_trusted_app_data_file:s0:c512,c768 tclass=file permissive=0
09-20 15:02:07.140000 15092 15092 I auditd  : type=1400 audit(0.0:1924): avc: denied { execute } for comm="mestore:zremote" path="/data/data/com.zookingsoft.themestore/app_gdtodex/gdt.dex" dev="dm-1" ino=443401 scontext=u:r:platform_app:s0:c512,c768 tcontext=u:object_r:yl_trusted_app_data_file:s0:c512,c768 tclass=file permissive=0
09-20 15:02:07.140000 15092 15092 I auditd  : type=1400 audit(0.0:1925): avc: denied { execute } for comm="mestore:zremote" path="/data/data/com.zookingsoft.themestore/app_gdtodex/gdt.dex" dev="dm-1" ino=443401 scontext=u:r:platform_app:s0:c512,c768 tcontext=u:object_r:yl_trusted_app_data_file:s0:c512,c768 tclass=file permissive=0
09-20 15:02:16.250000 15092 15092 I auditd  : type=1400 audit(0.0:1926): avc: denied { execute } for comm="mestore:zremote" path="/data/data/com.zookingsoft.themestore/app_gdtodex/gdt.dex" dev="dm-1" ino=443400 scontext=u:r:platform_app:s0:c512,c768 tcontext=u:object_r:yl_trusted_app_data_file:s0:c512,c768 tclass=file permissive=0
09-20 15:02:16.250000 15092 15092 I auditd  : type=1400 audit(0.0:1927): avc: denied { execute } for comm="mestore:zremote" path="/data/data/com.zookingsoft.themestore/app_gdtodex/gdt.dex" dev="dm-1" ino=443400 scontext=u:r:platform_app:s0:c512,c768 tcontext=u:object_r:yl_trusted_app_data_file:s0:c512,c768 tclass=file permissive=0
09-20 15:02:16.300000 15124 15124 I auditd  : type=1400 audit(0.0:1928): avc: denied { execute } for comm="adthread" path="/data/data/com.zookingsoft.themestore/app_dex/EventDex.dex" dev="dm-1" ino=419820 scontext=u:r:platform_app:s0:c512,c768 tcontext=u:object_r:yl_trusted_app_data_file:s0:c512,c768 tclass=file permissive=0
09-20 15:02:16.300000 15124 15124 I auditd  : type=1400 audit(0.0:1929): avc: denied { execute } for comm="adthread" path="/data/data/com.zookingsoft.themestore/app_dex/EventDex.dex" dev="dm-1" ino=419820 scontext=u:r:platform_app:s0:c512,c768 tcontext=u:object_r:yl_trusted_app_data_file:s0:c512,c768 tclass=file permissive=0
09-20 15:02:25.470000 15124 15124 I auditd  : type=1400 audit(0.0:1930): avc: denied { execute } for comm="adthread" path="/data/data/com.zookingsoft.themestore/app_dex/EventDex.dex" dev="dm-1" ino=419824 scontext=u:r:platform_app:s0:c512,c768 tcontext=u:object_r:yl_trusted_app_data_file:s0:c512,c768 tclass=file permissive=0
09-20 15:02:25.470000 15124 15124 I auditd  : type=1400 audit(0.0:1931): avc: denied { execute } for comm="adthread" path="/data/data/com.zookingsoft.themestore/app_dex/EventDex.dex" dev="dm-1" ino=419824 scontext=u:r:platform_app:s0:c512,c768 tcontext=u:object_r:yl_trusted_app_data_file:s0:c512,c768 tclass=file permissive=0
09-20 15:02:25.808110  1260 14512 I am_proc_died: [0,15092,com.zookingsoft.themestore:zremote]
09-20 15:02:25.808621  1260 14512 I am_schedule_service_restart: [0,com.zookingsoft.themestore/com.main.svr.MService,1000]
09-20 15:02:25.808859  1260  1260 I notification_cancel: [1000,1260,com.zookingsoft.themestore,0,NULL,0,0,0,8,NULL]
09-20 15:02:25.825888  1260  1411 I am_proc_start: [0,15158,10033,com.zookingsoft.themestore:zremote,service,com.zookingsoft.themestore/com.main.svr.MService]
09-20 15:02:25.841056  1260  1916 I am_proc_bound: [0,15158,com.zookingsoft.themestore:zremote]
09-20 15:02:25.870000 15158 15158 I auditd  : type=1400 audit(0.0:1932): avc: denied { execute } for comm="mestore:zremote" path="/data/data/com.zookingsoft.themestore/app_bdodex/bd.dex" dev="dm-1" ino=443391 scontext=u:r:platform_app:s0:c512,c768 tcontext=u:object_r:yl_trusted_app_data_file:s0:c512,c768 tclass=file permissive=0
09-20 15:02:25.870000 15158 15158 I auditd  : type=1400 audit(0.0:1933): avc: denied { execute } for comm="mestore:zremote" path="/data/data/com.zookingsoft.themestore/app_bdodex/bd.dex" dev="dm-1" ino=443391 scontext=u:r:platform_app:s0:c512,c768 tcontext=u:object_r:yl_trusted_app_data_file:s0:c512,c768 tclass=file permissive=0
09-20 15:02:29.410000 15158 15158 I auditd  : type=1400 audit(0.0:1934): avc: denied { execute } for comm="mestore:zremote" path="/data/data/com.zookingsoft.themestore/app_bdodex/bd.dex" dev="dm-1" ino=443392 scontext=u:r:platform_app:s0:c512,c768 tcontext=u:object_r:yl_trusted_app_data_file:s0:c512,c768 tclass=file permissive=0
09-20 15:02:29.410000 15158 15158 I auditd  : type=1400 audit(0.0:1935): avc: denied { execute } for comm="mestore:zremote" path="/data/data/com.zookingsoft.themestore/app_bdodex/bd.dex" dev="dm-1" ino=443392 scontext=u:r:platform_app:s0:c512,c768 tcontext=u:object_r:yl_trusted_app_data_file:s0:c512,c768 tclass=file permissive=0
09-20 15:02:29.440000 15158 15158 I auditd  : type=1400 audit(0.0:1936): avc: denied { execute } for comm="mestore:zremote" path="/data/data/com.zookingsoft.themestore/app_gdtodex/gdt.dex" dev="dm-1" ino=443400 scontext=u:r:platform_app:s0:c512,c768 tcontext=u:object_r:yl_trusted_app_data_file:s0:c512,c768 tclass=file permissive=0
09-20 15:02:29.440000 15158 15158 I auditd  : type=1400 audit(0.0:1937): avc: denied { execute } for comm="mestore:zremote" path="/data/data/com.zookingsoft.themestore/app_gdtodex/gdt.dex" dev="dm-1" ino=443400 scontext=u:r:platform_app:s0:c512,c768 tcontext=u:object_r:yl_trusted_app_data_file:s0:c512,c768 tclass=file permissive=0
09-20 15:02:29.760000 15158 15158 I auditd  : type=1400 audit(0.0:1938): avc: denied { execute } for comm="mestore:zremote" path="/data/data/com.zookingsoft.themestore/app_gdtodex/gdt.dex" dev="dm-1" ino=443401 scontext=u:r:platform_app:s0:c512,c768 tcontext=u:object_r:yl_trusted_app_data_file:s0:c512,c768 tclass=file permissive=0
09-20 15:02:29.760000 15158 15158 I auditd  : type=1400 audit(0.0:1939): avc: denied { execute } for comm="mestore:zremote" path="/data/data/com.zookingsoft.themestore/app_gdtodex/gdt.dex" dev="dm-1" ino=443401 scontext=u:r:platform_app:s0:c512,c768 tcontext=u:object_r:yl_trusted_app_data_file:s0:c512,c768 tclass=file permissive=0
09-20 15:02:29.810000 15189 15189 I auditd  : type=1400 audit(0.0:1940): avc: denied { execute } for comm="adthread" path="/data/data/com.zookingsoft.themestore/app_dex/EventDex.dex" dev="dm-1" ino=419824 scontext=u:r:platform_app:s0:c512,c768 tcontext=u:object_r:yl_trusted_app_data_file:s0:c512,c768 tclass=file permissive=0
09-20 15:02:29.810000 15189 15189 I auditd  : type=1400 audit(0.0:1941): avc: denied { execute } for comm="adthread" path="/data/data/com.zookingsoft.themestore/app_dex/EventDex.dex" dev="dm-1" ino=419824 scontext=u:r:platform_app:s0:c512,c768 tcontext=u:object_r:yl_trusted_app_data_file:s0:c512,c768 tclass=file permissive=0
09-20 15:02:37.870000 15189 15189 I auditd  : type=1400 audit(0.0:1942): avc: denied { execute } for comm="adthread" path="/data/data/com.zookingsoft.themestore/app_dex/EventDex.dex" dev="dm-1" ino=419820 scontext=u:r:platform_app:s0:c512,c768 tcontext=u:object_r:yl_trusted_app_data_file:s0:c512,c768 tclass=file permissive=0
09-20 15:02:37.870000 15189 15189 I auditd  : type=1400 audit(0.0:1943): avc: denied { execute } for comm="adthread" path="/data/data/com.zookingsoft.themestore/app_dex/EventDex.dex" dev="dm-1" ino=419820 scontext=u:r:platform_app:s0:c512,c768 tcontext=u:object_r:yl_trusted_app_data_file:s0:c512,c768 tclass=file permissive=0
09-20 15:02:43.686123  1260  1272 I am_proc_died: [0,15158,com.zookingsoft.themestore:zremote]
09-20 15:02:43.686756  1260  1272 I am_schedule_service_restart: [0,com.zookingsoft.themestore/com.main.svr.MService,1000]
09-20 15:02:43.690688  1260  1260 I notification_cancel: [1000,1260,com.zookingsoft.themestore,0,NULL,0,0,0,8,NULL]
09-20 15:02:43.712501  1260  1271 I am_proc_start: [0,15222,10033,com.zookingsoft.themestore:zremote,service,com.zookingsoft.themestore/com.main.svr.MService]
09-20 15:02:43.727412  1260  1539 I am_proc_bound: [0,15222,com.zookingsoft.themestore:zremote]
09-20 15:02:43.760000 15222 15222 I auditd  : type=1400 audit(0.0:1944): avc: denied { execute } for comm="mestore:zremote" path="/data/data/com.zookingsoft.themestore/app_bdodex/bd.dex" dev="dm-1" ino=443392 scontext=u:r:platform_app:s0:c512,c768 tcontext=u:object_r:yl_trusted_app_data_file:s0:c512,c768 tclass=file permissive=0
09-20 15:02:43.760000 15222 15222 I auditd  : type=1400 audit(0.0:1945): avc: denied { execute } for comm="mestore:zremote" path="/data/data/com.zookingsoft.themestore/app_bdodex/bd.dex" dev="dm-1" ino=443392 scontext=u:r:platform_app:s0:c512,c768 tcontext=u:object_r:yl_trusted_app_data_file:s0:c512,c768 tclass=file permissive=0
09-20 15:02:44.580000 15222 15222 I auditd  : type=1400 audit(0.0:1946): avc: denied { execute } for comm="mestore:zremote" path="/data/data/com.zookingsoft.themestore/app_bdodex/bd.dex" dev="dm-1" ino=443391 scontext=u:r:platform_app:s0:c512,c768 tcontext=u:object_r:yl_trusted_app_data_file:s0:c512,c768 tclass=file permissive=0
09-20 15:02:44.580000 15222 15222 I auditd  : type=1400 audit(0.0:1947): avc: denied { execute } for comm="mestore:zremote" path="/data/data/com.zookingsoft.themestore/app_bdodex/bd.dex" dev="dm-1" ino=443391 scontext=u:r:platform_app:s0:c512,c768 tcontext=u:object_r:yl_trusted_app_data_file:s0:c512,c768 tclass=file permissive=0
09-20 15:02:44.600000 15222 15222 I auditd  : type=1400 audit(0.0:1948): avc: denied { execute } for comm="mestore:zremote" path="/data/data/com.zookingsoft.themestore/app_gdtodex/gdt.dex" dev="dm-1" ino=443401 scontext=u:r:platform_app:s0:c512,c768 tcontext=u:object_r:yl_trusted_app_data_file:s0:c512,c768 tclass=file permissive=0
09-20 15:02:44.600000 15222 15222 I auditd  : type=1400 audit(0.0:1949): avc: denied { execute } for comm="mestore:zremote" path="/data/data/com.zookingsoft.themestore/app_gdtodex/gdt.dex" dev="dm-1" ino=443401 scontext=u:r:platform_app:s0:c512,c768 tcontext=u:object_r:yl_trusted_app_data_file:s0:c512,c768 tclass=file permissive=0
09-20 15:02:44.920000 15222 15222 I auditd  : type=1400 audit(0.0:1950): avc: denied { execute } for comm="mestore:zremote" path="/data/data/com.zookingsoft.themestore/app_gdtodex/gdt.dex" dev="dm-1" ino=443400 scontext=u:r:platform_app:s0:c512,c768 tcontext=u:object_r:yl_trusted_app_data_file:s0:c512,c768 tclass=file permissive=0
09-20 15:02:44.920000 15222 15222 I auditd  : type=1400 audit(0.0:1951): avc: denied { execute } for comm="mestore:zremote" path="/data/data/com.zookingsoft.themestore/app_gdtodex/gdt.dex" dev="dm-1" ino=443400 scontext=u:r:platform_app:s0:c512,c768 tcontext=u:object_r:yl_trusted_app_data_file:s0:c512,c768 tclass=file permissive=0
09-20 15:02:44.980000 15253 15253 I auditd  : type=1400 audit(0.0:1952): avc: denied { execute } for comm="adthread" path="/data/data/com.zookingsoft.themestore/app_dex/EventDex.dex" dev="dm-1" ino=419820 scontext=u:r:platform_app:s0:c512,c768 tcontext=u:object_r:yl_trusted_app_data_file:s0:c512,c768 tclass=file permissive=0
09-20 15:02:44.980000 15253 15253 I auditd  : type=1400 audit(0.0:1953): avc: denied { execute } for comm="adthread" path="/data/data/com.zookingsoft.themestore/app_dex/EventDex.dex" dev="dm-1" ino=419820 scontext=u:r:platform_app:s0:c512,c768 tcontext=u:object_r:yl_trusted_app_data_file:s0:c512,c768 tclass=file permissive=0
09-20 15:02:54.950000 15253 15253 I auditd  : type=1400 audit(0.0:1954): avc: denied { execute } for comm="adthread" path="/data/data/com.zookingsoft.themestore/app_dex/EventDex.dex" dev="dm-1" ino=419824 scontext=u:r:platform_app:s0:c512,c768 tcontext=u:object_r:yl_trusted_app_data_file:s0:c512,c768 tclass=file permissive=0
09-20 15:02:54.950000 15253 15253 I auditd  : type=1400 audit(0.0:1955): avc: denied { execute } for comm="adthread" path="/data/data/com.zookingsoft.themestore/app_dex/EventDex.dex" dev="dm-1" ino=419824 scontext=u:r:platform_app:s0:c512,c768 tcontext=u:object_r:yl_trusted_app_data_file:s0:c512,c768 tclass=file permissive=0
09-20 15:02:55.299506  1260  4115 I am_proc_died: [0,15222,com.zookingsoft.themestore:zremote]
09-20 15:02:55.300068  1260  4115 I am_schedule_service_restart: [0,com.zookingsoft.themestore/com.main.svr.MService,1000]
09-20 15:02:55.301494  1260  1260 I notification_cancel: [1000,1260,com.zookingsoft.themestore,0,NULL,0,0,0,8,NULL]
09-20 15:02:55.318264  1260 14512 I am_proc_start: [0,15287,10033,com.zookingsoft.themestore:zremote,service,com.zookingsoft.themestore/com.main.svr.MService]
09-20 15:02:55.332950  1260  1585 I am_proc_bound: [0,15287,com.zookingsoft.themestore:zremote]
09-20 15:03:29.050000 15287 15287 I auditd  : type=1400 audit(0.0:1956): avc: denied { execute } for comm="mestore:zremote" path="/data/data/com.zookingsoft.themestore/app_bdodex/bd.dex" dev="dm-1" ino=443391 scontext=u:r:platform_app:s0:c512,c768 tcontext=u:object_r:yl_trusted_app_data_file:s0:c512,c768 tclass=file permissive=0
09-20 15:03:29.050000 15287 15287 I auditd  : type=1400 audit(0.0:1957): avc: denied { execute } for comm="mestore:zremote" path="/data/data/com.zookingsoft.themestore/app_bdodex/bd.dex" dev="dm-1" ino=443391 scontext=u:r:platform_app:s0:c512,c768 tcontext=u:object_r:yl_trusted_app_data_file:s0:c512,c768 tclass=file permissive=0
09-20 15:03:29.830000 15287 15287 I auditd  : type=1400 audit(0.0:1958): avc: denied { execute } for comm="mestore:zremote" path="/data/data/com.zookingsoft.themestore/app_bdodex/bd.dex" dev="dm-1" ino=443392 scontext=u:r:platform_app:s0:c512,c768 tcontext=u:object_r:yl_trusted_app_data_file:s0:c512,c768 tclass=file permissive=0
09-20 15:03:29.830000 15287 15287 I auditd  : type=1400 audit(0.0:1959): avc: denied { execute } for comm="mestore:zremote" path="/data/data/com.zookingsoft.themestore/app_bdodex/bd.dex" dev="dm-1" ino=443392 scontext=u:r:platform_app:s0:c512,c768 tcontext=u:object_r:yl_trusted_app_data_file:s0:c512,c768 tclass=file permissive=0
09-20 15:03:29.850000 15287 15287 I auditd  : type=1400 audit(0.0:1960): avc: denied { execute } for comm="mestore:zremote" path="/data/data/com.zookingsoft.themestore/app_gdtodex/gdt.dex" dev="dm-1" ino=443400 scontext=u:r:platform_app:s0:c512,c768 tcontext=u:object_r:yl_trusted_app_data_file:s0:c512,c768 tclass=file permissive=0
09-20 15:03:29.850000 15287 15287 I auditd  : type=1400 audit(0.0:1961): avc: denied { execute } for comm="mestore:zremote" path="/data/data/com.zookingsoft.themestore/app_gdtodex/gdt.dex" dev="dm-1" ino=443400 scontext=u:r:platform_app:s0:c512,c768 tcontext=u:object_r:yl_trusted_app_data_file:s0:c512,c768 tclass=file permissive=0
09-20 15:03:30.180000 15287 15287 I auditd  : type=1400 audit(0.0:1962): avc: denied { execute } for comm="mestore:zremote" path="/data/data/com.zookingsoft.themestore/app_gdtodex/gdt.dex" dev="dm-1" ino=443401 scontext=u:r:platform_app:s0:c512,c768 tcontext=u:object_r:yl_trusted_app_data_file:s0:c512,c768 tclass=file permissive=0
09-20 15:03:30.180000 15287 15287 I auditd  : type=1400 audit(0.0:1963): avc: denied { execute } for comm="mestore:zremote" path="/data/data/com.zookingsoft.themestore/app_gdtodex/gdt.dex" dev="dm-1" ino=443401 scontext=u:r:platform_app:s0:c512,c768 tcontext=u:object_r:yl_trusted_app_data_file:s0:c512,c768 tclass=file permissive=0
09-20 15:03:30.240000 15318 15318 I auditd  : type=1400 audit(0.0:1964): avc: denied { execute } for comm="adthread" path="/data/data/com.zookingsoft.themestore/app_dex/EventDex.dex" dev="dm-1" ino=419824 scontext=u:r:platform_app:s0:c512,c768 tcontext=u:object_r:yl_trusted_app_data_file:s0:c512,c768 tclass=file permissive=0
09-20 15:03:30.240000 15318 15318 I auditd  : type=1400 audit(0.0:1965): avc: denied { execute } for comm="adthread" path="/data/data/com.zookingsoft.themestore/app_dex/EventDex.dex" dev="dm-1" ino=419824 scontext=u:r:platform_app:s0:c512,c768 tcontext=u:object_r:yl_trusted_app_data_file:s0:c512,c768 tclass=file permissive=0
09-20 15:04:01.022196  1260  1260 I power_screen_state: [1,0,0,0]
09-20 15:04:01.022690  1260  1260 I screen_toggled: 1
09-20 15:04:01.027903  1260  1260 I power_screen_broadcast_send: 1
09-20 15:04:01.062275  1260  1286 I am_resume_activity: [0,159131243,200,com.android.settings/.Settings$WifiSettingsActivity]
09-20 15:04:01.139616 11031 11031 I sysui_view_visibility: [103,100]
09-20 15:04:01.191943 11031 11031 I am_on_resume_called: [0,com.android.settings.Settings$WifiSettingsActivity,RESUME_ACTIVITY]
09-20 15:04:01.250000 15318 15318 I auditd  : type=1400 audit(0.0:1966): avc: denied { execute } for comm="adthread" path="/data/data/com.zookingsoft.themestore/app_dex/EventDex.dex" dev="dm-1" ino=419820 scontext=u:r:platform_app:s0:c512,c768 tcontext=u:object_r:yl_trusted_app_data_file:s0:c512,c768 tclass=file permissive=0
09-20 15:04:01.250000 15318 15318 I auditd  : type=1400 audit(0.0:1967): avc: denied { execute } for comm="adthread" path="/data/data/com.zookingsoft.themestore/app_dex/EventDex.dex" dev="dm-1" ino=419820 scontext=u:r:platform_app:s0:c512,c768 tcontext=u:object_r:yl_trusted_app_data_file:s0:c512,c768 tclass=file permissive=0
09-20 15:04:01.531373   282   282 I sf_frame_dur: [ColorFade,36,2,0,0,0,0,0]
09-20 15:04:01.719258  1260  1260 I power_screen_broadcast_done: [1,691,1]
09-20 15:04:01.806400  1260  1411 I am_proc_died: [0,15287,com.zookingsoft.themestore:zremote]
09-20 15:04:01.806838  1260  1411 I am_schedule_service_restart: [0,com.zookingsoft.themestore/com.main.svr.MService,1000]
09-20 15:04:01.806918  1260  1260 I notification_cancel: [1000,1260,com.zookingsoft.themestore,0,NULL,0,0,0,8,NULL]
09-20 15:04:01.822725  1260  1963 I am_proc_start: [0,15354,10033,com.zookingsoft.themestore:zremote,service,com.zookingsoft.themestore/com.main.svr.MService]
09-20 15:04:01.840404  1260  1915 I am_proc_bound: [0,15354,com.zookingsoft.themestore:zremote]
09-20 15:04:01.870000 15354 15354 I auditd  : type=1400 audit(0.0:1968): avc: denied { execute } for comm="mestore:zremote" path="/data/data/com.zookingsoft.themestore/app_bdodex/bd.dex" dev="dm-1" ino=443392 scontext=u:r:platform_app:s0:c512,c768 tcontext=u:object_r:yl_trusted_app_data_file:s0:c512,c768 tclass=file permissive=0
09-20 15:04:01.870000 15354 15354 I auditd  : type=1400 audit(0.0:1969): avc: denied { execute } for comm="mestore:zremote" path="/data/data/com.zookingsoft.themestore/app_bdodex/bd.dex" dev="dm-1" ino=443392 scontext=u:r:platform_app:s0:c512,c768 tcontext=u:object_r:yl_trusted_app_data_file:s0:c512,c768 tclass=file permissive=0
09-20 15:04:02.520000 15354 15354 I auditd  : type=1400 audit(0.0:1970): avc: denied { execute } for comm="mestore:zremote" path="/data/data/com.zookingsoft.themestore/app_bdodex/bd.dex" dev="dm-1" ino=443391 scontext=u:r:platform_app:s0:c512,c768 tcontext=u:object_r:yl_trusted_app_data_file:s0:c512,c768 tclass=file permissive=0
09-20 15:04:02.520000 15354 15354 I auditd  : type=1400 audit(0.0:1971): avc: denied { execute } for comm="mestore:zremote" path="/data/data/com.zookingsoft.themestore/app_bdodex/bd.dex" dev="dm-1" ino=443391 scontext=u:r:platform_app:s0:c512,c768 tcontext=u:object_r:yl_trusted_app_data_file:s0:c512,c768 tclass=file permissive=0
09-20 15:04:02.530000 15354 15354 I auditd  : type=1400 audit(0.0:1972): avc: denied { execute } for comm="mestore:zremote" path="/data/data/com.zookingsoft.themestore/app_gdtodex/gdt.dex" dev="dm-1" ino=443401 scontext=u:r:platform_app:s0:c512,c768 tcontext=u:object_r:yl_trusted_app_data_file:s0:c512,c768 tclass=file permissive=0
09-20 15:04:02.530000 15354 15354 I auditd  : type=1400 audit(0.0:1973): avc: denied { execute } for comm="mestore:zremote" path="/data/data/com.zookingsoft.themestore/app_gdtodex/gdt.dex" dev="dm-1" ino=443401 scontext=u:r:platform_app:s0:c512,c768 tcontext=u:object_r:yl_trusted_app_data_file:s0:c512,c768 tclass=file permissive=0
09-20 15:04:02.790000 15354 15354 I auditd  : type=1400 audit(0.0:1974): avc: denied { execute } for comm="mestore:zremote" path="/data/data/com.zookingsoft.themestore/app_gdtodex/gdt.dex" dev="dm-1" ino=443400 scontext=u:r:platform_app:s0:c512,c768 tcontext=u:object_r:yl_trusted_app_data_file:s0:c512,c768 tclass=file permissive=0
09-20 15:04:02.800000 15354 15354 I auditd  : type=1400 audit(0.0:1975): avc: denied { execute } for comm="mestore:zremote" path="/data/data/com.zookingsoft.themestore/app_gdtodex/gdt.dex" dev="dm-1" ino=443400 scontext=u:r:platform_app:s0:c512,c768 tcontext=u:object_r:yl_trusted_app_data_file:s0:c512,c768 tclass=file permissive=0
09-20 15:04:02.840000 15385 15385 I auditd  : type=1400 audit(0.0:1976): avc: denied { execute } for comm="adthread" path="/data/data/com.zookingsoft.themestore/app_dex/EventDex.dex" dev="dm-1" ino=419820 scontext=u:r:platform_app:s0:c512,c768 tcontext=u:object_r:yl_trusted_app_data_file:s0:c512,c768 tclass=file permissive=0
09-20 15:04:02.840000 15385 15385 I auditd  : type=1400 audit(0.0:1977): avc: denied { execute } for comm="adthread" path="/data/data/com.zookingsoft.themestore/app_dex/EventDex.dex" dev="dm-1" ino=419820 scontext=u:r:platform_app:s0:c512,c768 tcontext=u:object_r:yl_trusted_app_data_file:s0:c512,c768 tclass=file permissive=0
09-20 15:04:03.042146  1260  1915 I am_new_intent: [0,65082258,190,com.android.systemui/.recents.RecentsActivity,NULL,NULL,NULL,276840448]
09-20 15:04:03.042345  1260  1915 I am_focused_stack: [0,0,1,bringingFoundTaskToFront setFocusedActivity]
09-20 15:04:03.042773  1260  1915 I wm_task_moved: [190,1,1]
09-20 15:04:03.045391  1260  1915 I am_focused_activity: [0,com.android.systemui/.recents.RecentsActivity,bringingFoundTaskToFront]
09-20 15:04:03.045711  1260  1915 I am_pause_activity: [0,159131243,com.android.settings/.Settings$WifiSettingsActivity]
09-20 15:04:03.051681 11031 11031 I sysui_view_visibility: [103,0]
09-20 15:04:03.085844  1260  1915 I am_resume_activity: [0,239875601,190,com.android.systemui/.recents.RecentsActivity]
09-20 15:04:03.086423  1260  1915 I am_task_to_front: [0,190]
09-20 15:04:03.092220  1260  1915 I sysui_action: [323,com.android.systemui/.recents.RecentsActivity]
09-20 15:04:03.092270  1260  1915 I sysui_action: [324,true]
09-20 15:04:03.092297  1260  1915 I sysui_action: [325,615]
09-20 15:04:03.094507  1260  1276 I am_stop_activity: [0,159131243,com.android.settings/.Settings$WifiSettingsActivity]
09-20 15:04:03.106206 11031 11031 I am_on_paused_called: [0,com.android.settings.Settings$WifiSettingsActivity,handlePauseActivity]
09-20 15:04:03.107957  1431  1431 I sysui_view_visibility: [224,100]
09-20 15:04:03.120629 11031 11031 I am_on_stop_called: [0,com.android.settings.Settings$WifiSettingsActivity,handleStopActivity]
09-20 15:04:03.121503  1431  1431 I sysui_count: [overview_trigger_nav_btn,1]
09-20 15:04:03.121562  1431  1431 I sysui_count: [overview_source_app,1]
09-20 15:04:03.121593  1431  1431 I sysui_histogram: [overview_source_app_index,3]
09-20 15:04:03.121611  1431  1431 I sysui_histogram: [overview_task_count,4]
09-20 15:04:03.122458  1431  1431 I am_on_resume_called: [0,com.android.systemui.recents.RecentsActivity,RESUME_ACTIVITY]
09-20 15:04:03.938624  1260 14512 I am_focused_stack: [0,1,0,moveTaskToFront setFocusedActivity]
09-20 15:04:03.939023  1260 14512 I wm_task_moved: [203,1,3]
09-20 15:04:03.950751  1260 14512 I am_focused_activity: [0,com.mediatek.mtklogger/.MainActivity,moveTaskToFront]
09-20 15:04:03.952811  1260 14512 I am_pause_activity: [0,239875601,com.android.systemui/.recents.RecentsActivity]
09-20 15:04:03.954170  1260 14512 I am_task_to_front: [0,203]
09-20 15:04:03.954233  1260 14512 I sysui_action: [323,com.mediatek.mtklogger/.MainActivity]
09-20 15:04:03.954266  1260 14512 I sysui_action: [324,true]
09-20 15:04:03.954305  1260 14512 I sysui_action: [325,616]
09-20 15:04:03.955662  1431  1431 I sysui_histogram: [overview_task_launch_index,1]
09-20 15:04:03.962265  1431  1431 I sysui_action: [277,ComponentInfo{com.mediatek.mtklogger/com.mediatek.mtklogger.MainActivity}]
09-20 15:04:03.965575  1431  1431 I am_on_paused_called: [0,com.android.systemui.recents.RecentsActivity,handlePauseActivity]
09-20 15:04:03.976104  1260  1401 I am_resume_activity: [0,100485962,203,com.mediatek.mtklogger/.MainActivity]
09-20 15:04:03.980997  1260  1276 I sysui_count: [window_time_0,384]
09-20 15:04:04.008339  9497  9497 I am_on_resume_called: [0,com.mediatek.mtklogger.MainActivity,RESUME_ACTIVITY]
09-20 15:04:04.019476  1260  1275 I am_pss  : [14791,1000,com.android.deskclock,7383040,5591040,0]
09-20 15:04:04.035611  1260  1283 I sysui_action: [320,2]
09-20 15:04:04.035695  1260  1283 I sysui_action: [319,97]
09-20 15:04:04.058061  1260  1283 I sysui_action: [322,119]
09-20 15:04:04.384439  1260  1276 I am_stop_activity: [0,239875601,com.android.systemui/.recents.RecentsActivity]
09-20 15:04:04.385928  1431  1431 I sysui_view_visibility: [224,0]
09-20 15:04:04.386005  1431  1431 I am_on_stop_called: [0,com.android.systemui.recents.RecentsActivity,handleStopActivity]
09-20 15:04:04.409584   282   282 I sf_frame_dur: [com.android.systemui/com.android.systemui.recents.RecentsActivity,24,3,0,0,2,0,0]
09-20 15:04:04.450000 15385 15385 I auditd  : type=1400 audit(0.0:1978): avc: denied { execute } for comm="adthread" path="/data/data/com.zookingsoft.themestore/app_dex/EventDex.dex" dev="dm-1" ino=419824 scontext=u:r:platform_app:s0:c512,c768 tcontext=u:object_r:yl_trusted_app_data_file:s0:c512,c768 tclass=file permissive=0
09-20 15:04:04.450000 15385 15385 I auditd  : type=1400 audit(0.0:1979): avc: denied { execute } for comm="adthread" path="/data/data/com.zookingsoft.themestore/app_dex/EventDex.dex" dev="dm-1" ino=419824 scontext=u:r:platform_app:s0:c512,c768 tcontext=u:object_r:yl_trusted_app_data_file:s0:c512,c768 tclass=file permissive=0
09-20 15:04:04.757119  1260  1963 I am_proc_died: [0,15354,com.zookingsoft.themestore:zremote]
09-20 15:04:04.757651  1260  1963 I am_schedule_service_restart: [0,com.zookingsoft.themestore/com.main.svr.MService,1000]
09-20 15:04:04.757964  1260  1260 I notification_cancel: [1000,1260,com.zookingsoft.themestore,0,NULL,0,0,0,8,NULL]
09-20 15:04:04.770708  1260  1411 I am_proc_start: [0,15426,10033,com.zookingsoft.themestore:zremote,service,com.zookingsoft.themestore/com.main.svr.MService]
09-20 15:04:04.783307  1260  1916 I am_proc_bound: [0,15426,com.zookingsoft.themestore:zremote]
09-20 15:04:04.810000 15426 15426 I auditd  : type=1400 audit(0.0:1980): avc: denied { execute } for comm="mestore:zremote" path="/data/data/com.zookingsoft.themestore/app_bdodex/bd.dex" dev="dm-1" ino=443391 scontext=u:r:platform_app:s0:c512,c768 tcontext=u:object_r:yl_trusted_app_data_file:s0:c512,c768 tclass=file permissive=0
09-20 15:04:04.810000 15426 15426 I auditd  : type=1400 audit(0.0:1981): avc: denied { execute } for comm="mestore:zremote" path="/data/data/com.zookingsoft.themestore/app_bdodex/bd.dex" dev="dm-1" ino=443391 scontext=u:r:platform_app:s0:c512,c768 tcontext=u:object_r:yl_trusted_app_data_file:s0:c512,c768 tclass=file permissive=0
09-20 15:04:05.095703  1260  1313 I am_wtf  : [0,1260,system_server,-1,ActivityManager,Sending non-protected broadcast com.android.server.action.NETWORK_STATS_POLL_COOPAD from system uid 1000 pkg com.android.flowmonitor]
09-20 15:04:05.720000 15426 15426 I auditd  : type=1400 audit(0.0:1982): avc: denied { execute } for comm="mestore:zremote" path="/data/data/com.zookingsoft.themestore/app_bdodex/bd.dex" dev="dm-1" ino=443392 scontext=u:r:platform_app:s0:c512,c768 tcontext=u:object_r:yl_trusted_app_data_file:s0:c512,c768 tclass=file permissive=0
09-20 15:04:05.720000 15426 15426 I auditd  : type=1400 audit(0.0:1983): avc: denied { execute } for comm="mestore:zremote" path="/data/data/com.zookingsoft.themestore/app_bdodex/bd.dex" dev="dm-1" ino=443392 scontext=u:r:platform_app:s0:c512,c768 tcontext=u:object_r:yl_trusted_app_data_file:s0:c512,c768 tclass=file permissive=0
09-20 15:04:05.740000 15426 15426 I auditd  : type=1400 audit(0.0:1984): avc: denied { execute } for comm="mestore:zremote" path="/data/data/com.zookingsoft.themestore/app_gdtodex/gdt.dex" dev="dm-1" ino=443400 scontext=u:r:platform_app:s0:c512,c768 tcontext=u:object_r:yl_trusted_app_data_file:s0:c512,c768 tclass=file permissive=0
09-20 15:04:05.740000 15426 15426 I auditd  : type=1400 audit(0.0:1985): avc: denied { execute } for comm="mestore:zremote" path="/data/data/com.zookingsoft.themestore/app_gdtodex/gdt.dex" dev="dm-1" ino=443400 scontext=u:r:platform_app:s0:c512,c768 tcontext=u:object_r:yl_trusted_app_data_file:s0:c512,c768 tclass=file permissive=0
09-20 15:04:06.000000 15426 15426 I auditd  : type=1400 audit(0.0:1986): avc: denied { execute } for comm="mestore:zremote" path="/data/data/com.zookingsoft.themestore/app_gdtodex/gdt.dex" dev="dm-1" ino=443401 scontext=u:r:platform_app:s0:c512,c768 tcontext=u:object_r:yl_trusted_app_data_file:s0:c512,c768 tclass=file permissive=0
09-20 15:04:06.000000 15426 15426 I auditd  : type=1400 audit(0.0:1987): avc: denied { execute } for comm="mestore:zremote" path="/data/data/com.zookingsoft.themestore/app_gdtodex/gdt.dex" dev="dm-1" ino=443401 scontext=u:r:platform_app:s0:c512,c768 tcontext=u:object_r:yl_trusted_app_data_file:s0:c512,c768 tclass=file permissive=0
09-20 15:04:06.050000 15459 15459 I auditd  : type=1400 audit(0.0:1988): avc: denied { execute } for comm="adthread" path="/data/data/com.zookingsoft.themestore/app_dex/EventDex.dex" dev="dm-1" ino=419824 scontext=u:r:platform_app:s0:c512,c768 tcontext=u:object_r:yl_trusted_app_data_file:s0:c512,c768 tclass=file permissive=0
09-20 15:04:06.050000 15459 15459 I auditd  : type=1400 audit(0.0:1989): avc: denied { execute } for comm="adthread" path="/data/data/com.zookingsoft.themestore/app_dex/EventDex.dex" dev="dm-1" ino=419824 scontext=u:r:platform_app:s0:c512,c768 tcontext=u:object_r:yl_trusted_app_data_file:s0:c512,c768 tclass=file permissive=0
