09-20 14:58:21.380000 13535 13535 I auditd  : type=1400 audit(0.0:1665): avc: denied { execute } for comm="mestore:zremote" path="/data/data/com.zookingsoft.themestore/app_bdodex/bd.dex" dev="dm-1" ino=443392 scontext=u:r:platform_app:s0:c512,c768 tcontext=u:object_r:yl_trusted_app_data_file:s0:c512,c768 tclass=file permissive=0
09-20 14:58:21.400000 13535 13535 I auditd  : type=1400 audit(0.0:1666): avc: denied { execute } for comm="mestore:zremote" path="/data/data/com.zookingsoft.themestore/app_gdtodex/gdt.dex" dev="dm-1" ino=443400 scontext=u:r:platform_app:s0:c512,c768 tcontext=u:object_r:yl_trusted_app_data_file:s0:c512,c768 tclass=file permissive=0
09-20 14:58:21.400000 13535 13535 I auditd  : type=1400 audit(0.0:1667): avc: denied { execute } for comm="mestore:zremote" path="/data/data/com.zookingsoft.themestore/app_gdtodex/gdt.dex" dev="dm-1" ino=443400 scontext=u:r:platform_app:s0:c512,c768 tcontext=u:object_r:yl_trusted_app_data_file:s0:c512,c768 tclass=file permissive=0
09-20 14:58:21.660000 13535 13535 I auditd  : type=1400 audit(0.0:1668): avc: denied { execute } for comm="mestore:zremote" path="/data/data/com.zookingsoft.themestore/app_gdtodex/gdt.dex" dev="dm-1" ino=443401 scontext=u:r:platform_app:s0:c512,c768 tcontext=u:object_r:yl_trusted_app_data_file:s0:c512,c768 tclass=file permissive=0
09-20 14:58:21.660000 13535 13535 I auditd  : type=1400 audit(0.0:1669): avc: denied { execute } for comm="mestore:zremote" path="/data/data/com.zookingsoft.themestore/app_gdtodex/gdt.dex" dev="dm-1" ino=443401 scontext=u:r:platform_app:s0:c512,c768 tcontext=u:object_r:yl_trusted_app_data_file:s0:c512,c768 tclass=file permissive=0
09-20 14:58:21.700000 13566 13566 I auditd  : type=1400 audit(0.0:1670): avc: denied { execute } for comm="adthread" path="/data/data/com.zookingsoft.themestore/app_dex/EventDex.dex" dev="dm-1" ino=419824 scontext=u:r:platform_app:s0:c512,c768 tcontext=u:object_r:yl_trusted_app_data_file:s0:c512,c768 tclass=file permissive=0
09-20 14:58:21.700000 13566 13566 I auditd  : type=1400 audit(0.0:1671): avc: denied { execute } for comm="adthread" path="/data/data/com.zookingsoft.themestore/app_dex/EventDex.dex" dev="dm-1" ino=419824 scontext=u:r:platform_app:s0:c512,c768 tcontext=u:object_r:yl_trusted_app_data_file:s0:c512,c768 tclass=file permissive=0
09-20 14:58:22.322274  1260  1313 I am_wtf  : [0,1260,system_server,-1,ActivityManager,Sending non-protected broadcast com.android.server.action.NETWORK_STATS_POLL_COOPAD from system uid 1000 pkg com.android.flowmonitor]
09-20 14:58:22.709760  1260  1328 I netstats_mobile_sample: [1012636,765,44219,769,1012636,765,44219,769,1012636,765,44219,769,-1]
09-20 14:58:22.709959  1260  1328 I netstats_wifi_sample: [255196,3042,44181,771,103788,673,34453,273,90028,575,79723,883,-1]
09-20 14:58:22.729680  1260  1328 I netstats_mobile_sample: [1012636,765,44219,769,1012636,765,44219,769,1012636,765,44219,769,-1]
09-20 14:58:22.729921  1260  1328 I netstats_wifi_sample: [255196,3042,44181,771,103788,673,34453,273,90028,575,79723,883,-1]
09-20 14:58:22.830000  1322  1322 I auditd  : type=1400 audit(0.0:1672): avc: denied { syslog_read } for comm="WifiP2pService" scontext=u:r:system_server:s0 tcontext=u:r:kernel:s0 tclass=system permissive=0
09-20 14:58:23.000000  1322  1322 I auditd  : type=1400 audit(0.0:1673): avc: denied { syslog_read } for comm="WifiP2pService" scontext=u:r:system_server:s0 tcontext=u:r:kernel:s0 tclass=system permissive=0
09-20 14:58:23.160746  1260  1260 I notification_cancel: [1000,5640,com.android.flowmonitor,2131167672,NULL,0,0,0,8,NULL]
09-20 14:58:23.178156  1260  1328 I netstats_mobile_sample: [1012636,765,44219,769,1012636,765,44219,769,1012636,765,44219,769,-1]
09-20 14:58:23.178366  1260  1328 I netstats_wifi_sample: [255940,3045,44881,773,104444,675,34453,273,90028,575,79723,883,-1]
09-20 14:58:23.341103  1260  1328 I netstats_mobile_sample: [1012636,765,44219,769,1012636,765,44219,769,1012636,765,44219,769,-1]
09-20 14:58:23.341347  1260  1328 I netstats_wifi_sample: [255940,3045,44971,774,104444,675,34529,274,90028,575,81167,902,-1]
09-20 14:58:23.363754  1260  1313 I am_wtf  : [0,1260,system_server,-1,ActivityManager,Sending non-protected broadcast com.android.server.action.NETWORK_STATS_POLL_COOPAD from system uid 1000 pkg com.android.flowmonitor]
09-20 14:58:23.695750  1260  1260 I notification_cancel: [1000,5640,com.android.flowmonitor,2131167672,NULL,0,0,0,8,NULL]
09-20 14:58:23.920000 13566 13566 I auditd  : type=1400 audit(0.0:1674): avc: denied { execute } for comm="adthread" path="/data/data/com.zookingsoft.themestore/app_dex/EventDex.dex" dev="dm-1" ino=419820 scontext=u:r:platform_app:s0:c512,c768 tcontext=u:object_r:yl_trusted_app_data_file:s0:c512,c768 tclass=file permissive=0
09-20 14:58:23.920000 13566 13566 I auditd  : type=1400 audit(0.0:1675): avc: denied { execute } for comm="adthread" path="/data/data/com.zookingsoft.themestore/app_dex/EventDex.dex" dev="dm-1" ino=419820 scontext=u:r:platform_app:s0:c512,c768 tcontext=u:object_r:yl_trusted_app_data_file:s0:c512,c768 tclass=file permissive=0
09-20 14:58:24.344337  1260  1260 I notification_cancel: [1000,1260,android,107,CaptivePortal.Notification,-1,0,0,8,NULL]
09-20 14:58:24.478268  1260  1383 I am_proc_died: [0,13535,com.zookingsoft.themestore:zremote]
09-20 14:58:24.478734  1260  1383 I am_schedule_service_restart: [0,com.zookingsoft.themestore/com.main.svr.MService,1000]
09-20 14:58:24.480274  1260  1260 I notification_cancel: [1000,1260,com.zookingsoft.themestore,0,NULL,0,0,0,8,NULL]
09-20 14:58:24.496229  1260  1915 I am_proc_start: [0,13635,10033,com.zookingsoft.themestore:zremote,service,com.zookingsoft.themestore/com.main.svr.MService]
09-20 14:58:24.516212  1260  1401 I am_proc_bound: [0,13635,com.zookingsoft.themestore:zremote]
09-20 14:58:24.529121  1260  1313 I am_wtf  : [0,1260,system_server,-1,ActivityManager,Sending non-protected broadcast com.android.server.action.NETWORK_STATS_POLL_COOPAD from system uid 1000 pkg com.android.flowmonitor]
09-20 14:58:24.610000 13635 13635 I auditd  : type=1400 audit(0.0:1676): avc: denied { execute } for comm="mestore:zremote" path="/data/data/com.zookingsoft.themestore/app_bdodex/bd.dex" dev="dm-1" ino=443392 scontext=u:r:platform_app:s0:c512,c768 tcontext=u:object_r:yl_trusted_app_data_file:s0:c512,c768 tclass=file permissive=0
09-20 14:58:24.620000 13635 13635 I auditd  : type=1400 audit(0.0:1677): avc: denied { execute } for comm="mestore:zremote" path="/data/data/com.zookingsoft.themestore/app_bdodex/bd.dex" dev="dm-1" ino=443392 scontext=u:r:platform_app:s0:c512,c768 tcontext=u:object_r:yl_trusted_app_data_file:s0:c512,c768 tclass=file permissive=0
09-20 14:58:25.510000 13635 13635 I auditd  : type=1400 audit(0.0:1678): avc: denied { execute } for comm="mestore:zremote" path="/data/data/com.zookingsoft.themestore/app_bdodex/bd.dex" dev="dm-1" ino=443391 scontext=u:r:platform_app:s0:c512,c768 tcontext=u:object_r:yl_trusted_app_data_file:s0:c512,c768 tclass=file permissive=0
09-20 14:58:25.510000 13635 13635 I auditd  : type=1400 audit(0.0:1679): avc: denied { execute } for comm="mestore:zremote" path="/data/data/com.zookingsoft.themestore/app_bdodex/bd.dex" dev="dm-1" ino=443391 scontext=u:r:platform_app:s0:c512,c768 tcontext=u:object_r:yl_trusted_app_data_file:s0:c512,c768 tclass=file permissive=0
09-20 14:58:25.530000 13635 13635 I auditd  : type=1400 audit(0.0:1680): avc: denied { execute } for comm="mestore:zremote" path="/data/data/com.zookingsoft.themestore/app_gdtodex/gdt.dex" dev="dm-1" ino=443401 scontext=u:r:platform_app:s0:c512,c768 tcontext=u:object_r:yl_trusted_app_data_file:s0:c512,c768 tclass=file permissive=0
09-20 14:58:25.530000 13635 13635 I auditd  : type=1400 audit(0.0:1681): avc: denied { execute } for comm="mestore:zremote" path="/data/data/com.zookingsoft.themestore/app_gdtodex/gdt.dex" dev="dm-1" ino=443401 scontext=u:r:platform_app:s0:c512,c768 tcontext=u:object_r:yl_trusted_app_data_file:s0:c512,c768 tclass=file permissive=0
09-20 14:58:25.790000 13635 13635 I auditd  : type=1400 audit(0.0:1682): avc: denied { execute } for comm="mestore:zremote" path="/data/data/com.zookingsoft.themestore/app_gdtodex/gdt.dex" dev="dm-1" ino=443400 scontext=u:r:platform_app:s0:c512,c768 tcontext=u:object_r:yl_trusted_app_data_file:s0:c512,c768 tclass=file permissive=0
09-20 14:58:25.800000 13635 13635 I auditd  : type=1400 audit(0.0:1683): avc: denied { execute } for comm="mestore:zremote" path="/data/data/com.zookingsoft.themestore/app_gdtodex/gdt.dex" dev="dm-1" ino=443400 scontext=u:r:platform_app:s0:c512,c768 tcontext=u:object_r:yl_trusted_app_data_file:s0:c512,c768 tclass=file permissive=0
09-20 14:58:25.840000 13668 13668 I auditd  : type=1400 audit(0.0:1684): avc: denied { execute } for comm="adthread" path="/data/data/com.zookingsoft.themestore/app_dex/EventDex.dex" dev="dm-1" ino=419820 scontext=u:r:platform_app:s0:c512,c768 tcontext=u:object_r:yl_trusted_app_data_file:s0:c512,c768 tclass=file permissive=0
09-20 14:58:25.840000 13668 13668 I auditd  : type=1400 audit(0.0:1685): avc: denied { execute } for comm="adthread" path="/data/data/com.zookingsoft.themestore/app_dex/EventDex.dex" dev="dm-1" ino=419820 scontext=u:r:platform_app:s0:c512,c768 tcontext=u:object_r:yl_trusted_app_data_file:s0:c512,c768 tclass=file permissive=0
09-20 14:58:27.010000 13668 13668 I auditd  : type=1400 audit(0.0:1686): avc: denied { execute } for comm="adthread" path="/data/data/com.zookingsoft.themestore/app_dex/EventDex.dex" dev="dm-1" ino=419824 scontext=u:r:platform_app:s0:c512,c768 tcontext=u:object_r:yl_trusted_app_data_file:s0:c512,c768 tclass=file permissive=0
09-20 14:58:27.010000 13668 13668 I auditd  : type=1400 audit(0.0:1687): avc: denied { execute } for comm="adthread" path="/data/data/com.zookingsoft.themestore/app_dex/EventDex.dex" dev="dm-1" ino=419824 scontext=u:r:platform_app:s0:c512,c768 tcontext=u:object_r:yl_trusted_app_data_file:s0:c512,c768 tclass=file permissive=0
09-20 14:58:27.327939  1260  1401 I am_proc_died: [0,13635,com.zookingsoft.themestore:zremote]
09-20 14:58:27.328652  1260  1401 I am_schedule_service_restart: [0,com.zookingsoft.themestore/com.main.svr.MService,1000]
09-20 14:58:27.328763  1260  1260 I notification_cancel: [1000,1260,com.zookingsoft.themestore,0,NULL,0,0,0,8,NULL]
09-20 14:58:27.343147  1260  1411 I am_proc_start: [0,13701,10033,com.zookingsoft.themestore:zremote,service,com.zookingsoft.themestore/com.main.svr.MService]
09-20 14:58:27.355791  1260  1915 I am_proc_bound: [0,13701,com.zookingsoft.themestore:zremote]
09-20 14:58:27.380000 13701 13701 I auditd  : type=1400 audit(0.0:1688): avc: denied { execute } for comm="mestore:zremote" path="/data/data/com.zookingsoft.themestore/app_bdodex/bd.dex" dev="dm-1" ino=443391 scontext=u:r:platform_app:s0:c512,c768 tcontext=u:object_r:yl_trusted_app_data_file:s0:c512,c768 tclass=file permissive=0
09-20 14:58:27.380000 13701 13701 I auditd  : type=1400 audit(0.0:1689): avc: denied { execute } for comm="mestore:zremote" path="/data/data/com.zookingsoft.themestore/app_bdodex/bd.dex" dev="dm-1" ino=443391 scontext=u:r:platform_app:s0:c512,c768 tcontext=u:object_r:yl_trusted_app_data_file:s0:c512,c768 tclass=file permissive=0
09-20 14:58:28.100000 13701 13701 I auditd  : type=1400 audit(0.0:1690): avc: denied { execute } for comm="mestore:zremote" path="/data/data/com.zookingsoft.themestore/app_bdodex/bd.dex" dev="dm-1" ino=443392 scontext=u:r:platform_app:s0:c512,c768 tcontext=u:object_r:yl_trusted_app_data_file:s0:c512,c768 tclass=file permissive=0
09-20 14:58:28.100000 13701 13701 I auditd  : type=1400 audit(0.0:1691): avc: denied { execute } for comm="mestore:zremote" path="/data/data/com.zookingsoft.themestore/app_bdodex/bd.dex" dev="dm-1" ino=443392 scontext=u:r:platform_app:s0:c512,c768 tcontext=u:object_r:yl_trusted_app_data_file:s0:c512,c768 tclass=file permissive=0
09-20 14:58:28.130000 13701 13701 I auditd  : type=1400 audit(0.0:1692): avc: denied { execute } for comm="mestore:zremote" path="/data/data/com.zookingsoft.themestore/app_gdtodex/gdt.dex" dev="dm-1" ino=443400 scontext=u:r:platform_app:s0:c512,c768 tcontext=u:object_r:yl_trusted_app_data_file:s0:c512,c768 tclass=file permissive=0
09-20 14:58:28.130000 13701 13701 I auditd  : type=1400 audit(0.0:1693): avc: denied { execute } for comm="mestore:zremote" path="/data/data/com.zookingsoft.themestore/app_gdtodex/gdt.dex" dev="dm-1" ino=443400 scontext=u:r:platform_app:s0:c512,c768 tcontext=u:object_r:yl_trusted_app_data_file:s0:c512,c768 tclass=file permissive=0
09-20 14:58:28.420000 13701 13701 I auditd  : type=1400 audit(0.0:1694): avc: denied { execute } for comm="mestore:zremote" path="/data/data/com.zookingsoft.themestore/app_gdtodex/gdt.dex" dev="dm-1" ino=443401 scontext=u:r:platform_app:s0:c512,c768 tcontext=u:object_r:yl_trusted_app_data_file:s0:c512,c768 tclass=file permissive=0
09-20 14:58:28.420000 13701 13701 I auditd  : type=1400 audit(0.0:1695): avc: denied { execute } for comm="mestore:zremote" path="/data/data/com.zookingsoft.themestore/app_gdtodex/gdt.dex" dev="dm-1" ino=443401 scontext=u:r:platform_app:s0:c512,c768 tcontext=u:object_r:yl_trusted_app_data_file:s0:c512,c768 tclass=file permissive=0
09-20 14:58:28.470000 13732 13732 I auditd  : type=1400 audit(0.0:1696): avc: denied { execute } for comm="adthread" path="/data/data/com.zookingsoft.themestore/app_dex/EventDex.dex" dev="dm-1" ino=419824 scontext=u:r:platform_app:s0:c512,c768 tcontext=u:object_r:yl_trusted_app_data_file:s0:c512,c768 tclass=file permissive=0
09-20 14:58:28.470000 13732 13732 I auditd  : type=1400 audit(0.0:1697): avc: denied { execute } for comm="adthread" path="/data/data/com.zookingsoft.themestore/app_dex/EventDex.dex" dev="dm-1" ino=419824 scontext=u:r:platform_app:s0:c512,c768 tcontext=u:object_r:yl_trusted_app_data_file:s0:c512,c768 tclass=file permissive=0
09-20 14:58:29.218910   282   282 I sf_frame_dur: [TP-LINK_CTS,16,0,0,1,0,0,1]
09-20 14:58:29.550027  1260  1313 I am_wtf  : [0,1260,system_server,-1,ActivityManager,Sending non-protected broadcast com.android.server.action.NETWORK_STATS_POLL_COOPAD from system uid 1000 pkg com.android.flowmonitor]
09-20 14:58:29.590000 13732 13732 I auditd  : type=1400 audit(0.0:1698): avc: denied { execute } for comm="adthread" path="/data/data/com.zookingsoft.themestore/app_dex/EventDex.dex" dev="dm-1" ino=419820 scontext=u:r:platform_app:s0:c512,c768 tcontext=u:object_r:yl_trusted_app_data_file:s0:c512,c768 tclass=file permissive=0
09-20 14:58:29.590000 13732 13732 I auditd  : type=1400 audit(0.0:1699): avc: denied { execute } for comm="adthread" path="/data/data/com.zookingsoft.themestore/app_dex/EventDex.dex" dev="dm-1" ino=419820 scontext=u:r:platform_app:s0:c512,c768 tcontext=u:object_r:yl_trusted_app_data_file:s0:c512,c768 tclass=file permissive=0
09-20 14:58:29.897419  1260  1271 I am_proc_died: [0,13701,com.zookingsoft.themestore:zremote]
09-20 14:58:29.897883  1260  1271 I am_schedule_service_restart: [0,com.zookingsoft.themestore/com.main.svr.MService,1000]
09-20 14:58:29.899173  1260  1260 I notification_cancel: [1000,1260,com.zookingsoft.themestore,0,NULL,0,0,0,8,NULL]
09-20 14:58:29.913436  1260  1585 I am_proc_start: [0,13767,10033,com.zookingsoft.themestore:zremote,service,com.zookingsoft.themestore/com.main.svr.MService]
09-20 14:58:29.927106  1260  4115 I am_proc_bound: [0,13767,com.zookingsoft.themestore:zremote]
09-20 14:58:29.960000 13767 13767 I auditd  : type=1400 audit(0.0:1700): avc: denied { execute } for comm="mestore:zremote" path="/data/data/com.zookingsoft.themestore/app_bdodex/bd.dex" dev="dm-1" ino=443392 scontext=u:r:platform_app:s0:c512,c768 tcontext=u:object_r:yl_trusted_app_data_file:s0:c512,c768 tclass=file permissive=0
09-20 14:58:29.960000 13767 13767 I auditd  : type=1400 audit(0.0:1701): avc: denied { execute } for comm="mestore:zremote" path="/data/data/com.zookingsoft.themestore/app_bdodex/bd.dex" dev="dm-1" ino=443392 scontext=u:r:platform_app:s0:c512,c768 tcontext=u:object_r:yl_trusted_app_data_file:s0:c512,c768 tclass=file permissive=0
09-20 14:58:30.569380  1260  1313 I am_wtf  : [0,1260,system_server,-1,ActivityManager,Sending non-protected broadcast com.android.server.action.NETWORK_STATS_POLL_COOPAD from system uid 1000 pkg com.android.flowmonitor]
09-20 14:58:30.618382  1260  1328 I netstats_mobile_sample: [1012636,765,44219,769,1012636,765,44219,769,1012636,765,44219,769,-1]
09-20 14:58:30.618570  1260  1328 I netstats_wifi_sample: [258096,3061,45961,813,105980,682,35295,284,91564,582,86685,984,-1]
09-20 14:58:30.806049   282   282 I sf_frame_dur: [TP-LINK_CTS,1,0,0,0,0,0,0]
09-20 14:58:30.949682  1260  1260 I notification_cancel: [1000,5640,com.android.flowmonitor,2131167672,NULL,0,0,0,8,NULL]
09-20 14:58:31.130000 13767 13767 I auditd  : type=1400 audit(0.0:1702): avc: denied { execute } for comm="mestore:zremote" path="/data/data/com.zookingsoft.themestore/app_bdodex/bd.dex" dev="dm-1" ino=443391 scontext=u:r:platform_app:s0:c512,c768 tcontext=u:object_r:yl_trusted_app_data_file:s0:c512,c768 tclass=file permissive=0
09-20 14:58:31.130000 13767 13767 I auditd  : type=1400 audit(0.0:1703): avc: denied { execute } for comm="mestore:zremote" path="/data/data/com.zookingsoft.themestore/app_bdodex/bd.dex" dev="dm-1" ino=443391 scontext=u:r:platform_app:s0:c512,c768 tcontext=u:object_r:yl_trusted_app_data_file:s0:c512,c768 tclass=file permissive=0
09-20 14:58:31.160000 13767 13767 I auditd  : type=1400 audit(0.0:1704): avc: denied { execute } for comm="mestore:zremote" path="/data/data/com.zookingsoft.themestore/app_gdtodex/gdt.dex" dev="dm-1" ino=443401 scontext=u:r:platform_app:s0:c512,c768 tcontext=u:object_r:yl_trusted_app_data_file:s0:c512,c768 tclass=file permissive=0
09-20 14:58:31.160000 13767 13767 I auditd  : type=1400 audit(0.0:1705): avc: denied { execute } for comm="mestore:zremote" path="/data/data/com.zookingsoft.themestore/app_gdtodex/gdt.dex" dev="dm-1" ino=443401 scontext=u:r:platform_app:s0:c512,c768 tcontext=u:object_r:yl_trusted_app_data_file:s0:c512,c768 tclass=file permissive=0
09-20 14:58:31.440000 13767 13767 I auditd  : type=1400 audit(0.0:1706): avc: denied { execute } for comm="mestore:zremote" path="/data/data/com.zookingsoft.themestore/app_gdtodex/gdt.dex" dev="dm-1" ino=443400 scontext=u:r:platform_app:s0:c512,c768 tcontext=u:object_r:yl_trusted_app_data_file:s0:c512,c768 tclass=file permissive=0
09-20 14:58:31.440000 13767 13767 I auditd  : type=1400 audit(0.0:1707): avc: denied { execute } for comm="mestore:zremote" path="/data/data/com.zookingsoft.themestore/app_gdtodex/gdt.dex" dev="dm-1" ino=443400 scontext=u:r:platform_app:s0:c512,c768 tcontext=u:object_r:yl_trusted_app_data_file:s0:c512,c768 tclass=file permissive=0
09-20 14:58:31.490000 13811 13811 I auditd  : type=1400 audit(0.0:1708): avc: denied { execute } for comm="adthread" path="/data/data/com.zookingsoft.themestore/app_dex/EventDex.dex" dev="dm-1" ino=419820 scontext=u:r:platform_app:s0:c512,c768 tcontext=u:object_r:yl_trusted_app_data_file:s0:c512,c768 tclass=file permissive=0
09-20 14:58:31.490000 13811 13811 I auditd  : type=1400 audit(0.0:1709): avc: denied { execute } for comm="adthread" path="/data/data/com.zookingsoft.themestore/app_dex/EventDex.dex" dev="dm-1" ino=419820 scontext=u:r:platform_app:s0:c512,c768 tcontext=u:object_r:yl_trusted_app_data_file:s0:c512,c768 tclass=file permissive=0
09-20 14:58:31.603998  1260  1313 I am_wtf  : [0,1260,system_server,-1,ActivityManager,Sending non-protected broadcast com.android.server.action.NETWORK_STATS_POLL_COOPAD from system uid 1000 pkg com.android.flowmonitor]
09-20 14:58:32.510000 13811 13811 I auditd  : type=1400 audit(0.0:1710): avc: denied { execute } for comm="adthread" path="/data/data/com.zookingsoft.themestore/app_dex/EventDex.dex" dev="dm-1" ino=419824 scontext=u:r:platform_app:s0:c512,c768 tcontext=u:object_r:yl_trusted_app_data_file:s0:c512,c768 tclass=file permissive=0
09-20 14:58:32.510000 13811 13811 I auditd  : type=1400 audit(0.0:1711): avc: denied { execute } for comm="adthread" path="/data/data/com.zookingsoft.themestore/app_dex/EventDex.dex" dev="dm-1" ino=419824 scontext=u:r:platform_app:s0:c512,c768 tcontext=u:object_r:yl_trusted_app_data_file:s0:c512,c768 tclass=file permissive=0
09-20 14:58:32.624780  1260  1313 I am_wtf  : [0,1260,system_server,-1,ActivityManager,Sending non-protected broadcast com.android.server.action.NETWORK_STATS_POLL_COOPAD from system uid 1000 pkg com.android.flowmonitor]
09-20 14:58:32.807227  1260  1539 I am_proc_died: [0,13767,com.zookingsoft.themestore:zremote]
09-20 14:58:32.807665  1260  1539 I am_schedule_service_restart: [0,com.zookingsoft.themestore/com.main.svr.MService,1000]
09-20 14:58:32.807750  1260  1260 I notification_cancel: [1000,1260,com.zookingsoft.themestore,0,NULL,0,0,0,8,NULL]
09-20 14:58:32.820896  1260  1272 I am_proc_start: [0,13849,10033,com.zookingsoft.themestore:zremote,service,com.zookingsoft.themestore/com.main.svr.MService]
09-20 14:58:32.833218  1260  1585 I am_proc_bound: [0,13849,com.zookingsoft.themestore:zremote]
09-20 14:58:32.850000 13849 13849 I auditd  : type=1400 audit(0.0:1712): avc: denied { execute } for comm="mestore:zremote" path="/data/data/com.zookingsoft.themestore/app_bdodex/bd.dex" dev="dm-1" ino=443391 scontext=u:r:platform_app:s0:c512,c768 tcontext=u:object_r:yl_trusted_app_data_file:s0:c512,c768 tclass=file permissive=0
09-20 14:58:32.850000 13849 13849 I auditd  : type=1400 audit(0.0:1713): avc: denied { execute } for comm="mestore:zremote" path="/data/data/com.zookingsoft.themestore/app_bdodex/bd.dex" dev="dm-1" ino=443391 scontext=u:r:platform_app:s0:c512,c768 tcontext=u:object_r:yl_trusted_app_data_file:s0:c512,c768 tclass=file permissive=0
09-20 14:58:33.560000 13849 13849 I auditd  : type=1400 audit(0.0:1714): avc: denied { execute } for comm="mestore:zremote" path="/data/data/com.zookingsoft.themestore/app_bdodex/bd.dex" dev="dm-1" ino=443392 scontext=u:r:platform_app:s0:c512,c768 tcontext=u:object_r:yl_trusted_app_data_file:s0:c512,c768 tclass=file permissive=0
09-20 14:58:33.560000 13849 13849 I auditd  : type=1400 audit(0.0:1715): avc: denied { execute } for comm="mestore:zremote" path="/data/data/com.zookingsoft.themestore/app_bdodex/bd.dex" dev="dm-1" ino=443392 scontext=u:r:platform_app:s0:c512,c768 tcontext=u:object_r:yl_trusted_app_data_file:s0:c512,c768 tclass=file permissive=0
09-20 14:58:33.580000 13849 13849 I auditd  : type=1400 audit(0.0:1716): avc: denied { execute } for comm="mestore:zremote" path="/data/data/com.zookingsoft.themestore/app_gdtodex/gdt.dex" dev="dm-1" ino=443400 scontext=u:r:platform_app:s0:c512,c768 tcontext=u:object_r:yl_trusted_app_data_file:s0:c512,c768 tclass=file permissive=0
09-20 14:58:33.580000 13849 13849 I auditd  : type=1400 audit(0.0:1717): avc: denied { execute } for comm="mestore:zremote" path="/data/data/com.zookingsoft.themestore/app_gdtodex/gdt.dex" dev="dm-1" ino=443400 scontext=u:r:platform_app:s0:c512,c768 tcontext=u:object_r:yl_trusted_app_data_file:s0:c512,c768 tclass=file permissive=0
09-20 14:58:33.840000 13849 13849 I auditd  : type=1400 audit(0.0:1718): avc: denied { execute } for comm="mestore:zremote" path="/data/data/com.zookingsoft.themestore/app_gdtodex/gdt.dex" dev="dm-1" ino=443401 scontext=u:r:platform_app:s0:c512,c768 tcontext=u:object_r:yl_trusted_app_data_file:s0:c512,c768 tclass=file permissive=0
09-20 14:58:33.840000 13849 13849 I auditd  : type=1400 audit(0.0:1719): avc: denied { execute } for comm="mestore:zremote" path="/data/data/com.zookingsoft.themestore/app_gdtodex/gdt.dex" dev="dm-1" ino=443401 scontext=u:r:platform_app:s0:c512,c768 tcontext=u:object_r:yl_trusted_app_data_file:s0:c512,c768 tclass=file permissive=0
09-20 14:58:33.890000 13880 13880 I auditd  : type=1400 audit(0.0:1720): avc: denied { execute } for comm="adthread" path="/data/data/com.zookingsoft.themestore/app_dex/EventDex.dex" dev="dm-1" ino=419824 scontext=u:r:platform_app:s0:c512,c768 tcontext=u:object_r:yl_trusted_app_data_file:s0:c512,c768 tclass=file permissive=0
09-20 14:58:33.890000 13880 13880 I auditd  : type=1400 audit(0.0:1721): avc: denied { execute } for comm="adthread" path="/data/data/com.zookingsoft.themestore/app_dex/EventDex.dex" dev="dm-1" ino=419824 scontext=u:r:platform_app:s0:c512,c768 tcontext=u:object_r:yl_trusted_app_data_file:s0:c512,c768 tclass=file permissive=0
09-20 14:58:34.171380  1260  1313 I am_wtf  : [0,1260,system_server,-1,ActivityManager,Sending non-protected broadcast com.android.server.action.NETWORK_STATS_POLL_COOPAD from system uid 1000 pkg com.android.flowmonitor]
09-20 14:58:35.110000 13880 13880 I auditd  : type=1400 audit(0.0:1722): avc: denied { execute } for comm="adthread" path="/data/data/com.zookingsoft.themestore/app_dex/EventDex.dex" dev="dm-1" ino=419820 scontext=u:r:platform_app:s0:c512,c768 tcontext=u:object_r:yl_trusted_app_data_file:s0:c512,c768 tclass=file permissive=0
09-20 14:58:35.110000 13880 13880 I auditd  : type=1400 audit(0.0:1723): avc: denied { execute } for comm="adthread" path="/data/data/com.zookingsoft.themestore/app_dex/EventDex.dex" dev="dm-1" ino=419820 scontext=u:r:platform_app:s0:c512,c768 tcontext=u:object_r:yl_trusted_app_data_file:s0:c512,c768 tclass=file permissive=0
09-20 14:58:35.428875  1260  1401 I am_proc_died: [0,13849,com.zookingsoft.themestore:zremote]
09-20 14:58:35.429403  1260  1401 I am_schedule_service_restart: [0,com.zookingsoft.themestore/com.main.svr.MService,1000]
09-20 14:58:35.429490  1260  1260 I notification_cancel: [1000,1260,com.zookingsoft.themestore,0,NULL,0,0,0,8,NULL]
09-20 14:58:35.446495  1260  1916 I am_proc_start: [0,13915,10033,com.zookingsoft.themestore:zremote,service,com.zookingsoft.themestore/com.main.svr.MService]
09-20 14:58:35.461375  1260  4115 I am_proc_bound: [0,13915,com.zookingsoft.themestore:zremote]
09-20 14:58:35.490000 13915 13915 I auditd  : type=1400 audit(0.0:1724): avc: denied { execute } for comm="mestore:zremote" path="/data/data/com.zookingsoft.themestore/app_bdodex/bd.dex" dev="dm-1" ino=443392 scontext=u:r:platform_app:s0:c512,c768 tcontext=u:object_r:yl_trusted_app_data_file:s0:c512,c768 tclass=file permissive=0
09-20 14:58:35.490000 13915 13915 I auditd  : type=1400 audit(0.0:1725): avc: denied { execute } for comm="mestore:zremote" path="/data/data/com.zookingsoft.themestore/app_bdodex/bd.dex" dev="dm-1" ino=443392 scontext=u:r:platform_app:s0:c512,c768 tcontext=u:object_r:yl_trusted_app_data_file:s0:c512,c768 tclass=file permissive=0
09-20 14:58:36.240000 13915 13915 I auditd  : type=1400 audit(0.0:1726): avc: denied { execute } for comm="mestore:zremote" path="/data/data/com.zookingsoft.themestore/app_bdodex/bd.dex" dev="dm-1" ino=443391 scontext=u:r:platform_app:s0:c512,c768 tcontext=u:object_r:yl_trusted_app_data_file:s0:c512,c768 tclass=file permissive=0
09-20 14:58:36.240000 13915 13915 I auditd  : type=1400 audit(0.0:1727): avc: denied { execute } for comm="mestore:zremote" path="/data/data/com.zookingsoft.themestore/app_bdodex/bd.dex" dev="dm-1" ino=443391 scontext=u:r:platform_app:s0:c512,c768 tcontext=u:object_r:yl_trusted_app_data_file:s0:c512,c768 tclass=file permissive=0
09-20 14:58:36.250000 13915 13915 I auditd  : type=1400 audit(0.0:1728): avc: denied { execute } for comm="mestore:zremote" path="/data/data/com.zookingsoft.themestore/app_gdtodex/gdt.dex" dev="dm-1" ino=443401 scontext=u:r:platform_app:s0:c512,c768 tcontext=u:object_r:yl_trusted_app_data_file:s0:c512,c768 tclass=file permissive=0
09-20 14:58:36.260000 13915 13915 I auditd  : type=1400 audit(0.0:1729): avc: denied { execute } for comm="mestore:zremote" path="/data/data/com.zookingsoft.themestore/app_gdtodex/gdt.dex" dev="dm-1" ino=443401 scontext=u:r:platform_app:s0:c512,c768 tcontext=u:object_r:yl_trusted_app_data_file:s0:c512,c768 tclass=file permissive=0
09-20 14:58:36.530000 13915 13915 I auditd  : type=1400 audit(0.0:1730): avc: denied { execute } for comm="mestore:zremote" path="/data/data/com.zookingsoft.themestore/app_gdtodex/gdt.dex" dev="dm-1" ino=443400 scontext=u:r:platform_app:s0:c512,c768 tcontext=u:object_r:yl_trusted_app_data_file:s0:c512,c768 tclass=file permissive=0
09-20 14:58:36.540000 13915 13915 I auditd  : type=1400 audit(0.0:1731): avc: denied { execute } for comm="mestore:zremote" path="/data/data/com.zookingsoft.themestore/app_gdtodex/gdt.dex" dev="dm-1" ino=443400 scontext=u:r:platform_app:s0:c512,c768 tcontext=u:object_r:yl_trusted_app_data_file:s0:c512,c768 tclass=file permissive=0
09-20 14:58:36.590000 13946 13946 I auditd  : type=1400 audit(0.0:1732): avc: denied { execute } for comm="adthread" path="/data/data/com.zookingsoft.themestore/app_dex/EventDex.dex" dev="dm-1" ino=419820 scontext=u:r:platform_app:s0:c512,c768 tcontext=u:object_r:yl_trusted_app_data_file:s0:c512,c768 tclass=file permissive=0
09-20 14:58:36.590000 13946 13946 I auditd  : type=1400 audit(0.0:1733): avc: denied { execute } for comm="adthread" path="/data/data/com.zookingsoft.themestore/app_dex/EventDex.dex" dev="dm-1" ino=419820 scontext=u:r:platform_app:s0:c512,c768 tcontext=u:object_r:yl_trusted_app_data_file:s0:c512,c768 tclass=file permissive=0
09-20 14:58:37.691327  1260  1313 I am_wtf  : [0,1260,system_server,-1,ActivityManager,Sending non-protected broadcast com.android.server.action.NETWORK_STATS_POLL_COOPAD from system uid 1000 pkg com.android.flowmonitor]
09-20 14:58:37.730000 13946 13946 I auditd  : type=1400 audit(0.0:1734): avc: denied { execute } for comm="adthread" path="/data/data/com.zookingsoft.themestore/app_dex/EventDex.dex" dev="dm-1" ino=419824 scontext=u:r:platform_app:s0:c512,c768 tcontext=u:object_r:yl_trusted_app_data_file:s0:c512,c768 tclass=file permissive=0
09-20 14:58:37.730000 13946 13946 I auditd  : type=1400 audit(0.0:1735): avc: denied { execute } for comm="adthread" path="/data/data/com.zookingsoft.themestore/app_dex/EventDex.dex" dev="dm-1" ino=419824 scontext=u:r:platform_app:s0:c512,c768 tcontext=u:object_r:yl_trusted_app_data_file:s0:c512,c768 tclass=file permissive=0
09-20 14:58:38.238722  1260  1963 I am_proc_died: [0,13915,com.zookingsoft.themestore:zremote]
09-20 14:58:38.239238  1260  1963 I am_schedule_service_restart: [0,com.zookingsoft.themestore/com.main.svr.MService,1000]
09-20 14:58:38.240713  1260  1260 I notification_cancel: [1000,1260,com.zookingsoft.themestore,0,NULL,0,0,0,8,NULL]
09-20 14:58:38.256418  1260  1539 I am_proc_start: [0,13983,10033,com.zookingsoft.themestore:zremote,service,com.zookingsoft.themestore/com.main.svr.MService]
09-20 14:58:38.270948  1260  1401 I am_proc_bound: [0,13983,com.zookingsoft.themestore:zremote]
09-20 14:58:38.300000 13983 13983 I auditd  : type=1400 audit(0.0:1736): avc: denied { execute } for comm="mestore:zremote" path="/data/data/com.zookingsoft.themestore/app_bdodex/bd.dex" dev="dm-1" ino=443391 scontext=u:r:platform_app:s0:c512,c768 tcontext=u:object_r:yl_trusted_app_data_file:s0:c512,c768 tclass=file permissive=0
09-20 14:58:38.300000 13983 13983 I auditd  : type=1400 audit(0.0:1737): avc: denied { execute } for comm="mestore:zremote" path="/data/data/com.zookingsoft.themestore/app_bdodex/bd.dex" dev="dm-1" ino=443391 scontext=u:r:platform_app:s0:c512,c768 tcontext=u:object_r:yl_trusted_app_data_file:s0:c512,c768 tclass=file permissive=0
09-20 14:58:39.030000 13983 13983 I auditd  : type=1400 audit(0.0:1738): avc: denied { execute } for comm="mestore:zremote" path="/data/data/com.zookingsoft.themestore/app_bdodex/bd.dex" dev="dm-1" ino=443392 scontext=u:r:platform_app:s0:c512,c768 tcontext=u:object_r:yl_trusted_app_data_file:s0:c512,c768 tclass=file permissive=0
09-20 14:58:39.030000 13983 13983 I auditd  : type=1400 audit(0.0:1739): avc: denied { execute } for comm="mestore:zremote" path="/data/data/com.zookingsoft.themestore/app_bdodex/bd.dex" dev="dm-1" ino=443392 scontext=u:r:platform_app:s0:c512,c768 tcontext=u:object_r:yl_trusted_app_data_file:s0:c512,c768 tclass=file permissive=0
09-20 14:58:39.050000 13983 13983 I auditd  : type=1400 audit(0.0:1740): avc: denied { execute } for comm="mestore:zremote" path="/data/data/com.zookingsoft.themestore/app_gdtodex/gdt.dex" dev="dm-1" ino=443400 scontext=u:r:platform_app:s0:c512,c768 tcontext=u:object_r:yl_trusted_app_data_file:s0:c512,c768 tclass=file permissive=0
09-20 14:58:39.050000 13983 13983 I auditd  : type=1400 audit(0.0:1741): avc: denied { execute } for comm="mestore:zremote" path="/data/data/com.zookingsoft.themestore/app_gdtodex/gdt.dex" dev="dm-1" ino=443400 scontext=u:r:platform_app:s0:c512,c768 tcontext=u:object_r:yl_trusted_app_data_file:s0:c512,c768 tclass=file permissive=0
09-20 14:58:39.330000 13983 13983 I auditd  : type=1400 audit(0.0:1742): avc: denied { execute } for comm="mestore:zremote" path="/data/data/com.zookingsoft.themestore/app_gdtodex/gdt.dex" dev="dm-1" ino=443401 scontext=u:r:platform_app:s0:c512,c768 tcontext=u:object_r:yl_trusted_app_data_file:s0:c512,c768 tclass=file permissive=0
09-20 14:58:39.330000 13983 13983 I auditd  : type=1400 audit(0.0:1743): avc: denied { execute } for comm="mestore:zremote" path="/data/data/com.zookingsoft.themestore/app_gdtodex/gdt.dex" dev="dm-1" ino=443401 scontext=u:r:platform_app:s0:c512,c768 tcontext=u:object_r:yl_trusted_app_data_file:s0:c512,c768 tclass=file permissive=0
09-20 14:58:39.380000 14014 14014 I auditd  : type=1400 audit(0.0:1744): avc: denied { execute } for comm="adthread" path="/data/data/com.zookingsoft.themestore/app_dex/EventDex.dex" dev="dm-1" ino=419824 scontext=u:r:platform_app:s0:c512,c768 tcontext=u:object_r:yl_trusted_app_data_file:s0:c512,c768 tclass=file permissive=0
09-20 14:58:39.380000 14014 14014 I auditd  : type=1400 audit(0.0:1745): avc: denied { execute } for comm="adthread" path="/data/data/com.zookingsoft.themestore/app_dex/EventDex.dex" dev="dm-1" ino=419824 scontext=u:r:platform_app:s0:c512,c768 tcontext=u:object_r:yl_trusted_app_data_file:s0:c512,c768 tclass=file permissive=0
09-20 14:58:40.510000 14014 14014 I auditd  : type=1400 audit(0.0:1746): avc: denied { execute } for comm="adthread" path="/data/data/com.zookingsoft.themestore/app_dex/EventDex.dex" dev="dm-1" ino=419820 scontext=u:r:platform_app:s0:c512,c768 tcontext=u:object_r:yl_trusted_app_data_file:s0:c512,c768 tclass=file permissive=0
09-20 14:58:40.510000 14014 14014 I auditd  : type=1400 audit(0.0:1747): avc: denied { execute } for comm="adthread" path="/data/data/com.zookingsoft.themestore/app_dex/EventDex.dex" dev="dm-1" ino=419820 scontext=u:r:platform_app:s0:c512,c768 tcontext=u:object_r:yl_trusted_app_data_file:s0:c512,c768 tclass=file permissive=0
09-20 14:58:40.517791  1260  1260 I notification_cancel: [10027,4264,com.huakesoft.memorymonitor,2130837520,NULL,0,0,1088,8,NULL]
09-20 14:58:40.822433  1260  1539 I am_proc_died: [0,13983,com.zookingsoft.themestore:zremote]
09-20 14:58:40.823467  1260  1539 I am_schedule_service_restart: [0,com.zookingsoft.themestore/com.main.svr.MService,1000]
09-20 14:58:40.824181  1260  1260 I notification_cancel: [1000,1260,com.zookingsoft.themestore,0,NULL,0,0,0,8,NULL]
09-20 14:58:40.839503  1260  1271 I am_proc_start: [0,14048,10033,com.zookingsoft.themestore:zremote,service,com.zookingsoft.themestore/com.main.svr.MService]
09-20 14:58:40.853069  1260  1959 I am_proc_bound: [0,14048,com.zookingsoft.themestore:zremote]
09-20 14:58:40.880000 14048 14048 I auditd  : type=1400 audit(0.0:1748): avc: denied { execute } for comm="mestore:zremote" path="/data/data/com.zookingsoft.themestore/app_bdodex/bd.dex" dev="dm-1" ino=443392 scontext=u:r:platform_app:s0:c512,c768 tcontext=u:object_r:yl_trusted_app_data_file:s0:c512,c768 tclass=file permissive=0
09-20 14:58:40.880000 14048 14048 I auditd  : type=1400 audit(0.0:1749): avc: denied { execute } for comm="mestore:zremote" path="/data/data/com.zookingsoft.themestore/app_bdodex/bd.dex" dev="dm-1" ino=443392 scontext=u:r:platform_app:s0:c512,c768 tcontext=u:object_r:yl_trusted_app_data_file:s0:c512,c768 tclass=file permissive=0
09-20 14:58:41.224425  1260  1313 I am_wtf  : [0,1260,system_server,-1,ActivityManager,Sending non-protected broadcast com.android.server.action.NETWORK_STATS_POLL_COOPAD from system uid 1000 pkg com.android.flowmonitor]
09-20 14:58:41.584024  1260  1328 I netstats_mobile_sample: [1012636,765,44219,769,1012636,765,44219,769,1012636,765,44219,769,-1]
09-20 14:58:41.584250  1260  1328 I netstats_wifi_sample: [258096,3061,45961,813,105980,682,35295,284,91564,582,86685,984,-1]
09-20 14:58:41.593639  1260  1328 I netstats_mobile_sample: [1012636,765,44219,769,1012636,765,44219,769,1012636,765,44219,769,-1]
09-20 14:58:41.593869  1260  1328 I netstats_wifi_sample: [258096,3061,45961,813,105980,682,35295,284,91564,582,86685,984,-1]
09-20 14:58:41.650000  1322  1322 I auditd  : type=1400 audit(0.0:1750): avc: denied { syslog_read } for comm="WifiP2pService" scontext=u:r:system_server:s0 tcontext=u:r:kernel:s0 tclass=system permissive=0
09-20 14:58:41.800000  1322  1322 I auditd  : type=1400 audit(0.0:1751): avc: denied { syslog_read } for comm="WifiP2pService" scontext=u:r:system_server:s0 tcontext=u:r:kernel:s0 tclass=system permissive=0
09-20 14:58:42.168658  1260  1260 I notification_cancel: [1000,5640,com.android.flowmonitor,2131167672,NULL,0,0,0,8,NULL]
09-20 14:58:42.250978  1260  1313 I am_wtf  : [0,1260,system_server,-1,ActivityManager,Sending non-protected broadcast com.android.server.action.NETWORK_STATS_POLL_COOPAD from system uid 1000 pkg com.android.flowmonitor]
09-20 14:58:42.670000 14048 14048 I auditd  : type=1400 audit(0.0:1752): avc: denied { execute } for comm="mestore:zremote" path="/data/data/com.zookingsoft.themestore/app_bdodex/bd.dex" dev="dm-1" ino=443391 scontext=u:r:platform_app:s0:c512,c768 tcontext=u:object_r:yl_trusted_app_data_file:s0:c512,c768 tclass=file permissive=0
09-20 14:58:42.670000 14048 14048 I auditd  : type=1400 audit(0.0:1753): avc: denied { execute } for comm="mestore:zremote" path="/data/data/com.zookingsoft.themestore/app_bdodex/bd.dex" dev="dm-1" ino=443391 scontext=u:r:platform_app:s0:c512,c768 tcontext=u:object_r:yl_trusted_app_data_file:s0:c512,c768 tclass=file permissive=0
09-20 14:58:42.710000 14048 14048 I auditd  : type=1400 audit(0.0:1754): avc: denied { execute } for comm="mestore:zremote" path="/data/data/com.zookingsoft.themestore/app_gdtodex/gdt.dex" dev="dm-1" ino=443401 scontext=u:r:platform_app:s0:c512,c768 tcontext=u:object_r:yl_trusted_app_data_file:s0:c512,c768 tclass=file permissive=0
09-20 14:58:42.710000 14048 14048 I auditd  : type=1400 audit(0.0:1755): avc: denied { execute } for comm="mestore:zremote" path="/data/data/com.zookingsoft.themestore/app_gdtodex/gdt.dex" dev="dm-1" ino=443401 scontext=u:r:platform_app:s0:c512,c768 tcontext=u:object_r:yl_trusted_app_data_file:s0:c512,c768 tclass=file permissive=0
09-20 14:58:43.267920  1260  1313 I am_wtf  : [0,1260,system_server,-1,ActivityManager,Sending non-protected broadcast com.android.server.action.NETWORK_STATS_POLL_COOPAD from system uid 1000 pkg com.android.flowmonitor]
09-20 14:58:43.300000 14048 14048 I auditd  : type=1400 audit(0.0:1756): avc: denied { execute } for comm="mestore:zremote" path="/data/data/com.zookingsoft.themestore/app_gdtodex/gdt.dex" dev="dm-1" ino=443400 scontext=u:r:platform_app:s0:c512,c768 tcontext=u:object_r:yl_trusted_app_data_file:s0:c512,c768 tclass=file permissive=0
09-20 14:58:43.300000 14048 14048 I auditd  : type=1400 audit(0.0:1757): avc: denied { execute } for comm="mestore:zremote" path="/data/data/com.zookingsoft.themestore/app_gdtodex/gdt.dex" dev="dm-1" ino=443400 scontext=u:r:platform_app:s0:c512,c768 tcontext=u:object_r:yl_trusted_app_data_file:s0:c512,c768 tclass=file permissive=0
09-20 14:58:43.350000 14110 14110 I auditd  : type=1400 audit(0.0:1758): avc: denied { execute } for comm="adthread" path="/data/data/com.zookingsoft.themestore/app_dex/EventDex.dex" dev="dm-1" ino=419820 scontext=u:r:platform_app:s0:c512,c768 tcontext=u:object_r:yl_trusted_app_data_file:s0:c512,c768 tclass=file permissive=0
09-20 14:58:43.350000 14110 14110 I auditd  : type=1400 audit(0.0:1759): avc: denied { execute } for comm="adthread" path="/data/data/com.zookingsoft.themestore/app_dex/EventDex.dex" dev="dm-1" ino=419820 scontext=u:r:platform_app:s0:c512,c768 tcontext=u:object_r:yl_trusted_app_data_file:s0:c512,c768 tclass=file permissive=0
09-20 14:58:43.930884  1260  1328 I netstats_mobile_sample: [1012636,765,44219,769,1012636,765,44219,769,1012636,765,44219,769,-1]
09-20 14:58:43.931136  1260  1328 I netstats_wifi_sample: [260148,3069,47701,823,107864,688,35579,288,93448,588,92081,1060,-1]
09-20 14:58:44.069899  1260  1328 I netstats_mobile_sample: [1012636,765,44219,769,1012636,765,44219,769,1012636,765,44219,769,-1]
09-20 14:58:44.070155  1260  1328 I netstats_wifi_sample: [260148,3069,47701,823,107864,688,35579,288,93448,588,92081,1060,-1]
09-20 14:58:44.290299  1260  1313 I am_wtf  : [0,1260,system_server,-1,ActivityManager,Sending non-protected broadcast com.android.server.action.NETWORK_STATS_POLL_COOPAD from system uid 1000 pkg com.android.flowmonitor]
09-20 14:58:44.415013  1260  1260 I notification_cancel: [1000,5640,com.android.flowmonitor,2131167672,NULL,0,0,0,8,NULL]
09-20 14:58:44.910000 14110 14110 I auditd  : type=1400 audit(0.0:1760): avc: denied { execute } for comm="adthread" path="/data/data/com.zookingsoft.themestore/app_dex/EventDex.dex" dev="dm-1" ino=419824 scontext=u:r:platform_app:s0:c512,c768 tcontext=u:object_r:yl_trusted_app_data_file:s0:c512,c768 tclass=file permissive=0
09-20 14:58:44.910000 14110 14110 I auditd  : type=1400 audit(0.0:1761): avc: denied { execute } for comm="adthread" path="/data/data/com.zookingsoft.themestore/app_dex/EventDex.dex" dev="dm-1" ino=419824 scontext=u:r:platform_app:s0:c512,c768 tcontext=u:object_r:yl_trusted_app_data_file:s0:c512,c768 tclass=file permissive=0
09-20 14:58:45.197287  1260  1539 I am_proc_died: [0,14048,com.zookingsoft.themestore:zremote]
09-20 14:58:45.197765  1260  1539 I am_schedule_service_restart: [0,com.zookingsoft.themestore/com.main.svr.MService,1000]
09-20 14:58:45.197824  1260  1260 I notification_cancel: [1000,1260,com.zookingsoft.themestore,0,NULL,0,0,0,8,NULL]
09-20 14:58:45.211115  1260  1916 I am_proc_start: [0,14150,10033,com.zookingsoft.themestore:zremote,service,com.zookingsoft.themestore/com.main.svr.MService]
09-20 14:58:45.223988  1260  1401 I am_proc_bound: [0,14150,com.zookingsoft.themestore:zremote]
09-20 14:58:45.240000 14150 14150 I auditd  : type=1400 audit(0.0:1762): avc: denied { execute } for comm="mestore:zremote" path="/data/data/com.zookingsoft.themestore/app_bdodex/bd.dex" dev="dm-1" ino=443391 scontext=u:r:platform_app:s0:c512,c768 tcontext=u:object_r:yl_trusted_app_data_file:s0:c512,c768 tclass=file permissive=0
09-20 14:58:45.240000 14150 14150 I auditd  : type=1400 audit(0.0:1763): avc: denied { execute } for comm="mestore:zremote" path="/data/data/com.zookingsoft.themestore/app_bdodex/bd.dex" dev="dm-1" ino=443391 scontext=u:r:platform_app:s0:c512,c768 tcontext=u:object_r:yl_trusted_app_data_file:s0:c512,c768 tclass=file permissive=0
09-20 14:58:45.253557  1260  1260 I notification_cancel: [1000,1260,android,108,CaptivePortal.Notification,-1,0,0,8,NULL]
09-20 14:58:45.317970  1260  1313 I am_wtf  : [0,1260,system_server,-1,ActivityManager,Sending non-protected broadcast com.android.server.action.NETWORK_STATS_POLL_COOPAD from system uid 1000 pkg com.android.flowmonitor]
09-20 14:58:45.831069 11031 11031 I sysui_action: [138,]
09-20 14:58:45.905759  1260  1328 I netstats_mobile_sample: [1012636,765,44219,769,1012636,765,44219,769,1012636,765,44219,769,-1]
09-20 14:58:45.905985  1260  1328 I netstats_wifi_sample: [261470,3076,48469,832,109032,693,36165,295,94616,593,94179,1085,-1]
09-20 14:58:46.251720  1260  1260 I notification_cancel: [1000,5640,com.android.flowmonitor,2131167672,NULL,0,0,0,8,NULL]
09-20 14:58:46.328147  1260  1313 I am_wtf  : [0,1260,system_server,-1,ActivityManager,Sending non-protected broadcast com.android.server.action.NETWORK_STATS_POLL_COOPAD from system uid 1000 pkg com.android.flowmonitor]
09-20 14:58:46.330000 14150 14150 I auditd  : type=1400 audit(0.0:1764): avc: denied { execute } for comm="mestore:zremote" path="/data/data/com.zookingsoft.themestore/app_bdodex/bd.dex" dev="dm-1" ino=443392 scontext=u:r:platform_app:s0:c512,c768 tcontext=u:object_r:yl_trusted_app_data_file:s0:c512,c768 tclass=file permissive=0
09-20 14:58:46.330000 14150 14150 I auditd  : type=1400 audit(0.0:1765): avc: denied { execute } for comm="mestore:zremote" path="/data/data/com.zookingsoft.themestore/app_bdodex/bd.dex" dev="dm-1" ino=443392 scontext=u:r:platform_app:s0:c512,c768 tcontext=u:object_r:yl_trusted_app_data_file:s0:c512,c768 tclass=file permissive=0
09-20 14:58:46.360000 14150 14150 I auditd  : type=1400 audit(0.0:1766): avc: denied { execute } for comm="mestore:zremote" path="/data/data/com.zookingsoft.themestore/app_gdtodex/gdt.dex" dev="dm-1" ino=443400 scontext=u:r:platform_app:s0:c512,c768 tcontext=u:object_r:yl_trusted_app_data_file:s0:c512,c768 tclass=file permissive=0
09-20 14:58:46.360000 14150 14150 I auditd  : type=1400 audit(0.0:1767): avc: denied { execute } for comm="mestore:zremote" path="/data/data/com.zookingsoft.themestore/app_gdtodex/gdt.dex" dev="dm-1" ino=443400 scontext=u:r:platform_app:s0:c512,c768 tcontext=u:object_r:yl_trusted_app_data_file:s0:c512,c768 tclass=file permissive=0
09-20 14:58:46.540929  1260  1260 I notification_cancel: [1001,5608,com.mediatek.engineermode,10,NULL,0,0,1088,8,NULL]
09-20 14:58:46.710000 14150 14150 I auditd  : type=1400 audit(0.0:1768): avc: denied { execute } for comm="mestore:zremote" path="/data/data/com.zookingsoft.themestore/app_gdtodex/gdt.dex" dev="dm-1" ino=443401 scontext=u:r:platform_app:s0:c512,c768 tcontext=u:object_r:yl_trusted_app_data_file:s0:c512,c768 tclass=file permissive=0
09-20 14:58:46.710000 14150 14150 I auditd  : type=1400 audit(0.0:1769): avc: denied { execute } for comm="mestore:zremote" path="/data/data/com.zookingsoft.themestore/app_gdtodex/gdt.dex" dev="dm-1" ino=443401 scontext=u:r:platform_app:s0:c512,c768 tcontext=u:object_r:yl_trusted_app_data_file:s0:c512,c768 tclass=file permissive=0
09-20 14:58:46.770000 14203 14203 I auditd  : type=1400 audit(0.0:1770): avc: denied { execute } for comm="adthread" path="/data/data/com.zookingsoft.themestore/app_dex/EventDex.dex" dev="dm-1" ino=419824 scontext=u:r:platform_app:s0:c512,c768 tcontext=u:object_r:yl_trusted_app_data_file:s0:c512,c768 tclass=file permissive=0
09-20 14:58:46.770000 14203 14203 I auditd  : type=1400 audit(0.0:1771): avc: denied { execute } for comm="adthread" path="/data/data/com.zookingsoft.themestore/app_dex/EventDex.dex" dev="dm-1" ino=419824 scontext=u:r:platform_app:s0:c512,c768 tcontext=u:object_r:yl_trusted_app_data_file:s0:c512,c768 tclass=file permissive=0
09-20 14:58:47.339316  1260  1313 I am_wtf  : [0,1260,system_server,-1,ActivityManager,Sending non-protected broadcast com.android.server.action.NETWORK_STATS_POLL_COOPAD from system uid 1000 pkg com.android.flowmonitor]
09-20 14:58:47.386441 11031 11031 I sysui_action: [139,]
09-20 14:58:48.010000 14203 14203 I auditd  : type=1400 audit(0.0:1772): avc: denied { execute } for comm="adthread" path="/data/data/com.zookingsoft.themestore/app_dex/EventDex.dex" dev="dm-1" ino=419820 scontext=u:r:platform_app:s0:c512,c768 tcontext=u:object_r:yl_trusted_app_data_file:s0:c512,c768 tclass=file permissive=0
09-20 14:58:48.010000 14203 14203 I auditd  : type=1400 audit(0.0:1773): avc: denied { execute } for comm="adthread" path="/data/data/com.zookingsoft.themestore/app_dex/EventDex.dex" dev="dm-1" ino=419820 scontext=u:r:platform_app:s0:c512,c768 tcontext=u:object_r:yl_trusted_app_data_file:s0:c512,c768 tclass=file permissive=0
09-20 14:58:48.297329  1260  1539 I am_proc_died: [0,14150,com.zookingsoft.themestore:zremote]
09-20 14:58:48.297907  1260  1539 I am_schedule_service_restart: [0,com.zookingsoft.themestore/com.main.svr.MService,1000]
09-20 14:58:48.298318  1260  1260 I notification_cancel: [1000,1260,com.zookingsoft.themestore,0,NULL,0,0,0,8,NULL]
09-20 14:58:48.312982  1260  1401 I am_proc_start: [0,14239,10033,com.zookingsoft.themestore:zremote,service,com.zookingsoft.themestore/com.main.svr.MService]
09-20 14:58:48.325514  1260  1585 I am_proc_bound: [0,14239,com.zookingsoft.themestore:zremote]
09-20 14:58:48.350000 14239 14239 I auditd  : type=1400 audit(0.0:1774): avc: denied { execute } for comm="mestore:zremote" path="/data/data/com.zookingsoft.themestore/app_bdodex/bd.dex" dev="dm-1" ino=443392 scontext=u:r:platform_app:s0:c512,c768 tcontext=u:object_r:yl_trusted_app_data_file:s0:c512,c768 tclass=file permissive=0
09-20 14:58:48.350000 14239 14239 I auditd  : type=1400 audit(0.0:1775): avc: denied { execute } for comm="mestore:zremote" path="/data/data/com.zookingsoft.themestore/app_bdodex/bd.dex" dev="dm-1" ino=443392 scontext=u:r:platform_app:s0:c512,c768 tcontext=u:object_r:yl_trusted_app_data_file:s0:c512,c768 tclass=file permissive=0
09-20 14:58:49.190000 14239 14239 I auditd  : type=1400 audit(0.0:1776): avc: denied { execute } for comm="mestore:zremote" path="/data/data/com.zookingsoft.themestore/app_bdodex/bd.dex" dev="dm-1" ino=443391 scontext=u:r:platform_app:s0:c512,c768 tcontext=u:object_r:yl_trusted_app_data_file:s0:c512,c768 tclass=file permissive=0
09-20 14:58:49.190000 14239 14239 I auditd  : type=1400 audit(0.0:1777): avc: denied { execute } for comm="mestore:zremote" path="/data/data/com.zookingsoft.themestore/app_bdodex/bd.dex" dev="dm-1" ino=443391 scontext=u:r:platform_app:s0:c512,c768 tcontext=u:object_r:yl_trusted_app_data_file:s0:c512,c768 tclass=file permissive=0
