----- timezone:GMT
01-01 08:00:05.290000   248   248 I auditd  : type=1403 audit(0.0:2): policy loaded auid=4294967295 ses=4294967295
01-01 08:00:05.290000   248   248 I auditd  : type=1404 audit(0.0:3): enforcing=1 old_enforcing=0 auid=4294967295 ses=4294967295
01-01 08:00:06.090000     1     1 I auditd  : type=1400 audit(0.0:4): avc: denied { write } for comm="init" name="trace_marker" dev="debugfs" ino=1050 scontext=u:r:init:s0 tcontext=u:object_r:debugfs:s0 tclass=file permissive=0
01-01 08:00:06.690000   210   210 I auditd  : type=1400 audit(0.0:5): avc: denied { write } for comm="init" name="yl_params1" dev="tmpfs" ino=8674 scontext=u:r:init:s0 tcontext=u:object_r:yl_params_device:s0 tclass=chr_file permissive=0
01-01 08:00:07.140000     1     1 I auditd  : type=1400 audit(0.0:6): avc: denied { write } for comm="init" name="trace_marker" dev="debugfs" ino=1050 scontext=u:r:init:s0 tcontext=u:object_r:debugfs:s0 tclass=file permissive=0
01-01 00:00:08.500000     1     1 I auditd  : type=1400 audit(0.0:7): avc: denied { write } for comm="init" name="yl_params1" dev="tmpfs" ino=8674 scontext=u:r:init:s0 tcontext=u:object_r:yl_params_device:s0 tclass=chr_file permissive=0
01-01 08:00:08.500000     1     1 I auditd  : type=1400 audit(0.0:8): avc: denied { write } for comm="init" name="yl_params1" dev="tmpfs" ino=8674 scontext=u:r:init:s0 tcontext=u:object_r:yl_params_device:s0 tclass=chr_file permissive=0
01-01 08:00:09.230000     1     1 I auditd  : type=1400 audit(0.0:9): avc: denied { write } for comm="init" name="yl_params1" dev="tmpfs" ino=8674 scontext=u:r:init:s0 tcontext=u:object_r:yl_params_device:s0 tclass=chr_file permissive=0
01-01 08:00:50.490000  1322  1322 I auditd  : type=1400 audit(0.0:33): avc: denied { syslog_read } for comm="WifiP2pService" scontext=u:r:system_server:s0 tcontext=u:r:kernel:s0 tclass=system permissive=0
09-20 14:47:59.810000  7168  7168 I auditd  : type=1400 audit(0.0:552): avc: denied { execute } for comm="mestore:zremote" path="/data/data/com.zookingsoft.themestore/app_gdtodex/gdt.dex" dev="dm-1" ino=443400 scontext=u:r:platform_app:s0:c512,c768 tcontext=u:object_r:yl_trusted_app_data_file:s0:c512,c768 tclass=file permissive=0
09-20 14:47:59.810000  7168  7168 I auditd  : type=1400 audit(0.0:553): avc: denied { execute } for comm="mestore:zremote" path="/data/data/com.zookingsoft.themestore/app_gdtodex/gdt.dex" dev="dm-1" ino=443400 scontext=u:r:platform_app:s0:c512,c768 tcontext=u:object_r:yl_trusted_app_data_file:s0:c512,c768 tclass=file permissive=0
09-20 14:48:00.150000  7219  7219 I auditd  : type=1400 audit(0.0:554): avc: denied { execute } for comm="adthread" path="/data/data/com.zookingsoft.themestore/app_dex/EventDex.dex" dev="dm-1" ino=419820 scontext=u:r:platform_app:s0:c512,c768 tcontext=u:object_r:yl_trusted_app_data_file:s0:c512,c768 tclass=file permissive=0
09-20 14:48:00.150000  7219  7219 I auditd  : type=1400 audit(0.0:555): avc: denied { execute } for comm="adthread" path="/data/data/com.zookingsoft.themestore/app_dex/EventDex.dex" dev="dm-1" ino=419820 scontext=u:r:platform_app:s0:c512,c768 tcontext=u:object_r:yl_trusted_app_data_file:s0:c512,c768 tclass=file permissive=0
09-20 14:48:00.268472   282   282 I sf_frame_dur: [开始录制,55,0,0,0,0,0,0]
09-20 14:48:00.864535  1260  1313 I am_wtf  : [0,1260,system_server,-1,ActivityManager,Sending non-protected broadcast com.android.server.action.NETWORK_STATS_POLL_COOPAD from system uid 1000 pkg com.android.flowmonitor]
09-20 14:48:00.956931  1260  1260 I notification_cancel: [1000,1260,com.mediatek.mtklogger,0,NULL,0,0,0,8,NULL]
09-20 14:48:00.957481  1260  1260 I notification_enqueue: [10066,7071,com.mediatek.mtklogger,2130837539,NULL,0,Notification(pri=0 contentView=com.mediatek.mtklogger/0x109008b vibrate=null sound=null tick defaults=0x0 flags=0x40 color=0x00000000 vis=PRIVATE),0]
09-20 14:48:00.960112  1260  1260 I notification_enqueue: [10066,7071,com.mediatek.mtklogger,2130837539,NULL,0,Notification(pri=0 contentView=null vibrate=null sound=null tick defaults=0x0 flags=0x0 color=0x00000000 vis=PRIVATE),1]
09-20 14:48:01.077316  1260  1411 I notification_expansion: [0|com.mediatek.mtklogger|2130837539|null|10066,0,1,121,118,0]
09-20 14:48:01.100486  1260  1401 I notification_expansion: [0|com.mediatek.mtklogger|2130837539|null|10066,0,0,144,141,0]
09-20 14:48:01.192460  1260  1271 I notification_expansion: [0|com.mediatek.mtklogger|2130837539|null|10066,0,1,236,233,0]
09-20 14:48:01.713075  1260  1315 I power_sleep_requested: 0
09-20 14:48:01.717864  1260  1260 I am_wtf  : [0,1260,system_server,-1,ActivityManager,Sending non-protected broadcast com.android.systemui.lock from system 1431:com.android.systemui/u0a27 pkg com.android.systemui]
09-20 14:48:01.731295  1260  1260 I am_pause_activity: [0,132437375,com.mediatek.mtklogger/.MainActivity]
09-20 14:48:01.785010  7071  7071 I am_on_paused_called: [0,com.mediatek.mtklogger.MainActivity,handlePauseActivity]
09-20 14:48:01.786716  1260  1276 I am_stop_activity: [0,132437375,com.mediatek.mtklogger/.MainActivity]
09-20 14:48:01.793940  7071  7071 I am_on_stop_called: [0,com.mediatek.mtklogger.MainActivity,sleeping]
09-20 14:48:02.343277  1260  1260 I power_screen_state: [0,2,0,0]
09-20 14:48:02.343313  1260  1260 I screen_toggled: 0
09-20 14:48:02.343361  1260  1260 I sysui_histogram: [screen_timeout,60]
09-20 14:48:02.345298  1260  1260 I power_screen_broadcast_send: 1
09-20 14:48:02.377195  1260  1313 I am_wtf  : [0,1260,system_server,-1,ActivityManager,Sending non-protected broadcast com.android.server.action.NETWORK_STATS_POLL_COOPAD from system uid 1000 pkg com.android.flowmonitor]
09-20 14:48:02.647982  1260  1260 I power_screen_broadcast_done: [0,303,1]
09-20 14:48:02.910000  7219  7219 I auditd  : type=1400 audit(0.0:556): avc: denied { execute } for comm="adthread" path="/data/data/com.zookingsoft.themestore/app_dex/EventDex.dex" dev="dm-1" ino=419824 scontext=u:r:platform_app:s0:c512,c768 tcontext=u:object_r:yl_trusted_app_data_file:s0:c512,c768 tclass=file permissive=0
09-20 14:48:02.910000  7219  7219 I auditd  : type=1400 audit(0.0:557): avc: denied { execute } for comm="adthread" path="/data/data/com.zookingsoft.themestore/app_dex/EventDex.dex" dev="dm-1" ino=419824 scontext=u:r:platform_app:s0:c512,c768 tcontext=u:object_r:yl_trusted_app_data_file:s0:c512,c768 tclass=file permissive=0
09-20 14:48:03.709995  1260  1271 I am_proc_died: [0,7168,com.zookingsoft.themestore:zremote]
09-20 14:48:03.710496  1260  1271 I am_schedule_service_restart: [0,com.zookingsoft.themestore/com.main.svr.MService,1000]
09-20 14:48:03.710588  1260  1260 I notification_cancel: [1000,1260,com.zookingsoft.themestore,0,NULL,0,0,0,8,NULL]
09-20 14:48:03.744335  1260  4115 I am_proc_start: [0,7257,10033,com.zookingsoft.themestore:zremote,service,com.zookingsoft.themestore/com.main.svr.MService]
09-20 14:48:03.754502  1260  1401 I am_proc_bound: [0,7257,com.zookingsoft.themestore:zremote]
09-20 14:48:03.830000  7257  7257 I auditd  : type=1400 audit(0.0:558): avc: denied { execute } for comm="mestore:zremote" path="/data/data/com.zookingsoft.themestore/app_bdodex/bd.dex" dev="dm-1" ino=443385 scontext=u:r:platform_app:s0:c512,c768 tcontext=u:object_r:yl_trusted_app_data_file:s0:c512,c768 tclass=file permissive=0
09-20 14:48:03.830000  7257  7257 I auditd  : type=1400 audit(0.0:559): avc: denied { execute } for comm="mestore:zremote" path="/data/data/com.zookingsoft.themestore/app_bdodex/bd.dex" dev="dm-1" ino=443385 scontext=u:r:platform_app:s0:c512,c768 tcontext=u:object_r:yl_trusted_app_data_file:s0:c512,c768 tclass=file permissive=0
09-20 14:48:11.360000  7257  7257 I auditd  : type=1400 audit(0.0:560): avc: denied { execute } for comm="mestore:zremote" path="/data/data/com.zookingsoft.themestore/app_bdodex/bd.dex" dev="dm-1" ino=443391 scontext=u:r:platform_app:s0:c512,c768 tcontext=u:object_r:yl_trusted_app_data_file:s0:c512,c768 tclass=file permissive=0
09-20 14:48:11.360000  7257  7257 I auditd  : type=1400 audit(0.0:561): avc: denied { execute } for comm="mestore:zremote" path="/data/data/com.zookingsoft.themestore/app_bdodex/bd.dex" dev="dm-1" ino=443391 scontext=u:r:platform_app:s0:c512,c768 tcontext=u:object_r:yl_trusted_app_data_file:s0:c512,c768 tclass=file permissive=0
09-20 14:48:11.410000  7257  7257 I auditd  : type=1400 audit(0.0:562): avc: denied { execute } for comm="mestore:zremote" path="/data/data/com.zookingsoft.themestore/app_gdtodex/gdt.dex" dev="dm-1" ino=443400 scontext=u:r:platform_app:s0:c512,c768 tcontext=u:object_r:yl_trusted_app_data_file:s0:c512,c768 tclass=file permissive=0
09-20 14:48:11.410000  7257  7257 I auditd  : type=1400 audit(0.0:563): avc: denied { execute } for comm="mestore:zremote" path="/data/data/com.zookingsoft.themestore/app_gdtodex/gdt.dex" dev="dm-1" ino=443400 scontext=u:r:platform_app:s0:c512,c768 tcontext=u:object_r:yl_trusted_app_data_file:s0:c512,c768 tclass=file permissive=0
09-20 14:48:12.190000  7257  7257 I auditd  : type=1400 audit(0.0:564): avc: denied { execute } for comm="mestore:zremote" path="/data/data/com.zookingsoft.themestore/app_gdtodex/gdt.dex" dev="dm-1" ino=443401 scontext=u:r:platform_app:s0:c512,c768 tcontext=u:object_r:yl_trusted_app_data_file:s0:c512,c768 tclass=file permissive=0
09-20 14:48:12.190000  7257  7257 I auditd  : type=1400 audit(0.0:565): avc: denied { execute } for comm="mestore:zremote" path="/data/data/com.zookingsoft.themestore/app_gdtodex/gdt.dex" dev="dm-1" ino=443401 scontext=u:r:platform_app:s0:c512,c768 tcontext=u:object_r:yl_trusted_app_data_file:s0:c512,c768 tclass=file permissive=0
09-20 14:48:13.200000  7290  7290 I auditd  : type=1400 audit(0.0:566): avc: denied { execute } for comm="adthread" path="/data/data/com.zookingsoft.themestore/app_dex/EventDex.dex" dev="dm-1" ino=419824 scontext=u:r:platform_app:s0:c512,c768 tcontext=u:object_r:yl_trusted_app_data_file:s0:c512,c768 tclass=file permissive=0
09-20 14:48:13.200000  7290  7290 I auditd  : type=1400 audit(0.0:567): avc: denied { execute } for comm="adthread" path="/data/data/com.zookingsoft.themestore/app_dex/EventDex.dex" dev="dm-1" ino=419824 scontext=u:r:platform_app:s0:c512,c768 tcontext=u:object_r:yl_trusted_app_data_file:s0:c512,c768 tclass=file permissive=0
09-20 14:48:21.120000  7290  7290 I auditd  : type=1400 audit(0.0:568): avc: denied { execute } for comm="adthread" path="/data/data/com.zookingsoft.themestore/app_dex/EventDex.dex" dev="dm-1" ino=419820 scontext=u:r:platform_app:s0:c512,c768 tcontext=u:object_r:yl_trusted_app_data_file:s0:c512,c768 tclass=file permissive=0
09-20 14:48:21.120000  7290  7290 I auditd  : type=1400 audit(0.0:569): avc: denied { execute } for comm="adthread" path="/data/data/com.zookingsoft.themestore/app_dex/EventDex.dex" dev="dm-1" ino=419820 scontext=u:r:platform_app:s0:c512,c768 tcontext=u:object_r:yl_trusted_app_data_file:s0:c512,c768 tclass=file permissive=0
09-20 14:48:29.678755  1260  1271 I am_proc_died: [0,7257,com.zookingsoft.themestore:zremote]
09-20 14:48:29.679311  1260  1271 I am_schedule_service_restart: [0,com.zookingsoft.themestore/com.main.svr.MService,1000]
09-20 14:48:29.679419  1260  1260 I notification_cancel: [1000,1260,com.zookingsoft.themestore,0,NULL,0,0,0,8,NULL]
09-20 14:48:29.703390  1260  1963 I am_proc_start: [0,7325,10033,com.zookingsoft.themestore:zremote,service,com.zookingsoft.themestore/com.main.svr.MService]
09-20 14:48:29.733565  1260  1916 I am_proc_bound: [0,7325,com.zookingsoft.themestore:zremote]
09-20 14:48:29.742816  1260  1275 I am_pss  : [5252,10056,com.android.printspooler,4075520,2760704,0]
09-20 14:48:29.800000  7325  7325 I auditd  : type=1400 audit(0.0:570): avc: denied { execute } for comm="mestore:zremote" path="/data/data/com.zookingsoft.themestore/app_bdodex/bd.dex" dev="dm-1" ino=443391 scontext=u:r:platform_app:s0:c512,c768 tcontext=u:object_r:yl_trusted_app_data_file:s0:c512,c768 tclass=file permissive=0
09-20 14:48:29.800000  7325  7325 I auditd  : type=1400 audit(0.0:571): avc: denied { execute } for comm="mestore:zremote" path="/data/data/com.zookingsoft.themestore/app_bdodex/bd.dex" dev="dm-1" ino=443391 scontext=u:r:platform_app:s0:c512,c768 tcontext=u:object_r:yl_trusted_app_data_file:s0:c512,c768 tclass=file permissive=0
09-20 14:48:32.028426  1260  1260 I notification_cancel: [1000,1260,android,105,CaptivePortal.Notification,-1,0,0,8,NULL]
09-20 14:48:33.090000  7325  7325 I auditd  : type=1400 audit(0.0:572): avc: denied { execute } for comm="mestore:zremote" path="/data/data/com.zookingsoft.themestore/app_bdodex/bd.dex" dev="dm-1" ino=443385 scontext=u:r:platform_app:s0:c512,c768 tcontext=u:object_r:yl_trusted_app_data_file:s0:c512,c768 tclass=file permissive=0
09-20 14:48:33.090000  7325  7325 I auditd  : type=1400 audit(0.0:573): avc: denied { execute } for comm="mestore:zremote" path="/data/data/com.zookingsoft.themestore/app_bdodex/bd.dex" dev="dm-1" ino=443385 scontext=u:r:platform_app:s0:c512,c768 tcontext=u:object_r:yl_trusted_app_data_file:s0:c512,c768 tclass=file permissive=0
09-20 14:48:33.150000  7325  7325 I auditd  : type=1400 audit(0.0:574): avc: denied { execute } for comm="mestore:zremote" path="/data/data/com.zookingsoft.themestore/app_gdtodex/gdt.dex" dev="dm-1" ino=443401 scontext=u:r:platform_app:s0:c512,c768 tcontext=u:object_r:yl_trusted_app_data_file:s0:c512,c768 tclass=file permissive=0
09-20 14:48:33.150000  7325  7325 I auditd  : type=1400 audit(0.0:575): avc: denied { execute } for comm="mestore:zremote" path="/data/data/com.zookingsoft.themestore/app_gdtodex/gdt.dex" dev="dm-1" ino=443401 scontext=u:r:platform_app:s0:c512,c768 tcontext=u:object_r:yl_trusted_app_data_file:s0:c512,c768 tclass=file permissive=0
09-20 14:48:34.010000  7325  7325 I auditd  : type=1400 audit(0.0:576): avc: denied { execute } for comm="mestore:zremote" path="/data/data/com.zookingsoft.themestore/app_gdtodex/gdt.dex" dev="dm-1" ino=443400 scontext=u:r:platform_app:s0:c512,c768 tcontext=u:object_r:yl_trusted_app_data_file:s0:c512,c768 tclass=file permissive=0
09-20 14:48:34.010000  7325  7325 I auditd  : type=1400 audit(0.0:577): avc: denied { execute } for comm="mestore:zremote" path="/data/data/com.zookingsoft.themestore/app_gdtodex/gdt.dex" dev="dm-1" ino=443400 scontext=u:r:platform_app:s0:c512,c768 tcontext=u:object_r:yl_trusted_app_data_file:s0:c512,c768 tclass=file permissive=0
09-20 14:48:34.280000  7358  7358 I auditd  : type=1400 audit(0.0:578): avc: denied { execute } for comm="adthread" path="/data/data/com.zookingsoft.themestore/app_dex/EventDex.dex" dev="dm-1" ino=419820 scontext=u:r:platform_app:s0:c512,c768 tcontext=u:object_r:yl_trusted_app_data_file:s0:c512,c768 tclass=file permissive=0
09-20 14:48:34.280000  7358  7358 I auditd  : type=1400 audit(0.0:579): avc: denied { execute } for comm="adthread" path="/data/data/com.zookingsoft.themestore/app_dex/EventDex.dex" dev="dm-1" ino=419820 scontext=u:r:platform_app:s0:c512,c768 tcontext=u:object_r:yl_trusted_app_data_file:s0:c512,c768 tclass=file permissive=0
09-20 14:48:35.796372  1260  1275 I am_pss  : [5213,1000,com.android.settings,52030464,45304832,0]
09-20 14:48:35.830897  1260  1275 I am_pss  : [5277,1000,com.mediatek.schpwronoff,3910656,2576384,0]
09-20 14:48:41.140000  7358  7358 I auditd  : type=1400 audit(0.0:580): avc: denied { execute } for comm="adthread" path="/data/data/com.zookingsoft.themestore/app_dex/EventDex.dex" dev="dm-1" ino=419824 scontext=u:r:platform_app:s0:c512,c768 tcontext=u:object_r:yl_trusted_app_data_file:s0:c512,c768 tclass=file permissive=0
09-20 14:48:41.150000  7358  7358 I auditd  : type=1400 audit(0.0:581): avc: denied { execute } for comm="adthread" path="/data/data/com.zookingsoft.themestore/app_dex/EventDex.dex" dev="dm-1" ino=419824 scontext=u:r:platform_app:s0:c512,c768 tcontext=u:object_r:yl_trusted_app_data_file:s0:c512,c768 tclass=file permissive=0
09-20 14:48:48.829069  1260  1959 I am_proc_died: [0,7325,com.zookingsoft.themestore:zremote]
09-20 14:48:48.829600  1260  1959 I am_schedule_service_restart: [0,com.zookingsoft.themestore/com.main.svr.MService,1000]
09-20 14:48:48.829699  1260  1260 I notification_cancel: [1000,1260,com.zookingsoft.themestore,0,NULL,0,0,0,8,NULL]
09-20 14:48:48.852630  1260  1539 I am_proc_start: [0,7392,10033,com.zookingsoft.themestore:zremote,service,com.zookingsoft.themestore/com.main.svr.MService]
09-20 14:48:48.874582  1260  4115 I am_proc_bound: [0,7392,com.zookingsoft.themestore:zremote]
09-20 14:48:48.904085  1260  1275 I am_pss  : [2134,10002,android.process.acore,14748672,11419648,0]
09-20 14:48:48.970000  7392  7392 I auditd  : type=1400 audit(0.0:582): avc: denied { execute } for comm="mestore:zremote" path="/data/data/com.zookingsoft.themestore/app_bdodex/bd.dex" dev="dm-1" ino=443385 scontext=u:r:platform_app:s0:c512,c768 tcontext=u:object_r:yl_trusted_app_data_file:s0:c512,c768 tclass=file permissive=0
09-20 14:48:48.970000  7392  7392 I auditd  : type=1400 audit(0.0:583): avc: denied { execute } for comm="mestore:zremote" path="/data/data/com.zookingsoft.themestore/app_bdodex/bd.dex" dev="dm-1" ino=443385 scontext=u:r:platform_app:s0:c512,c768 tcontext=u:object_r:yl_trusted_app_data_file:s0:c512,c768 tclass=file permissive=0
09-20 14:49:25.087128  1260  1275 I am_pss  : [6980,1000,com.yulong.android.cp_engmode,15572992,12819456,0]
09-20 14:49:25.910000  7392  7392 I auditd  : type=1400 audit(0.0:584): avc: denied { execute } for comm="mestore:zremote" path="/data/data/com.zookingsoft.themestore/app_bdodex/bd.dex" dev="dm-1" ino=443391 scontext=u:r:platform_app:s0:c512,c768 tcontext=u:object_r:yl_trusted_app_data_file:s0:c512,c768 tclass=file permissive=0
09-20 14:49:25.920000  7392  7392 I auditd  : type=1400 audit(0.0:585): avc: denied { execute } for comm="mestore:zremote" path="/data/data/com.zookingsoft.themestore/app_bdodex/bd.dex" dev="dm-1" ino=443391 scontext=u:r:platform_app:s0:c512,c768 tcontext=u:object_r:yl_trusted_app_data_file:s0:c512,c768 tclass=file permissive=0
09-20 14:49:25.950000  7392  7392 I auditd  : type=1400 audit(0.0:586): avc: denied { execute } for comm="mestore:zremote" path="/data/data/com.zookingsoft.themestore/app_gdtodex/gdt.dex" dev="dm-1" ino=443400 scontext=u:r:platform_app:s0:c512,c768 tcontext=u:object_r:yl_trusted_app_data_file:s0:c512,c768 tclass=file permissive=0
09-20 14:49:25.950000  7392  7392 I auditd  : type=1400 audit(0.0:587): avc: denied { execute } for comm="mestore:zremote" path="/data/data/com.zookingsoft.themestore/app_gdtodex/gdt.dex" dev="dm-1" ino=443400 scontext=u:r:platform_app:s0:c512,c768 tcontext=u:object_r:yl_trusted_app_data_file:s0:c512,c768 tclass=file permissive=0
09-20 14:49:32.150000  7392  7392 I auditd  : type=1400 audit(0.0:588): avc: denied { execute } for comm="mestore:zremote" path="/data/data/com.zookingsoft.themestore/app_gdtodex/gdt.dex" dev="dm-1" ino=443401 scontext=u:r:platform_app:s0:c512,c768 tcontext=u:object_r:yl_trusted_app_data_file:s0:c512,c768 tclass=file permissive=0
09-20 14:49:32.150000  7392  7392 I auditd  : type=1400 audit(0.0:589): avc: denied { execute } for comm="mestore:zremote" path="/data/data/com.zookingsoft.themestore/app_gdtodex/gdt.dex" dev="dm-1" ino=443401 scontext=u:r:platform_app:s0:c512,c768 tcontext=u:object_r:yl_trusted_app_data_file:s0:c512,c768 tclass=file permissive=0
09-20 14:49:42.140000  7425  7425 I auditd  : type=1400 audit(0.0:590): avc: denied { execute } for comm="adthread" path="/data/data/com.zookingsoft.themestore/app_dex/EventDex.dex" dev="dm-1" ino=419824 scontext=u:r:platform_app:s0:c512,c768 tcontext=u:object_r:yl_trusted_app_data_file:s0:c512,c768 tclass=file permissive=0
09-20 14:49:42.140000  7425  7425 I auditd  : type=1400 audit(0.0:591): avc: denied { execute } for comm="adthread" path="/data/data/com.zookingsoft.themestore/app_dex/EventDex.dex" dev="dm-1" ino=419824 scontext=u:r:platform_app:s0:c512,c768 tcontext=u:object_r:yl_trusted_app_data_file:s0:c512,c768 tclass=file permissive=0
09-20 14:50:06.000000  7425  7425 I auditd  : type=1400 audit(0.0:592): avc: denied { execute } for comm="adthread" path="/data/data/com.zookingsoft.themestore/app_dex/EventDex.dex" dev="dm-1" ino=419820 scontext=u:r:platform_app:s0:c512,c768 tcontext=u:object_r:yl_trusted_app_data_file:s0:c512,c768 tclass=file permissive=0
09-20 14:50:06.000000  7425  7425 I auditd  : type=1400 audit(0.0:593): avc: denied { execute } for comm="adthread" path="/data/data/com.zookingsoft.themestore/app_dex/EventDex.dex" dev="dm-1" ino=419820 scontext=u:r:platform_app:s0:c512,c768 tcontext=u:object_r:yl_trusted_app_data_file:s0:c512,c768 tclass=file permissive=0
09-20 14:50:06.034448  1260  1260 I power_screen_state: [1,0,0,0]
09-20 14:50:06.034559  1260  1260 I screen_toggled: 1
09-20 14:50:06.041623  1260  1260 I power_screen_broadcast_send: 1
09-20 14:50:06.057091  1260  1286 I am_resume_activity: [0,132437375,198,com.mediatek.mtklogger/.MainActivity]
09-20 14:50:06.144535  7071  7071 I am_on_resume_called: [0,com.mediatek.mtklogger.MainActivity,RESUME_ACTIVITY]
09-20 14:50:06.152688  1260  1275 I am_pss  : [5608,1001,com.mediatek.engineermode,19290112,16260096,0]
09-20 14:50:06.219903  1260  1275 I am_pss  : [1992,10011,com.yulong.android.launcherL,50357248,45308928,0]
09-20 14:50:06.497656   282   282 I sf_frame_dur: [ColorFade,28,0,0,0,0,0,0]
09-20 14:50:06.749035  1260  1260 I power_screen_broadcast_done: [1,707,1]
09-20 14:50:07.226449  1260  1963 I am_proc_died: [0,7392,com.zookingsoft.themestore:zremote]
09-20 14:50:07.226892  1260  1963 I am_schedule_service_restart: [0,com.zookingsoft.themestore/com.main.svr.MService,1000]
09-20 14:50:07.226959  1260  1260 I notification_cancel: [1000,1260,com.zookingsoft.themestore,0,NULL,0,0,0,8,NULL]
09-20 14:50:07.243858  1260  1271 I am_proc_start: [0,7467,10033,com.zookingsoft.themestore:zremote,service,com.zookingsoft.themestore/com.main.svr.MService]
09-20 14:50:07.260049  1260  1959 I am_proc_bound: [0,7467,com.zookingsoft.themestore:zremote]
09-20 14:50:07.320000  7467  7467 I auditd  : type=1400 audit(0.0:594): avc: denied { execute } for comm="mestore:zremote" path="/data/data/com.zookingsoft.themestore/app_bdodex/bd.dex" dev="dm-1" ino=443391 scontext=u:r:platform_app:s0:c512,c768 tcontext=u:object_r:yl_trusted_app_data_file:s0:c512,c768 tclass=file permissive=0
09-20 14:50:07.320000  7467  7467 I auditd  : type=1400 audit(0.0:595): avc: denied { execute } for comm="mestore:zremote" path="/data/data/com.zookingsoft.themestore/app_bdodex/bd.dex" dev="dm-1" ino=443391 scontext=u:r:platform_app:s0:c512,c768 tcontext=u:object_r:yl_trusted_app_data_file:s0:c512,c768 tclass=file permissive=0
09-20 14:50:08.870000  7467  7467 I auditd  : type=1400 audit(0.0:596): avc: denied { execute } for comm="mestore:zremote" path="/data/data/com.zookingsoft.themestore/app_bdodex/bd.dex" dev="dm-1" ino=443385 scontext=u:r:platform_app:s0:c512,c768 tcontext=u:object_r:yl_trusted_app_data_file:s0:c512,c768 tclass=file permissive=0
09-20 14:50:08.870000  7467  7467 I auditd  : type=1400 audit(0.0:597): avc: denied { execute } for comm="mestore:zremote" path="/data/data/com.zookingsoft.themestore/app_bdodex/bd.dex" dev="dm-1" ino=443385 scontext=u:r:platform_app:s0:c512,c768 tcontext=u:object_r:yl_trusted_app_data_file:s0:c512,c768 tclass=file permissive=0
09-20 14:50:08.910000  7467  7467 I auditd  : type=1400 audit(0.0:598): avc: denied { execute } for comm="mestore:zremote" path="/data/data/com.zookingsoft.themestore/app_gdtodex/gdt.dex" dev="dm-1" ino=443401 scontext=u:r:platform_app:s0:c512,c768 tcontext=u:object_r:yl_trusted_app_data_file:s0:c512,c768 tclass=file permissive=0
09-20 14:50:08.910000  7467  7467 I auditd  : type=1400 audit(0.0:599): avc: denied { execute } for comm="mestore:zremote" path="/data/data/com.zookingsoft.themestore/app_gdtodex/gdt.dex" dev="dm-1" ino=443401 scontext=u:r:platform_app:s0:c512,c768 tcontext=u:object_r:yl_trusted_app_data_file:s0:c512,c768 tclass=file permissive=0
09-20 14:57:09.870000 11737 11737 I auditd  : type=1400 audit(0.0:1356): avc: denied { execute } for comm="mestore:zremote" path="/data/data/com.zookingsoft.themestore/app_bdodex/bd.dex" dev="dm-1" ino=443391 scontext=u:r:platform_app:s0:c512,c768 tcontext=u:object_r:yl_trusted_app_data_file:s0:c512,c768 tclass=file permissive=0
09-20 14:57:09.870000 11737 11737 I auditd  : type=1400 audit(0.0:1357): avc: denied { execute } for comm="mestore:zremote" path="/data/data/com.zookingsoft.themestore/app_bdodex/bd.dex" dev="dm-1" ino=443391 scontext=u:r:platform_app:s0:c512,c768 tcontext=u:object_r:yl_trusted_app_data_file:s0:c512,c768 tclass=file permissive=0
09-20 14:57:09.900000 11737 11737 I auditd  : type=1400 audit(0.0:1358): avc: denied { execute } for comm="mestore:zremote" path="/data/data/com.zookingsoft.themestore/app_gdtodex/gdt.dex" dev="dm-1" ino=443401 scontext=u:r:platform_app:s0:c512,c768 tcontext=u:object_r:yl_trusted_app_data_file:s0:c512,c768 tclass=file permissive=0
09-20 14:57:09.900000 11737 11737 I auditd  : type=1400 audit(0.0:1359): avc: denied { execute } for comm="mestore:zremote" path="/data/data/com.zookingsoft.themestore/app_gdtodex/gdt.dex" dev="dm-1" ino=443401 scontext=u:r:platform_app:s0:c512,c768 tcontext=u:object_r:yl_trusted_app_data_file:s0:c512,c768 tclass=file permissive=0
09-20 14:57:09.935098   282   282 I sf_frame_dur: [开始录制,56,0,0,0,0,0,0]
09-20 14:57:10.170000 11737 11737 I auditd  : type=1400 audit(0.0:1360): avc: denied { execute } for comm="mestore:zremote" path="/data/data/com.zookingsoft.themestore/app_gdtodex/gdt.dex" dev="dm-1" ino=443400 scontext=u:r:platform_app:s0:c512,c768 tcontext=u:object_r:yl_trusted_app_data_file:s0:c512,c768 tclass=file permissive=0
09-20 14:57:10.170000 11737 11737 I auditd  : type=1400 audit(0.0:1361): avc: denied { execute } for comm="mestore:zremote" path="/data/data/com.zookingsoft.themestore/app_gdtodex/gdt.dex" dev="dm-1" ino=443400 scontext=u:r:platform_app:s0:c512,c768 tcontext=u:object_r:yl_trusted_app_data_file:s0:c512,c768 tclass=file permissive=0
09-20 14:57:10.210000 11784 11784 I auditd  : type=1400 audit(0.0:1362): avc: denied { execute } for comm="adthread" path="/data/data/com.zookingsoft.themestore/app_dex/EventDex.dex" dev="dm-1" ino=419820 scontext=u:r:platform_app:s0:c512,c768 tcontext=u:object_r:yl_trusted_app_data_file:s0:c512,c768 tclass=file permissive=0
09-20 14:57:10.210000 11784 11784 I auditd  : type=1400 audit(0.0:1363): avc: denied { execute } for comm="adthread" path="/data/data/com.zookingsoft.themestore/app_dex/EventDex.dex" dev="dm-1" ino=419820 scontext=u:r:platform_app:s0:c512,c768 tcontext=u:object_r:yl_trusted_app_data_file:s0:c512,c768 tclass=file permissive=0
09-20 14:57:10.504095  1260  1313 I am_wtf  : [0,1260,system_server,-1,ActivityManager,Sending non-protected broadcast com.android.server.action.NETWORK_STATS_POLL_COOPAD from system uid 1000 pkg com.android.flowmonitor]
09-20 14:57:10.608781  1260  1260 I notification_cancel: [1000,1260,com.mediatek.mtklogger,0,NULL,0,0,0,8,NULL]
09-20 14:57:10.609221  1260  1260 I notification_enqueue: [10066,9497,com.mediatek.mtklogger,2130837539,NULL,0,Notification(pri=0 contentView=com.mediatek.mtklogger/0x109008b vibrate=null sound=null tick defaults=0x0 flags=0x40 color=0x00000000 vis=PRIVATE),0]
09-20 14:57:10.614515  1260  1260 I notification_enqueue: [10066,9497,com.mediatek.mtklogger,2130837539,NULL,0,Notification(pri=0 contentView=null vibrate=null sound=null tick defaults=0x0 flags=0x0 color=0x00000000 vis=PRIVATE),1]
09-20 14:57:10.727097  1260  1916 I notification_expansion: [0|com.mediatek.mtklogger|2130837539|null|10066,0,1,119,114,0]
09-20 14:57:10.753106  1260  1272 I notification_expansion: [0|com.mediatek.mtklogger|2130837539|null|10066,0,0,145,140,0]
09-20 14:57:10.837745  1260  1539 I notification_expansion: [0|com.mediatek.mtklogger|2130837539|null|10066,0,1,229,224,0]
09-20 14:57:11.370000 11784 11784 I auditd  : type=1400 audit(0.0:1364): avc: denied { execute } for comm="adthread" path="/data/data/com.zookingsoft.themestore/app_dex/EventDex.dex" dev="dm-1" ino=419824 scontext=u:r:platform_app:s0:c512,c768 tcontext=u:object_r:yl_trusted_app_data_file:s0:c512,c768 tclass=file permissive=0
09-20 14:57:11.370000 11784 11784 I auditd  : type=1400 audit(0.0:1365): avc: denied { execute } for comm="adthread" path="/data/data/com.zookingsoft.themestore/app_dex/EventDex.dex" dev="dm-1" ino=419824 scontext=u:r:platform_app:s0:c512,c768 tcontext=u:object_r:yl_trusted_app_data_file:s0:c512,c768 tclass=file permissive=0
09-20 14:57:11.647296  1260  1963 I am_proc_died: [0,11737,com.zookingsoft.themestore:zremote]
09-20 14:57:11.647823  1260  1963 I am_schedule_service_restart: [0,com.zookingsoft.themestore/com.main.svr.MService,1000]
09-20 14:57:11.647870  1260  1260 I notification_cancel: [1000,1260,com.zookingsoft.themestore,0,NULL,0,0,0,8,NULL]
09-20 14:57:11.660745  1260  1411 I am_proc_start: [0,11820,10033,com.zookingsoft.themestore:zremote,service,com.zookingsoft.themestore/com.main.svr.MService]
09-20 14:57:11.674283  1260  1585 I am_proc_bound: [0,11820,com.zookingsoft.themestore:zremote]
09-20 14:57:11.690000 11820 11820 I auditd  : type=1400 audit(0.0:1366): avc: denied { execute } for comm="mestore:zremote" path="/data/data/com.zookingsoft.themestore/app_bdodex/bd.dex" dev="dm-1" ino=443391 scontext=u:r:platform_app:s0:c512,c768 tcontext=u:object_r:yl_trusted_app_data_file:s0:c512,c768 tclass=file permissive=0
09-20 14:57:11.700000 11820 11820 I auditd  : type=1400 audit(0.0:1367): avc: denied { execute } for comm="mestore:zremote" path="/data/data/com.zookingsoft.themestore/app_bdodex/bd.dex" dev="dm-1" ino=443391 scontext=u:r:platform_app:s0:c512,c768 tcontext=u:object_r:yl_trusted_app_data_file:s0:c512,c768 tclass=file permissive=0
09-20 14:57:11.960141  9497  9497 I menu_item_selected: [0,设置]
09-20 14:57:11.970371  1260  1401 I wm_task_moved: [203,1,3]
09-20 14:57:11.971101  1260  1401 I am_create_activity: [0,69557134,203,com.mediatek.mtklogger/.settings.SettingsActivity,NULL,NULL,NULL,0]
09-20 14:57:11.973003  1260  1401 I wm_task_moved: [203,1,3]
09-20 14:57:11.976617  1260  1401 I am_focused_activity: [0,com.mediatek.mtklogger/.settings.SettingsActivity,startedActivity]
09-20 14:57:11.976855  1260  1401 I am_pause_activity: [0,100485962,com.mediatek.mtklogger/.MainActivity]
09-20 14:57:11.985794  9497  9497 I am_on_paused_called: [0,com.mediatek.mtklogger.MainActivity,handlePauseActivity]
09-20 14:57:11.990310  1260  1915 I am_restart_activity: [0,69557134,203,com.mediatek.mtklogger/.settings.SettingsActivity]
09-20 14:57:11.995184  1260  1276 I sysui_count: [window_time_0,7]
09-20 14:57:12.061003  9497  9497 I am_on_resume_called: [0,com.mediatek.mtklogger.settings.SettingsActivity,LAUNCH_ACTIVITY]
09-20 14:57:12.240880  1260  1283 I am_activity_launch_time: [0,69557134,com.mediatek.mtklogger/.settings.SettingsActivity,253,253]
09-20 14:57:12.606713  1260  1276 I am_stop_activity: [0,100485962,com.mediatek.mtklogger/.MainActivity]
09-20 14:57:12.608482  9497  9497 I am_on_stop_called: [0,com.mediatek.mtklogger.MainActivity,handleStopActivity]
09-20 14:57:12.620000 11820 11820 I auditd  : type=1400 audit(0.0:1368): avc: denied { execute } for comm="mestore:zremote" path="/data/data/com.zookingsoft.themestore/app_bdodex/bd.dex" dev="dm-1" ino=443392 scontext=u:r:platform_app:s0:c512,c768 tcontext=u:object_r:yl_trusted_app_data_file:s0:c512,c768 tclass=file permissive=0
09-20 14:57:12.620000 11820 11820 I auditd  : type=1400 audit(0.0:1369): avc: denied { execute } for comm="mestore:zremote" path="/data/data/com.zookingsoft.themestore/app_bdodex/bd.dex" dev="dm-1" ino=443392 scontext=u:r:platform_app:s0:c512,c768 tcontext=u:object_r:yl_trusted_app_data_file:s0:c512,c768 tclass=file permissive=0
09-20 14:57:12.635150   282   282 I sf_frame_dur: [com.mediatek.mtklogger/com.mediatek.mtklogger.MainActivity,1,5,0,3,0,2,2]
09-20 14:57:12.630000 11820 11820 I auditd  : type=1400 audit(0.0:1370): avc: denied { execute } for comm="mestore:zremote" path="/data/data/com.zookingsoft.themestore/app_gdtodex/gdt.dex" dev="dm-1" ino=443400 scontext=u:r:platform_app:s0:c512,c768 tcontext=u:object_r:yl_trusted_app_data_file:s0:c512,c768 tclass=file permissive=0
09-20 14:57:12.640000 11820 11820 I auditd  : type=1400 audit(0.0:1371): avc: denied { execute } for comm="mestore:zremote" path="/data/data/com.zookingsoft.themestore/app_gdtodex/gdt.dex" dev="dm-1" ino=443400 scontext=u:r:platform_app:s0:c512,c768 tcontext=u:object_r:yl_trusted_app_data_file:s0:c512,c768 tclass=file permissive=0
09-20 14:57:12.900000 11820 11820 I auditd  : type=1400 audit(0.0:1372): avc: denied { execute } for comm="mestore:zremote" path="/data/data/com.zookingsoft.themestore/app_gdtodex/gdt.dex" dev="dm-1" ino=443401 scontext=u:r:platform_app:s0:c512,c768 tcontext=u:object_r:yl_trusted_app_data_file:s0:c512,c768 tclass=file permissive=0
09-20 14:57:12.900000 11820 11820 I auditd  : type=1400 audit(0.0:1373): avc: denied { execute } for comm="mestore:zremote" path="/data/data/com.zookingsoft.themestore/app_gdtodex/gdt.dex" dev="dm-1" ino=443401 scontext=u:r:platform_app:s0:c512,c768 tcontext=u:object_r:yl_trusted_app_data_file:s0:c512,c768 tclass=file permissive=0
09-20 14:57:12.960000 11851 11851 I auditd  : type=1400 audit(0.0:1374): avc: denied { execute } for comm="adthread" path="/data/data/com.zookingsoft.themestore/app_dex/EventDex.dex" dev="dm-1" ino=419824 scontext=u:r:platform_app:s0:c512,c768 tcontext=u:object_r:yl_trusted_app_data_file:s0:c512,c768 tclass=file permissive=0
09-20 14:57:12.960000 11851 11851 I auditd  : type=1400 audit(0.0:1375): avc: denied { execute } for comm="adthread" path="/data/data/com.zookingsoft.themestore/app_dex/EventDex.dex" dev="dm-1" ino=419824 scontext=u:r:platform_app:s0:c512,c768 tcontext=u:object_r:yl_trusted_app_data_file:s0:c512,c768 tclass=file permissive=0
09-20 14:57:14.016132  1260  1314 I am_new_intent: [0,13961152,186,com.yulong.android.launcherL/.Launcher,android.intent.action.MAIN,NULL,NULL,270532608]
09-20 14:57:14.016348  1260  1314 I am_focused_stack: [0,0,1,bringingFoundTaskToFront setFocusedActivity]
09-20 14:57:14.016706  1260  1314 I wm_task_moved: [186,1,1]
09-20 14:57:14.019417  1260  1314 I am_focused_activity: [0,com.yulong.android.launcherL/.Launcher,bringingFoundTaskToFront]
09-20 14:57:14.019722  1260  1314 I am_pause_activity: [0,69557134,com.mediatek.mtklogger/.settings.SettingsActivity]
09-20 14:57:14.021049  1260  1314 I am_task_to_front: [0,186]
09-20 14:57:14.022941  1260  1314 I sysui_action: [323,com.yulong.android.launcherL/.Launcher]
09-20 14:57:14.022996  1260  1314 I sysui_action: [324,true]
09-20 14:57:14.023027  1260  1314 I sysui_action: [325,461]
09-20 14:57:14.027961  9497  9497 I am_on_paused_called: [0,com.mediatek.mtklogger.settings.SettingsActivity,handlePauseActivity]
09-20 14:57:14.059809  1260  1401 I am_resume_activity: [0,149361366,186,com.yulong.android.launcherL/.Launcher]
09-20 14:57:14.064288  1260  1276 I sysui_count: [window_time_0,2]
09-20 14:57:14.065580  1992  1992 I am_on_resume_called: [0,com.yulong.android.launcherL.Launcher,RESUME_ACTIVITY]
09-20 14:57:14.105187  1260  1275 I am_pss  : [11031,1000,com.android.settings,31000576,25533440,0]
09-20 14:57:14.136127  1260  1275 I am_pss  : [5277,1000,com.mediatek.schpwronoff,4075520,2580480,0]
09-20 14:57:14.150000 11851 11851 I auditd  : type=1400 audit(0.0:1376): avc: denied { execute } for comm="adthread" path="/data/data/com.zookingsoft.themestore/app_dex/EventDex.dex" dev="dm-1" ino=419820 scontext=u:r:platform_app:s0:c512,c768 tcontext=u:object_r:yl_trusted_app_data_file:s0:c512,c768 tclass=file permissive=0
09-20 14:57:14.150000 11851 11851 I auditd  : type=1400 audit(0.0:1377): avc: denied { execute } for comm="adthread" path="/data/data/com.zookingsoft.themestore/app_dex/EventDex.dex" dev="dm-1" ino=419820 scontext=u:r:platform_app:s0:c512,c768 tcontext=u:object_r:yl_trusted_app_data_file:s0:c512,c768 tclass=file permissive=0
09-20 14:57:14.171544  1260  1283 I sysui_action: [320,2]
09-20 14:57:14.171608  1260  1283 I sysui_action: [319,162]
09-20 14:57:14.178201  1260  1283 I sysui_action: [322,169]
09-20 14:57:14.391424  1260  1276 I am_stop_activity: [0,69557134,com.mediatek.mtklogger/.settings.SettingsActivity]
09-20 14:57:14.392555  9497  9497 I am_on_stop_called: [0,com.mediatek.mtklogger.settings.SettingsActivity,handleStopActivity]
09-20 14:57:14.534266  1260  1585 I am_proc_died: [0,11820,com.zookingsoft.themestore:zremote]
09-20 14:57:14.535411  1260  1585 I am_schedule_service_restart: [0,com.zookingsoft.themestore/com.main.svr.MService,1000]
09-20 14:57:14.536020  1260  1260 I notification_cancel: [1000,1260,com.zookingsoft.themestore,0,NULL,0,0,0,8,NULL]
09-20 14:57:14.566828  1260  1411 I am_proc_start: [0,11886,10033,com.zookingsoft.themestore:zremote,service,com.zookingsoft.themestore/com.main.svr.MService]
09-20 14:57:14.590953  1260  1959 I am_proc_bound: [0,11886,com.zookingsoft.themestore:zremote]
09-20 14:57:14.630000 11886 11886 I auditd  : type=1400 audit(0.0:1378): avc: denied { execute } for comm="mestore:zremote" path="/data/data/com.zookingsoft.themestore/app_bdodex/bd.dex" dev="dm-1" ino=443392 scontext=u:r:platform_app:s0:c512,c768 tcontext=u:object_r:yl_trusted_app_data_file:s0:c512,c768 tclass=file permissive=0
09-20 14:57:14.630000 11886 11886 I auditd  : type=1400 audit(0.0:1379): avc: denied { execute } for comm="mestore:zremote" path="/data/data/com.zookingsoft.themestore/app_bdodex/bd.dex" dev="dm-1" ino=443392 scontext=u:r:platform_app:s0:c512,c768 tcontext=u:object_r:yl_trusted_app_data_file:s0:c512,c768 tclass=file permissive=0
09-20 14:57:15.163037  1260  4115 I am_new_intent: [0,16545274,190,com.android.systemui/.recents.RecentsActivity,NULL,NULL,NULL,276840448]
09-20 14:57:15.171299  1260  4115 I wm_task_moved: [190,1,1]
09-20 14:57:15.187737  1260  4115 I am_focused_activity: [0,com.android.systemui/.recents.RecentsActivity,bringingFoundTaskToFront]
09-20 14:57:15.188086  1260  4115 I am_pause_activity: [0,149361366,com.yulong.android.launcherL/.Launcher]
09-20 14:57:15.188935  1992  1992 I am_on_paused_called: [0,com.yulong.android.launcherL.Launcher,handlePauseActivity]
09-20 14:57:15.194985  1260  4115 I am_resume_activity: [0,239875601,190,com.android.systemui/.recents.RecentsActivity]
09-20 14:57:15.195691  1260  4115 I am_task_to_front: [0,190]
09-20 14:57:15.197833  1260  4115 I sysui_action: [323,com.android.systemui/.recents.RecentsActivity]
09-20 14:57:15.197905  1260  4115 I sysui_action: [324,true]
09-20 14:57:15.197954  1260  4115 I sysui_action: [325,462]
09-20 14:57:15.200531  1260  1276 I am_stop_activity: [0,149361366,com.yulong.android.launcherL/.Launcher]
09-20 14:57:15.207479  1431  1431 I sysui_view_visibility: [224,100]
09-20 14:57:15.216980  1992  1992 I am_on_stop_called: [0,com.yulong.android.launcherL.Launcher,handleStopActivity]
09-20 14:57:15.220006  1431  1431 I sysui_count: [overview_trigger_nav_btn,1]
09-20 14:57:15.220076  1431  1431 I sysui_count: [overview_source_home,1]
09-20 14:57:15.220258  1431  1431 I sysui_histogram: [overview_task_count,4]
09-20 14:57:15.221479  1431  1431 I am_on_resume_called: [0,com.android.systemui.recents.RecentsActivity,RESUME_ACTIVITY]
09-20 14:57:15.283529  1260  1283 I sysui_action: [320,2]
09-20 14:57:15.283602  1260  1283 I sysui_action: [319,128]
09-20 14:57:15.283732  1260  1283 I sysui_action: [322,128]
09-20 14:57:15.440000 11886 11886 I auditd  : type=1400 audit(0.0:1380): avc: denied { execute } for comm="mestore:zremote" path="/data/data/com.zookingsoft.themestore/app_bdodex/bd.dex" dev="dm-1" ino=443391 scontext=u:r:platform_app:s0:c512,c768 tcontext=u:object_r:yl_trusted_app_data_file:s0:c512,c768 tclass=file permissive=0
09-20 14:57:15.450000 11886 11886 I auditd  : type=1400 audit(0.0:1381): avc: denied { execute } for comm="mestore:zremote" path="/data/data/com.zookingsoft.themestore/app_bdodex/bd.dex" dev="dm-1" ino=443391 scontext=u:r:platform_app:s0:c512,c768 tcontext=u:object_r:yl_trusted_app_data_file:s0:c512,c768 tclass=file permissive=0
09-20 14:57:15.470000 11886 11886 I auditd  : type=1400 audit(0.0:1382): avc: denied { execute } for comm="mestore:zremote" path="/data/data/com.zookingsoft.themestore/app_gdtodex/gdt.dex" dev="dm-1" ino=443401 scontext=u:r:platform_app:s0:c512,c768 tcontext=u:object_r:yl_trusted_app_data_file:s0:c512,c768 tclass=file permissive=0
09-20 14:57:15.470000 11886 11886 I auditd  : type=1400 audit(0.0:1383): avc: denied { execute } for comm="mestore:zremote" path="/data/data/com.zookingsoft.themestore/app_gdtodex/gdt.dex" dev="dm-1" ino=443401 scontext=u:r:platform_app:s0:c512,c768 tcontext=u:object_r:yl_trusted_app_data_file:s0:c512,c768 tclass=file permissive=0
09-20 14:57:15.521304  1260  1313 I am_wtf  : [0,1260,system_server,-1,ActivityManager,Sending non-protected broadcast com.android.server.action.NETWORK_STATS_POLL_COOPAD from system uid 1000 pkg com.android.flowmonitor]
09-20 14:57:15.830000 11886 11886 I auditd  : type=1400 audit(0.0:1384): avc: denied { execute } for comm="mestore:zremote" path="/data/data/com.zookingsoft.themestore/app_gdtodex/gdt.dex" dev="dm-1" ino=443400 scontext=u:r:platform_app:s0:c512,c768 tcontext=u:object_r:yl_trusted_app_data_file:s0:c512,c768 tclass=file permissive=0
09-20 14:57:15.830000 11886 11886 I auditd  : type=1400 audit(0.0:1385): avc: denied { execute } for comm="mestore:zremote" path="/data/data/com.zookingsoft.themestore/app_gdtodex/gdt.dex" dev="dm-1" ino=443400 scontext=u:r:platform_app:s0:c512,c768 tcontext=u:object_r:yl_trusted_app_data_file:s0:c512,c768 tclass=file permissive=0
09-20 14:57:15.880000 11920 11920 I auditd  : type=1400 audit(0.0:1386): avc: denied { execute } for comm="adthread" path="/data/data/com.zookingsoft.themestore/app_dex/EventDex.dex" dev="dm-1" ino=419820 scontext=u:r:platform_app:s0:c512,c768 tcontext=u:object_r:yl_trusted_app_data_file:s0:c512,c768 tclass=file permissive=0
09-20 14:57:15.880000 11920 11920 I auditd  : type=1400 audit(0.0:1387): avc: denied { execute } for comm="adthread" path="/data/data/com.zookingsoft.themestore/app_dex/EventDex.dex" dev="dm-1" ino=419820 scontext=u:r:platform_app:s0:c512,c768 tcontext=u:object_r:yl_trusted_app_data_file:s0:c512,c768 tclass=file permissive=0
09-20 14:57:16.519136  1260  1401 I am_focused_stack: [0,1,0,moveTaskToFront setFocusedActivity]
09-20 14:57:16.520050  1260  1401 I wm_task_moved: [203,1,3]
09-20 14:57:16.524770  1260  1401 I am_focused_activity: [0,com.mediatek.mtklogger/.settings.SettingsActivity,moveTaskToFront]
09-20 14:57:16.525468  1260  1401 I am_pause_activity: [0,239875601,com.android.systemui/.recents.RecentsActivity]
09-20 14:57:16.526831  1260  1401 I am_task_to_front: [0,203]
09-20 14:57:16.526888  1260  1401 I sysui_action: [323,com.mediatek.mtklogger/.settings.SettingsActivity]
09-20 14:57:16.526908  1260  1401 I sysui_action: [324,true]
09-20 14:57:16.526946  1260  1401 I sysui_action: [325,464]
09-20 14:57:16.531151  1431  1431 I sysui_histogram: [overview_task_launch_index,0]
09-20 14:57:16.536990  1431  1431 I sysui_action: [277,ComponentInfo{com.mediatek.mtklogger/com.mediatek.mtklogger.MainActivity}]
09-20 14:57:16.539902  1431  1431 I am_on_paused_called: [0,com.android.systemui.recents.RecentsActivity,handlePauseActivity]
09-20 14:57:16.555673  1260  1539 I am_resume_activity: [0,69557134,203,com.mediatek.mtklogger/.settings.SettingsActivity]
09-20 14:57:16.561176  1260  1276 I sysui_count: [window_time_0,3]
09-20 14:57:16.565463  9497  9497 I am_on_resume_called: [0,com.mediatek.mtklogger.settings.SettingsActivity,RESUME_ACTIVITY]
09-20 14:57:16.580873  1260  1283 I sysui_action: [322,62]
09-20 14:57:16.600609  1260  1283 I sysui_action: [320,2]
09-20 14:57:16.600671  1260  1283 I sysui_action: [319,82]
09-20 14:57:16.947406  1260  1276 I am_stop_activity: [0,239875601,com.android.systemui/.recents.RecentsActivity]
09-20 14:57:16.949187  1431  1431 I sysui_view_visibility: [224,0]
09-20 14:57:16.949278  1431  1431 I am_on_stop_called: [0,com.android.systemui.recents.RecentsActivity,handleStopActivity]
09-20 14:57:16.972357   282   282 I sf_frame_dur: [com.android.systemui/com.android.systemui.recents.RecentsActivity,28,1,0,1,0,1,0]
09-20 14:57:17.140000 11920 11920 I auditd  : type=1400 audit(0.0:1388): avc: denied { execute } for comm="adthread" path="/data/data/com.zookingsoft.themestore/app_dex/EventDex.dex" dev="dm-1" ino=419824 scontext=u:r:platform_app:s0:c512,c768 tcontext=u:object_r:yl_trusted_app_data_file:s0:c512,c768 tclass=file permissive=0
09-20 14:57:17.140000 11920 11920 I auditd  : type=1400 audit(0.0:1389): avc: denied { execute } for comm="adthread" path="/data/data/com.zookingsoft.themestore/app_dex/EventDex.dex" dev="dm-1" ino=419824 scontext=u:r:platform_app:s0:c512,c768 tcontext=u:object_r:yl_trusted_app_data_file:s0:c512,c768 tclass=file permissive=0
09-20 14:57:17.432030  1260  1271 I am_proc_died: [0,11886,com.zookingsoft.themestore:zremote]
09-20 14:57:17.432684  1260  1271 I am_schedule_service_restart: [0,com.zookingsoft.themestore/com.main.svr.MService,1000]
09-20 14:57:17.432990  1260  1260 I notification_cancel: [1000,1260,com.zookingsoft.themestore,0,NULL,0,0,0,8,NULL]
09-20 14:57:17.454934  1260  1959 I am_proc_start: [0,11954,10033,com.zookingsoft.themestore:zremote,service,com.zookingsoft.themestore/com.main.svr.MService]
09-20 14:57:17.476702  1260  4115 I am_proc_bound: [0,11954,com.zookingsoft.themestore:zremote]
09-20 14:57:17.520000 11954 11954 I auditd  : type=1400 audit(0.0:1390): avc: denied { execute } for comm="mestore:zremote" path="/data/data/com.zookingsoft.themestore/app_bdodex/bd.dex" dev="dm-1" ino=443391 scontext=u:r:platform_app:s0:c512,c768 tcontext=u:object_r:yl_trusted_app_data_file:s0:c512,c768 tclass=file permissive=0
09-20 14:57:17.520000 11954 11954 I auditd  : type=1400 audit(0.0:1391): avc: denied { execute } for comm="mestore:zremote" path="/data/data/com.zookingsoft.themestore/app_bdodex/bd.dex" dev="dm-1" ino=443391 scontext=u:r:platform_app:s0:c512,c768 tcontext=u:object_r:yl_trusted_app_data_file:s0:c512,c768 tclass=file permissive=0
09-20 14:57:18.280000 11954 11954 I auditd  : type=1400 audit(0.0:1392): avc: denied { execute } for comm="mestore:zremote" path="/data/data/com.zookingsoft.themestore/app_bdodex/bd.dex" dev="dm-1" ino=443392 scontext=u:r:platform_app:s0:c512,c768 tcontext=u:object_r:yl_trusted_app_data_file:s0:c512,c768 tclass=file permissive=0
09-20 14:57:18.280000 11954 11954 I auditd  : type=1400 audit(0.0:1393): avc: denied { execute } for comm="mestore:zremote" path="/data/data/com.zookingsoft.themestore/app_bdodex/bd.dex" dev="dm-1" ino=443392 scontext=u:r:platform_app:s0:c512,c768 tcontext=u:object_r:yl_trusted_app_data_file:s0:c512,c768 tclass=file permissive=0
09-20 14:57:18.300000 11954 11954 I auditd  : type=1400 audit(0.0:1394): avc: denied { execute } for comm="mestore:zremote" path="/data/data/com.zookingsoft.themestore/app_gdtodex/gdt.dex" dev="dm-1" ino=443400 scontext=u:r:platform_app:s0:c512,c768 tcontext=u:object_r:yl_trusted_app_data_file:s0:c512,c768 tclass=file permissive=0
09-20 14:57:18.300000 11954 11954 I auditd  : type=1400 audit(0.0:1395): avc: denied { execute } for comm="mestore:zremote" path="/data/data/com.zookingsoft.themestore/app_gdtodex/gdt.dex" dev="dm-1" ino=443400 scontext=u:r:platform_app:s0:c512,c768 tcontext=u:object_r:yl_trusted_app_data_file:s0:c512,c768 tclass=file permissive=0
09-20 14:57:18.560000 11954 11954 I auditd  : type=1400 audit(0.0:1396): avc: denied { execute } for comm="mestore:zremote" path="/data/data/com.zookingsoft.themestore/app_gdtodex/gdt.dex" dev="dm-1" ino=443401 scontext=u:r:platform_app:s0:c512,c768 tcontext=u:object_r:yl_trusted_app_data_file:s0:c512,c768 tclass=file permissive=0
09-20 14:57:18.560000 11954 11954 I auditd  : type=1400 audit(0.0:1397): avc: denied { execute } for comm="mestore:zremote" path="/data/data/com.zookingsoft.themestore/app_gdtodex/gdt.dex" dev="dm-1" ino=443401 scontext=u:r:platform_app:s0:c512,c768 tcontext=u:object_r:yl_trusted_app_data_file:s0:c512,c768 tclass=file permissive=0
09-20 14:57:18.610000 11985 11985 I auditd  : type=1400 audit(0.0:1398): avc: denied { execute } for comm="adthread" path="/data/data/com.zookingsoft.themestore/app_dex/EventDex.dex" dev="dm-1" ino=419824 scontext=u:r:platform_app:s0:c512,c768 tcontext=u:object_r:yl_trusted_app_data_file:s0:c512,c768 tclass=file permissive=0
09-20 14:57:18.610000 11985 11985 I auditd  : type=1400 audit(0.0:1399): avc: denied { execute } for comm="adthread" path="/data/data/com.zookingsoft.themestore/app_dex/EventDex.dex" dev="dm-1" ino=419824 scontext=u:r:platform_app:s0:c512,c768 tcontext=u:object_r:yl_trusted_app_data_file:s0:c512,c768 tclass=file permissive=0
09-20 14:57:19.700000 11985 11985 I auditd  : type=1400 audit(0.0:1400): avc: denied { execute } for comm="adthread" path="/data/data/com.zookingsoft.themestore/app_dex/EventDex.dex" dev="dm-1" ino=419820 scontext=u:r:platform_app:s0:c512,c768 tcontext=u:object_r:yl_trusted_app_data_file:s0:c512,c768 tclass=file permissive=0
09-20 14:57:19.700000 11985 11985 I auditd  : type=1400 audit(0.0:1401): avc: denied { execute } for comm="adthread" path="/data/data/com.zookingsoft.themestore/app_dex/EventDex.dex" dev="dm-1" ino=419820 scontext=u:r:platform_app:s0:c512,c768 tcontext=u:object_r:yl_trusted_app_data_file:s0:c512,c768 tclass=file permissive=0
09-20 14:57:19.977112  1260  1272 I am_proc_died: [0,11954,com.zookingsoft.themestore:zremote]
09-20 14:57:19.977674  1260  1272 I am_schedule_service_restart: [0,com.zookingsoft.themestore/com.main.svr.MService,1000]
09-20 14:57:19.977822  1260  1260 I notification_cancel: [1000,1260,com.zookingsoft.themestore,0,NULL,0,0,0,8,NULL]
