09-20 14:57:19.990594  1260  1963 I am_proc_start: [0,12018,10033,com.zookingsoft.themestore:zremote,service,com.zookingsoft.themestore/com.main.svr.MService]
09-20 14:57:20.002431  1260  1585 I am_proc_bound: [0,12018,com.zookingsoft.themestore:zremote]
09-20 14:57:20.024447  1260  1275 I am_pss  : [2134,10002,android.process.acore,15612928,11448320,0]
09-20 14:57:20.020000 12018 12018 I auditd  : type=1400 audit(0.0:1402): avc: denied { execute } for comm="mestore:zremote" path="/data/data/com.zookingsoft.themestore/app_bdodex/bd.dex" dev="dm-1" ino=443392 scontext=u:r:platform_app:s0:c512,c768 tcontext=u:object_r:yl_trusted_app_data_file:s0:c512,c768 tclass=file permissive=0
09-20 14:57:20.030000 12018 12018 I auditd  : type=1400 audit(0.0:1403): avc: denied { execute } for comm="mestore:zremote" path="/data/data/com.zookingsoft.themestore/app_bdodex/bd.dex" dev="dm-1" ino=443392 scontext=u:r:platform_app:s0:c512,c768 tcontext=u:object_r:yl_trusted_app_data_file:s0:c512,c768 tclass=file permissive=0
09-20 14:57:20.051720  1260  1275 I am_pss  : [5252,10056,com.android.printspooler,4259840,2768896,0]
09-20 14:57:20.144521  1260  1271 I am_new_intent: [0,241193880,190,com.android.systemui/.recents.RecentsActivity,NULL,NULL,NULL,276840448]
09-20 14:57:20.144675  1260  1271 I am_focused_stack: [0,0,1,bringingFoundTaskToFront setFocusedActivity]
09-20 14:57:20.145195  1260  1271 I wm_task_moved: [190,1,1]
09-20 14:57:20.148026  1260  1271 I am_focused_activity: [0,com.android.systemui/.recents.RecentsActivity,bringingFoundTaskToFront]
09-20 14:57:20.148364  1260  1271 I am_pause_activity: [0,69557134,com.mediatek.mtklogger/.settings.SettingsActivity]
09-20 14:57:20.164446  9497  9497 I am_on_paused_called: [0,com.mediatek.mtklogger.settings.SettingsActivity,handlePauseActivity]
09-20 14:57:20.202936  1260  1271 I am_resume_activity: [0,239875601,190,com.android.systemui/.recents.RecentsActivity]
09-20 14:57:20.203456  1260  1271 I am_task_to_front: [0,190]
09-20 14:57:20.205748  1260  1271 I sysui_action: [323,com.android.systemui/.recents.RecentsActivity]
09-20 14:57:20.205787  1260  1271 I sysui_action: [324,true]
09-20 14:57:20.205817  1260  1271 I sysui_action: [325,467]
09-20 14:57:20.207131  1260  1276 I am_stop_activity: [0,69557134,com.mediatek.mtklogger/.settings.SettingsActivity]
09-20 14:57:20.218561  1431  1431 I sysui_view_visibility: [224,100]
09-20 14:57:20.229268  1431  1431 I sysui_count: [overview_trigger_nav_btn,1]
09-20 14:57:20.229363  1431  1431 I sysui_count: [overview_source_app,1]
09-20 14:57:20.229424  1431  1431 I sysui_histogram: [overview_source_app_index,3]
09-20 14:57:20.229452  1431  1431 I sysui_histogram: [overview_task_count,4]
09-20 14:57:20.230189  1431  1431 I am_on_resume_called: [0,com.android.systemui.recents.RecentsActivity,RESUME_ACTIVITY]
09-20 14:57:20.247879  9497  9497 I am_on_stop_called: [0,com.mediatek.mtklogger.settings.SettingsActivity,handleStopActivity]
09-20 14:57:20.305085  1260  1283 I sysui_action: [320,2]
09-20 14:57:20.305149  1260  1283 I sysui_action: [319,162]
09-20 14:57:20.306763  1260  1283 I sysui_action: [322,163]
09-20 14:57:20.548806  1260  1313 I am_wtf  : [0,1260,system_server,-1,ActivityManager,Sending non-protected broadcast com.android.server.action.NETWORK_STATS_POLL_COOPAD from system uid 1000 pkg com.android.flowmonitor]
09-20 14:57:20.980000 12018 12018 I auditd  : type=1400 audit(0.0:1404): avc: denied { execute } for comm="mestore:zremote" path="/data/data/com.zookingsoft.themestore/app_bdodex/bd.dex" dev="dm-1" ino=443391 scontext=u:r:platform_app:s0:c512,c768 tcontext=u:object_r:yl_trusted_app_data_file:s0:c512,c768 tclass=file permissive=0
09-20 14:57:20.980000 12018 12018 I auditd  : type=1400 audit(0.0:1405): avc: denied { execute } for comm="mestore:zremote" path="/data/data/com.zookingsoft.themestore/app_bdodex/bd.dex" dev="dm-1" ino=443391 scontext=u:r:platform_app:s0:c512,c768 tcontext=u:object_r:yl_trusted_app_data_file:s0:c512,c768 tclass=file permissive=0
09-20 14:57:21.000000 12018 12018 I auditd  : type=1400 audit(0.0:1406): avc: denied { execute } for comm="mestore:zremote" path="/data/data/com.zookingsoft.themestore/app_gdtodex/gdt.dex" dev="dm-1" ino=443401 scontext=u:r:platform_app:s0:c512,c768 tcontext=u:object_r:yl_trusted_app_data_file:s0:c512,c768 tclass=file permissive=0
09-20 14:57:21.000000 12018 12018 I auditd  : type=1400 audit(0.0:1407): avc: denied { execute } for comm="mestore:zremote" path="/data/data/com.zookingsoft.themestore/app_gdtodex/gdt.dex" dev="dm-1" ino=443401 scontext=u:r:platform_app:s0:c512,c768 tcontext=u:object_r:yl_trusted_app_data_file:s0:c512,c768 tclass=file permissive=0
09-20 14:57:21.185346  1260  1915 I am_focused_stack: [0,1,0,moveTaskToFront setFocusedActivity]
09-20 14:57:21.185788  1260  1915 I wm_task_moved: [202,1,3]
09-20 14:57:21.190635  1260  1915 I am_focused_activity: [0,com.mediatek.engineermode/.EngineerMode,moveTaskToFront]
09-20 14:57:21.191028  1260  1915 I am_pause_activity: [0,239875601,com.android.systemui/.recents.RecentsActivity]
09-20 14:57:21.192528  1260  1915 I am_task_to_front: [0,202]
09-20 14:57:21.192599  1260  1915 I sysui_action: [323,com.mediatek.engineermode/.EngineerMode]
09-20 14:57:21.192620  1260  1915 I sysui_action: [324,true]
09-20 14:57:21.192658  1260  1915 I sysui_action: [325,468]
09-20 14:57:21.193544  1431  1431 I sysui_histogram: [overview_task_launch_index,1]
09-20 14:57:21.199652  1431  1431 I sysui_action: [277,ComponentInfo{com.mediatek.engineermode/com.mediatek.engineermode.EngineerMode}]
09-20 14:57:21.203584  1431  1431 I am_on_paused_called: [0,com.android.systemui.recents.RecentsActivity,handlePauseActivity]
09-20 14:57:21.214093  1260  1383 I am_resume_activity: [0,212364931,202,com.mediatek.engineermode/.EngineerMode]
09-20 14:57:21.222313  1260  1276 I sysui_count: [window_time_0,4]
09-20 14:57:21.226985  5608  5608 I am_on_resume_called: [0,com.mediatek.engineermode.EngineerMode,RESUME_ACTIVITY]
09-20 14:57:21.239849  1260  1283 I sysui_action: [322,54]
09-20 14:57:21.255359  1260  1283 I sysui_action: [320,2]
09-20 14:57:21.255418  1260  1283 I sysui_action: [319,70]
09-20 14:57:21.460000 12018 12018 I auditd  : type=1400 audit(0.0:1408): avc: denied { execute } for comm="mestore:zremote" path="/data/data/com.zookingsoft.themestore/app_gdtodex/gdt.dex" dev="dm-1" ino=443400 scontext=u:r:platform_app:s0:c512,c768 tcontext=u:object_r:yl_trusted_app_data_file:s0:c512,c768 tclass=file permissive=0
09-20 14:57:21.470000 12018 12018 I auditd  : type=1400 audit(0.0:1409): avc: denied { execute } for comm="mestore:zremote" path="/data/data/com.zookingsoft.themestore/app_gdtodex/gdt.dex" dev="dm-1" ino=443400 scontext=u:r:platform_app:s0:c512,c768 tcontext=u:object_r:yl_trusted_app_data_file:s0:c512,c768 tclass=file permissive=0
09-20 14:57:21.530000 12053 12053 I auditd  : type=1400 audit(0.0:1410): avc: denied { execute } for comm="adthread" path="/data/data/com.zookingsoft.themestore/app_dex/EventDex.dex" dev="dm-1" ino=419820 scontext=u:r:platform_app:s0:c512,c768 tcontext=u:object_r:yl_trusted_app_data_file:s0:c512,c768 tclass=file permissive=0
09-20 14:57:21.530000 12053 12053 I auditd  : type=1400 audit(0.0:1411): avc: denied { execute } for comm="adthread" path="/data/data/com.zookingsoft.themestore/app_dex/EventDex.dex" dev="dm-1" ino=419820 scontext=u:r:platform_app:s0:c512,c768 tcontext=u:object_r:yl_trusted_app_data_file:s0:c512,c768 tclass=file permissive=0
09-20 14:57:21.591954  1260  1276 I am_stop_activity: [0,239875601,com.android.systemui/.recents.RecentsActivity]
09-20 14:57:21.593590  1431  1431 I sysui_view_visibility: [224,0]
09-20 14:57:21.593667  1431  1431 I am_on_stop_called: [0,com.android.systemui.recents.RecentsActivity,handleStopActivity]
09-20 14:57:21.619104   282   282 I sf_frame_dur: [com.android.systemui/com.android.systemui.recents.RecentsActivity,30,2,2,0,1,0,0]
09-20 14:57:21.650000  1770  1770 I auditd  : type=1400 audit(0.0:1412): avc: denied { search } for comm="GpuAppSpectator" name="5608" dev="proc" ino=44001 scontext=u:r:ged_srv:s0 tcontext=u:r:radio:s0 tclass=dir permissive=0
09-20 14:57:22.385000  1260  1272 I am_finish_activity: [0,69557134,203,com.mediatek.mtklogger/.settings.SettingsActivity,clear-task-stack]
09-20 14:57:22.385637  1260  1272 I am_destroy_activity: [0,69557134,203,com.mediatek.mtklogger/.settings.SettingsActivity,finish-imm]
09-20 14:57:22.385915  1260  1272 I am_new_intent: [0,230228910,203,com.mediatek.mtklogger/.MainActivity,android.intent.action.MAIN,NULL,NULL,268435456]
09-20 14:57:22.391881  1260  1272 I wm_task_moved: [203,1,3]
09-20 14:57:22.395144  1260  1272 I am_focused_activity: [0,com.mediatek.mtklogger/.MainActivity,bringingFoundTaskToFront]
09-20 14:57:22.395457  1260  1272 I am_pause_activity: [0,212364931,com.mediatek.engineermode/.EngineerMode]
09-20 14:57:22.396849  1260  1272 I am_task_to_front: [0,203]
09-20 14:57:22.398973  1260  1272 I sysui_action: [323,com.mediatek.mtklogger/.settings.SettingsActivity]
09-20 14:57:22.399027  1260  1272 I sysui_action: [324,true]
09-20 14:57:22.399058  1260  1272 I sysui_action: [325,469]
09-20 14:57:22.402170  5608  5608 I am_on_paused_called: [0,com.mediatek.engineermode.EngineerMode,handlePauseActivity]
09-20 14:57:22.404949   282   282 I sf_frame_dur: [com.mediatek.mtklogger/com.mediatek.mtklogger.settings.SettingsActivity,34,2,0,0,2,3,2]
09-20 14:57:22.442082  1260  4115 I am_resume_activity: [0,100485962,203,com.mediatek.mtklogger/.MainActivity]
09-20 14:57:22.447320  1260  1276 I sysui_count: [window_time_0,2]
09-20 14:57:22.451619  9497  9497 I am_on_resume_called: [0,com.mediatek.mtklogger.MainActivity,RESUME_ACTIVITY]
09-20 14:57:22.525261  1260  1283 I sysui_action: [320,2]
09-20 14:57:22.525324  1260  1283 I sysui_action: [319,144]
09-20 14:57:22.525426  1260  1283 I sysui_action: [322,144]
09-20 14:57:22.760000 12053 12053 I auditd  : type=1400 audit(0.0:1413): avc: denied { execute } for comm="adthread" path="/data/data/com.zookingsoft.themestore/app_dex/EventDex.dex" dev="dm-1" ino=419824 scontext=u:r:platform_app:s0:c512,c768 tcontext=u:object_r:yl_trusted_app_data_file:s0:c512,c768 tclass=file permissive=0
09-20 14:57:22.760000 12053 12053 I auditd  : type=1400 audit(0.0:1414): avc: denied { execute } for comm="adthread" path="/data/data/com.zookingsoft.themestore/app_dex/EventDex.dex" dev="dm-1" ino=419824 scontext=u:r:platform_app:s0:c512,c768 tcontext=u:object_r:yl_trusted_app_data_file:s0:c512,c768 tclass=file permissive=0
09-20 14:57:23.077649  1260  1916 I am_proc_died: [0,12018,com.zookingsoft.themestore:zremote]
09-20 14:57:23.078035  1260  1916 I am_schedule_service_restart: [0,com.zookingsoft.themestore/com.main.svr.MService,1000]
09-20 14:57:23.079353  1260  1260 I notification_cancel: [1000,1260,com.zookingsoft.themestore,0,NULL,0,0,0,8,NULL]
09-20 14:57:23.091151  1260  1539 I am_proc_start: [0,12089,10033,com.zookingsoft.themestore:zremote,service,com.zookingsoft.themestore/com.main.svr.MService]
09-20 14:57:23.102973  1260  1271 I am_proc_bound: [0,12089,com.zookingsoft.themestore:zremote]
09-20 14:57:23.120000 12089 12089 I auditd  : type=1400 audit(0.0:1415): avc: denied { execute } for comm="mestore:zremote" path="/data/data/com.zookingsoft.themestore/app_bdodex/bd.dex" dev="dm-1" ino=443391 scontext=u:r:platform_app:s0:c512,c768 tcontext=u:object_r:yl_trusted_app_data_file:s0:c512,c768 tclass=file permissive=0
09-20 14:57:23.120000 12089 12089 I auditd  : type=1400 audit(0.0:1416): avc: denied { execute } for comm="mestore:zremote" path="/data/data/com.zookingsoft.themestore/app_bdodex/bd.dex" dev="dm-1" ino=443391 scontext=u:r:platform_app:s0:c512,c768 tcontext=u:object_r:yl_trusted_app_data_file:s0:c512,c768 tclass=file permissive=0
09-20 14:57:23.245021  1260  1276 I am_stop_activity: [0,212364931,com.mediatek.engineermode/.EngineerMode]
09-20 14:57:23.246698  5608  5608 I am_on_stop_called: [0,com.mediatek.engineermode.EngineerMode,handleStopActivity]
09-20 14:57:23.840000 12089 12089 I auditd  : type=1400 audit(0.0:1417): avc: denied { execute } for comm="mestore:zremote" path="/data/data/com.zookingsoft.themestore/app_bdodex/bd.dex" dev="dm-1" ino=443392 scontext=u:r:platform_app:s0:c512,c768 tcontext=u:object_r:yl_trusted_app_data_file:s0:c512,c768 tclass=file permissive=0
09-20 14:57:23.840000 12089 12089 I auditd  : type=1400 audit(0.0:1418): avc: denied { execute } for comm="mestore:zremote" path="/data/data/com.zookingsoft.themestore/app_bdodex/bd.dex" dev="dm-1" ino=443392 scontext=u:r:platform_app:s0:c512,c768 tcontext=u:object_r:yl_trusted_app_data_file:s0:c512,c768 tclass=file permissive=0
09-20 14:57:23.860000 12089 12089 I auditd  : type=1400 audit(0.0:1419): avc: denied { execute } for comm="mestore:zremote" path="/data/data/com.zookingsoft.themestore/app_gdtodex/gdt.dex" dev="dm-1" ino=443400 scontext=u:r:platform_app:s0:c512,c768 tcontext=u:object_r:yl_trusted_app_data_file:s0:c512,c768 tclass=file permissive=0
09-20 14:57:23.860000 12089 12089 I auditd  : type=1400 audit(0.0:1420): avc: denied { execute } for comm="mestore:zremote" path="/data/data/com.zookingsoft.themestore/app_gdtodex/gdt.dex" dev="dm-1" ino=443400 scontext=u:r:platform_app:s0:c512,c768 tcontext=u:object_r:yl_trusted_app_data_file:s0:c512,c768 tclass=file permissive=0
09-20 14:57:24.180000 12089 12089 I auditd  : type=1400 audit(0.0:1421): avc: denied { execute } for comm="mestore:zremote" path="/data/data/com.zookingsoft.themestore/app_gdtodex/gdt.dex" dev="dm-1" ino=443401 scontext=u:r:platform_app:s0:c512,c768 tcontext=u:object_r:yl_trusted_app_data_file:s0:c512,c768 tclass=file permissive=0
09-20 14:57:24.180000 12089 12089 I auditd  : type=1400 audit(0.0:1422): avc: denied { execute } for comm="mestore:zremote" path="/data/data/com.zookingsoft.themestore/app_gdtodex/gdt.dex" dev="dm-1" ino=443401 scontext=u:r:platform_app:s0:c512,c768 tcontext=u:object_r:yl_trusted_app_data_file:s0:c512,c768 tclass=file permissive=0
09-20 14:57:24.230000 12120 12120 I auditd  : type=1400 audit(0.0:1423): avc: denied { execute } for comm="adthread" path="/data/data/com.zookingsoft.themestore/app_dex/EventDex.dex" dev="dm-1" ino=419824 scontext=u:r:platform_app:s0:c512,c768 tcontext=u:object_r:yl_trusted_app_data_file:s0:c512,c768 tclass=file permissive=0
09-20 14:57:24.230000 12120 12120 I auditd  : type=1400 audit(0.0:1424): avc: denied { execute } for comm="adthread" path="/data/data/com.zookingsoft.themestore/app_dex/EventDex.dex" dev="dm-1" ino=419824 scontext=u:r:platform_app:s0:c512,c768 tcontext=u:object_r:yl_trusted_app_data_file:s0:c512,c768 tclass=file permissive=0
09-20 14:57:36.766710  1260  1260 I free_storage_changed: 22136537088
09-20 14:57:36.985018   282   282 I sf_frame_dur: [开始录制,47,0,0,0,0,0,0]
09-20 14:57:37.220000 12403 12403 I auditd  : type=1400 audit(0.0:1475): avc: denied { execute } for comm="adthread" path="/data/data/com.zookingsoft.themestore/app_dex/EventDex.dex" dev="dm-1" ino=419820 scontext=u:r:platform_app:s0:c512,c768 tcontext=u:object_r:yl_trusted_app_data_file:s0:c512,c768 tclass=file permissive=0
09-20 14:57:37.220000 12403 12403 I auditd  : type=1400 audit(0.0:1476): avc: denied { execute } for comm="adthread" path="/data/data/com.zookingsoft.themestore/app_dex/EventDex.dex" dev="dm-1" ino=419820 scontext=u:r:platform_app:s0:c512,c768 tcontext=u:object_r:yl_trusted_app_data_file:s0:c512,c768 tclass=file permissive=0
09-20 14:57:37.522499  1260  1585 I am_proc_died: [0,12370,com.zookingsoft.themestore:zremote]
09-20 14:57:37.522931  1260  1585 I am_schedule_service_restart: [0,com.zookingsoft.themestore/com.main.svr.MService,1000]
09-20 14:57:37.523229  1260  1260 I notification_cancel: [1000,1260,com.zookingsoft.themestore,0,NULL,0,0,0,8,NULL]
09-20 14:57:37.537174  1260  1963 I am_proc_start: [0,12460,10033,com.zookingsoft.themestore:zremote,service,com.zookingsoft.themestore/com.main.svr.MService]
09-20 14:57:37.549818  1260  4115 I am_proc_bound: [0,12460,com.zookingsoft.themestore:zremote]
09-20 14:57:37.570000 12460 12460 I auditd  : type=1400 audit(0.0:1477): avc: denied { execute } for comm="mestore:zremote" path="/data/data/com.zookingsoft.themestore/app_bdodex/bd.dex" dev="dm-1" ino=443392 scontext=u:r:platform_app:s0:c512,c768 tcontext=u:object_r:yl_trusted_app_data_file:s0:c512,c768 tclass=file permissive=0
09-20 14:57:37.570000 12460 12460 I auditd  : type=1400 audit(0.0:1478): avc: denied { execute } for comm="mestore:zremote" path="/data/data/com.zookingsoft.themestore/app_bdodex/bd.dex" dev="dm-1" ino=443392 scontext=u:r:platform_app:s0:c512,c768 tcontext=u:object_r:yl_trusted_app_data_file:s0:c512,c768 tclass=file permissive=0
09-20 14:57:37.672750  1260  1260 I notification_cancel: [1000,1260,com.mediatek.mtklogger,0,NULL,0,0,0,8,NULL]
09-20 14:57:37.673137  1260  1260 I notification_enqueue: [10066,9497,com.mediatek.mtklogger,2130837539,NULL,0,Notification(pri=0 contentView=com.mediatek.mtklogger/0x109008b vibrate=null sound=null tick defaults=0x0 flags=0x40 color=0x00000000 vis=PRIVATE),0]
09-20 14:57:37.675582  1260  1260 I notification_enqueue: [10066,9497,com.mediatek.mtklogger,2130837539,NULL,0,Notification(pri=0 contentView=null vibrate=null sound=null tick defaults=0x0 flags=0x0 color=0x00000000 vis=PRIVATE),1]
09-20 14:57:37.749329  1260  1959 I notification_expansion: [0|com.mediatek.mtklogger|2130837539|null|10066,0,1,77,75,0]
09-20 14:57:37.765904  1260  1411 I notification_expansion: [0|com.mediatek.mtklogger|2130837539|null|10066,0,0,93,91,0]
09-20 14:57:37.832571  1260  1272 I notification_expansion: [0|com.mediatek.mtklogger|2130837539|null|10066,0,1,160,158,0]
09-20 14:57:38.272975  1260  1314 I am_new_intent: [0,128355333,186,com.yulong.android.launcherL/.Launcher,android.intent.action.MAIN,NULL,NULL,270532608]
09-20 14:57:38.273189  1260  1314 I am_focused_stack: [0,0,1,bringingFoundTaskToFront setFocusedActivity]
09-20 14:57:38.273574  1260  1314 I wm_task_moved: [186,1,1]
09-20 14:57:38.276089  1260  1314 I am_focused_activity: [0,com.yulong.android.launcherL/.Launcher,bringingFoundTaskToFront]
09-20 14:57:38.276393  1260  1314 I am_pause_activity: [0,100485962,com.mediatek.mtklogger/.MainActivity]
09-20 14:57:38.277670  1260  1314 I am_task_to_front: [0,186]
09-20 14:57:38.279406  1260  1314 I sysui_action: [323,com.yulong.android.launcherL/.Launcher]
09-20 14:57:38.279456  1260  1314 I sysui_action: [324,true]
09-20 14:57:38.279488  1260  1314 I sysui_action: [325,485]
09-20 14:57:38.280745  9497  9497 I am_on_paused_called: [0,com.mediatek.mtklogger.MainActivity,handlePauseActivity]
09-20 14:57:38.310000 12460 12460 I auditd  : type=1400 audit(0.0:1479): avc: denied { execute } for comm="mestore:zremote" path="/data/data/com.zookingsoft.themestore/app_bdodex/bd.dex" dev="dm-1" ino=443391 scontext=u:r:platform_app:s0:c512,c768 tcontext=u:object_r:yl_trusted_app_data_file:s0:c512,c768 tclass=file permissive=0
09-20 14:57:38.320000 12460 12460 I auditd  : type=1400 audit(0.0:1480): avc: denied { execute } for comm="mestore:zremote" path="/data/data/com.zookingsoft.themestore/app_bdodex/bd.dex" dev="dm-1" ino=443391 scontext=u:r:platform_app:s0:c512,c768 tcontext=u:object_r:yl_trusted_app_data_file:s0:c512,c768 tclass=file permissive=0
09-20 14:57:38.324288  1260  1272 I am_resume_activity: [0,149361366,186,com.yulong.android.launcherL/.Launcher]
09-20 14:57:38.328053  1260  1276 I sysui_count: [window_time_0,9]
09-20 14:57:38.329317  1992  1992 I am_on_resume_called: [0,com.yulong.android.launcherL.Launcher,RESUME_ACTIVITY]
09-20 14:57:38.340000 12460 12460 I auditd  : type=1400 audit(0.0:1481): avc: denied { execute } for comm="mestore:zremote" path="/data/data/com.zookingsoft.themestore/app_gdtodex/gdt.dex" dev="dm-1" ino=443401 scontext=u:r:platform_app:s0:c512,c768 tcontext=u:object_r:yl_trusted_app_data_file:s0:c512,c768 tclass=file permissive=0
09-20 14:57:38.340000 12460 12460 I auditd  : type=1400 audit(0.0:1482): avc: denied { execute } for comm="mestore:zremote" path="/data/data/com.zookingsoft.themestore/app_gdtodex/gdt.dex" dev="dm-1" ino=443401 scontext=u:r:platform_app:s0:c512,c768 tcontext=u:object_r:yl_trusted_app_data_file:s0:c512,c768 tclass=file permissive=0
09-20 14:57:38.392198  1260  1283 I sysui_action: [320,2]
09-20 14:57:38.392271  1260  1283 I sysui_action: [319,126]
09-20 14:57:38.392384  1260  1283 I sysui_action: [322,126]
09-20 14:57:38.627457  1260  1276 I am_stop_activity: [0,100485962,com.mediatek.mtklogger/.MainActivity]
09-20 14:57:38.629636  9497  9497 I am_on_stop_called: [0,com.mediatek.mtklogger.MainActivity,handleStopActivity]
09-20 14:57:38.680000 12460 12460 I auditd  : type=1400 audit(0.0:1483): avc: denied { execute } for comm="mestore:zremote" path="/data/data/com.zookingsoft.themestore/app_gdtodex/gdt.dex" dev="dm-1" ino=443400 scontext=u:r:platform_app:s0:c512,c768 tcontext=u:object_r:yl_trusted_app_data_file:s0:c512,c768 tclass=file permissive=0
09-20 14:57:38.680000 12460 12460 I auditd  : type=1400 audit(0.0:1484): avc: denied { execute } for comm="mestore:zremote" path="/data/data/com.zookingsoft.themestore/app_gdtodex/gdt.dex" dev="dm-1" ino=443400 scontext=u:r:platform_app:s0:c512,c768 tcontext=u:object_r:yl_trusted_app_data_file:s0:c512,c768 tclass=file permissive=0
09-20 14:57:38.730000 12492 12492 I auditd  : type=1400 audit(0.0:1485): avc: denied { execute } for comm="adthread" path="/data/data/com.zookingsoft.themestore/app_dex/EventDex.dex" dev="dm-1" ino=419820 scontext=u:r:platform_app:s0:c512,c768 tcontext=u:object_r:yl_trusted_app_data_file:s0:c512,c768 tclass=file permissive=0
09-20 14:57:38.730000 12492 12492 I auditd  : type=1400 audit(0.0:1486): avc: denied { execute } for comm="adthread" path="/data/data/com.zookingsoft.themestore/app_dex/EventDex.dex" dev="dm-1" ino=419820 scontext=u:r:platform_app:s0:c512,c768 tcontext=u:object_r:yl_trusted_app_data_file:s0:c512,c768 tclass=file permissive=0
09-20 14:57:39.152050  1260  4115 I am_new_intent: [0,200358915,200,com.android.settings/.Settings,android.intent.action.MAIN,NULL,NULL,270532608]
09-20 14:57:39.152286  1260  4115 I am_focused_stack: [0,1,0,bringingFoundTaskToFront setFocusedActivity]
09-20 14:57:39.153093  1260  4115 I wm_task_moved: [200,1,3]
09-20 14:57:39.155803  1260  4115 I am_focused_activity: [0,com.android.settings/.Settings,bringingFoundTaskToFront]
09-20 14:57:39.156119  1260  4115 I am_pause_activity: [0,149361366,com.yulong.android.launcherL/.Launcher]
09-20 14:57:39.157453  1260  4115 I am_task_to_front: [0,200]
09-20 14:57:39.161445  1260  4115 I sysui_action: [323,com.android.settings/.Settings]
09-20 14:57:39.161495  1260  4115 I sysui_action: [324,true]
09-20 14:57:39.162273  1260  4115 I sysui_action: [325,486]
09-20 14:57:39.171659  1992  1992 I am_on_paused_called: [0,com.yulong.android.launcherL.Launcher,handlePauseActivity]
09-20 14:57:39.182486  1260  1916 I am_resume_activity: [0,102480516,200,com.android.settings/.Settings]
09-20 14:57:39.191304  1260  1283 I sysui_action: [320,0]
09-20 14:57:39.191360  1260  1283 I sysui_action: [319,45]
09-20 14:57:39.192326  1260  1276 I sysui_count: [window_time_0,0]
09-20 14:57:39.214704 11031 11031 I sysui_action: [384,com.android.settings.Settings$ZenModeAutomationSuggestionActivity]
09-20 14:57:39.214853 11031 11031 I sysui_action: [384,com.android.settings.Settings$WallpaperSuggestionActivity]
09-20 14:57:39.220804 11031 11031 I sysui_view_visibility: [35,100]
09-20 14:57:39.220890 11031 11031 I am_on_resume_called: [0,com.android.settings.Settings,RESUME_ACTIVITY]
09-20 14:57:39.236083  1260  1283 I sysui_action: [322,89]
09-20 14:57:39.544041  1260  1276 I am_stop_activity: [0,149361366,com.yulong.android.launcherL/.Launcher]
09-20 14:57:39.546114  1992  1992 I am_on_stop_called: [0,com.yulong.android.launcherL.Launcher,handleStopActivity]
09-20 14:57:39.570401   282   282 I sf_frame_dur: [com.yulong.android.launcherL/com.yulong.android.launcherL.Launcher,0,0,1,0,2,0,0]
09-20 14:57:40.110000 12492 12492 I auditd  : type=1400 audit(0.0:1487): avc: denied { execute } for comm="adthread" path="/data/data/com.zookingsoft.themestore/app_dex/EventDex.dex" dev="dm-1" ino=419824 scontext=u:r:platform_app:s0:c512,c768 tcontext=u:object_r:yl_trusted_app_data_file:s0:c512,c768 tclass=file permissive=0
09-20 14:57:40.110000 12492 12492 I auditd  : type=1400 audit(0.0:1488): avc: denied { execute } for comm="adthread" path="/data/data/com.zookingsoft.themestore/app_dex/EventDex.dex" dev="dm-1" ino=419824 scontext=u:r:platform_app:s0:c512,c768 tcontext=u:object_r:yl_trusted_app_data_file:s0:c512,c768 tclass=file permissive=0
09-20 14:57:40.130313  1260  1272 I wm_task_moved: [200,1,3]
09-20 14:57:40.131065  1260  1272 I am_create_activity: [0,159131243,200,com.android.settings/.Settings$WifiSettingsActivity,NULL,NULL,NULL,32768]
09-20 14:57:40.131975  1260  1272 I wm_task_moved: [200,1,3]
09-20 14:57:40.134589  1260  1272 I am_focused_activity: [0,com.android.settings/.Settings$WifiSettingsActivity,startedActivity]
09-20 14:57:40.134814  1260  1272 I am_pause_activity: [0,102480516,com.android.settings/.Settings]
09-20 14:57:40.139736 11031 11031 I sysui_view_visibility: [35,0]
09-20 14:57:40.140396 11031 11031 I am_on_paused_called: [0,com.android.settings.Settings,handlePauseActivity]
09-20 14:57:40.144570  1260  1915 I am_restart_activity: [0,159131243,200,com.android.settings/.Settings$WifiSettingsActivity]
09-20 14:57:40.148894  1260  1276 I sysui_count: [window_time_0,1]
09-20 14:57:40.454630  1260  1260 I notification_cancel: [10027,4264,com.huakesoft.memorymonitor,2130837520,NULL,0,0,1088,8,NULL]
09-20 14:57:40.488805  1260  1401 I am_proc_died: [0,12460,com.zookingsoft.themestore:zremote]
09-20 14:57:40.489175  1260  1401 I am_schedule_service_restart: [0,com.zookingsoft.themestore/com.main.svr.MService,1000]
09-20 14:57:40.489270  1260  1260 I notification_cancel: [1000,1260,com.zookingsoft.themestore,0,NULL,0,0,0,8,NULL]
09-20 14:57:40.511746  1260  1411 I am_proc_start: [0,12531,10033,com.zookingsoft.themestore:zremote,service,com.zookingsoft.themestore/com.main.svr.MService]
09-20 14:57:40.519680  1260  1916 I am_proc_bound: [0,12531,com.zookingsoft.themestore:zremote]
09-20 14:57:40.540000 12531 12531 I auditd  : type=1400 audit(0.0:1489): avc: denied { execute } for comm="mestore:zremote" path="/data/data/com.zookingsoft.themestore/app_bdodex/bd.dex" dev="dm-1" ino=443391 scontext=u:r:platform_app:s0:c512,c768 tcontext=u:object_r:yl_trusted_app_data_file:s0:c512,c768 tclass=file permissive=0
09-20 14:57:40.550000 12531 12531 I auditd  : type=1400 audit(0.0:1490): avc: denied { execute } for comm="mestore:zremote" path="/data/data/com.zookingsoft.themestore/app_bdodex/bd.dex" dev="dm-1" ino=443391 scontext=u:r:platform_app:s0:c512,c768 tcontext=u:object_r:yl_trusted_app_data_file:s0:c512,c768 tclass=file permissive=0
09-20 14:57:40.632305  1260  1313 I am_wtf  : [0,1260,system_server,-1,ActivityManager,Sending non-protected broadcast com.android.server.action.NETWORK_STATS_POLL_COOPAD from system uid 1000 pkg com.android.flowmonitor]
09-20 14:57:40.822688 11031 11031 I sysui_view_visibility: [103,100]
09-20 14:57:40.837344 11031 11031 I am_on_resume_called: [0,com.android.settings.Settings$WifiSettingsActivity,LAUNCH_ACTIVITY]
09-20 14:57:41.013004  1260  1283 I am_activity_launch_time: [0,159131243,com.android.settings/.Settings$WifiSettingsActivity,872,872]
09-20 14:57:41.377485  1260  1276 I am_stop_activity: [0,102480516,com.android.settings/.Settings]
09-20 14:57:41.380263 11031 11031 I sysui_action: [385,com.android.settings.Settings$ZenModeAutomationSuggestionActivity]
09-20 14:57:41.380326 11031 11031 I sysui_action: [385,com.android.settings.Settings$WallpaperSuggestionActivity]
09-20 14:57:41.383097 11031 11031 I am_on_stop_called: [0,com.android.settings.Settings,handleStopActivity]
09-20 14:57:41.403146   282   282 I sf_frame_dur: [com.android.settings/com.android.settings.Settings,54,10,4,2,1,0,1]
09-20 14:57:41.560000 12531 12531 I auditd  : type=1400 audit(0.0:1491): avc: denied { execute } for comm="mestore:zremote" path="/data/data/com.zookingsoft.themestore/app_bdodex/bd.dex" dev="dm-1" ino=443392 scontext=u:r:platform_app:s0:c512,c768 tcontext=u:object_r:yl_trusted_app_data_file:s0:c512,c768 tclass=file permissive=0
09-20 14:57:41.560000 12531 12531 I auditd  : type=1400 audit(0.0:1492): avc: denied { execute } for comm="mestore:zremote" path="/data/data/com.zookingsoft.themestore/app_bdodex/bd.dex" dev="dm-1" ino=443392 scontext=u:r:platform_app:s0:c512,c768 tcontext=u:object_r:yl_trusted_app_data_file:s0:c512,c768 tclass=file permissive=0
09-20 14:57:41.580000 12531 12531 I auditd  : type=1400 audit(0.0:1493): avc: denied { execute } for comm="mestore:zremote" path="/data/data/com.zookingsoft.themestore/app_gdtodex/gdt.dex" dev="dm-1" ino=443400 scontext=u:r:platform_app:s0:c512,c768 tcontext=u:object_r:yl_trusted_app_data_file:s0:c512,c768 tclass=file permissive=0
09-20 14:57:41.580000 12531 12531 I auditd  : type=1400 audit(0.0:1494): avc: denied { execute } for comm="mestore:zremote" path="/data/data/com.zookingsoft.themestore/app_gdtodex/gdt.dex" dev="dm-1" ino=443400 scontext=u:r:platform_app:s0:c512,c768 tcontext=u:object_r:yl_trusted_app_data_file:s0:c512,c768 tclass=file permissive=0
09-20 14:57:41.840000 12531 12531 I auditd  : type=1400 audit(0.0:1495): avc: denied { execute } for comm="mestore:zremote" path="/data/data/com.zookingsoft.themestore/app_gdtodex/gdt.dex" dev="dm-1" ino=443401 scontext=u:r:platform_app:s0:c512,c768 tcontext=u:object_r:yl_trusted_app_data_file:s0:c512,c768 tclass=file permissive=0
09-20 14:57:41.840000 12531 12531 I auditd  : type=1400 audit(0.0:1496): avc: denied { execute } for comm="mestore:zremote" path="/data/data/com.zookingsoft.themestore/app_gdtodex/gdt.dex" dev="dm-1" ino=443401 scontext=u:r:platform_app:s0:c512,c768 tcontext=u:object_r:yl_trusted_app_data_file:s0:c512,c768 tclass=file permissive=0
09-20 14:57:41.890000 12565 12565 I auditd  : type=1400 audit(0.0:1497): avc: denied { execute } for comm="adthread" path="/data/data/com.zookingsoft.themestore/app_dex/EventDex.dex" dev="dm-1" ino=419824 scontext=u:r:platform_app:s0:c512,c768 tcontext=u:object_r:yl_trusted_app_data_file:s0:c512,c768 tclass=file permissive=0
09-20 14:57:41.890000 12565 12565 I auditd  : type=1400 audit(0.0:1498): avc: denied { execute } for comm="adthread" path="/data/data/com.zookingsoft.themestore/app_dex/EventDex.dex" dev="dm-1" ino=419824 scontext=u:r:platform_app:s0:c512,c768 tcontext=u:object_r:yl_trusted_app_data_file:s0:c512,c768 tclass=file permissive=0
09-20 14:57:42.291801 11031 11031 I sysui_action: [139,]
09-20 14:57:43.200000 12565 12565 I auditd  : type=1400 audit(0.0:1499): avc: denied { execute } for comm="adthread" path="/data/data/com.zookingsoft.themestore/app_dex/EventDex.dex" dev="dm-1" ino=419820 scontext=u:r:platform_app:s0:c512,c768 tcontext=u:object_r:yl_trusted_app_data_file:s0:c512,c768 tclass=file permissive=0
09-20 14:57:43.200000 12565 12565 I auditd  : type=1400 audit(0.0:1500): avc: denied { execute } for comm="adthread" path="/data/data/com.zookingsoft.themestore/app_dex/EventDex.dex" dev="dm-1" ino=419820 scontext=u:r:platform_app:s0:c512,c768 tcontext=u:object_r:yl_trusted_app_data_file:s0:c512,c768 tclass=file permissive=0
09-20 14:57:43.497526  1260  1401 I am_proc_died: [0,12531,com.zookingsoft.themestore:zremote]
09-20 14:57:43.497896  1260  1401 I am_schedule_service_restart: [0,com.zookingsoft.themestore/com.main.svr.MService,1000]
09-20 14:57:43.498044  1260  1260 I notification_cancel: [1000,1260,com.zookingsoft.themestore,0,NULL,0,0,0,8,NULL]
09-20 14:57:43.510760  1260  1959 I am_proc_start: [0,12599,10033,com.zookingsoft.themestore:zremote,service,com.zookingsoft.themestore/com.main.svr.MService]
09-20 14:57:43.522536  1260  1272 I am_proc_bound: [0,12599,com.zookingsoft.themestore:zremote]
09-20 14:57:43.540000 12599 12599 I auditd  : type=1400 audit(0.0:1501): avc: denied { execute } for comm="mestore:zremote" path="/data/data/com.zookingsoft.themestore/app_bdodex/bd.dex" dev="dm-1" ino=443392 scontext=u:r:platform_app:s0:c512,c768 tcontext=u:object_r:yl_trusted_app_data_file:s0:c512,c768 tclass=file permissive=0
09-20 14:57:43.540000 12599 12599 I auditd  : type=1400 audit(0.0:1502): avc: denied { execute } for comm="mestore:zremote" path="/data/data/com.zookingsoft.themestore/app_bdodex/bd.dex" dev="dm-1" ino=443392 scontext=u:r:platform_app:s0:c512,c768 tcontext=u:object_r:yl_trusted_app_data_file:s0:c512,c768 tclass=file permissive=0
09-20 14:57:44.442642  1260  1260 I notification_cancel: [1000,1260,com.android.printspooler,0,NULL,0,0,0,8,NULL]
09-20 14:57:44.510000 12599 12599 I auditd  : type=1400 audit(0.0:1503): avc: denied { execute } for comm="mestore:zremote" path="/data/data/com.zookingsoft.themestore/app_bdodex/bd.dex" dev="dm-1" ino=443391 scontext=u:r:platform_app:s0:c512,c768 tcontext=u:object_r:yl_trusted_app_data_file:s0:c512,c768 tclass=file permissive=0
09-20 14:57:44.510000 12599 12599 I auditd  : type=1400 audit(0.0:1504): avc: denied { execute } for comm="mestore:zremote" path="/data/data/com.zookingsoft.themestore/app_bdodex/bd.dex" dev="dm-1" ino=443391 scontext=u:r:platform_app:s0:c512,c768 tcontext=u:object_r:yl_trusted_app_data_file:s0:c512,c768 tclass=file permissive=0
09-20 14:57:44.530000 12599 12599 I auditd  : type=1400 audit(0.0:1505): avc: denied { execute } for comm="mestore:zremote" path="/data/data/com.zookingsoft.themestore/app_gdtodex/gdt.dex" dev="dm-1" ino=443401 scontext=u:r:platform_app:s0:c512,c768 tcontext=u:object_r:yl_trusted_app_data_file:s0:c512,c768 tclass=file permissive=0
09-20 14:57:44.530000 12599 12599 I auditd  : type=1400 audit(0.0:1506): avc: denied { execute } for comm="mestore:zremote" path="/data/data/com.zookingsoft.themestore/app_gdtodex/gdt.dex" dev="dm-1" ino=443401 scontext=u:r:platform_app:s0:c512,c768 tcontext=u:object_r:yl_trusted_app_data_file:s0:c512,c768 tclass=file permissive=0
09-20 14:57:44.942282  1260  1313 I am_wtf  : [0,1260,system_server,-1,ActivityManager,Sending non-protected broadcast com.android.server.action.NETWORK_STATS_POLL_COOPAD from system uid 1000 pkg com.android.flowmonitor]
09-20 14:57:45.080000 12599 12599 I auditd  : type=1400 audit(0.0:1507): avc: denied { execute } for comm="mestore:zremote" path="/data/data/com.zookingsoft.themestore/app_gdtodex/gdt.dex" dev="dm-1" ino=443400 scontext=u:r:platform_app:s0:c512,c768 tcontext=u:object_r:yl_trusted_app_data_file:s0:c512,c768 tclass=file permissive=0
09-20 14:57:45.080000 12599 12599 I auditd  : type=1400 audit(0.0:1508): avc: denied { execute } for comm="mestore:zremote" path="/data/data/com.zookingsoft.themestore/app_gdtodex/gdt.dex" dev="dm-1" ino=443400 scontext=u:r:platform_app:s0:c512,c768 tcontext=u:object_r:yl_trusted_app_data_file:s0:c512,c768 tclass=file permissive=0
09-20 14:57:45.140000 12638 12638 I auditd  : type=1400 audit(0.0:1509): avc: denied { execute } for comm="adthread" path="/data/data/com.zookingsoft.themestore/app_dex/EventDex.dex" dev="dm-1" ino=419820 scontext=u:r:platform_app:s0:c512,c768 tcontext=u:object_r:yl_trusted_app_data_file:s0:c512,c768 tclass=file permissive=0
09-20 14:57:45.140000 12638 12638 I auditd  : type=1400 audit(0.0:1510): avc: denied { execute } for comm="adthread" path="/data/data/com.zookingsoft.themestore/app_dex/EventDex.dex" dev="dm-1" ino=419820 scontext=u:r:platform_app:s0:c512,c768 tcontext=u:object_r:yl_trusted_app_data_file:s0:c512,c768 tclass=file permissive=0
09-20 14:57:46.420000 12638 12638 I auditd  : type=1400 audit(0.0:1511): avc: denied { execute } for comm="adthread" path="/data/data/com.zookingsoft.themestore/app_dex/EventDex.dex" dev="dm-1" ino=419824 scontext=u:r:platform_app:s0:c512,c768 tcontext=u:object_r:yl_trusted_app_data_file:s0:c512,c768 tclass=file permissive=0
09-20 14:57:46.420000 12638 12638 I auditd  : type=1400 audit(0.0:1512): avc: denied { execute } for comm="adthread" path="/data/data/com.zookingsoft.themestore/app_dex/EventDex.dex" dev="dm-1" ino=419824 scontext=u:r:platform_app:s0:c512,c768 tcontext=u:object_r:yl_trusted_app_data_file:s0:c512,c768 tclass=file permissive=0
09-20 14:57:46.759194  1260  1963 I am_proc_died: [0,12599,com.zookingsoft.themestore:zremote]
09-20 14:57:46.759729  1260  1963 I am_schedule_service_restart: [0,com.zookingsoft.themestore/com.main.svr.MService,1000]
09-20 14:57:46.759768  1260  1260 I notification_cancel: [1000,1260,com.zookingsoft.themestore,0,NULL,0,0,0,8,NULL]
09-20 14:57:46.774647  1260  1585 I am_proc_start: [0,12672,10033,com.zookingsoft.themestore:zremote,service,com.zookingsoft.themestore/com.main.svr.MService]
09-20 14:57:46.785791  1260  1915 I am_proc_bound: [0,12672,com.zookingsoft.themestore:zremote]
09-20 14:57:46.810000 12672 12672 I auditd  : type=1400 audit(0.0:1513): avc: denied { execute } for comm="mestore:zremote" path="/data/data/com.zookingsoft.themestore/app_bdodex/bd.dex" dev="dm-1" ino=443391 scontext=u:r:platform_app:s0:c512,c768 tcontext=u:object_r:yl_trusted_app_data_file:s0:c512,c768 tclass=file permissive=0
09-20 14:57:46.810000 12672 12672 I auditd  : type=1400 audit(0.0:1514): avc: denied { execute } for comm="mestore:zremote" path="/data/data/com.zookingsoft.themestore/app_bdodex/bd.dex" dev="dm-1" ino=443391 scontext=u:r:platform_app:s0:c512,c768 tcontext=u:object_r:yl_trusted_app_data_file:s0:c512,c768 tclass=file permissive=0
09-20 14:57:46.951836  1260  1313 I am_wtf  : [0,1260,system_server,-1,ActivityManager,Sending non-protected broadcast com.android.server.action.NETWORK_STATS_POLL_COOPAD from system uid 1000 pkg com.android.flowmonitor]
09-20 14:57:47.740000 12672 12672 I auditd  : type=1400 audit(0.0:1515): avc: denied { execute } for comm="mestore:zremote" path="/data/data/com.zookingsoft.themestore/app_bdodex/bd.dex" dev="dm-1" ino=443392 scontext=u:r:platform_app:s0:c512,c768 tcontext=u:object_r:yl_trusted_app_data_file:s0:c512,c768 tclass=file permissive=0
09-20 14:57:47.740000 12672 12672 I auditd  : type=1400 audit(0.0:1516): avc: denied { execute } for comm="mestore:zremote" path="/data/data/com.zookingsoft.themestore/app_bdodex/bd.dex" dev="dm-1" ino=443392 scontext=u:r:platform_app:s0:c512,c768 tcontext=u:object_r:yl_trusted_app_data_file:s0:c512,c768 tclass=file permissive=0
09-20 14:57:47.760000 12672 12672 I auditd  : type=1400 audit(0.0:1517): avc: denied { execute } for comm="mestore:zremote" path="/data/data/com.zookingsoft.themestore/app_gdtodex/gdt.dex" dev="dm-1" ino=443400 scontext=u:r:platform_app:s0:c512,c768 tcontext=u:object_r:yl_trusted_app_data_file:s0:c512,c768 tclass=file permissive=0
09-20 14:57:47.760000 12672 12672 I auditd  : type=1400 audit(0.0:1518): avc: denied { execute } for comm="mestore:zremote" path="/data/data/com.zookingsoft.themestore/app_gdtodex/gdt.dex" dev="dm-1" ino=443400 scontext=u:r:platform_app:s0:c512,c768 tcontext=u:object_r:yl_trusted_app_data_file:s0:c512,c768 tclass=file permissive=0
09-20 14:57:48.020000 12672 12672 I auditd  : type=1400 audit(0.0:1519): avc: denied { execute } for comm="mestore:zremote" path="/data/data/com.zookingsoft.themestore/app_gdtodex/gdt.dex" dev="dm-1" ino=443401 scontext=u:r:platform_app:s0:c512,c768 tcontext=u:object_r:yl_trusted_app_data_file:s0:c512,c768 tclass=file permissive=0
09-20 14:57:48.020000 12672 12672 I auditd  : type=1400 audit(0.0:1520): avc: denied { execute } for comm="mestore:zremote" path="/data/data/com.zookingsoft.themestore/app_gdtodex/gdt.dex" dev="dm-1" ino=443401 scontext=u:r:platform_app:s0:c512,c768 tcontext=u:object_r:yl_trusted_app_data_file:s0:c512,c768 tclass=file permissive=0
09-20 14:57:48.060000 12707 12707 I auditd  : type=1400 audit(0.0:1521): avc: denied { execute } for comm="adthread" path="/data/data/com.zookingsoft.themestore/app_dex/EventDex.dex" dev="dm-1" ino=419824 scontext=u:r:platform_app:s0:c512,c768 tcontext=u:object_r:yl_trusted_app_data_file:s0:c512,c768 tclass=file permissive=0
09-20 14:57:48.060000 12707 12707 I auditd  : type=1400 audit(0.0:1522): avc: denied { execute } for comm="adthread" path="/data/data/com.zookingsoft.themestore/app_dex/EventDex.dex" dev="dm-1" ino=419824 scontext=u:r:platform_app:s0:c512,c768 tcontext=u:object_r:yl_trusted_app_data_file:s0:c512,c768 tclass=file permissive=0
09-20 14:57:49.100000 12707 12707 I auditd  : type=1400 audit(0.0:1523): avc: denied { execute } for comm="adthread" path="/data/data/com.zookingsoft.themestore/app_dex/EventDex.dex" dev="dm-1" ino=419820 scontext=u:r:platform_app:s0:c512,c768 tcontext=u:object_r:yl_trusted_app_data_file:s0:c512,c768 tclass=file permissive=0
09-20 14:57:49.100000 12707 12707 I auditd  : type=1400 audit(0.0:1524): avc: denied { execute } for comm="adthread" path="/data/data/com.zookingsoft.themestore/app_dex/EventDex.dex" dev="dm-1" ino=419820 scontext=u:r:platform_app:s0:c512,c768 tcontext=u:object_r:yl_trusted_app_data_file:s0:c512,c768 tclass=file permissive=0
09-20 14:57:49.380618  1260  1585 I am_proc_died: [0,12672,com.zookingsoft.themestore:zremote]
09-20 14:57:49.381682  1260  1585 I am_schedule_service_restart: [0,com.zookingsoft.themestore/com.main.svr.MService,1000]
09-20 14:57:49.382059  1260  1260 I notification_cancel: [1000,1260,com.zookingsoft.themestore,0,NULL,0,0,0,8,NULL]
09-20 14:57:49.412842  1260  1411 I am_proc_start: [0,12741,10033,com.zookingsoft.themestore:zremote,service,com.zookingsoft.themestore/com.main.svr.MService]
09-20 14:57:49.434392  1260  1272 I am_proc_bound: [0,12741,com.zookingsoft.themestore:zremote]
09-20 14:57:49.466007  1260  1275 I am_pss  : [11031,1000,com.android.settings,51751936,45775872,0]
09-20 14:57:49.470000 12741 12741 I auditd  : type=1400 audit(0.0:1525): avc: denied { execute } for comm="mestore:zremote" path="/data/data/com.zookingsoft.themestore/app_bdodex/bd.dex" dev="dm-1" ino=443392 scontext=u:r:platform_app:s0:c512,c768 tcontext=u:object_r:yl_trusted_app_data_file:s0:c512,c768 tclass=file permissive=0
09-20 14:57:49.470000 12741 12741 I auditd  : type=1400 audit(0.0:1526): avc: denied { execute } for comm="mestore:zremote" path="/data/data/com.zookingsoft.themestore/app_bdodex/bd.dex" dev="dm-1" ino=443392 scontext=u:r:platform_app:s0:c512,c768 tcontext=u:object_r:yl_trusted_app_data_file:s0:c512,c768 tclass=file permissive=0
09-20 14:57:49.492847  1260  1275 I am_pss  : [5277,1000,com.mediatek.schpwronoff,4127744,2629632,0]
09-20 14:57:50.200000 12741 12741 I auditd  : type=1400 audit(0.0:1527): avc: denied { execute } for comm="mestore:zremote" path="/data/data/com.zookingsoft.themestore/app_bdodex/bd.dex" dev="dm-1" ino=443391 scontext=u:r:platform_app:s0:c512,c768 tcontext=u:object_r:yl_trusted_app_data_file:s0:c512,c768 tclass=file permissive=0
09-20 14:57:50.200000 12741 12741 I auditd  : type=1400 audit(0.0:1528): avc: denied { execute } for comm="mestore:zremote" path="/data/data/com.zookingsoft.themestore/app_bdodex/bd.dex" dev="dm-1" ino=443391 scontext=u:r:platform_app:s0:c512,c768 tcontext=u:object_r:yl_trusted_app_data_file:s0:c512,c768 tclass=file permissive=0
09-20 14:57:50.220000 12741 12741 I auditd  : type=1400 audit(0.0:1529): avc: denied { execute } for comm="mestore:zremote" path="/data/data/com.zookingsoft.themestore/app_gdtodex/gdt.dex" dev="dm-1" ino=443401 scontext=u:r:platform_app:s0:c512,c768 tcontext=u:object_r:yl_trusted_app_data_file:s0:c512,c768 tclass=file permissive=0
09-20 14:57:50.220000 12741 12741 I auditd  : type=1400 audit(0.0:1530): avc: denied { execute } for comm="mestore:zremote" path="/data/data/com.zookingsoft.themestore/app_gdtodex/gdt.dex" dev="dm-1" ino=443401 scontext=u:r:platform_app:s0:c512,c768 tcontext=u:object_r:yl_trusted_app_data_file:s0:c512,c768 tclass=file permissive=0
09-20 14:57:50.532531  1260  1313 I am_wtf  : [0,1260,system_server,-1,ActivityManager,Sending non-protected broadcast com.android.server.action.NETWORK_STATS_POLL_COOPAD from system uid 1000 pkg com.android.flowmonitor]
09-20 14:57:50.735904  1260  1328 I netstats_mobile_sample: [1012636,765,44219,769,1012636,765,44219,769,1012636,765,44219,769,-1]
09-20 14:57:50.736228  1260  1328 I netstats_wifi_sample: [252476,3029,41805,750,101334,663,33659,263,87574,565,73673,801,-1]
09-20 14:57:50.754824  1260  1328 I netstats_mobile_sample: [1012636,765,44219,769,1012636,765,44219,769,1012636,765,44219,769,-1]
09-20 14:57:50.755047  1260  1328 I netstats_wifi_sample: [252476,3029,41805,750,101334,663,33659,263,87574,565,73673,801,-1]
09-20 14:57:50.770000  1322  1322 I auditd  : type=1400 audit(0.0:1531): avc: denied { syslog_read } for comm="WifiP2pService" scontext=u:r:system_server:s0 tcontext=u:r:kernel:s0 tclass=system permissive=0
09-20 14:57:50.820000 12741 12741 I auditd  : type=1400 audit(0.0:1532): avc: denied { execute } for comm="mestore:zremote" path="/data/data/com.zookingsoft.themestore/app_gdtodex/gdt.dex" dev="dm-1" ino=443400 scontext=u:r:platform_app:s0:c512,c768 tcontext=u:object_r:yl_trusted_app_data_file:s0:c512,c768 tclass=file permissive=0
09-20 14:57:50.820000 12741 12741 I auditd  : type=1400 audit(0.0:1533): avc: denied { execute } for comm="mestore:zremote" path="/data/data/com.zookingsoft.themestore/app_gdtodex/gdt.dex" dev="dm-1" ino=443400 scontext=u:r:platform_app:s0:c512,c768 tcontext=u:object_r:yl_trusted_app_data_file:s0:c512,c768 tclass=file permissive=0
09-20 14:57:50.910000  1322  1322 I auditd  : type=1400 audit(0.0:1534): avc: denied { syslog_read } for comm="WifiP2pService" scontext=u:r:system_server:s0 tcontext=u:r:kernel:s0 tclass=system permissive=0
09-20 14:57:51.216137  1260  1260 I notification_cancel: [1000,5640,com.android.flowmonitor,2131167672,NULL,0,0,0,8,NULL]
09-20 14:57:51.240000 12800 12800 I auditd  : type=1400 audit(0.0:1535): avc: denied { execute } for comm="adthread" path="/data/data/com.zookingsoft.themestore/app_dex/EventDex.dex" dev="dm-1" ino=419820 scontext=u:r:platform_app:s0:c512,c768 tcontext=u:object_r:yl_trusted_app_data_file:s0:c512,c768 tclass=file permissive=0
09-20 14:57:51.240000 12800 12800 I auditd  : type=1400 audit(0.0:1536): avc: denied { execute } for comm="adthread" path="/data/data/com.zookingsoft.themestore/app_dex/EventDex.dex" dev="dm-1" ino=419820 scontext=u:r:platform_app:s0:c512,c768 tcontext=u:object_r:yl_trusted_app_data_file:s0:c512,c768 tclass=file permissive=0
09-20 14:57:51.578917  1260  1313 I am_wtf  : [0,1260,system_server,-1,ActivityManager,Sending non-protected broadcast com.android.server.action.NETWORK_STATS_POLL_COOPAD from system uid 1000 pkg com.android.flowmonitor]
09-20 14:57:52.600473  1260  1313 I am_wtf  : [0,1260,system_server,-1,ActivityManager,Sending non-protected broadcast com.android.server.action.NETWORK_STATS_POLL_COOPAD from system uid 1000 pkg com.android.flowmonitor]
09-20 14:57:52.830000 12800 12800 I auditd  : type=1400 audit(0.0:1537): avc: denied { execute } for comm="adthread" path="/data/data/com.zookingsoft.themestore/app_dex/EventDex.dex" dev="dm-1" ino=419824 scontext=u:r:platform_app:s0:c512,c768 tcontext=u:object_r:yl_trusted_app_data_file:s0:c512,c768 tclass=file permissive=0
09-20 14:57:52.830000 12800 12800 I auditd  : type=1400 audit(0.0:1538): avc: denied { execute } for comm="adthread" path="/data/data/com.zookingsoft.themestore/app_dex/EventDex.dex" dev="dm-1" ino=419824 scontext=u:r:platform_app:s0:c512,c768 tcontext=u:object_r:yl_trusted_app_data_file:s0:c512,c768 tclass=file permissive=0
09-20 14:57:53.028827  1260  1328 I netstats_mobile_sample: [1012636,765,44219,769,1012636,765,44219,769,1012636,765,44219,769,-1]
09-20 14:57:53.029051  1260  1328 I netstats_wifi_sample: [253848,3035,43455,759,102566,667,33867,266,88806,569,77625,858,-1]
09-20 14:57:53.130148  1260  1328 I netstats_mobile_sample: [1012636,765,44219,769,1012636,765,44219,769,1012636,765,44219,769,-1]
09-20 14:57:53.130342  1260  1328 I netstats_wifi_sample: [253848,3035,43455,759,102566,667,33867,266,88806,569,77625,858,-1]
09-20 14:57:53.297590  1260  1271 I am_proc_died: [0,12741,com.zookingsoft.themestore:zremote]
09-20 14:57:53.298053  1260  1271 I am_schedule_service_restart: [0,com.zookingsoft.themestore/com.main.svr.MService,1000]
09-20 14:57:53.298122  1260  1260 I notification_cancel: [1000,1260,com.zookingsoft.themestore,0,NULL,0,0,0,8,NULL]
09-20 14:57:53.318227  1260  1411 I am_proc_start: [0,12842,10033,com.zookingsoft.themestore:zremote,service,com.zookingsoft.themestore/com.main.svr.MService]
09-20 14:57:53.318769  1260  1275 I am_pss  : [5608,1001,com.mediatek.engineermode,20780032,17173504,0]
09-20 14:57:53.332282  1260  1411 I am_proc_bound: [0,12842,com.zookingsoft.themestore:zremote]
09-20 14:57:53.346570  1260  1260 I notification_cancel: [1000,5640,com.android.flowmonitor,2131167672,NULL,0,0,0,8,NULL]
09-20 14:57:53.360000 12842 12842 I auditd  : type=1400 audit(0.0:1539): avc: denied { execute } for comm="mestore:zremote" path="/data/data/com.zookingsoft.themestore/app_bdodex/bd.dex" dev="dm-1" ino=443391 scontext=u:r:platform_app:s0:c512,c768 tcontext=u:object_r:yl_trusted_app_data_file:s0:c512,c768 tclass=file permissive=0
09-20 14:57:53.360000 12842 12842 I auditd  : type=1400 audit(0.0:1540): avc: denied { execute } for comm="mestore:zremote" path="/data/data/com.zookingsoft.themestore/app_bdodex/bd.dex" dev="dm-1" ino=443391 scontext=u:r:platform_app:s0:c512,c768 tcontext=u:object_r:yl_trusted_app_data_file:s0:c512,c768 tclass=file permissive=0
09-20 14:57:53.617398  1260  1313 I am_wtf  : [0,1260,system_server,-1,ActivityManager,Sending non-protected broadcast com.android.server.action.NETWORK_STATS_POLL_COOPAD from system uid 1000 pkg com.android.flowmonitor]
