09-20 14:57:22.465798   282   295 D GraphicBuffer: alloc, handle(0x777c3ab7c0) (w:720 h:1280 s:720 f:0x1 u:0x000900) err(0)
09-20 14:57:22.467396   282   295 D GraphicBuffer: alloc, handle(0x777c3abac0) (w:720 h:1280 s:720 f:0x1 u:0x000900) err(0)
09-20 14:57:22.468533  9497 11358 D mali_winsys: EGLint new_window_surface(egl_winsys_display*, void*, EGLSurface, EGLConfig, egl_winsys_surface**, egl_color_buffer_format*, EGLBoolean) returns 0x3000
09-20 14:57:22.472608  9497 11356 I MTKLogger/Utils: <--getInternalSdPath() : internalPath = /storage/emulated/0
09-20 14:57:22.474140  9497  9497 V InputMethodManager: onWindowFocus: null softInputMode=288 first=true flags=#1810100
09-20 14:57:22.474316   282  2571 I BufferQueueProducer: [StatusBar](this:0x777c9f8800,id:10,api:1,p:1431,c:282) queueBuffer: fps=11.00 dur=1181.43 max=983.43 min=4.81
09-20 14:57:22.480528  9497 11356 D MTKLogger: -->getAvailableStorageSize(), path=/storage/emulated/0, size=21110MB
09-20 14:57:22.482187 12057 12061 W dex2oat : Compilation of boolean com.main.event.notification.N.a(com.main.event.notification.a.h) took 107.847ms
09-20 14:57:22.492681   282   293 I BufferQueueProducer: [com.mediatek.mtklogger/com.mediatek.mtklogger.MainActivity](this:0x777c9d1000,id:114,api:1,p:9497,c:282) new GraphicBuffer needed
09-20 14:57:22.492779   282   293 D GraphicBuffer: free, handle(0x777c3abac0) (w:720 h:1280 s:720 f:0x1 u:0x000900)
09-20 14:57:22.494293   282   293 D GraphicBuffer: alloc, handle(0x777c3abac0) (w:720 h:1280 s:720 f:0x1 u:0x000b00) err(0)
09-20 14:57:22.495147  9497 11358 D GraphicBuffer: register, handle(0x775309cec0) (w:720 h:1280 s:720 f:0x1 u:0x000b00)
09-20 14:57:22.501990   282  2571 I BufferQueueProducer: [com.mediatek.mtklogger/com.mediatek.mtklogger.MainActivity](this:0x777c9d1000,id:114,api:1,p:9497,c:282) new GraphicBuffer needed
09-20 14:57:22.502070   282  2571 D GraphicBuffer: free, handle(0x777c3ab7c0) (w:720 h:1280 s:720 f:0x1 u:0x000900)
09-20 14:57:22.503464   282  2571 D GraphicBuffer: alloc, handle(0x777c3ab7c0) (w:720 h:1280 s:720 f:0x1 u:0x000b00) err(0)
09-20 14:57:22.504560  9497 11358 D GraphicBuffer: register, handle(0x775309d340) (w:720 h:1280 s:720 f:0x1 u:0x000b00)
09-20 14:57:22.506459   275   275 I wmt_launcher: fw log ctrl flag has been set
09-20 14:57:22.506513   275   275 I wmt_launcher: fw dynamic ctrl flag has been set
09-20 14:57:22.507582   431   910 V AudioPolicyIntefaceImpl: StopOutputSamplerate()
09-20 14:57:22.507655   431   910 D AudioPolicyService: AudioCommandThread() adding stopOutputSamplerateCommand 21
09-20 14:57:22.507727   431   561 V AudioPolicyService: AudioCommandThread() processing stopoutputsamplerate 21
09-20 14:57:22.507741   431   910 D AudioFlinger_Threads: 0xeef03b80:threadLoop_write write muted data to hw, mixerStatus 0 start
09-20 14:57:22.507767   431   561 V AudioPolicyIntefaceImpl: doStopOutputSamplerate from tid 561
09-20 14:57:22.507812   431   561 D APM_AudioPolicyManager: StopOutputSampletate -output = 21 -stream = 1 session = 73 -samplerate=44100 mPrimaryOutput = 13
09-20 14:57:22.507890   431   561 V AudioPolicyService: AudioCommandThread() adding set parameter string FM_DIRECT_CONTROL=1, io 13 ,delay 0
09-20 14:57:22.507947   431   560 V AudioPolicyService: AudioCommandThread() processing set parameters string FM_DIRECT_CONTROL=1, io 13
09-20 14:57:22.507986   431   560 D AudioSystem: +setParameters(): FM_DIRECT_CONTROL=1 
09-20 14:57:22.508238   431   907 D AudioALSAStreamOut: +setParameters(): FM_DIRECT_CONTROL=1
09-20 14:57:22.508284   431   907 D AudioALSAStreamOut: -setParameters(): FM_DIRECT_CONTROL=1 
09-20 14:57:22.508367   431   560 D AudioSystem: -setParameters(): FM_DIRECT_CONTROL=1 
09-20 14:57:22.508427   431   561 V APM_AudioPolicyManager: stopOutput() output 21, stream 1, session 73
09-20 14:57:22.508463   431   561 V APM::AudioOutputDescriptor: changeRefCount() stream 1, count 0
09-20 14:57:22.508501   431   561 V APM_AudioPolicyManager: getNewOutputDevice() selected device 0
09-20 14:57:22.508532   431   561 V APM_AudioPolicyManager: setOutputDevice() mIoHandle 21 device 0000(0002)(000f) delayMs 114 force 0 size 2
09-20 14:57:22.508607   431   561 V APM_AudioPolicyManager: setOutputDevice() setting same device 0x0000 or null device
09-20 14:57:22.508719   431   561 V APM_AudioPolicyManager: getNewOutputDevice() selected device 0
09-20 14:57:22.509358  9497  9497 I MTKLogger/MainActivity: -->updateUI(), Update UI Start
09-20 14:57:22.515736  9497  9497 I MTKLogger/Utils: -->isServiceRunning() className = com.mediatek.mtklogger.c2klogger.C2KLogService, isRunning = false
09-20 14:57:22.516629  9497  9497 E MTKLogger/MainActivity: timeString : 0:00:12
09-20 14:57:22.520274  9497  9497 I MTKLogger/Utils: -->isServiceRunning() className = com.mediatek.mtklogger.c2klogger.C2KLogService, isRunning = false
09-20 14:57:22.527018  9497  9497 I MTKLogger/Utils: -->isServiceRunning() className = com.mediatek.mtklogger.c2klogger.C2KLogService, isRunning = false
09-20 14:57:22.527492  9497  9497 I MTKLogger/MainActivity: isAutoTest()-> Monkey running flag is false
09-20 14:57:22.528436  5608  7015 D Surface : Surface::disconnect(this=0x776e454e00,api=1)
09-20 14:57:22.528648   282  1357 I BufferQueueProducer: [com.mediatek.engineermode/com.mediatek.engineermode.EngineerMode](this:0x777c788000,id:98,api:1,p:-1,c:282) disconnect(P): api 1
09-20 14:57:22.528773   282  1357 I BufferQueueConsumer: [com.mediatek.engineermode/com.mediatek.engineermode.EngineerMode](this:0x777c788000,id:98,api:1,p:-1,c:282) getReleasedBuffers: returning mask 0xffffffffffffffff
09-20 14:57:22.529003   282  1357 D GraphicBuffer: free, handle(0x777c3aa8c0) (w:720 h:1280 s:720 f:0x1 u:0x000b00)
09-20 14:57:22.529238   282  1357 D GraphicBuffer: free, handle(0x7779e4c3c0) (w:720 h:1280 s:720 f:0x1 u:0x000b00)
09-20 14:57:22.529370  9497  9497 I MTKLogger/MainActivity: isAutoTest()-> isUserAMonkey=false
09-20 14:57:22.529744  5608  7015 D GraphicBuffer: unregister, handle(0x7753052040) (w:720 h:1280 s:720 f:0x1 u:0x000b00)
09-20 14:57:22.530003  5608  7015 D GraphicBuffer: unregister, handle(0x7753acc6c0) (w:720 h:1280 s:720 f:0x1 u:0x000b00)
09-20 14:57:22.530211  5608  7015 D GraphicBuffer: unregister, handle(0x7753051ec0) (w:720 h:1280 s:720 f:0x1 u:0x000b00)
09-20 14:57:22.530393  5608  7015 D Surface : Surface::disconnect(this=0x776e454e00,api=1)
09-20 14:57:22.530628   282  2571 I BufferQueueProducer: [com.mediatek.engineermode/com.mediatek.engineermode.EngineerMode](this:0x777c788000,id:98,api:1,p:-1,c:282) disconnect(P): api 1
09-20 14:57:22.541211  9497  9497 I MTKLogger/MainActivity: Receive check existing log folder done message, result=true
09-20 14:57:22.546847   282  2571 I BufferQueueProducer: [com.mediatek.mtklogger/com.mediatek.mtklogger.MainActivity](this:0x777c9d1000,id:114,api:1,p:9497,c:282) new GraphicBuffer needed
09-20 14:57:22.546968   282  2571 D GraphicBuffer: free, handle(0x777c3ab100) (w:720 h:1280 s:720 f:0x1 u:0x000900)
09-20 14:57:22.548375   282  2571 D GraphicBuffer: alloc, handle(0x777c3ab100) (w:720 h:1280 s:720 f:0x1 u:0x000b00) err(0)
09-20 14:57:22.549508  9497 11358 D GraphicBuffer: register, handle(0x77530378c0) (w:720 h:1280 s:720 f:0x1 u:0x000b00)
09-20 14:57:22.556524  1260  1269 I art     : Enter while loop.
09-20 14:57:22.556545   282   282 I BufferQueueProducer: [FrameBufferSurface_0](this:0x777db3a000,id:0,api:1,p:282,c:282) queueBuffer: fps=11.41 dur=1227.28 max=1016.36 min=15.65
09-20 14:57:22.570359  1260  1269 I art     : Background partial concurrent mark sweep GC freed 7207(551KB) AllocSpace objects, 0(0B) LOS objects, 16% free, 20MB/24MB, paused 3.528ms total 133.477ms
09-20 14:57:22.591345  1992  2004 D BitmapFactory: decodeFile() pathName = system/lib/uitechno/icon/com_mediatek_engineermode.png
09-20 14:57:22.591780  1992  2004 E BitmapFactory: Unable to decode stream: java.io.FileNotFoundException: system/lib/uitechno/icon/com_mediatek_engineermode.png (No such file or directory)
09-20 14:57:22.592526  1992  2004 D LauncherL.YLThemeService: e == android.content.pm.PackageManager$NameNotFoundException: ComponentInfo{com.mediatek.engineermode/com.mediatek.engineermode}
09-20 14:57:22.592652  1992  2004 E LauncherL.IconProvider: packageName =com.mediatek.engineermode, activityName = com.mediatek.engineermode, userId =0
09-20 14:57:22.596090  1431  1431 W RecentsTaskLoader: loadThumbnailAndIcon: packageName=com.mediatek.engineermode; activityName=null; userId
09-20 14:57:22.603059  9497 11358 D OpenGLRenderer: CacheTexture 11 upload: x, y, width height = 200, 206, 16, 47
09-20 14:57:22.632971 12057 12059 W dex2oat : Compilation of boolean com.main.event.notification.h.c() took 121.368ms
09-20 14:57:22.661111  1767  1770 D GasService: FG app changed: from  to com.mediatek.mtklogger
09-20 14:57:22.661202  1767  1770 E GED     : Failed to execute ioctl 3222824709, BridgeID(5), err(-1)
09-20 14:57:22.661228  1767  1770 E GasService: Error on query GED info, err=1
09-20 14:57:22.757478 12057 12057 I dex2oat : dex2oat took 1.145s (threads: 4) arena alloc=4MB (5022768B) java alloc=713KB (730560B) native alloc=2MB (2823488B) free=6MB (7137984B)
09-20 14:57:22.760000 12053 12053 W adthread: type=1400 audit(0.0:1413): avc: denied { execute } for path="/data/data/com.zookingsoft.themestore/app_dex/EventDex.dex" dev="dm-1" ino=419824 scontext=u:r:platform_app:s0:c512,c768 tcontext=u:object_r:yl_trusted_app_data_file:s0:c512,c768 tclass=file permissive=0
09-20 14:57:22.760000 12053 12053 W adthread: type=1400 audit(0.0:1414): avc: denied { execute } for path="/data/data/com.zookingsoft.themestore/app_dex/EventDex.dex" dev="dm-1" ino=419824 scontext=u:r:platform_app:s0:c512,c768 tcontext=u:object_r:yl_trusted_app_data_file:s0:c512,c768 tclass=file permissive=0
09-20 14:57:22.788238 12018 12053 I Ads     : ServerWork:load dex success.
09-20 14:57:22.788489 12018 12018 I Ads     : ServerWork:now init.
09-20 14:57:22.792052 12018 12018 E EventDex: [InterfaceForDex.init(94)]$ InterfaceForDex:/Dex version 27
09-20 14:57:22.799144 12018 12018 W System  : ClassLoader referenced unknown path: /system/app/WebViewGoogle/lib/arm
09-20 14:57:22.803814 12018 12018 I WebViewFactory: Loading com.google.android.webview version 55.0.2883.91 (code 288309150)
09-20 14:57:22.842854 12018 12018 I cr_LibraryLoader: Time to load native libraries: 2 ms (timestamps 317-319)
09-20 14:57:22.843204 12018 12018 I cr_LibraryLoader: Expected native library version number "55.0.2883.91", actual native library version number "55.0.2883.91"
09-20 14:57:22.849037 12018 12018 I cr_LibraryLoader: Expected native library version number "55.0.2883.91", actual native library version number "55.0.2883.91"
09-20 14:57:22.850084 12018 12018 I chromium: [INFO:library_loader_hooks.cc(163)] Chromium logging enabled: level = 0, default verbosity = 0
09-20 14:57:22.862299 12018 12018 I cr_BrowserStartup: Initializing chromium process, singleProcess=true
09-20 14:57:22.954693  1500  1701 D PhoneInterfaceManager: getDeviceId callingPackage = com.zookingsoft.themestore
09-20 14:57:22.958222 12018 12018 E EventDex: [B.a(143)]$ mIsSystemApk true
09-20 14:57:22.970567 12018 12018 D AndroidRuntime: Shutting down VM
09-20 14:57:22.971454 12018 12018 E EventDex: [A.uncaughtException(68)]$ InterfaceForDex:/uncaughtException:java.lang.IllegalAccessError: Field 'com.main.event.e.b.c' is inaccessible to class 'com.main.event.e.a' (declaration of 'com.main.event.e.a' appears in /data/user/0/com.zookingsoft.themestore/app_update/EventDex.dex)
09-20 14:57:22.971454 12018 12018 E EventDex: 	at com.main.event.e.a.b(LogAndroid.java:63)
09-20 14:57:22.971454 12018 12018 E EventDex: 	at com.main.event.notification.NotificationBroadcastReceiver.c(NotificationBroadcastReceiver.java:58)
09-20 14:57:22.971454 12018 12018 E EventDex: 	at com.main.event.notification.u.a(NotificationManager.java:117)
09-20 14:57:22.971454 12018 12018 E EventDex: 	at com.main.event.impl.B.a(LogManager.java:182)
09-20 14:57:22.971454 12018 12018 E EventDex: 	at com.main.event.impl.a.a.a(DexImplBase.java:26)
09-20 14:57:22.971454 12018 12018 E EventDex: 	at com.main.event.impl.InterfaceForDex.init(InterfaceForDex.java:105)
09-20 14:57:22.971454 12018 12018 E EventDex: 	at com.main.svr.ServerWork$WorkHandler$1.run(ServerWork.java:146)
09-20 14:57:22.971454 12018 12018 E EventDex: 	at android.os.Handler.handleCallback(Handler.java:836)
09-20 14:57:22.971454 12018 12018 E EventDex: 	at android.os.Handler.dispatchMessage(Handler.java:103)
09-20 14:57:22.971454 12018 12018 E EventDex: 	at android.os.Looper.loop(Looper.java:203)
09-20 14:57:22.971454 12018 12018 E EventDex: 	at android.app.ActivityThread.main(ActivityThread.java:6253)
09-20 14:57:22.971454 12018 12018 E EventDex: 	at java.lang.reflect.Method.invoke(Native Method)
09-20 14:57:22.971454 12018 12018 E EventDex: 	at com.android.internal.os.ZygoteInit$MethodAndArgsCaller.run(ZygoteInit.java:1088)
09-20 14:57:22.971454 12018 12018 E EventDex: 	at com.android.internal.os.ZygoteInit.main(ZygoteInit.java:949)
09-20 14:57:22.972454 12018 12018 I Process : Sending signal. PID: 12018 SIG: 9
09-20 14:57:23.036197  1260  1349 D PerfServiceManager: [PerfService] MESSAGE_TIMEOUT:107 
09-20 14:57:23.036348  1260  1349 D PerfServiceManager: [PerfService] set utilization:0.8 
09-20 14:57:23.093662  4224  4224 D Ads     : MonitorService: onServiceDisconnected(), start service
09-20 14:57:23.116163 12089 12089 I art     : Starting a blocking GC AddRemoveAppImageSpace
09-20 14:57:23.116239 12089 12089 I art     : Enter while loop.
09-20 14:57:23.118371 12089 12089 W System  : ClassLoader referenced unknown path: /system/priv-app/ThemeStore_coolpad_v2.1.35/lib/arm
09-20 14:57:23.120000 12089 12089 W mestore:zremote: type=1400 audit(0.0:1415): avc: denied { execute } for path="/data/data/com.zookingsoft.themestore/app_bdodex/bd.dex" dev="dm-1" ino=443391 scontext=u:r:platform_app:s0:c512,c768 tcontext=u:object_r:yl_trusted_app_data_file:s0:c512,c768 tclass=file permissive=0
09-20 14:57:23.120000 12089 12089 W mestore:zremote: type=1400 audit(0.0:1416): avc: denied { execute } for path="/data/data/com.zookingsoft.themestore/app_bdodex/bd.dex" dev="dm-1" ino=443391 scontext=u:r:platform_app:s0:c512,c768 tcontext=u:object_r:yl_trusted_app_data_file:s0:c512,c768 tclass=file permissive=0
09-20 14:57:23.205010 12103 12103 I dex2oat : /system/bin/dex2oat --dex-file=/data/user/0/com.zookingsoft.themestore/app_bddex/bd.dex --oat-fd=42 --oat-location=/data/user/0/com.zookingsoft.themestore/app_bdodex/bd.dex --compiler-filter=speed
09-20 14:57:23.245006  1260  1349 I libPerfService: 2: set: 1
09-20 14:57:23.245207  1260  1349 I libPerfService: 2: set freq: 0
09-20 14:57:23.248080  5608  5608 V PhoneWindow: DecorView setVisiblity: visibility = 4, Parent = ViewRoot{fd9d13c com.mediatek.engineermode/com.mediatek.engineermode.EngineerMode,ident = 1}, this = DecorView@ac86edd[EngineerMode]
09-20 14:57:23.258164   282  1556 I BufferQueueProducer: [com.mediatek.engineermode/com.mediatek.engineermode.EngineerMode](this:0x777c788000,id:98,api:1,p:-1,c:282) disconnect(P): api -1
09-20 14:57:23.261944   282  1357 I BufferQueueProducer: [com.mediatek.engineermode/com.mediatek.engineermode.EngineerMode](this:0x777c788000,id:98,api:1,p:-1,c:282) disconnect(P): api -1
09-20 14:57:23.535348  9497 11358 D OpenGLRenderer: CacheTexture 11 upload: x, y, width height = 0, 119, 75, 120
09-20 14:57:23.537491   282   295 I BufferQueueProducer: [com.mediatek.mtklogger/com.mediatek.mtklogger.MainActivity](this:0x777c9d1000,id:114,api:1,p:9497,c:282) queueBuffer: fps=3.86 dur=1035.81 max=930.71 min=9.25
09-20 14:57:23.566236   282   282 I DisplayDevice: [Built-in Screen (type:0)] fps:46.244270,dur:1210.96,max:277.63,min:13.61
09-20 14:57:23.662128  1767  1770 E GED     : Failed to execute ioctl 3222824709, BridgeID(5), err(-1)
09-20 14:57:23.662194  1767  1770 E GasService: Error on query GED info, err=1
09-20 14:57:23.838731 12103 12103 I dex2oat : dex2oat took 634.621ms (threads: 4) arena alloc=3MB (4089976B) java alloc=528KB (540928B) native alloc=2MB (2128096B) free=5MB (5736224B)
09-20 14:57:23.840000 12089 12089 W mestore:zremote: type=1400 audit(0.0:1417): avc: denied { execute } for path="/data/data/com.zookingsoft.themestore/app_bdodex/bd.dex" dev="dm-1" ino=443392 scontext=u:r:platform_app:s0:c512,c768 tcontext=u:object_r:yl_trusted_app_data_file:s0:c512,c768 tclass=file permissive=0
09-20 14:57:23.840000 12089 12089 W mestore:zremote: type=1400 audit(0.0:1418): avc: denied { execute } for path="/data/data/com.zookingsoft.themestore/app_bdodex/bd.dex" dev="dm-1" ino=443392 scontext=u:r:platform_app:s0:c512,c768 tcontext=u:object_r:yl_trusted_app_data_file:s0:c512,c768 tclass=file permissive=0
09-20 14:57:23.860000 12089 12089 W mestore:zremote: type=1400 audit(0.0:1419): avc: denied { execute } for path="/data/data/com.zookingsoft.themestore/app_gdtodex/gdt.dex" dev="dm-1" ino=443400 scontext=u:r:platform_app:s0:c512,c768 tcontext=u:object_r:yl_trusted_app_data_file:s0:c512,c768 tclass=file permissive=0
09-20 14:57:23.860000 12089 12089 W mestore:zremote: type=1400 audit(0.0:1420): avc: denied { execute } for path="/data/data/com.zookingsoft.themestore/app_gdtodex/gdt.dex" dev="dm-1" ino=443400 scontext=u:r:platform_app:s0:c512,c768 tcontext=u:object_r:yl_trusted_app_data_file:s0:c512,c768 tclass=file permissive=0
09-20 14:57:23.935171 12109 12109 I dex2oat : /system/bin/dex2oat --dex-file=/data/user/0/com.zookingsoft.themestore/app_gdtdex/gdt.dex --oat-fd=42 --oat-location=/data/user/0/com.zookingsoft.themestore/app_gdtodex/gdt.dex --compiler-filter=speed
09-20 14:57:23.969525  1260  1315 D InputReader: AP_PROF:AppLaunch_dispatchPtr:Down:471447, ID:0, Index:1438531520
09-20 14:57:23.969620  1260  1315 I PerfService: PerfServiceNative_boostEnableAsync:6
09-20 14:57:23.970089  1260  1349 I libPerfService: 6: set freq: 819000
09-20 14:57:23.970193  1260  1349 I libPerfService: 6: set: 3
09-20 14:57:24.042546  1260  1315 D InputReader: AP_PROF:AppLaunch_dispatchPtr:Up:471520, ID:0, Index:1438534912
09-20 14:57:24.042653  1260  1315 I PerfService: PerfServiceNative_boostEnableTimeoutMsAsync:6, 100
09-20 14:57:24.044126  9497  9497 I MTKLogger/MainActivity: StartStopToggleButton button is clicked!
09-20 14:57:24.044221  9497  9497 I MTKLogger/MainActivity: isAutoTest()-> Monkey running flag is false
09-20 14:57:24.044654   431   917 V AudioPolicyIntefaceImpl: getOutput()
09-20 14:57:24.044735   431   917 V APM_AudioPolicyManager: getOutput() device 2, stream 1, samplingRate 0, format 0, channelMask 3, flags 0
09-20 14:57:24.044773   431   917 V APM_AudioPolicyManager:   getOutputForDevice() returns output 13
09-20 14:57:24.044965  1260  1335 D AudioSystem: getIoDescriptor: ioHandle = 13, index = 0, mIoDescriptors = 0x775484e150
09-20 14:57:24.045165   431   431 V AudioPolicyIntefaceImpl: getOutput()
09-20 14:57:24.045229   431   431 V APM_AudioPolicyManager: getOutput() device 2, stream 1, samplingRate 0, format 0, channelMask 3, flags 0
09-20 14:57:24.045270   431   431 V APM_AudioPolicyManager:   getOutputForDevice() returns output 13
09-20 14:57:24.045657  9497  9497 I MTKLogger/MainActivity: isAutoTest()-> isUserAMonkey=false
09-20 14:57:24.045660  1260  1335 D AudioSystem: getIoDescriptor: ioHandle = 13, index = 0, mIoDescriptors = 0x775484e150
09-20 14:57:24.045741  1260  1335 D AudioTrack: start(): 0x774c281000, mState = 1
09-20 14:57:24.045936   431   916 V AudioPolicyIntefaceImpl: StartOutputSamplerate()
09-20 14:57:24.046009   431   916 D APM_AudioPolicyManager: StartOutputSamplerate +output = 21 +stream = 1 session = 73 +samplerate=44100 mPrimaryOutput= 13
09-20 14:57:24.046033   431   916 V APM_AudioPolicyManager: startOutput() output 21, stream 1, session 73
09-20 14:57:24.046081   431   916 V APM::AudioOutputDescriptor: changeRefCount() stream 1, count 1
09-20 14:57:24.046180   431   916 V APM_AudioPolicyManager: getNewOutputDevice() selected device 2
09-20 14:57:24.046212   431   916 V APM_AudioPolicyManager: setOutputDevice() mIoHandle 21 device 0002(0002)(000f) delayMs 0 force 1 size 2
09-20 14:57:24.046232   431   916 V APM_AudioPolicyManager: setOutputDevice() changing device
09-20 14:57:24.046296   431   916 V AudioPolicyService: AudioCommandThread() adding create patch delay 0
09-20 14:57:24.047829   431   560 V AudioPolicyService: AudioCommandThread() processing create audio patch
09-20 14:57:24.048137  9497  9497 I MTKLogger/Utils: -->isServiceRunning() className = com.mediatek.mtklogger.c2klogger.C2KLogService, isRunning = false
09-20 14:57:24.048270  9497  9497 I MTKLogger/MainActivity: For customer user load, show stop log confirm dialog
09-20 14:57:24.051103   431   910 D AudioFlinger_Threads: SetStereoToMonoFlag, mSteroToMono 1
09-20 14:57:24.051163   431   910 D AudioALSAHardware: +createAudioPatch num_sources [1] , num_sinks [1]
09-20 14:57:24.051177   431   910 D AudioALSAHardware: id 0x4
09-20 14:57:24.051191   431   910 D AudioALSAHardware: role 0x1 AUDIO_PORT_ROLE_SOURCE
09-20 14:57:24.051204   431   910 D AudioALSAHardware: type 0x2 AUDIO_PORT_TYPE_MIX
09-20 14:57:24.051216   431   910 D AudioALSAHardware: mix.handle 15
09-20 14:57:24.051228   431   910 D AudioALSAHardware: id 0x2
09-20 14:57:24.051240   431   910 D AudioALSAHardware: role 0x2 AUDIO_PORT_ROLE_SINK
09-20 14:57:24.051253   431   910 D AudioALSAHardware: type 0x1 AUDIO_PORT_TYPE_DEVICE
09-20 14:57:24.051268   431   910 D AudioALSAHardware: device.hw_module a
09-20 14:57:24.051282   431   910 D AudioALSAHardware: device.type 2
09-20 14:57:24.051298   431   910 D AudioALSAHardware: +routing createAudioPatch Mixer->2
09-20 14:57:24.051354   431   910 D AudioALSAStreamManager: +setParameters(), IOport = 21, keyValuePairs = routing=2
09-20 14:57:24.051373   431   910 D AudioALSAStreamManager: Send to mStreamOutVector[1]
09-20 14:57:24.051398   431   910 D AudioALSAStreamOut: +setParameters(): routing=2
09-20 14:57:24.051447   431   910 D AudioALSAStreamManager: +routingOutputDevice()
09-20 14:57:24.051472   431   910 D AudioALSAStreamManager: routingOutputDevice(), output_devices: 0x2 => 0x2, mPhoneCallSpeechOpen = 0
09-20 14:57:24.051497   431   910 D AudioALSAVoiceWakeUpController: +updateDeviceInfoForVoiceWakeUp(), mIsUseHeadsetMic = 0
09-20 14:57:24.051635   431   910 D AudioHeadSetMessager: /sys/class/switch/h2w/state => 0
09-20 14:57:24.051678   431   910 D AudioALSAVoiceWakeUpController: -updateDeviceInfoForVoiceWakeUp(), mIsUseHeadsetMic = 0
09-20 14:57:24.051735   431   910 W AudioALSAStreamManager: -routingOutputDevice(), output_devices == current_output_devices(0x2), return
09-20 14:57:24.051765   431   910 D AudioALSAStreamOut: -setParameters(): routing=2 
09-20 14:57:24.051794   431   910 D AudioALSAStreamManager: -setParameters()
09-20 14:57:24.051828   431   910 D AudioALSAHardware: handlecheck createAudioPatch() removing patch handle 85 index 0 DL
09-20 14:57:24.051859   431   910 D AudioALSAHardware: handlecheck createAudioPatch sucess new *handle 0x56
09-20 14:57:24.052399   431   916 V AudioPolicyService: AudioCommandThread() adding update audio patch list
09-20 14:57:24.052494   431   561 V AudioPolicyService: AudioCommandThread() processing update audio patch list
09-20 14:57:24.053055   431   916 D APM::AudioOutputDescriptor: SwAudioOutputDescriptor::setVolume mIoHandle 21 id 4 change 0 volume -2.000000 stream 0 device 0x2 delayMs 0 force 0
09-20 14:57:24.053146   431   916 D APM::AudioOutputDescriptor: SwAudioOutputDescriptor::setVolume mIoHandle 21 id 4 change 0 volume -22.000000 stream 1 device 0x2 delayMs 0 force 0
09-20 14:57:24.053239   431   916 V APM_AudioPolicyManager: checkAndSetVolume() cannot set stream 6 volume with force use = 0 for comm
09-20 14:57:24.053355   431   916 D APM::AudioOutputDescriptor: SwAudioOutputDescriptor::setVolume mIoHandle 21 id 4 change 0 volume -22.000000 stream 1 device 0x2 delayMs 0 force 0
09-20 14:57:24.053399   431   916 D APM_AudioPolicyManager: PolicyFirstStart stream = 1 sampleRate = 44100, CheckFirstActive() 1 mSampleRate_Policy = 1
09-20 14:57:24.053719  1260  1335 D AudioTrack: AudioTrackThread::resume
09-20 14:57:24.053785  1260  1335 D AudioTrackCenter: setTrackActive, trackId: 0x774d400000, active: 1
09-20 14:57:24.053853  1260  3121 D AudioTrack: AudioTrackThread::pauseInternal: ns = 56074943
09-20 14:57:24.070790  9497  9497 D WindowClient: Add to mViews: DecorView@261ce76[], this = android.view.WindowManagerGlobal@beabd7
09-20 14:57:24.071304   431   910 D AudioFlinger_Threads: 0xeef03b80:threadLoop_write write data to hw, mixerStatus 2, muted count 68
09-20 14:57:24.072864  9497 11358 D OpenGLRenderer: CanvasContext() 0x7763b8d000
09-20 14:57:24.073724  9497  9497 D ViewRootImpl[MainActivity]: hardware acceleration is enabled, this = ViewRoot{24c398 com.mediatek.mtklogger/com.mediatek.mtklogger.MainActivity,ident = 5}
09-20 14:57:24.074201   431   909 D AudioMixer: getTrackName, n 1 start init
09-20 14:57:24.087996   282   282 I BufferQueue: [unnamed-282-115](this:0x7779e0d800,id:115,api:0,p:-1,c:-1) BufferQueue core=(282:/system/bin/surfaceflinger)
09-20 14:57:24.088229   282   282 I BufferQueueConsumer: [unnamed-282-115](this:0x7779e0d800,id:115,api:0,p:-1,c:282) connect(C): consumer=(282:/system/bin/surfaceflinger) controlledByApp=false
09-20 14:57:24.088272   282   282 I BufferQueueConsumer: [unnamed-282-115](this:0x7779e0d800,id:115,api:0,p:-1,c:282) setConsumerName: unnamed-282-115
09-20 14:57:24.088316   282   282 I BufferQueueConsumer: [com.mediatek.mtklogger/com.mediatek.mtklogger.MainActivity](this:0x7779e0d800,id:115,api:0,p:-1,c:282) setConsumerName: com.mediatek.mtklogger/com.mediatek.mtklogger.MainActivity
09-20 14:57:24.088355   282   282 I BufferQueueProducer: [](this:0x7779e0d800,id:115,api:0,p:-1,c:282) setMaxDequeuedBufferCount: maxDequeuedBuffers = 2
09-20 14:57:24.088407   282   282 I BufferQueueConsumer: [com.mediatek.mtklogger/com.mediatek.mtklogger.MainActivity](this:0x7779e0d800,id:115,api:0,p:-1,c:282) setDefaultBufferSize: width=1 height=1
09-20 14:57:24.106881   282   282 I BufferQueueConsumer: [com.mediatek.mtklogger/com.mediatek.mtklogger.MainActivity](this:0x7779e0d800,id:115,api:0,p:-1,c:282) setDefaultBufferSize: width=684 height=390
09-20 14:57:24.110123  1260  3121 D AudioTrack: AudioTrackThread::pauseInternal: ns = 15440176
09-20 14:57:24.111825  9497  9497 D Surface : Surface::allocateBuffers(this=0x776e454e00)
09-20 14:57:24.111851  9497 11358 D OpenGLRenderer: CanvasContext() 0x7763b8d000 initialize window=0x776e454e00, title=com.mediatek.mtklogger/com.mediatek.mtklogger.MainActivity
09-20 14:57:24.111962  9497 11358 D Surface : Surface::connect(this=0x776e454e00,api=1)
09-20 14:57:24.112320   282  1357 I BufferQueueProducer: [com.mediatek.mtklogger/com.mediatek.mtklogger.MainActivity](this:0x7779e0d800,id:115,api:1,p:9497,c:282) connect(P): api=1 producer=(9497:com.mediatek.mtklogger) producerControlledByApp=true
09-20 14:57:24.112522   282   295 D GraphicBuffer: alloc, handle(0x777c3a4340) (w:684 h:390 s:688 f:0x1 u:0x000900) err(0)
09-20 14:57:24.112522  9497 11358 W libEGL  : [ANDROID_RECORDABLE] format: 1
09-20 14:57:24.112901   282   295 D GraphicBuffer: alloc, handle(0x777c3abd00) (w:684 h:390 s:688 f:0x1 u:0x000900) err(0)
09-20 14:57:24.113276   282   295 D GraphicBuffer: alloc, handle(0x777c3abdc0) (w:684 h:390 s:688 f:0x1 u:0x000900) err(0)
09-20 14:57:24.114499  9497 11358 D mali_winsys: EGLint new_window_surface(egl_winsys_display*, void*, EGLSurface, EGLConfig, egl_winsys_surface**, egl_color_buffer_format*, EGLBoolean) returns 0x3000
09-20 14:57:24.114871   431   909 E AudioFlinger: getNextBuffer, track(0xee683000) get null buffer, mState 6, mFillingUpStatus 2
09-20 14:57:24.125764  9497 11358 D OpenGLRenderer: CacheTexture 11 upload: x, y, width height = 152, 0, 500, 509
09-20 14:57:24.125781  1260  3121 D AudioTrack: AudioTrackThread::pauseInternal: ns = 9223372036854775807
09-20 14:57:24.125792  1260  1392 D AudioTrack: stop(): 0x774c281000, mState = 0
09-20 14:57:24.126212   282  1357 I BufferQueueProducer: [com.mediatek.mtklogger/com.mediatek.mtklogger.MainActivity](this:0x7779e0d800,id:115,api:1,p:9497,c:282) new GraphicBuffer needed
09-20 14:57:24.126285   282  1357 D GraphicBuffer: free, handle(0x777c3abdc0) (w:684 h:390 s:688 f:0x1 u:0x000900)
09-20 14:57:24.126802   282  1357 D GraphicBuffer: alloc, handle(0x777c3abdc0) (w:684 h:390 s:688 f:0x1 u:0x000b00) err(0)
09-20 14:57:24.127626  1767  1769 E GED     : Failed to execute ioctl 3222824709, BridgeID(5), err(-1)
09-20 14:57:24.127778  9497 11358 D GraphicBuffer: register, handle(0x775314f540) (w:684 h:390 s:688 f:0x1 u:0x000b00)
09-20 14:57:24.127830   282   293 I SurfaceFlinger: Adjust vsync offset: old[0] new[0]
09-20 14:57:24.127928  1260  1392 D AudioTrack: AudioTrackThread::pause
09-20 14:57:24.127979  1260  1392 D AudioTrackCenter: setTrackActive, trackId: 0x774d400000, active: 0
09-20 14:57:24.134840   282  2571 I BufferQueueProducer: [com.mediatek.mtklogger/com.mediatek.mtklogger.MainActivity](this:0x7779e0d800,id:115,api:1,p:9497,c:282) new GraphicBuffer needed
09-20 14:57:24.134934   282  2571 D GraphicBuffer: free, handle(0x777c3abd00) (w:684 h:390 s:688 f:0x1 u:0x000900)
09-20 14:57:24.135567   282  2571 D GraphicBuffer: alloc, handle(0x777c3abd00) (w:684 h:390 s:688 f:0x1 u:0x000b00) err(0)
09-20 14:57:24.136073  9497 11358 D GraphicBuffer: register, handle(0x7753150a40) (w:684 h:390 s:688 f:0x1 u:0x000b00)
09-20 14:57:24.143261  1260  1349 D PerfServiceManager: [PerfService] MESSAGE_TIMEOUT:106 
09-20 14:57:24.143562  1767  1769 E GED     : Failed to execute ioctl 3222824709, BridgeID(5), err(-1)
09-20 14:57:24.143613  1767  1769 E GED     : Failed to execute ioctl 3222824709, BridgeID(5), err(-1)
09-20 14:57:24.176638 12109 12109 I dex2oat : dex2oat took 242.332ms (threads: 4) arena alloc=1688KB (1728888B) java alloc=306KB (313576B) native alloc=1279KB (1310592B) free=3MB (3932288B)
09-20 14:57:24.178729   431   910 V AudioPolicyIntefaceImpl: StopOutputSamplerate()
09-20 14:57:24.178801   431   910 D AudioPolicyService: AudioCommandThread() adding stopOutputSamplerateCommand 21
09-20 14:57:24.178880   431   910 D AudioFlinger_Threads: 0xeef03b80:threadLoop_write write muted data to hw, mixerStatus 0 start
09-20 14:57:24.178889   431   561 V AudioPolicyService: AudioCommandThread() processing stopoutputsamplerate 21
09-20 14:57:24.178933   431   561 V AudioPolicyIntefaceImpl: doStopOutputSamplerate from tid 561
09-20 14:57:24.178980   431   561 D APM_AudioPolicyManager: StopOutputSampletate -output = 21 -stream = 1 session = 73 -samplerate=44100 mPrimaryOutput = 13
09-20 14:57:24.179038   431   561 V AudioPolicyService: AudioCommandThread() adding set parameter string FM_DIRECT_CONTROL=1, io 13 ,delay 0
09-20 14:57:24.179136   431   560 V AudioPolicyService: AudioCommandThread() processing set parameters string FM_DIRECT_CONTROL=1, io 13
09-20 14:57:24.179166   431   560 D AudioSystem: +setParameters(): FM_DIRECT_CONTROL=1 
09-20 14:57:24.179312   431   907 D AudioALSAStreamOut: +setParameters(): FM_DIRECT_CONTROL=1
09-20 14:57:24.179360   431   907 D AudioALSAStreamOut: -setParameters(): FM_DIRECT_CONTROL=1 
09-20 14:57:24.179466   431   560 D AudioSystem: -setParameters(): FM_DIRECT_CONTROL=1 
09-20 14:57:24.179526   431   561 V APM_AudioPolicyManager: stopOutput() output 21, stream 1, session 73
09-20 14:57:24.179563   431   561 V APM::AudioOutputDescriptor: changeRefCount() stream 1, count 0
09-20 14:57:24.179601   431   561 V APM_AudioPolicyManager: getNewOutputDevice() selected device 0
09-20 14:57:24.179630   431   561 V APM_AudioPolicyManager: setOutputDevice() mIoHandle 21 device 0000(0002)(000f) delayMs 114 force 0 size 2
09-20 14:57:24.179696   431   561 V APM_AudioPolicyManager: setOutputDevice() setting same device 0x0000 or null device
09-20 14:57:24.179808   431   561 V APM_AudioPolicyManager: getNewOutputDevice() selected device 0
09-20 14:57:24.180000 12089 12089 W mestore:zremote: type=1400 audit(0.0:1421): avc: denied { execute } for path="/data/data/com.zookingsoft.themestore/app_gdtodex/gdt.dex" dev="dm-1" ino=443401 scontext=u:r:platform_app:s0:c512,c768 tcontext=u:object_r:yl_trusted_app_data_file:s0:c512,c768 tclass=file permissive=0
09-20 14:57:24.180000 12089 12089 W mestore:zremote: type=1400 audit(0.0:1422): avc: denied { execute } for path="/data/data/com.zookingsoft.themestore/app_gdtodex/gdt.dex" dev="dm-1" ino=443401 scontext=u:r:platform_app:s0:c512,c768 tcontext=u:object_r:yl_trusted_app_data_file:s0:c512,c768 tclass=file permissive=0
09-20 14:57:24.190506   282   282 I BufferQueueProducer: [FrameBufferSurface_0](this:0x777db3a000,id:0,api:1,p:282,c:282) queueBuffer: fps=15.91 dur=1633.97 max=1227.11 min=13.61
09-20 14:57:24.218203 12089 12089 D MPlugin : com.mediatek.common.telephony.IOnlyOwnerSimSupportClazz exists on mapping table : false
09-20 14:57:24.218275 12089 12089 E MPlugin : Unsupported class: com.mediatek.common.telephony.IOnlyOwnerSimSupport
09-20 14:57:24.219628 12089 12089 D Ads     : MService: onCreate()++
09-20 14:57:24.226379 12089 12120 D Ads     : ServerWork:now load dex!
09-20 14:57:24.226543   283  2549 I MAL-RDS :  (    ru_mdmngr_send_atcmd, 2403) [RDS-I][RDS][RU][ru_mdmngr_send_atcmd] try to send ATcmd : AT+ECSQ, priv(0xed6087f8), at_type(5)
09-20 14:57:24.226810   283   632 D MAL-MDMNGR:  (         mdmngr_task_hdl,  141) EVENT_MDMNGR_ATCMD_REQ@MDMNGR, event = 3002, priv_data = f13b0a40, channel = 302, sim_slot=0, md_type=0, cmd =(AT+ECSQ), prefix=(NULL) (vendor/mediatek/proprietary/frameworks/opt/mal/entity/mdmngr/mdmngr.c:141)
09-20 14:57:24.226935   283   652 D MAL-RILP:  (void *rilproxy_task_hdl(,  389) rilproxy_task_hdl(), receive event = 2002
09-20 14:57:24.226980   283   652 D MAL-RILP:  (void *rilproxy_task_hdl(,  484) req channel = 302, ril_request_id = 2106, channel = 1
09-20 14:57:24.227052   283   652 D MAL-RILP:  (int rilproxy_send_ril_re,  269) send ril request, header_size = 4, sim_id = 0, request_id = 2106, serial_no = 6e00, length = 20000000, send_size = 32(20), fd = 22
09-20 14:57:24.229100 12089 12089 D Ads     : MService: onCreate()--
09-20 14:57:24.230000 12120 12120 W adthread: type=1400 audit(0.0:1423): avc: denied { execute } for path="/data/data/com.zookingsoft.themestore/app_dex/EventDex.dex" dev="dm-1" ino=419824 scontext=u:r:platform_app:s0:c512,c768 tcontext=u:object_r:yl_trusted_app_data_file:s0:c512,c768 tclass=file permissive=0
09-20 14:57:24.239142   283   651 D MAL-RILP:  (void *rilproxy_cmd_resp_,  695) recv ril resp, length = 64, type = 0, result = 0, serial_no = 6e00, header_size = 0, ret= 48, sizeof(header_size) = 4, sim_id = 0, event_id = 2002
09-20 14:57:24.239436   283   632 D MAL-MDMNGR:  (         mdmngr_task_hdl,  203) EVENT_MDMNGR_ATCMD_RESP@MDMNGR, event_req = f13b0a40, ID = 3002, priv_data = 0xed6087f8, result = (0), prefix=(NULL), sim_slot=(0), md_type=(0) (vendor/mediatek/proprietary/frameworks/opt/mal/entity/mdmngr/mdmngr.c:203)
09-20 14:57:24.239689   283   646 I MAL-RDS :  (rds_ru_mdmngr_atrsp_hndl, 2690) [RDS-I][RDS][RU][rds_ru_mdmngr_atrsp_hndl] get AT resp: +ECSQ: 31,99,-317,1,1,1,1,0,32767
09-20 14:57:24.239689   283   646 I MAL-RDS : 
09-20 14:57:24.239689   283   646 I MAL-RDS : OK
09-20 14:57:24.239689   283   646 I MAL-RDS : , priv: 0xed6087f8, at_type: 5
09-20 14:57:24.239762   283   646 I MAL-RDS :  (     ru_parse_3gppsigval, 1662) [RDS-I][RDS][ru_parse_3gppsigval] 3gppsigval #args act<0>
09-20 14:57:24.230000 12120 12120 W adthread: type=1400 audit(0.0:1424): avc: denied { execute } for path="/data/data/com.zookingsoft.themestore/app_dex/EventDex.dex" dev="dm-1" ino=419824 scontext=u:r:platform_app:s0:c512,c768 tcontext=u:object_r:yl_trusted_app_data_file:s0:c512,c768 tclass=file permissive=0
09-20 14:57:24.278815  1260  1349 D PerfServiceManager: [PerfService] MESSAGE_TIMEOUT:107 
09-20 14:57:24.279100  1260  1349 I libPerfService: 7: set: 1
09-20 14:57:24.279212  1260  1349 I libPerfService: 7: set freq: 0
09-20 14:57:24.279321  1260  1349 D PerfServiceManager: [PerfService] set utilization:0.8 
09-20 14:57:24.320439 12124 12124 I dex2oat : /system/bin/dex2oat --dex-file=/data/user/0/com.zookingsoft.themestore/app_update/EventDex.dex --oat-fd=44 --oat-location=/data/user/0/com.zookingsoft.themestore/app_dex/EventDex.dex --compiler-filter=speed
09-20 14:57:24.330636   431   907 D AudioFlinger_Threads: thread 0xef291f80 type 0 TID 907 going to sleep
09-20 14:57:24.508640   275   275 I wmt_launcher: fw log ctrl flag has been set
09-20 14:57:24.508698   275   275 I wmt_launcher: fw dynamic ctrl flag has been set
09-20 14:57:24.533868  9497 11358 D OpenGLRenderer: CacheTexture 11 upload: x, y, width height = 652, 0, 85, 116
09-20 14:57:24.662953  1767  1770 E GED     : Failed to execute ioctl 3222824709, BridgeID(5), err(-1)
09-20 14:57:24.663040  1767  1770 E GasService: Error on query GED info, err=1
09-20 14:57:24.844458  1260  1315 D InputReader: AP_PROF:AppLaunch_dispatchPtr:Down:472322, ID:0, Index:1438531520
09-20 14:57:24.844570  1260  1315 I PerfService: PerfServiceNative_boostEnableAsync:6
09-20 14:57:24.845214  1260  1349 I libPerfService: 6: set freq: 819000
09-20 14:57:24.845355  1260  1349 I libPerfService: 6: set: 3
09-20 14:57:24.866862   282  1357 I BufferQueueProducer: [com.mediatek.mtklogger/com.mediatek.mtklogger.MainActivity](this:0x7779e0d800,id:115,api:1,p:9497,c:282) new GraphicBuffer needed
09-20 14:57:24.866959   282  1357 D GraphicBuffer: free, handle(0x777c3a4340) (w:684 h:390 s:688 f:0x1 u:0x000900)
09-20 14:57:24.867586   282  1357 D GraphicBuffer: alloc, handle(0x777c3a4340) (w:684 h:390 s:688 f:0x1 u:0x000b00) err(0)
09-20 14:57:24.868376  9497 11358 D GraphicBuffer: register, handle(0x7753151c40) (w:684 h:390 s:688 f:0x1 u:0x000b00)
09-20 14:57:24.891677   282   282 I DisplayDevice: [Built-in Screen (type:0)] fps:18.861271,dur:1325.47,max:441.85,min:1.24
09-20 14:57:24.908263  1260  1315 D InputReader: AP_PROF:AppLaunch_dispatchPtr:Up:472386, ID:0, Index:1438534912
09-20 14:57:24.908360  1260  1315 I PerfService: PerfServiceNative_boostEnableTimeoutMsAsync:6, 100
09-20 14:57:24.910011  9497  9497 I MTKLogger/MTKLoggerService: -->stopRecording(), logTypeCluster=1, reason=from_ui
09-20 14:57:24.910151  9497  9497 I MTKLogger/MTKLoggerService: logTypeClusterNeeded = 1
09-20 14:57:24.910329  9497  9515 I MTKLogger/MobileLog: Handle receive message, what=3
09-20 14:57:24.910412  9497  9515 I MTKLogger/MobileLog: Mobile log stop reason = from_ui
09-20 14:57:24.910519  9497  9515 W MTKLogger/MobileLog: Stop command come from UI, change log auto start to false at the same time
09-20 14:57:24.911178   431   917 V AudioPolicyIntefaceImpl: getOutput()
09-20 14:57:24.911258  9497  9515 I MTKLogger/LogConnection: <--send cmd done : [deep_stop] to [mobilelogd]
09-20 14:57:24.911268   431   917 V APM_AudioPolicyManager: getOutput() device 2, stream 1, samplingRate 0, format 0, channelMask 3, flags 0
09-20 14:57:24.911307   431   917 V APM_AudioPolicyManager:   getOutputForDevice() returns output 13
09-20 14:57:24.911482  1260  1335 D AudioSystem: getIoDescriptor: ioHandle = 13, index = 0, mIoDescriptors = 0x775484e150
09-20 14:57:24.911661   431   431 V AudioPolicyIntefaceImpl: getOutput()
09-20 14:57:24.911726   431   431 V APM_AudioPolicyManager: getOutput() device 2, stream 1, samplingRate 0, format 0, channelMask 3, flags 0
09-20 14:57:24.911763   431   431 V APM_AudioPolicyManager:   getOutputForDevice() returns output 13
09-20 14:57:24.911884  1260  1335 D AudioSystem: getIoDescriptor: ioHandle = 13, index = 0, mIoDescriptors = 0x775484e150
09-20 14:57:24.912020  1260  1335 D AudioTrack: start(): 0x774c281000, mState = 1
09-20 14:57:24.912226   431   916 V AudioPolicyIntefaceImpl: StartOutputSamplerate()
09-20 14:57:24.912282   431   916 D APM_AudioPolicyManager: StartOutputSamplerate +output = 21 +stream = 1 session = 73 +samplerate=44100 mPrimaryOutput= 13
09-20 14:57:24.912314   431   916 V APM_AudioPolicyManager: startOutput() output 21, stream 1, session 73
09-20 14:57:24.912358   431   916 V APM::AudioOutputDescriptor: changeRefCount() stream 1, count 1
09-20 14:57:24.912469   431   916 V APM_AudioPolicyManager: getNewOutputDevice() selected device 2
09-20 14:57:24.912501   431   916 V APM_AudioPolicyManager: setOutputDevice() mIoHandle 21 device 0002(0002)(000f) delayMs 0 force 1 size 2
09-20 14:57:24.912521   431   916 V APM_AudioPolicyManager: setOutputDevice() changing device
09-20 14:57:24.912590   431   916 V AudioPolicyService: AudioCommandThread() adding create patch delay 0
09-20 14:57:24.912675   431   560 V AudioPolicyService: AudioCommandThread() processing create audio patch
09-20 14:57:24.913626   369   547 I MobileLogD: recv deep_stop from 6
09-20 14:57:24.916858   369 12130 I MobileLogD: thread 12130 handle msg
09-20 14:57:24.917626   369 12130 I MobileLogD/config: thread 12130 comes
09-20 14:57:24.919042   431   910 D AudioFlinger_Threads: SetStereoToMonoFlag, mSteroToMono 1
09-20 14:57:24.919112   431   910 D AudioALSAHardware: +createAudioPatch num_sources [1] , num_sinks [1]
09-20 14:57:24.919129   431   910 D AudioALSAHardware: id 0x4
09-20 14:57:24.919144   431   910 D AudioALSAHardware: role 0x1 AUDIO_PORT_ROLE_SOURCE
09-20 14:57:24.919161   431   910 D AudioALSAHardware: type 0x2 AUDIO_PORT_TYPE_MIX
09-20 14:57:24.919179   431   910 D AudioALSAHardware: mix.handle 15
09-20 14:57:24.919190   431   910 D AudioALSAHardware: id 0x2
09-20 14:57:24.919203   431   910 D AudioALSAHardware: role 0x2 AUDIO_PORT_ROLE_SINK
09-20 14:57:24.919217   431   910 D AudioALSAHardware: type 0x1 AUDIO_PORT_TYPE_DEVICE
09-20 14:57:24.919230   431   910 D AudioALSAHardware: device.hw_module a
09-20 14:57:24.919244   431   910 D AudioALSAHardware: device.type 2
09-20 14:57:24.919260   431   910 D AudioALSAHardware: +routing createAudioPatch Mixer->2
09-20 14:57:24.919319   431   910 D AudioALSAStreamManager: +setParameters(), IOport = 21, keyValuePairs = routing=2
09-20 14:57:24.919341   431   910 D AudioALSAStreamManager: Send to mStreamOutVector[1]
09-20 14:57:24.919365   431   910 D AudioALSAStreamOut: +setParameters(): routing=2
09-20 14:57:24.919417   431   910 D AudioALSAStreamManager: +routingOutputDevice()
09-20 14:57:24.919444   431   910 D AudioALSAStreamManager: routingOutputDevice(), output_devices: 0x2 => 0x2, mPhoneCallSpeechOpen = 0
09-20 14:57:24.919469   431   910 D AudioALSAVoiceWakeUpController: +updateDeviceInfoForVoiceWakeUp(), mIsUseHeadsetMic = 0
09-20 14:57:24.919604   431   910 D AudioHeadSetMessager: /sys/class/switch/h2w/state => 0
09-20 14:57:24.919648   431   910 D AudioALSAVoiceWakeUpController: -updateDeviceInfoForVoiceWakeUp(), mIsUseHeadsetMic = 0
09-20 14:57:24.919679   431   910 W AudioALSAStreamManager: -routingOutputDevice(), output_devices == current_output_devices(0x2), return
09-20 14:57:24.919706   431   910 D AudioALSAStreamOut: -setParameters(): routing=2 
09-20 14:57:24.919739   431   910 D AudioALSAStreamManager: -setParameters()
09-20 14:57:24.919774   431   910 D AudioALSAHardware: handlecheck createAudioPatch() removing patch handle 86 index 0 DL
09-20 14:57:24.919806   431   910 D AudioALSAHardware: handlecheck createAudioPatch sucess new *handle 0x57
09-20 14:57:24.919953   431   916 V AudioPolicyService: AudioCommandThread() adding update audio patch list
09-20 14:57:24.920019   431   561 V AudioPolicyService: AudioCommandThread() processing update audio patch list
09-20 14:57:24.920055   431   916 D APM::AudioOutputDescriptor: SwAudioOutputDescriptor::setVolume mIoHandle 21 id 4 change 0 volume -2.000000 stream 0 device 0x2 delayMs 0 force 0
09-20 14:57:24.920324   431   916 D APM::AudioOutputDescriptor: SwAudioOutputDescriptor::setVolume mIoHandle 21 id 4 change 0 volume -22.000000 stream 1 device 0x2 delayMs 0 force 0
09-20 14:57:24.920439   431   916 V APM_AudioPolicyManager: checkAndSetVolume() cannot set stream 6 volume with force use = 0 for comm
09-20 14:57:24.920560   431   916 D APM::AudioOutputDescriptor: SwAudioOutputDescriptor::setVolume mIoHandle 21 id 4 change 0 volume -22.000000 stream 1 device 0x2 delayMs 0 force 0
09-20 14:57:24.920606   431   916 D APM_AudioPolicyManager: PolicyFirstStart stream = 1 sampleRate = 44100, CheckFirstActive() 1 mSampleRate_Policy = 1
09-20 14:57:24.920764  1260  1335 D AudioTrack: AudioTrackThread::resume
09-20 14:57:24.920889  1260  1335 D AudioTrackCenter: setTrackActive, trackId: 0x774d400000, active: 1
09-20 14:57:24.920949  1260  3121 D AudioTrack: AudioTrackThread::pauseInternal: ns = 56075174
09-20 14:57:24.925643   369 11763 E MobileLogD/new: stop logging...
09-20 14:57:24.926186   369 11764 I MobileLogD/new: flush mobilelog buffer before stopped...
09-20 14:57:24.927160 12124 12126 W dex2oat : Compilation of void com.main.event.a.c.a(com.main.event.a.f) took 129.931ms
09-20 14:57:24.929187   369 11763 I MobileLogD/bootmode: deinit debug
09-20 14:57:24.930399   431   910 D AudioFlinger_Threads: 0xeef03b80:threadLoop_write write data to hw, mixerStatus 2, muted count 33
09-20 14:57:24.933361   431   909 D AudioMixer: getTrackName, n 1 start init
09-20 14:57:24.938926   369 11764 I MobileLogD/new: mobile_log_d.wr exit!
09-20 14:57:24.949879  9497  9497 D WindowClient: Add to mViews: DecorView@29c42c8[停止录制], this = android.view.WindowManagerGlobal@beabd7
09-20 14:57:24.953050  9497 11358 D OpenGLRenderer: CanvasContext() 0x775208f000
09-20 14:57:24.953752  9497  9497 D ViewRootImpl[停止录制]: hardware acceleration is enabled, this = ViewRoot{b3d4b09 停止录制,ident = 6}
09-20 14:57:24.959989  9497  9507 I art     : Enter while loop.
09-20 14:57:24.967086  9497 11358 D OpenGLRenderer: ~CanvasContext() 0x7763b90800
09-20 14:57:24.967940   369 12130 I MobileLogD/config: thread 12130 ends
09-20 14:57:24.970697  9497 11358 D Surface : Surface::disconnect(this=0x776e454e00,api=1)
09-20 14:57:24.971031   282   295 I BufferQueueProducer: [com.mediatek.mtklogger/com.mediatek.mtklogger.MainActivity](this:0x7779e0d800,id:115,api:1,p:-1,c:282) disconnect(P): api 1
09-20 14:57:24.971134   282   295 D GraphicBuffer: free, handle(0x777c3a4340) (w:684 h:390 s:688 f:0x1 u:0x000b00)
09-20 14:57:24.971264   282   295 I BufferQueueConsumer: [com.mediatek.mtklogger/com.mediatek.mtklogger.MainActivity](this:0x7779e0d800,id:115,api:1,p:-1,c:282) getReleasedBuffers: returning mask 0xffffffffffffffff
09-20 14:57:24.971570  9497 11358 D GraphicBuffer: unregister, handle(0x775314f540) (w:684 h:390 s:688 f:0x1 u:0x000b00)
09-20 14:57:24.971704  9497 11358 D GraphicBuffer: unregister, handle(0x7753150a40) (w:684 h:390 s:688 f:0x1 u:0x000b00)
09-20 14:57:24.971807  9497 11358 D GraphicBuffer: unregister, handle(0x7753151c40) (w:684 h:390 s:688 f:0x1 u:0x000b00)
09-20 14:57:24.972083  9497 11358 D Surface : Surface::disconnect(this=0x776e454e00,api=1)
09-20 14:57:24.972389   282   293 I BufferQueueProducer: [com.mediatek.mtklogger/com.mediatek.mtklogger.MainActivity](this:0x7779e0d800,id:115,api:1,p:-1,c:282) disconnect(P): api 1
09-20 14:57:24.974004   431   909 E AudioFlinger: getNextBuffer, track(0xee683000) get null buffer, mState 6, mFillingUpStatus 2
09-20 14:57:24.977285  1260  1392 D AudioTrack: stop(): 0x774c281000, mState = 0
09-20 14:57:24.977283  1260  3121 D AudioTrack: AudioTrackThread::pauseInternal: ns = 9223372036854775807
09-20 14:57:24.977585  1260  1392 D AudioTrack: AudioTrackThread::pause
09-20 14:57:24.977629  1260  1392 D AudioTrackCenter: setTrackActive, trackId: 0x774d400000, active: 0
09-20 14:57:24.993886 12131 12131 D AEE/AEE_CL: aee mode is switched to 4 by process: mobile_log_d pid: 369
09-20 14:57:24.994001 12131 12131 D AEE/RTT_LIB: Rtt command(type:0, file_path:4 arg0:369)
09-20 14:57:24.994331 12131 12131 D AEE/RTT_LIB: Rtt waiting daemon finish the job...
09-20 14:57:24.994398 11766 11766 D AEE/AED : $===AEE===AEE===AEE===$
09-20 14:57:24.994473 11766 11766 D AEE/AED : p 0 poll events 1 revents 1
09-20 14:57:24.994588 11766 11766 D AEE/AED : requesting from: pid=12131 cmd=0
09-20 14:57:24.994610 11766 11766 D AEE/AED : Got RTT_AEE_CHANGEMODE, mode(4), arg0(369)
09-20 14:57:25.008033  9497  9497 D WindowClient: Remove from mViews: DecorView@261ce76[], this = android.view.WindowManagerGlobal@beabd7
09-20 14:57:25.009541  1260  1349 D PerfServiceManager: [PerfService] MESSAGE_TIMEOUT:106 
09-20 14:57:25.012504   282   282 I BufferQueue: [unnamed-282-116](this:0x7779e51800,id:116,api:0,p:-1,c:-1) BufferQueue core=(282:/system/bin/surfaceflinger)
09-20 14:57:25.012762   282   282 I BufferQueueConsumer: [unnamed-282-116](this:0x7779e51800,id:116,api:0,p:-1,c:282) connect(C): consumer=(282:/system/bin/surfaceflinger) controlledByApp=false
09-20 14:57:25.012809   282   282 I BufferQueueConsumer: [unnamed-282-116](this:0x7779e51800,id:116,api:0,p:-1,c:282) setConsumerName: unnamed-282-116
09-20 14:57:25.012852   282   282 I BufferQueueConsumer: [停止录制](this:0x7779e51800,id:116,api:0,p:-1,c:282) setConsumerName: 停止录制
09-20 14:57:25.012903   282   282 I BufferQueueProducer: [](this:0x7779e51800,id:116,api:0,p:-1,c:282) setMaxDequeuedBufferCount: maxDequeuedBuffers = 2
09-20 14:57:25.012956   282   282 I BufferQueueConsumer: [停止录制](this:0x7779e51800,id:116,api:0,p:-1,c:282) setDefaultBufferSize: width=1 height=1
09-20 14:57:25.012993 11766 11766 V AEE/AED : No exception handling or backtrace dumping now, aed quit 
09-20 14:57:25.013137 12131 12131 D AEE/RTT_LIB: Rtt send req done
09-20 14:57:25.013548 12131 12131 D AEE/RTT_LIB: Rtt waiting 64_daemon finish the job...
09-20 14:57:25.013626 11767 11767 D AEE/AED : $===AEE===AEE===AEE===$
09-20 14:57:25.013664 11767 11767 D AEE/AED : p 0 poll events 1 revents 1
09-20 14:57:25.013761 11767 11767 D AEE/AED : requesting from: pid=12131 cmd=0
09-20 14:57:25.013782 11767 11767 D AEE/AED : Got RTT_AEE_CHANGEMODE, mode(4), arg0(369)
