09-20 14:57:37.562938 12460 12460 I art     : Enter while loop.
09-20 14:57:37.565098 12460 12460 W System  : ClassLoader referenced unknown path: /system/priv-app/ThemeStore_coolpad_v2.1.35/lib/arm
09-20 14:57:37.570000 12460 12460 W mestore:zremote: type=1400 audit(0.0:1477): avc: denied { execute } for path="/data/data/com.zookingsoft.themestore/app_bdodex/bd.dex" dev="dm-1" ino=443392 scontext=u:r:platform_app:s0:c512,c768 tcontext=u:object_r:yl_trusted_app_data_file:s0:c512,c768 tclass=file permissive=0
09-20 14:57:37.570000 12460 12460 W mestore:zremote: type=1400 audit(0.0:1478): avc: denied { execute } for path="/data/data/com.zookingsoft.themestore/app_bdodex/bd.dex" dev="dm-1" ino=443392 scontext=u:r:platform_app:s0:c512,c768 tcontext=u:object_r:yl_trusted_app_data_file:s0:c512,c768 tclass=file permissive=0
09-20 14:57:37.648313 12474 12474 I dex2oat : /system/bin/dex2oat --dex-file=/data/user/0/com.zookingsoft.themestore/app_bddex/bd.dex --oat-fd=42 --oat-location=/data/user/0/com.zookingsoft.themestore/app_bdodex/bd.dex --compiler-filter=speed
09-20 14:57:37.668608  9497  9497 I MTKLogger/LogInstance: -->showLogStatusInNotificationBar(), enable?true, title=MTKLogger 正在运行, summary=Network log, Mobile log 已打开., tickerText=Network log, Mobile log 已打开., icon=2130837539
09-20 14:57:37.670226  9497  9497 I MTKLogger/LogInstance: Give service foreground priority since log is on
09-20 14:57:37.676967  1767  1770 E GED     : Failed to execute ioctl 3222824709, BridgeID(5), err(-1)
09-20 14:57:37.677044  1767  1770 E GasService: Error on query GED info, err=1
09-20 14:57:37.727395  1992  2004 D BitmapFactory: decodeFile() pathName = system/lib/uitechno/icon/com_mediatek_mtklogger.png
09-20 14:57:37.727773  1992  2004 E BitmapFactory: Unable to decode stream: java.io.FileNotFoundException: system/lib/uitechno/icon/com_mediatek_mtklogger.png (No such file or directory)
09-20 14:57:37.728403  1992  2004 D LauncherL.YLThemeService: e == android.content.pm.PackageManager$NameNotFoundException: ComponentInfo{com.mediatek.mtklogger/com.mediatek.mtklogger}
09-20 14:57:37.728470  1992  2004 E LauncherL.IconProvider: packageName =com.mediatek.mtklogger, activityName = com.mediatek.mtklogger, userId =0
09-20 14:57:37.738090   282  1357 I BufferQueueProducer: [com.mediatek.mtklogger/com.mediatek.mtklogger.MainActivity](this:0x777c9d1000,id:122,api:1,p:9497,c:282) queueBuffer: fps=2.97 dur=1010.23 max=978.98 min=10.99
09-20 14:57:37.741683  1992  2003 D BitmapFactory: decodeFile() pathName = system/lib/uitechno/icon/com_mediatek_mtklogger.png
09-20 14:57:37.742143  1992  2003 E BitmapFactory: Unable to decode stream: java.io.FileNotFoundException: system/lib/uitechno/icon/com_mediatek_mtklogger.png (No such file or directory)
09-20 14:57:37.742645  1992  2003 D LauncherL.YLThemeService: e == android.content.pm.PackageManager$NameNotFoundException: ComponentInfo{com.mediatek.mtklogger/com.mediatek.mtklogger}
09-20 14:57:37.742720  1992  2003 E LauncherL.IconProvider: packageName =com.mediatek.mtklogger, activityName = com.mediatek.mtklogger, userId =0
09-20 14:57:37.746326  1431  1431 E PhoneStatusBar: isNotificationShow=true,mBoolRefreshNotificationIcon=false
09-20 14:57:37.750463  1431  1431 D         : addKeyguardIconView count=0 pkg=com.mediatek.mtklogger
09-20 14:57:37.751006  1431  1431 D PhoneStatusBar: isOtherThemeMode = false
09-20 14:57:37.751040  1431  1431 D PhoneStatusBar: lockWallpaper is = null
09-20 14:57:37.753712   282   282 I DisplayDevice: [Built-in Screen (type:0)] fps:34.091766,dur:1730.62,max:752.14,min:13.18
09-20 14:57:37.762867   282  1357 I BufferQueueProducer: [StatusBar](this:0x777c9f8800,id:10,api:1,p:1431,c:282) queueBuffer: fps=4.60 dur=3915.64 max=3638.45 min=10.81
09-20 14:57:37.814922  1992  2003 D BitmapFactory: decodeFile() pathName = system/lib/uitechno/icon/com_mediatek_mtklogger.png
09-20 14:57:37.815275  1992  2003 E BitmapFactory: Unable to decode stream: java.io.FileNotFoundException: system/lib/uitechno/icon/com_mediatek_mtklogger.png (No such file or directory)
09-20 14:57:37.815864  1992  2003 D LauncherL.YLThemeService: e == android.content.pm.PackageManager$NameNotFoundException: ComponentInfo{com.mediatek.mtklogger/com.mediatek.mtklogger}
09-20 14:57:37.815941  1992  2003 E LauncherL.IconProvider: packageName =com.mediatek.mtklogger, activityName = com.mediatek.mtklogger, userId =0
09-20 14:57:37.826953  1992  2461 D BitmapFactory: decodeFile() pathName = system/lib/uitechno/icon/com_mediatek_mtklogger.png
09-20 14:57:37.827469  1992  2461 E BitmapFactory: Unable to decode stream: java.io.FileNotFoundException: system/lib/uitechno/icon/com_mediatek_mtklogger.png (No such file or directory)
09-20 14:57:37.828112  1992  2461 D LauncherL.YLThemeService: e == android.content.pm.PackageManager$NameNotFoundException: ComponentInfo{com.mediatek.mtklogger/com.mediatek.mtklogger}
09-20 14:57:37.828189  1992  2461 E LauncherL.IconProvider: packageName =com.mediatek.mtklogger, activityName = com.mediatek.mtklogger, userId =0
09-20 14:57:37.831268  1431  1431 E PhoneStatusBar: isNotificationShow=true,mBoolRefreshNotificationIcon=false
09-20 14:57:37.835108  1431  1431 D PhoneStatusBar: isOtherThemeMode = false
09-20 14:57:37.835143  1431  1431 D PhoneStatusBar: lockWallpaper is = null
09-20 14:57:37.904931  1767  1769 E GED     : Failed to execute ioctl 3222824709, BridgeID(5), err(-1)
09-20 14:57:37.905273   282  1556 I SurfaceFlinger: Adjust vsync offset: old[0] new[0]
09-20 14:57:38.198402   400  1186 D Sunwave : sw_sensor 222:irq receive wake thread
09-20 14:57:38.200442   400  1208 D Sunwave : IC8211 1118:int, R04:25
09-20 14:57:38.200498   400  1208 D Sunwave : IC8211 1126:irq: fp touch
09-20 14:57:38.200525   400  1208 D Sunwave : sw_sensor 879:report key 87, down
09-20 14:57:38.201588   400  1208 D Sunwave : IC8211 1118:int, R04:25
09-20 14:57:38.201619   400  1208 D Sunwave : IC8211 1126:irq: fp touch
09-20 14:57:38.202612   400  1208 D Sunwave : IC8211 279:write R03 = 05
09-20 14:57:38.203862   400  1208 D Sunwave : sw-hal 248:wait int forever
09-20 14:57:38.259562   400  1186 D Sunwave : sw_sensor 222:irq receive wake thread
09-20 14:57:38.260465   400  1208 D Sunwave : IC8211 1118:int, R04:26
09-20 14:57:38.260499   400  1208 D Sunwave : IC8211 1130:irq: fp leave
09-20 14:57:38.261287   400  1208 D Sunwave : IC8211 771:ic8211_set_sleep:0xfa56
09-20 14:57:38.261313   400  1208 D Sunwave : sw_sensor 879:report key 87, up
09-20 14:57:38.262043   400  1208 D Sunwave : FpCore 163:currentCmd 7
09-20 14:57:38.263695   400  1208 D Sunwave : IC8211 1118:int, R04:26
09-20 14:57:38.263741   400  1208 D Sunwave : IC8211 1130:irq: fp leave
09-20 14:57:38.264615   400  1208 D Sunwave : IC8211 279:write R03 = 04
09-20 14:57:38.266173   400  1208 D Sunwave : sw-hal 248:wait int forever
09-20 14:57:38.269885  1431  1431 V cunrrent-country:: CN
09-20 14:57:38.270197  1431  1431 V cunrrent-country:: CN
09-20 14:57:38.270799  1431  1431 V PanelView: com.android.systemui:id/notification_panel: setExpandedHeight(0.0)
09-20 14:57:38.271138  1431  1431 V PanelBar: collapsePanel: animate=true waiting=false
09-20 14:57:38.272155  1992  1992 D LauncherL.Launcher: onReceive, action=android.intent.action.CLOSE_SYSTEM_DIALOGS, reason=homekey
09-20 14:57:38.276925  9497  9497 I MTKLogger/MainActivity: onPause
09-20 14:57:38.277841  1260  1349 I libPerfService: 2: set freq: 1300000
09-20 14:57:38.277961  1260  1349 I libPerfService: 2: set: 4
09-20 14:57:38.283175  1260  1349 I libPerfService: [perfNotifyAppState] foreground:com.yulong.android.launcherL, pid:1992
09-20 14:57:38.283216  1260  1349 I libPerfService: [switchSportsMode] enable:0
09-20 14:57:38.287068  1260  1272 D InputReader: InputReader:: getSwitchState lock 
09-20 14:57:38.287119  1260  1272 D InputReader: InputReader::getStateLocked:: return 
09-20 14:57:38.295529  1260  1272 I BufferQueue: [unnamed-1260-30](this:0x774ce83800,id:30,api:0,p:-1,c:-1) BufferQueue core=(1260:system_server)
09-20 14:57:38.295757  1260  1272 I BufferQueueConsumer: [unnamed-1260-30](this:0x774ce83800,id:30,api:0,p:-1,c:1260) connect(C): consumer=(1260:system_server) controlledByApp=false
09-20 14:57:38.295798  1260  1272 I BufferQueueConsumer: [unnamed-1260-30](this:0x774ce83800,id:30,api:0,p:-1,c:1260) setConsumerName: unnamed-1260-30
09-20 14:57:38.295838  1260  1272 I BufferQueueConsumer: [ScreenshotClient](this:0x774ce83800,id:30,api:0,p:-1,c:1260) setConsumerName: ScreenshotClient
09-20 14:57:38.310541 12474 12474 I dex2oat : dex2oat took 663.068ms (threads: 4) arena alloc=3MB (3834896B) java alloc=524KB (537008B) native alloc=2MB (2182448B) free=5MB (5681872B)
09-20 14:57:38.310867   282   282 D Surface : Surface::connect(this=0x777db4ae00,api=1)
09-20 14:57:38.311494  1260  1272 I BufferQueueProducer: [ScreenshotClient](this:0x774ce83800,id:30,api:1,p:282,c:1260) connect(P): api=1 producer=(282:/system/bin/surfaceflinger) producerControlledByApp=false
09-20 14:57:38.311722  1260  1272 I BufferQueueProducer: [ScreenshotClient](this:0x774ce83800,id:30,api:1,p:282,c:1260) new GraphicBuffer needed
09-20 14:57:38.312276   282   295 D GraphicBuffer: alloc, handle(0x777c3a4340) (w:432 h:739 s:432 f:0x1 u:0x000333) err(0)
09-20 14:57:38.312906  1260  1272 D GraphicBuffer: register, handle(0x774b0831c0) (w:432 h:739 s:432 f:0x1 u:0x000333)
09-20 14:57:38.313108   282  1556 D GraphicBuffer: free, handle(0x777c3a4340) (w:432 h:739 s:432 f:0x1 u:0x000333)
09-20 14:57:38.313433   282   282 D GraphicBuffer: register, handle(0x7779e4db00) (w:432 h:739 s:432 f:0x1 u:0x000333)
09-20 14:57:38.316779   282   282 D Surface : Surface::disconnect(this=0x777db4ae00,api=1)
09-20 14:57:38.317021  1260  1272 I BufferQueueProducer: [ScreenshotClient](this:0x774ce83800,id:30,api:1,p:-1,c:1260) disconnect(P): api 1
09-20 14:57:38.317162  1260  1272 I BufferQueueConsumer: [ScreenshotClient](this:0x774ce83800,id:30,api:1,p:-1,c:1260) getReleasedBuffers: returning mask 0xffffffffffffffff
09-20 14:57:38.318041   282   304 D GraphicBuffer: unregister, handle(0x7779e4db00) (w:432 h:739 s:432 f:0x1 u:0x000333)
09-20 14:57:38.321422  1260  1272 I BufferQueueConsumer: [ScreenshotClient](this:0x774ce83800,id:30,api:1,p:-1,c:-1) disconnect(C)
09-20 14:57:38.321527  1260  1272 D GraphicBuffer: unregister, handle(0x774b0831c0) (w:432 h:739 s:432 f:0x1 u:0x000333)
09-20 14:57:38.321683  1260  1272 I BufferQueue: [ScreenshotClient](this:0x774ce83800,id:30,api:1,p:-1,c:-1) ~BufferQueueCore
09-20 14:57:38.310000 12460 12460 W mestore:zremote: type=1400 audit(0.0:1479): avc: denied { execute } for path="/data/data/com.zookingsoft.themestore/app_bdodex/bd.dex" dev="dm-1" ino=443391 scontext=u:r:platform_app:s0:c512,c768 tcontext=u:object_r:yl_trusted_app_data_file:s0:c512,c768 tclass=file permissive=0
09-20 14:57:38.320000 12460 12460 W mestore:zremote: type=1400 audit(0.0:1480): avc: denied { execute } for path="/data/data/com.zookingsoft.themestore/app_bdodex/bd.dex" dev="dm-1" ino=443391 scontext=u:r:platform_app:s0:c512,c768 tcontext=u:object_r:yl_trusted_app_data_file:s0:c512,c768 tclass=file permissive=0
09-20 14:57:38.328410  1260  1277 V NetworkPolicy: updateRuleForRestrictBackgroundLocked(10011): isForeground=true, isBlacklisted=false, isWhitelisted=false, oldRule=0 (NONE), newRule=0 (NONE), newUidRules=0 (NONE), oldUidRules=0 (NONE)
09-20 14:57:38.328674  1260  1277 V NetworkPolicy: updateRulesForNonMeteredNetworksLocked(10011), isIdle: false, mRestrictPower: false, mDeviceIdleMode: false, isForeground=true, isWhitelisted=false, oldRule=0 (NONE), newRule=0 (NONE), newUidRules=0 (NONE), oldUidRules=0 (NONE)
09-20 14:57:38.328971  1992  1992 D LauncherL.InstallShortcutReceiver: Getting and clearing APPS_PENDING_INSTALL: []
09-20 14:57:38.330182  1992  1992 V PhoneWindow: DecorView setVisiblity: visibility = 0, Parent = ViewRoot{3cec39f com.yulong.android.launcherL/com.yulong.android.launcherL.Launcher,ident = 0}, this = DecorView@c5a8f27[Launcher]
09-20 14:57:38.332939   282   282 I BufferQueue: [unnamed-282-125](this:0x777c789800,id:125,api:0,p:-1,c:-1) BufferQueue core=(282:/system/bin/surfaceflinger)
09-20 14:57:38.333151   282   282 I BufferQueueConsumer: [unnamed-282-125](this:0x777c789800,id:125,api:0,p:-1,c:282) connect(C): consumer=(282:/system/bin/surfaceflinger) controlledByApp=false
09-20 14:57:38.333187   282   282 I BufferQueueConsumer: [unnamed-282-125](this:0x777c789800,id:125,api:0,p:-1,c:282) setConsumerName: unnamed-282-125
09-20 14:57:38.333227   282   282 I BufferQueueConsumer: [com.yulong.android.launcherL/com.yulong.android.launcherL.Launcher](this:0x777c789800,id:125,api:0,p:-1,c:282) setConsumerName: com.yulong.android.launcherL/com.yulong.android.launcherL.Launcher
09-20 14:57:38.333267   282   282 I BufferQueueProducer: [](this:0x777c789800,id:125,api:0,p:-1,c:282) setMaxDequeuedBufferCount: maxDequeuedBuffers = 2
09-20 14:57:38.333319   282   282 I BufferQueueConsumer: [com.yulong.android.launcherL/com.yulong.android.launcherL.Launcher](this:0x777c789800,id:125,api:0,p:-1,c:282) setDefaultBufferSize: width=720 height=1280
09-20 14:57:38.337153  1992  2174 D OpenGLRenderer: CanvasContext() 0x7767d11000 initialize window=0x776e455c00, title=com.yulong.android.launcherL/com.yulong.android.launcherL.Launcher
09-20 14:57:38.337151  1992  1992 D Surface : Surface::allocateBuffers(this=0x776e455c00)
09-20 14:57:38.337209  1992  2174 D Surface : Surface::connect(this=0x776e455c00,api=1)
09-20 14:57:38.337549   282   295 I BufferQueueProducer: [com.yulong.android.launcherL/com.yulong.android.launcherL.Launcher](this:0x777c789800,id:125,api:1,p:1992,c:282) connect(P): api=1 producer=(1992:com.yulong.android.launcherL) producerControlledByApp=true
09-20 14:57:38.337706  1992  2174 W libEGL  : [ANDROID_RECORDABLE] format: 1
09-20 14:57:38.338372   282  1357 D GraphicBuffer: alloc, handle(0x777c3a3140) (w:720 h:1280 s:720 f:0x1 u:0x000900) err(0)
09-20 14:57:38.339305   282  1357 D GraphicBuffer: alloc, handle(0x777c3aaec0) (w:720 h:1280 s:720 f:0x1 u:0x000900) err(0)
09-20 14:57:38.340190   282  1357 D GraphicBuffer: alloc, handle(0x777c3ab040) (w:720 h:1280 s:720 f:0x1 u:0x000900) err(0)
09-20 14:57:38.341157  1992  2174 D mali_winsys: EGLint new_window_surface(egl_winsys_display*, void*, EGLSurface, EGLConfig, egl_winsys_surface**, egl_color_buffer_format*, EGLBoolean) returns 0x3000
09-20 14:57:38.344638  1992  1992 V InputMethodManager: onWindowFocus: null softInputMode=288 first=true flags=#81910100
09-20 14:57:38.340000 12460 12460 W mestore:zremote: type=1400 audit(0.0:1481): avc: denied { execute } for path="/data/data/com.zookingsoft.themestore/app_gdtodex/gdt.dex" dev="dm-1" ino=443401 scontext=u:r:platform_app:s0:c512,c768 tcontext=u:object_r:yl_trusted_app_data_file:s0:c512,c768 tclass=file permissive=0
09-20 14:57:38.340000 12460 12460 W mestore:zremote: type=1400 audit(0.0:1482): avc: denied { execute } for path="/data/data/com.zookingsoft.themestore/app_gdtodex/gdt.dex" dev="dm-1" ino=443401 scontext=u:r:platform_app:s0:c512,c768 tcontext=u:object_r:yl_trusted_app_data_file:s0:c512,c768 tclass=file permissive=0
09-20 14:57:38.351991  1992  1992 D LauncherL.LauncherAppState: calendar_2.png NOT found. Use default instead
09-20 14:57:38.353138  1992  1992 D LauncherL.LauncherAppState: calendar_0.png NOT found. Use default instead
09-20 14:57:38.373048   282  2571 I BufferQueueProducer: [com.yulong.android.launcherL/com.yulong.android.launcherL.Launcher](this:0x777c789800,id:125,api:1,p:1992,c:282) new GraphicBuffer needed
09-20 14:57:38.373114   282  2571 D GraphicBuffer: free, handle(0x777c3ab040) (w:720 h:1280 s:720 f:0x1 u:0x000900)
09-20 14:57:38.374685   282  2571 D GraphicBuffer: alloc, handle(0x777c3ab040) (w:720 h:1280 s:720 f:0x1 u:0x000b00) err(0)
09-20 14:57:38.375873  1992  2174 D GraphicBuffer: register, handle(0x77531129c0) (w:720 h:1280 s:720 f:0x1 u:0x000b00)
09-20 14:57:38.380157   282  2571 I BufferQueueProducer: [com.yulong.android.launcherL/com.yulong.android.launcherL.Launcher](this:0x777c789800,id:125,api:1,p:1992,c:282) new GraphicBuffer needed
09-20 14:57:38.380256   282  2571 D GraphicBuffer: free, handle(0x777c3aaec0) (w:720 h:1280 s:720 f:0x1 u:0x000900)
09-20 14:57:38.381796   282  2571 D GraphicBuffer: alloc, handle(0x777c3aaec0) (w:720 h:1280 s:720 f:0x1 u:0x000b00) err(0)
09-20 14:57:38.382975  1992  2174 D GraphicBuffer: register, handle(0x7753113a40) (w:720 h:1280 s:720 f:0x1 u:0x000b00)
09-20 14:57:38.397486  9497 11358 D Surface : Surface::disconnect(this=0x7753614400,api=1)
09-20 14:57:38.397731   282  1556 I BufferQueueProducer: [com.mediatek.mtklogger/com.mediatek.mtklogger.MainActivity](this:0x777c9d1000,id:122,api:1,p:-1,c:282) disconnect(P): api 1
09-20 14:57:38.397880   282  1556 I BufferQueueConsumer: [com.mediatek.mtklogger/com.mediatek.mtklogger.MainActivity](this:0x777c9d1000,id:122,api:1,p:-1,c:282) getReleasedBuffers: returning mask 0xffffffffffffffff
09-20 14:57:38.398048   282  1556 D GraphicBuffer: free, handle(0x7779e4c3c0) (w:720 h:1280 s:720 f:0x1 u:0x000b00)
09-20 14:57:38.398261   282  1556 D GraphicBuffer: free, handle(0x7780622e40) (w:720 h:1280 s:720 f:0x1 u:0x000b00)
09-20 14:57:38.398848  9497 11358 D GraphicBuffer: unregister, handle(0x775217d880) (w:720 h:1280 s:720 f:0x1 u:0x000b00)
09-20 14:57:38.399245  9497 11358 D GraphicBuffer: unregister, handle(0x775309bcc0) (w:720 h:1280 s:720 f:0x1 u:0x000b00)
09-20 14:57:38.399543  9497 11358 D GraphicBuffer: unregister, handle(0x775217c800) (w:720 h:1280 s:720 f:0x1 u:0x000b00)
09-20 14:57:38.399713  9497 11358 D Surface : Surface::disconnect(this=0x7753614400,api=1)
09-20 14:57:38.399919   282   295 I BufferQueueProducer: [com.mediatek.mtklogger/com.mediatek.mtklogger.MainActivity](this:0x777c9d1000,id:122,api:1,p:-1,c:282) disconnect(P): api 1
09-20 14:57:38.449269 12481 12481 I dex2oat : /system/bin/dex2oat --dex-file=/data/user/0/com.zookingsoft.themestore/app_gdtdex/gdt.dex --oat-fd=42 --oat-location=/data/user/0/com.zookingsoft.themestore/app_gdtodex/gdt.dex --compiler-filter=speed
09-20 14:57:38.458192  1992  2004 D BitmapFactory: decodeFile() pathName = system/lib/uitechno/icon/com_mediatek_mtklogger.png
09-20 14:57:38.458584  1992  2004 E BitmapFactory: Unable to decode stream: java.io.FileNotFoundException: system/lib/uitechno/icon/com_mediatek_mtklogger.png (No such file or directory)
09-20 14:57:38.459774  1992  2004 D LauncherL.YLThemeService: e == android.content.pm.PackageManager$NameNotFoundException: ComponentInfo{com.mediatek.mtklogger/com.mediatek.mtklogger}
09-20 14:57:38.459863  1992  2004 E LauncherL.IconProvider: packageName =com.mediatek.mtklogger, activityName = com.mediatek.mtklogger, userId =0
09-20 14:57:38.461287   282  2571 I BufferQueueProducer: [com.yulong.android.launcherL/com.yulong.android.launcherL.Launcher](this:0x777c789800,id:125,api:1,p:1992,c:282) new GraphicBuffer needed
09-20 14:57:38.461445   282  2571 D GraphicBuffer: free, handle(0x777c3a3140) (w:720 h:1280 s:720 f:0x1 u:0x000900)
09-20 14:57:38.462141  1431  1431 W RecentsTaskLoader: loadThumbnailAndIcon: packageName=com.mediatek.mtklogger; activityName=com.mediatek.mtklogger.MyApplication; userId
09-20 14:57:38.462982   282  2571 D GraphicBuffer: alloc, handle(0x777c3a3140) (w:720 h:1280 s:720 f:0x1 u:0x000b00) err(0)
09-20 14:57:38.464092  1992  2174 D GraphicBuffer: register, handle(0x77531919c0) (w:720 h:1280 s:720 f:0x1 u:0x000b00)
09-20 14:57:38.520653   275   275 I wmt_launcher: fw log ctrl flag has been set
09-20 14:57:38.520741   275   275 I wmt_launcher: fw dynamic ctrl flag has been set
09-20 14:57:38.626696  1260  1349 I libPerfService: 2: set: 1
09-20 14:57:38.626925  1260  1349 I libPerfService: 2: set freq: 0
09-20 14:57:38.629529  9497  9497 I MTKLogger/MainActivity: onStop
09-20 14:57:38.630290  9497  9497 V PhoneWindow: DecorView setVisiblity: visibility = 4, Parent = ViewRoot{8d4dcc4 com.mediatek.mtklogger/com.mediatek.mtklogger.MainActivity,ident = 0}, this = DecorView@717e4c2[MainActivity]
09-20 14:57:38.677700  1767  1770 D GasService: FG app changed: from com.mediatek.mtklogger to com.yulong.android.launcherL
09-20 14:57:38.677774  1767  1770 E GED     : Failed to execute ioctl 3222824709, BridgeID(5), err(-1)
09-20 14:57:38.677799  1767  1770 E GasService: Error on query GED info, err=1
09-20 14:57:38.678337 12481 12481 I dex2oat : dex2oat took 230.011ms (threads: 4) arena alloc=1836KB (1881008B) java alloc=298KB (305752B) native alloc=1263KB (1293408B) free=3MB (3425184B)
09-20 14:57:38.680000 12460 12460 W mestore:zremote: type=1400 audit(0.0:1483): avc: denied { execute } for path="/data/data/com.zookingsoft.themestore/app_gdtodex/gdt.dex" dev="dm-1" ino=443400 scontext=u:r:platform_app:s0:c512,c768 tcontext=u:object_r:yl_trusted_app_data_file:s0:c512,c768 tclass=file permissive=0
09-20 14:57:38.680000 12460 12460 W mestore:zremote: type=1400 audit(0.0:1484): avc: denied { execute } for path="/data/data/com.zookingsoft.themestore/app_gdtodex/gdt.dex" dev="dm-1" ino=443400 scontext=u:r:platform_app:s0:c512,c768 tcontext=u:object_r:yl_trusted_app_data_file:s0:c512,c768 tclass=file permissive=0
09-20 14:57:38.717764 12460 12460 D MPlugin : com.mediatek.common.telephony.IOnlyOwnerSimSupportClazz exists on mapping table : false
09-20 14:57:38.717831 12460 12460 E MPlugin : Unsupported class: com.mediatek.common.telephony.IOnlyOwnerSimSupport
09-20 14:57:38.719451 12460 12460 D Ads     : MService: onCreate()++
09-20 14:57:38.724901 12460 12492 D Ads     : ServerWork:now load dex!
09-20 14:57:38.726370 12460 12460 D Ads     : MService: onCreate()--
09-20 14:57:38.730000 12492 12492 W adthread: type=1400 audit(0.0:1485): avc: denied { execute } for path="/data/data/com.zookingsoft.themestore/app_dex/EventDex.dex" dev="dm-1" ino=419820 scontext=u:r:platform_app:s0:c512,c768 tcontext=u:object_r:yl_trusted_app_data_file:s0:c512,c768 tclass=file permissive=0
09-20 14:57:38.730000 12492 12492 W adthread: type=1400 audit(0.0:1486): avc: denied { execute } for path="/data/data/com.zookingsoft.themestore/app_dex/EventDex.dex" dev="dm-1" ino=419820 scontext=u:r:platform_app:s0:c512,c768 tcontext=u:object_r:yl_trusted_app_data_file:s0:c512,c768 tclass=file permissive=0
09-20 14:57:38.768939   282   282 I DisplayDevice: [Built-in Screen (type:0)] fps:30.535522,dur:1015.21,max:457.30,min:15.45
09-20 14:57:38.816668 12496 12496 I dex2oat : /system/bin/dex2oat --dex-file=/data/user/0/com.zookingsoft.themestore/app_update/EventDex.dex --oat-fd=44 --oat-location=/data/user/0/com.zookingsoft.themestore/app_dex/EventDex.dex --compiler-filter=speed
09-20 14:57:38.817820   282   295 I BufferQueueProducer: [com.mediatek.mtklogger/com.mediatek.mtklogger.MainActivity](this:0x777c9d1000,id:122,api:1,p:-1,c:282) disconnect(P): api -1
09-20 14:57:38.859812  1260  1349 D PerfServiceManager: [PerfService] MESSAGE_TIMER_RENDER_AWARE_DURATION timeout 
09-20 14:57:38.878141   431   910 D AudioALSAStreamOut: standby()
09-20 14:57:38.878231   431   910 D AudioALSAStreamOut: close(), flags 4
09-20 14:57:38.878258   431   910 D AudioALSAPlaybackHandlerFast: +close()
09-20 14:57:38.878296   431   910 D AudioVoiceUIDL: [SetInputStandBy] ReadRefFromRing to exit? (0) 
09-20 14:57:38.878327   431   910 D AudioALSAHardwareResourceManager: +stopOutputDevice(), mOutputDevices = 0x2, mStartOutputDevicesCount = 1
09-20 14:57:38.878345   431   910 D AudioALSAHardwareResourceManager: CloseSpeakerPath(), AUDIO_DEVICE_OUT_SPEAKER
09-20 14:57:38.878366   431   910 D AudioALSADeviceConfigManager: GetDeviceDescriptorbyname
09-20 14:57:38.878385   431   910 D AudioALSADeviceConfigManager: CheckDeviceExist exist devicename = speaker_output
09-20 14:57:38.878406   431   910 D AudioALSADeviceConfigManager: ApplyDeviceTurnoffSequenceByName() DeviceName = speaker_output descriptor->DeviceStatusCounte = 1
09-20 14:57:38.878422   431   910 D AudioALSADeviceConfigManager: cltname = Speaker_Amp_Switch cltvalue = Off
09-20 14:57:38.879081   431   910 D AudioALSADriverUtility: GetPropertyValue key = af.resouce.extdac_support value = 0
09-20 14:57:38.879116   431   910 D AudioALSAHardwareResourceManager: -stopOutputDevice(), mOutputDevices = 0x0, mStartOutputDevicesCount = 0
09-20 14:57:38.879139   431   910 D AudioALSAPlaybackHandlerBase: +closePcmDriver(), mPcm = 0xefc32380
09-20 14:57:38.879887   431   910 D AudioALSAPlaybackHandlerBase: -closePcmDriver(), mPcm = 0x0
09-20 14:57:38.879926   431   910 D AudioALSAPlaybackHandlerFast: SetLowJitterMode() bEanble = 0 SampleRate = 44100
09-20 14:57:38.879959   431   910 D AudioALSADriverUtility: GetPropertyValue key = af.resouce.extdac_support value = 0
09-20 14:57:38.879993   431   910 D AudioALSAPlaybackHandlerFast: SetLowJitterMode(), bEanble = 0
09-20 14:57:38.880015   431   910 D AudioALSAPlaybackHandlerBase: DeinitDataPending
09-20 14:57:38.880030   431   910 D AudioALSAPlaybackHandlerBase: delete mdataPendingTempBuffer
09-20 14:57:38.880050   431   910 D MtkAudioBitConverter: +close()
09-20 14:57:38.880061   431   910 D MtkAudioBitConverter: -close()
09-20 14:57:38.880074   431   910 D MtkAudioBitConverter: +~MtkAudioBitConverter()
09-20 14:57:38.880085   431   910 D MtkAudioBitConverter: -~MtkAudioBitConverter()
09-20 14:57:38.880157   431   910 D AudioALSAHardwareResourceManager: EnableAudBufClk(), bEanble = 0, mStartOutputDevicesCount 0
09-20 14:57:38.887563   431   910 D AudioALSAPlaybackHandlerFast: -close()
09-20 14:57:38.887621   431   910 D AudioALSAStreamManager: +destroyPlaybackHandler(), mode = 0, pPlaybackHandler = 0xefc3e600
09-20 14:57:38.887646   431   910 D AudioALSAPlaybackHandlerFast: ~AudioALSAPlaybackHandlerFast()
09-20 14:57:38.887667   431   910 D AudioALSAPlaybackHandlerBase: ~AudioALSAPlaybackHandlerBase()
09-20 14:57:38.887695   431   910 D AudioALSAStreamManager: -destroyPlaybackHandler(), mPlaybackHandlerVector.size() = 0
09-20 14:57:38.887720   431   910 E         : Audio_PerfServiceNative_userDisable == NULL
09-20 14:57:38.887740   431   910 D AudioALSAStreamOut: -close()
09-20 14:57:38.887752   431   910 D AudioALSAStreamOut: -standby()
09-20 14:57:38.887906   431   910 D AudioFlinger_Threads: thread 0xeef03b80 type 0 TID 910 going to sleep
09-20 14:57:38.912021   431   907 D AudioFlinger_Threads: thread 0xef291f80 type 0 TID 907 going to sleep
09-20 14:57:39.075385  1260  1315 D InputReader: AP_PROF:AppLaunch_dispatchPtr:Down:486553, ID:0, Index:1438531520
09-20 14:57:39.075506  1260  1315 I PerfService: PerfServiceNative_boostEnableAsync:6
09-20 14:57:39.076333  1767  1769 E GED     : Failed to execute ioctl 3222824709, BridgeID(5), err(-1)
09-20 14:57:39.076401  1767  1769 E GED     : Failed to execute ioctl 3222824709, BridgeID(5), err(-1)
09-20 14:57:39.076517  1260  1349 I libPerfService: 6: set freq: 819000
09-20 14:57:39.076642  1260  1349 I libPerfService: 6: set: 3
09-20 14:57:39.095795  1992  1992 D LauncherL.UserUtility: current user id: 0
09-20 14:57:39.112277  1992  1992 D LauncherL.UserUtility: current user id: 0
09-20 14:57:39.128628  1992  1992 D LauncherL.UserUtility: current user id: 0
09-20 14:57:39.129996  1260  1315 D InputReader: AP_PROF:AppLaunch_dispatchPtr:Up:486607, ID:0, Index:1438534912
09-20 14:57:39.130105  1260  1315 I PerfService: PerfServiceNative_boostEnableTimeoutMsAsync:6, 100
09-20 14:57:39.136530  1992  1992 D LauncherL.Launcher: onClick, u clcked item: 设置
09-20 14:57:39.136590  1992  1992 D LauncherL.Launcher: onClickAppShortcut
09-20 14:57:39.136626  1992  1992 D LauncherL.Launcher: onClickAppShortcut, u clcked item: 设置
09-20 14:57:39.136809  1992  1992 D LauncherL.Launcher: serialNumber = 0
09-20 14:57:39.140502   431   431 V AudioPolicyIntefaceImpl: getOutput()
09-20 14:57:39.140602   431   431 V APM_AudioPolicyManager: getOutput() device 2, stream 1, samplingRate 0, format 0, channelMask 3, flags 0
09-20 14:57:39.140642   431   431 V APM_AudioPolicyManager:   getOutputForDevice() returns output 13
09-20 14:57:39.140802  1260  1335 D AudioSystem: getIoDescriptor: ioHandle = 13, index = 0, mIoDescriptors = 0x775484e150
09-20 14:57:39.140945  1992  1992 I CloudSecurity: CloudSecurity (uid: 10011, pid: 1992) call csCheckActivity
09-20 14:57:39.141634   431   916 V AudioPolicyIntefaceImpl: getOutput()
09-20 14:57:39.141796   431   916 V APM_AudioPolicyManager: getOutput() device 2, stream 1, samplingRate 0, format 0, channelMask 3, flags 0
09-20 14:57:39.141849   431   916 V APM_AudioPolicyManager:   getOutputForDevice() returns output 13
09-20 14:57:39.142092  1260  1335 D AudioSystem: getIoDescriptor: ioHandle = 13, index = 0, mIoDescriptors = 0x775484e150
09-20 14:57:39.142216  1260  1335 D AudioTrack: start(): 0x774c281000, mState = 1
09-20 14:57:39.142535   431   917 V AudioPolicyIntefaceImpl: StartOutputSamplerate()
09-20 14:57:39.142617   431   917 D APM_AudioPolicyManager: StartOutputSamplerate +output = 21 +stream = 1 session = 73 +samplerate=44100 mPrimaryOutput= 13
09-20 14:57:39.142640   431   917 V APM_AudioPolicyManager: startOutput() output 21, stream 1, session 73
09-20 14:57:39.142697   431   917 V APM::AudioOutputDescriptor: changeRefCount() stream 1, count 1
09-20 14:57:39.142821   431   917 V APM_AudioPolicyManager: getNewOutputDevice() selected device 2
09-20 14:57:39.142856   431   917 V APM_AudioPolicyManager: setOutputDevice() mIoHandle 21 device 0002(0002)(000f) delayMs 0 force 1 size 2
09-20 14:57:39.142876   431   917 V APM_AudioPolicyManager: setOutputDevice() changing device
09-20 14:57:39.142942   431   917 V AudioPolicyService: AudioCommandThread() adding create patch delay 0
09-20 14:57:39.143696   431   560 V AudioPolicyService: AudioCommandThread() processing create audio patch
09-20 14:57:39.144488   431   910 D AudioFlinger_Threads: thread 0xeef03b80 type 0 TID 910 waking up
09-20 14:57:39.146426   431   910 D AudioFlinger_Threads: SetStereoToMonoFlag, mSteroToMono 1
09-20 14:57:39.146499   431   910 D AudioALSAHardware: +createAudioPatch num_sources [1] , num_sinks [1]
09-20 14:57:39.146515   431   910 D AudioALSAHardware: id 0x4
09-20 14:57:39.146529   431   910 D AudioALSAHardware: role 0x1 AUDIO_PORT_ROLE_SOURCE
09-20 14:57:39.146540   431   910 D AudioALSAHardware: type 0x2 AUDIO_PORT_TYPE_MIX
09-20 14:57:39.146552   431   910 D AudioALSAHardware: mix.handle 15
09-20 14:57:39.146564   431   910 D AudioALSAHardware: id 0x2
09-20 14:57:39.146576   431   910 D AudioALSAHardware: role 0x2 AUDIO_PORT_ROLE_SINK
09-20 14:57:39.146587   431   910 D AudioALSAHardware: type 0x1 AUDIO_PORT_TYPE_DEVICE
09-20 14:57:39.146599   431   910 D AudioALSAHardware: device.hw_module a
09-20 14:57:39.146612   431   910 D AudioALSAHardware: device.type 2
09-20 14:57:39.146627   431   910 D AudioALSAHardware: +routing createAudioPatch Mixer->2
09-20 14:57:39.146678   431   910 D AudioALSAStreamManager: +setParameters(), IOport = 21, keyValuePairs = routing=2
09-20 14:57:39.146696   431   910 D AudioALSAStreamManager: Send to mStreamOutVector[1]
09-20 14:57:39.146717   431   910 D AudioALSAStreamOut: +setParameters(): routing=2
09-20 14:57:39.146781   431   910 D AudioALSAStreamManager: +routingOutputDevice()
09-20 14:57:39.146806   431   910 D AudioALSAStreamManager: routingOutputDevice(), output_devices: 0x2 => 0x2, mPhoneCallSpeechOpen = 0
09-20 14:57:39.146831   431   910 D AudioALSAVoiceWakeUpController: +updateDeviceInfoForVoiceWakeUp(), mIsUseHeadsetMic = 0
09-20 14:57:39.147056   431   910 D AudioHeadSetMessager: /sys/class/switch/h2w/state => 0
09-20 14:57:39.147108   431   910 D AudioALSAVoiceWakeUpController: -updateDeviceInfoForVoiceWakeUp(), mIsUseHeadsetMic = 0
09-20 14:57:39.147139   431   910 W AudioALSAStreamManager: -routingOutputDevice(), output_devices == current_output_devices(0x2), return
09-20 14:57:39.147167   431   910 D AudioALSAStreamOut: -setParameters(): routing=2 
09-20 14:57:39.147197   431   910 D AudioALSAStreamManager: -setParameters()
09-20 14:57:39.147231   431   910 D AudioALSAHardware: handlecheck createAudioPatch() removing patch handle 94 index 0 DL
09-20 14:57:39.147261   431   910 D AudioALSAHardware: handlecheck createAudioPatch sucess new *handle 0x5f
09-20 14:57:39.147469   431   917 V AudioPolicyService: AudioCommandThread() adding update audio patch list
09-20 14:57:39.147551   431   561 V AudioPolicyService: AudioCommandThread() processing update audio patch list
09-20 14:57:39.147562  1260  1383 D AppOps  : startOperation: allowing code 40 uid 1041 package audioserver
09-20 14:57:39.147824   431   917 D APM::AudioOutputDescriptor: SwAudioOutputDescriptor::setVolume mIoHandle 21 id 4 change 0 volume -2.000000 stream 0 device 0x2 delayMs 0 force 0
09-20 14:57:39.147956   431   917 D APM::AudioOutputDescriptor: SwAudioOutputDescriptor::setVolume mIoHandle 21 id 4 change 0 volume -22.000000 stream 1 device 0x2 delayMs 0 force 0
09-20 14:57:39.148047   431   917 V APM_AudioPolicyManager: checkAndSetVolume() cannot set stream 6 volume with force use = 0 for comm
09-20 14:57:39.148158   431   917 D APM::AudioOutputDescriptor: SwAudioOutputDescriptor::setVolume mIoHandle 21 id 4 change 0 volume -22.000000 stream 1 device 0x2 delayMs 0 force 0
09-20 14:57:39.148200   431   917 D APM_AudioPolicyManager: PolicyFirstStart stream = 1 sampleRate = 44100, CheckFirstActive() 1 mSampleRate_Policy = 1
09-20 14:57:39.149735   431   910 D AudioFlinger_Threads: 0xeef03b80:threadLoop_write write data to hw, mixerStatus 2, muted count 128
09-20 14:57:39.149804   431   910 D AudioALSAStreamManager: setMasterVolume(), volume = 1.000000
09-20 14:57:39.149845   431   910 D AudioALSAVolumeController: AudioALSAVolumeController setMasterVolume v = 1.000000 mode = 0 devices = 0x2
09-20 14:57:39.149867   431   910 D AudioALSAVolumeController: ApplyAmpGain  Gain = 256 mode= 0 device = 3
09-20 14:57:39.149885   431   910 D AudioALSAVolumeController: SetLinoutLGain = 8
09-20 14:57:39.149965   431   910 D AudioALSAVolumeController: SetSpeakerGain(), index = 15, SetRealLSpeakerGain = 9
09-20 14:57:39.150066   431   910 D AudioALSAStreamOut: open(), flags 4
09-20 14:57:39.150091   431   910 D         : initPerfServiceScn+
09-20 14:57:39.150120   431   910 E         : Audio_PerfServiceNative_userRegBigLittle == NULL || Audio_PerfServiceNative_userRegBigLittle == NULL
09-20 14:57:39.150137   431   910 E         : Audio_PerfServiceNative_userEnable == NULL
09-20 14:57:39.150169   431   910 D AudioALSAStreamManager: +createPlaybackHandler(), mAudioMode = 0, output_devices = 0x2
09-20 14:57:39.150197   431   910 D AudioYusuParam: QueryFeatureSupportInfo(),feature support 12092057 
09-20 14:57:39.150217   431   910 D AudioSpeechEnhanceInfo: IsAPDMNRTuningEnable()+
09-20 14:57:39.150234   431   910 D AudioSpeechEnhanceInfo: IsAPDMNRTuningEnable(), 0
09-20 14:57:39.150265   431   910 D AudioALSAPlaybackHandlerBase: AudioALSAPlaybackHandlerBase()
09-20 14:57:39.150286   431   910 D AudioALSAPlaybackHandlerFast: AudioALSAPlaybackHandlerFast()
09-20 14:57:39.150314   431   910 D AudioALSAStreamManager: createPlaybackHandler() ApplyFilter [1]/[2] Device [0x2]
09-20 14:57:39.150340   431   910 D AudioALSAPlaybackHandlerFast: +setFilterMng() mAudioFilterManagerHandler [0xef79c510]
09-20 14:57:39.150355   431   910 D AudioALSAPlaybackHandlerFast: -setFilterMng()
09-20 14:57:39.150386   431   910 D AudioALSAStreamManager: -createPlaybackHandler(), mPlaybackHandlerVector.size() = 1
09-20 14:57:39.150409   431   910 D AudioALSAPlaybackHandlerFast: +open(), mDevice = 0x2
09-20 14:57:39.150461   431   910 D AudioALSAHardwareResourceManager: EnableAudBufClk(), bEanble = 1, mStartOutputDevicesCount 0
09-20 14:57:39.153435  1260  1335 D AudioTrack: AudioTrackThread::resume
09-20 14:57:39.153543  1260  1335 D AudioTrackCenter: setTrackActive, trackId: 0x774d400000, active: 1
09-20 14:57:39.153597  1260  3121 D AudioTrack: AudioTrackThread::pauseInternal: ns = 56075328
09-20 14:57:39.157913   431   910 D AudioALSADeviceParser: GetPcmIndexByString() stringpair = MultiMedia2_PLayback 
09-20 14:57:39.157963   431   910 D AudioALSADeviceParser: compare success = 24
09-20 14:57:39.157981   431   910 D AudioALSADeviceParser: GetCardIndexByString() stringpair = MultiMedia2_PLayback 
09-20 14:57:39.158000   431   910 D AudioALSADeviceParser:  compare success Cardindex = 0
09-20 14:57:39.158032   431   910 D AudioALSAPlaybackHandlerFast: AudioALSAPlaybackHandlerNormal::open() pcmindex = 24
09-20 14:57:39.158372   431   910 D AudioALSAPlaybackHandlerBase:         Rate:	min=8000Hz	max=192000Hz
09-20 14:57:39.158406   431   910 D AudioALSAPlaybackHandlerBase:     Channels:	min=1		max=2
09-20 14:57:39.158425   431   910 D AudioALSAPlaybackHandlerBase:  Sample bits:	min=16		max=32
09-20 14:57:39.158445   431   910 D AudioALSAPlaybackHandlerBase:  Period size:	min=0		max=18432
09-20 14:57:39.158461   431   910 D AudioALSAPlaybackHandlerBase: Period count:	min=1		max=4
09-20 14:57:39.158479   431   910 D AudioALSAPlaybackHandlerBase: PCM_PARAM_BUFFER_SIZE :	 max=18432	
09-20 14:57:39.158499   431   910 D AudioALSAPlaybackHandlerBase: PCM_PARAM_BUFFER_BYTES :	 max=36864	
09-20 14:57:39.158744   431   910 D AudioALSAPlaybackHandlerFast: AudioALSAPlaybackHandlerNormal::open, mStreamAttributeTarget.buffer_size 36864
09-20 14:57:39.158785   431   910 D AudioALSAPlaybackHandlerFast: ChooseTargetSampleRate SampleRate = 44100 outputdevice = 2
09-20 14:57:39.158815   431   910 D AudioALSAPlaybackHandlerBase: transferAudioFormatToPcmFormat(), audio_format(0x4) => pcm_format(0x1)
09-20 14:57:39.158860   431   910 D AudioALSAPlaybackHandlerFast: open(), mConfig: channels = 2, rate = 44100, period_size = 256, period_count = 2, format = 1, buffer size 4096 2048
09-20 14:57:39.158893   431   910 D AudioALSAPlaybackHandlerBase: initBitConverter(), audio_format: 0x3 => 0x4, bcv_pcm_format = 0x3
09-20 14:57:39.158931   431   910 D MtkAudioBitConverter: MtkAudioBitConverter Constructor, SR 44100, CH 2, format 3
09-20 14:57:39.158947   431   910 D MtkAudioBitConverter: +open()
09-20 14:57:39.158959   431   910 D MtkAudioBitConverter: -open()
09-20 14:57:39.158972   431   910 D MtkAudioBitConverter: +resetBuffer()
09-20 14:57:39.158984   431   910 D MtkAudioBitConverter: -resetBuffer()
09-20 14:57:39.159020   431   910 D AudioALSAPlaybackHandlerFast: SetLowJitterMode() bEanble = 1 SampleRate = 44100
09-20 14:57:39.159058   431   910 D AudioALSADriverUtility: GetPropertyValue key = af.resouce.extdac_support value = 0
09-20 14:57:39.159053  1260  1349 I libPerfService: 2: set freq: 1300000
09-20 14:57:39.159082   431   910 D AudioALSAPlaybackHandlerFast: SetLowJitterMode(), bEanble = 1
09-20 14:57:39.159107   431   910 D AudioALSAPlaybackHandlerBase: +openPcmDriver(), pcm device = 24
09-20 14:57:39.159171  1260  1349 I libPerfService: 2: set: 4
09-20 14:57:39.161501   431   910 E AudioALSAPlaybackHandlerBase: openPcmDriver(), pcm_start(0xefc32380) fail due to cannot start channel: Broken pipe
09-20 14:57:39.161529   431   910 D AudioALSAPlaybackHandlerBase: -openPcmDriver(), mPcm = 0xefc32380
09-20 14:57:39.161597   431   910 D AudioALSAHardwareResourceManager: +startOutputDevice(), new_devices = 0x2, mOutputDevices = 0x0, mStartOutputDevicesCount = 0 SampleRate = 44100
09-20 14:57:39.161644   431   910 D AudioALSADriverUtility: GetPropertyValue key = af.resouce.extdac_support value = 0
09-20 14:57:39.161667   431   910 D AudioALSADeviceConfigManager: GetDeviceDescriptorbyname
09-20 14:57:39.161689   431   910 D AudioALSADeviceConfigManager: CheckDeviceExist exist devicename = speaker_output
09-20 14:57:39.161710   431   910 D AudioALSADeviceConfigManager: ApplyDeviceTurnonSequenceByName() DeviceName = speaker_output descriptor->DeviceStatusCounte = 0
09-20 14:57:39.161728   431   910 D AudioALSADeviceConfigManager: cltname = Speaker_Amp_Switch cltvalue = On
09-20 14:57:39.171505  1992  1992 D LauncherL.Launcher: exitSearch
09-20 14:57:39.171560  1992  1992 D LauncherL.YLLock: YLLock.lock()
09-20 14:57:39.171589  1992  1992 D LauncherL.YLLock: mLockCount == 1
09-20 14:57:39.172741   431   910 D AudioALSAHardwareResourceManager: -startOutputDevice(), mOutputDevices = 0x2, mStartOutputDevicesCount = 1
09-20 14:57:39.172800   431   910 D AudioVoiceUIDL: [GetSRCInputParameter] mOutputSampleRate 16000,  mInputSampleRate 44100, mInChannel 2, mOutChannel, 0 format 4
09-20 14:57:39.172821   431   910 D AudioVoiceUIDL: [GetSRCInputParameter] create SRC handle fail
09-20 14:57:39.172842   431   910 D AudioALSAPlaybackHandlerFast: -open()
09-20 14:57:39.172884   431   910 D AudioALSAStreamOut: -open()
09-20 14:57:39.173608  1260  1349 I libPerfService: [perfNotifyAppState] foreground:com.android.settings, pid:11031
09-20 14:57:39.173629  1260  1349 I libPerfService: [switchSportsMode] enable:0
09-20 14:57:39.176142   431   909 D AudioMixer: getTrackName, n 1 start init
09-20 14:57:39.176958  1260  1916 D InputReader: InputReader:: getSwitchState lock 
09-20 14:57:39.177040  1260  1916 D InputReader: InputReader::getStateLocked:: return 
09-20 14:57:39.193240  1992  1992 D LauncherL.YLLock: YLLock.unLock()
09-20 14:57:39.193333  1992  1992 D LauncherL.YLLock: mLockCount == 0
09-20 14:57:39.209932  1260  3121 D AudioTrack: AudioTrackThread::pauseInternal: ns = 32854527
09-20 14:57:39.212720   282   282 D GraphicBuffer: free, handle(0x7779e4cf00) (w:720 h:1280 s:720 f:0x1 u:0x000b00)
09-20 14:57:39.214566   282   282 I BufferQueueProducer: [FrameBufferSurface_0](this:0x777db3a000,id:0,api:1,p:282,c:282) queueBuffer: fps=3.26 dur=2454.73 max=2341.77 min=15.21
09-20 14:57:39.217361  1992  2174 D Surface : Surface::disconnect(this=0x776e455c00,api=1)
09-20 14:57:39.217945   282  1556 I BufferQueueProducer: [com.yulong.android.launcherL/com.yulong.android.launcherL.Launcher](this:0x777c789800,id:125,api:1,p:-1,c:282) disconnect(P): api 1
09-20 14:57:39.218259   282  1556 I BufferQueueConsumer: [com.yulong.android.launcherL/com.yulong.android.launcherL.Launcher](this:0x777c789800,id:125,api:1,p:-1,c:282) getReleasedBuffers: returning mask 0xffffffffffffffff
09-20 14:57:39.218628   282  1556 D GraphicBuffer: free, handle(0x777c3a3140) (w:720 h:1280 s:720 f:0x1 u:0x000b00)
09-20 14:57:39.219361   282  1556 D GraphicBuffer: free, handle(0x777c3aaec0) (w:720 h:1280 s:720 f:0x1 u:0x000b00)
09-20 14:57:39.219936  1992  2174 D GraphicBuffer: unregister, handle(0x77531919c0) (w:720 h:1280 s:720 f:0x1 u:0x000b00)
09-20 14:57:39.220235  1992  2174 D GraphicBuffer: unregister, handle(0x77531129c0) (w:720 h:1280 s:720 f:0x1 u:0x000b00)
09-20 14:57:39.220414  1992  2174 D GraphicBuffer: unregister, handle(0x7753113a40) (w:720 h:1280 s:720 f:0x1 u:0x000b00)
09-20 14:57:39.220601  1992  2174 D Surface : Surface::disconnect(this=0x776e455c00,api=1)
09-20 14:57:39.220818   282  2571 I BufferQueueProducer: [com.yulong.android.launcherL/com.yulong.android.launcherL.Launcher](this:0x777c789800,id:125,api:1,p:-1,c:282) disconnect(P): api 1
09-20 14:57:39.221519 11031 11031 V PhoneWindow: DecorView setVisiblity: visibility = 0, Parent = ViewRoot{1a0a92b com.android.settings/com.android.settings.Settings,ident = 0}, this = DecorView@6c0aa37[Settings]
09-20 14:57:39.225053 11031 12502 D SQLiteDatabase: beginTransaction()
09-20 14:57:39.229277   431   909 E AudioFlinger: getNextBuffer, track(0xee683000) get null buffer, mState 6, mFillingUpStatus 2
09-20 14:57:39.231002 11031 11031 D Surface : Surface::allocateBuffers(this=0x776e454e00)
09-20 14:57:39.231194 11031 11052 D OpenGLRenderer: CanvasContext() 0x7763a8f800 initialize window=0x776e454e00, title=com.android.settings/com.android.settings.Settings
09-20 14:57:39.231259 11031 11052 D Surface : Surface::connect(this=0x776e454e00,api=1)
09-20 14:57:39.231351  1260  1349 D PerfServiceManager: [PerfService] MESSAGE_TIMEOUT:106 
09-20 14:57:39.232013   282  1556 I BufferQueueProducer: [com.android.settings/com.android.settings.Settings](this:0x777dbfb000,id:94,api:1,p:11031,c:282) connect(P): api=1 producer=(11031:com.android.settings) producerControlledByApp=true
09-20 14:57:39.232378 11031 11052 W libEGL  : [ANDROID_RECORDABLE] format: 1
09-20 14:57:39.232434   282  1357 D GraphicBuffer: alloc, handle(0x777c3ab100) (w:720 h:1280 s:720 f:0x1 u:0x000900) err(0)
09-20 14:57:39.234254   431   910 D AudioFlinger_Threads: write() process 31 ms, mBufferMs 22
09-20 14:57:39.235352   282  1357 D GraphicBuffer: alloc, handle(0x777c3ab1c0) (w:720 h:1280 s:720 f:0x1 u:0x000900) err(0)
09-20 14:57:39.236706   282  1357 D GraphicBuffer: alloc, handle(0x7779e4da40) (w:720 h:1280 s:720 f:0x1 u:0x000900) err(0)
09-20 14:57:39.240143 11031 11052 D mali_winsys: EGLint new_window_surface(egl_winsys_display*, void*, EGLSurface, EGLConfig, egl_winsys_surface**, egl_color_buffer_format*, EGLBoolean) returns 0x3000
09-20 14:57:39.243010  1260  1392 D AudioTrack: stop(): 0x774c281000, mState = 0
09-20 14:57:39.243008  1260  3121 D AudioTrack: AudioTrackThread::pauseInternal: ns = 9223372036854775807
09-20 14:57:39.243312  1260  1392 D AudioTrack: AudioTrackThread::pause
09-20 14:57:39.243369  1260  1392 D AudioTrackCenter: setTrackActive, trackId: 0x774d400000, active: 0
09-20 14:57:39.275393 11031 11052 D OpenGLRenderer: CacheTexture 5 upload: x, y, width height = 0, 0, 241, 508
09-20 14:57:39.275787   282  2571 I BufferQueueProducer: [com.android.settings/com.android.settings.Settings](this:0x777dbfb000,id:94,api:1,p:11031,c:282) new GraphicBuffer needed
09-20 14:57:39.275844   282  2571 D GraphicBuffer: free, handle(0x7779e4da40) (w:720 h:1280 s:720 f:0x1 u:0x000900)
09-20 14:57:39.277066   282  2571 D GraphicBuffer: alloc, handle(0x7779e4da40) (w:720 h:1280 s:720 f:0x1 u:0x000b00) err(0)
09-20 14:57:39.278078 11031 11052 D GraphicBuffer: register, handle(0x7752c82180) (w:720 h:1280 s:720 f:0x1 u:0x000b00)
09-20 14:57:39.288381   282  1357 I BufferQueueProducer: [com.android.settings/com.android.settings.Settings](this:0x777dbfb000,id:94,api:1,p:11031,c:282) queueBuffer: fps=0.09 dur=56525.73 max=56295.89 min=13.62
09-20 14:57:39.288805   282   293 I BufferQueueProducer: [com.android.settings/com.android.settings.Settings](this:0x777dbfb000,id:94,api:1,p:11031,c:282) new GraphicBuffer needed
09-20 14:57:39.288919   282   293 D GraphicBuffer: free, handle(0x777c3ab1c0) (w:720 h:1280 s:720 f:0x1 u:0x000900)
09-20 14:57:39.290271   282   293 D GraphicBuffer: alloc, handle(0x777c3ab1c0) (w:720 h:1280 s:720 f:0x1 u:0x000b00) err(0)
09-20 14:57:39.291168 11031 11052 D GraphicBuffer: register, handle(0x7752da7000) (w:720 h:1280 s:720 f:0x1 u:0x000b00)
09-20 14:57:39.295067 11031 11031 D DashboardSummary: onConditionsChanged
09-20 14:57:39.297082   282   282 D GraphicBuffer: free, handle(0x777c2a5ac0) (w:720 h:1280 s:720 f:0x1 u:0x000b00)
09-20 14:57:39.305702   431   910 V AudioPolicyIntefaceImpl: StopOutputSamplerate()
09-20 14:57:39.305774   431   910 D AudioPolicyService: AudioCommandThread() adding stopOutputSamplerateCommand 21
09-20 14:57:39.305862   431   910 D AudioFlinger_Threads: 0xeef03b80:threadLoop_write write muted data to hw, mixerStatus 0 start
09-20 14:57:39.305874   431   561 V AudioPolicyService: AudioCommandThread() processing stopoutputsamplerate 21
09-20 14:57:39.305909   431   561 V AudioPolicyIntefaceImpl: doStopOutputSamplerate from tid 561
09-20 14:57:39.305953   431   561 D APM_AudioPolicyManager: StopOutputSampletate -output = 21 -stream = 1 session = 73 -samplerate=44100 mPrimaryOutput = 13
09-20 14:57:39.306013   431   561 V AudioPolicyService: AudioCommandThread() adding set parameter string FM_DIRECT_CONTROL=1, io 13 ,delay 0
09-20 14:57:39.306084   431   560 V AudioPolicyService: AudioCommandThread() processing set parameters string FM_DIRECT_CONTROL=1, io 13
09-20 14:57:39.306115   431   560 D AudioSystem: +setParameters(): FM_DIRECT_CONTROL=1 
09-20 14:57:39.306251   431   907 D AudioFlinger_Threads: thread 0xef291f80 type 0 TID 907 waking up
09-20 14:57:39.306849   431   907 D AudioALSAStreamOut: +setParameters(): FM_DIRECT_CONTROL=1
09-20 14:57:39.306916   431   907 D AudioALSAStreamOut: -setParameters(): FM_DIRECT_CONTROL=1 
09-20 14:57:39.307033   431   560 D AudioSystem: -setParameters(): FM_DIRECT_CONTROL=1 
09-20 14:57:39.307120   431   561 V APM_AudioPolicyManager: stopOutput() output 21, stream 1, session 73
09-20 14:57:39.307163   431   561 V APM::AudioOutputDescriptor: changeRefCount() stream 1, count 0
09-20 14:57:39.307202   431   561 V APM_AudioPolicyManager: getNewOutputDevice() selected device 0
09-20 14:57:39.307234   431   561 V APM_AudioPolicyManager: setOutputDevice() mIoHandle 21 device 0000(0002)(000f) delayMs 114 force 0 size 2
09-20 14:57:39.307304   431   561 V APM_AudioPolicyManager: setOutputDevice() setting same device 0x0000 or null device
09-20 14:57:39.307353  1260  1272 D AppOps  : startOperation: allowing code 40 uid 1041 package audioserver
09-20 14:57:39.307415   431   561 V APM_AudioPolicyManager: getNewOutputDevice() selected device 0
09-20 14:57:39.312937 11031 11031 V InputMethodManager: onWindowFocus: com.android.settings.dashboard.conditional.FocusRecyclerView{e9e7b3b VFED..... .F....ID 0,0-720,1120 #7f1200e6 app:id/dashboard_container} softInputMode=272 first=true flags=#85810100
09-20 14:57:39.333517 11031 11047 W ProcStatsManager: No process com.android.providers.calendar/10014 for service com.android.providers.calendar.CalendarProviderIntentService
09-20 14:57:39.333677 11031 11047 W ProcStatsManager: No process com.mediatek.omacp/10065 for service com.mediatek.omacp.message.OmacpReceiverService
09-20 14:57:39.333762 11031 11047 W ProcStatsManager: No process com.tencent.mm/10099 for service com.tencent.mm.plugin.hp.tinker.TinkerPatchResultService
09-20 14:57:39.333825 11031 11047 W ProcStatsManager: No process com.android.carrierconfig/10016 for service com.android.carrierconfig.DefaultCarrierConfigService
09-20 14:57:39.333864 11031 11047 W ProcStatsManager: No process com.mediatek.providers.drm/1000 for service com.mediatek.providers.drm.DrmSyncTimeService
