----- timezone:GMT
09-20 14:57:02.965056 11534 11534 E EventDex: [B.a(143)]$ mIsSystemApk true
09-20 14:57:02.978027 11534 11534 E EventDex: [A.uncaughtException(68)]$ InterfaceForDex:/uncaughtException:java.lang.IllegalAccessError: Field 'com.main.event.e.b.c' is inaccessible to class 'com.main.event.e.a' (declaration of 'com.main.event.e.a' appears in /data/user/0/com.zookingsoft.themestore/app_update/EventDex.dex)
09-20 14:57:02.978027 11534 11534 E EventDex: 	at com.main.event.e.a.b(LogAndroid.java:63)
09-20 14:57:02.978027 11534 11534 E EventDex: 	at com.main.event.notification.NotificationBroadcastReceiver.c(NotificationBroadcastReceiver.java:58)
09-20 14:57:02.978027 11534 11534 E EventDex: 	at com.main.event.notification.u.a(NotificationManager.java:117)
09-20 14:57:02.978027 11534 11534 E EventDex: 	at com.main.event.impl.B.a(LogManager.java:182)
09-20 14:57:02.978027 11534 11534 E EventDex: 	at com.main.event.impl.a.a.a(DexImplBase.java:26)
09-20 14:57:02.978027 11534 11534 E EventDex: 	at com.main.event.impl.InterfaceForDex.init(InterfaceForDex.java:105)
09-20 14:57:02.978027 11534 11534 E EventDex: 	at com.main.svr.ServerWork$WorkHandler$1.run(ServerWork.java:146)
09-20 14:57:02.978027 11534 11534 E EventDex: 	at android.os.Handler.handleCallback(Handler.java:836)
09-20 14:57:02.978027 11534 11534 E EventDex: 	at android.os.Handler.dispatchMessage(Handler.java:103)
09-20 14:57:02.978027 11534 11534 E EventDex: 	at android.os.Looper.loop(Looper.java:203)
09-20 14:57:02.978027 11534 11534 E EventDex: 	at android.app.ActivityThread.main(ActivityThread.java:6253)
09-20 14:57:02.978027 11534 11534 E EventDex: 	at java.lang.reflect.Method.invoke(Native Method)
09-20 14:57:02.978027 11534 11534 E EventDex: 	at com.android.internal.os.ZygoteInit$MethodAndArgsCaller.run(ZygoteInit.java:1088)
09-20 14:57:02.978027 11534 11534 E EventDex: 	at com.android.internal.os.ZygoteInit.main(ZygoteInit.java:949)
09-20 14:57:03.157583   283   646 E MAL-RDS :  (  rds_ru_3gpp_status_ind, 1625) [RDS-E][RU][EVENT_RU_DM_3GPP_STATUS_IND] Invalid u43gpp_status:0x8
09-20 14:57:03.642972  1767  1770 E GED     : Failed to execute ioctl 3222824709, BridgeID(5), err(-1)
09-20 14:57:03.643071  1767  1770 E GasService: Error on query GED info, err=1
09-20 14:57:04.076867   282   282 E SurfaceFlinger: couldn't log to EventLog: Try again
09-20 14:57:04.445070 11598 11598 E MPlugin : Unsupported class: com.mediatek.common.telephony.IOnlyOwnerSimSupport
09-20 14:57:04.643780  1767  1770 E GED     : Failed to execute ioctl 3222824709, BridgeID(5), err(-1)
09-20 14:57:04.643839  1767  1770 E GasService: Error on query GED info, err=1
09-20 14:57:05.034276  1767  1769 E GED     : Failed to execute ioctl 3222824709, BridgeID(5), err(-1)
09-20 14:57:05.034340  1767  1769 E GED     : Failed to execute ioctl 3222824709, BridgeID(5), err(-1)
09-20 14:57:05.103066   431   910 E         : Audio_PerfServiceNative_userRegBigLittle == NULL || Audio_PerfServiceNative_userRegBigLittle == NULL
09-20 14:57:05.103124   431   910 E         : Audio_PerfServiceNative_userEnable == NULL
09-20 14:57:05.112708   431   910 E AudioALSAPlaybackHandlerBase: openPcmDriver(), pcm_start(0xefc32380) fail due to cannot start channel: Broken pipe
09-20 14:57:05.179982   431   909 E AudioFlinger: getNextBuffer, track(0xee683000) get null buffer, mState 6, mFillingUpStatus 2
09-20 14:57:05.486569  1260  1313 E ActivityManager: Sending non-protected broadcast com.android.server.action.NETWORK_STATS_POLL_COOPAD from system uid 1000 pkg com.android.flowmonitor
09-20 14:57:05.486569  1260  1313 E ActivityManager: java.lang.Throwable
09-20 14:57:05.486569  1260  1313 E ActivityManager: 	at com.android.server.am.ActivityManagerService.broadcastIntentLocked(ActivityManagerService.java:18959)
09-20 14:57:05.486569  1260  1313 E ActivityManager: 	at com.android.server.am.ActivityManagerService.broadcastIntentInPackage(ActivityManagerService.java:19623)
09-20 14:57:05.486569  1260  1313 E ActivityManager: 	at com.android.server.am.PendingIntentRecord.sendInner(PendingIntentRecord.java:349)
09-20 14:57:05.486569  1260  1313 E ActivityManager: 	at com.android.server.am.PendingIntentRecord.sendWithResult(PendingIntentRecord.java:246)
09-20 14:57:05.486569  1260  1313 E ActivityManager: 	at com.android.server.am.ActivityManagerService.sendIntentSender(ActivityManagerService.java:7853)
09-20 14:57:05.486569  1260  1313 E ActivityManager: 	at android.app.PendingIntent.send(PendingIntent.java:836)
09-20 14:57:05.486569  1260  1313 E ActivityManager: 	at com.android.server.AlarmManagerService$DeliveryTracker.deliverLocked(AlarmManagerService.java:3580)
09-20 14:57:05.486569  1260  1313 E ActivityManager: 	at com.android.server.AlarmManagerService.deliverAlarmsLocked(AlarmManagerService.java:2934)
09-20 14:57:05.486569  1260  1313 E ActivityManager: 	at com.android.server.AlarmManagerService$AlarmThread.run(AlarmManagerService.java:3080)
09-20 14:57:05.502458  5640  5724 E NetworkStats: MSG_PERFORM_POLL
09-20 14:57:05.507367  5640  5723 E NetworkStats: MSG_PERFORM_POLL
09-20 14:57:05.526467  5640 11643 E recordSnapshotLocked version: not find NonMonotonicObserver
09-20 14:57:05.526588  5640 11643 E recordSnapshotLocked version: not find NonMonotonicObserver
09-20 14:57:05.526826  5640 11643 E recordSnapshotLocked version: not find NonMonotonicObserver
09-20 14:57:05.526858  5640 11643 E recordSnapshotLocked version: not find NonMonotonicObserver
09-20 14:57:05.527001  5640 11643 E recordSnapshotLocked version: not find NonMonotonicObserver
09-20 14:57:05.527024  5640 11643 E recordSnapshotLocked version: not find NonMonotonicObserver
09-20 14:57:05.527188  5640 11643 E recordSnapshotLocked version: not find NonMonotonicObserver
09-20 14:57:05.527210  5640 11643 E recordSnapshotLocked version: not find NonMonotonicObserver
09-20 14:57:05.535070  5640 11644 E recordSnapshotLocked version: not find NonMonotonicObserver
09-20 14:57:05.535146  5640 11644 E recordSnapshotLocked version: not find NonMonotonicObserver
09-20 14:57:05.535338  5640 11644 E recordSnapshotLocked version: not find NonMonotonicObserver
09-20 14:57:05.535364  5640 11644 E recordSnapshotLocked version: not find NonMonotonicObserver
09-20 14:57:05.535461  5640 11644 E recordSnapshotLocked version: not find NonMonotonicObserver
09-20 14:57:05.535482  5640 11644 E recordSnapshotLocked version: not find NonMonotonicObserver
09-20 14:57:05.535621  5640 11644 E recordSnapshotLocked version: not find NonMonotonicObserver
09-20 14:57:05.535643  5640 11644 E recordSnapshotLocked version: not find NonMonotonicObserver
09-20 14:57:05.549604   282   282 E SurfaceFlinger: couldn't log to EventLog: Try again
09-20 14:57:05.645094  1767  1770 E GED     : Failed to execute ioctl 3222824709, BridgeID(5), err(-1)
09-20 14:57:05.645156  1767  1770 E GasService: Error on query GED info, err=1
09-20 14:57:05.816301 11598 11598 E EventDex: [InterfaceForDex.init(94)]$ InterfaceForDex:/Dex version 27
09-20 14:57:05.966026 11598 11598 E EventDex: [B.a(143)]$ mIsSystemApk true
09-20 14:57:05.978309 11598 11598 E EventDex: [A.uncaughtException(68)]$ InterfaceForDex:/uncaughtException:java.lang.IllegalAccessError: Field 'com.main.event.e.b.c' is inaccessible to class 'com.main.event.e.a' (declaration of 'com.main.event.e.a' appears in /data/user/0/com.zookingsoft.themestore/app_update/EventDex.dex)
09-20 14:57:05.978309 11598 11598 E EventDex: 	at com.main.event.e.a.b(LogAndroid.java:63)
09-20 14:57:05.978309 11598 11598 E EventDex: 	at com.main.event.notification.NotificationBroadcastReceiver.c(NotificationBroadcastReceiver.java:58)
09-20 14:57:05.978309 11598 11598 E EventDex: 	at com.main.event.notification.u.a(NotificationManager.java:117)
09-20 14:57:05.978309 11598 11598 E EventDex: 	at com.main.event.impl.B.a(LogManager.java:182)
09-20 14:57:05.978309 11598 11598 E EventDex: 	at com.main.event.impl.a.a.a(DexImplBase.java:26)
09-20 14:57:05.978309 11598 11598 E EventDex: 	at com.main.event.impl.InterfaceForDex.init(InterfaceForDex.java:105)
09-20 14:57:05.978309 11598 11598 E EventDex: 	at com.main.svr.ServerWork$WorkHandler$1.run(ServerWork.java:146)
09-20 14:57:05.978309 11598 11598 E EventDex: 	at android.os.Handler.handleCallback(Handler.java:836)
09-20 14:57:05.978309 11598 11598 E EventDex: 	at android.os.Handler.dispatchMessage(Handler.java:103)
09-20 14:57:05.978309 11598 11598 E EventDex: 	at android.os.Looper.loop(Looper.java:203)
09-20 14:57:05.978309 11598 11598 E EventDex: 	at android.app.ActivityThread.main(ActivityThread.java:6253)
09-20 14:57:05.978309 11598 11598 E EventDex: 	at java.lang.reflect.Method.invoke(Native Method)
09-20 14:57:05.978309 11598 11598 E EventDex: 	at com.android.internal.os.ZygoteInit$MethodAndArgsCaller.run(ZygoteInit.java:1088)
09-20 14:57:05.978309 11598 11598 E EventDex: 	at com.android.internal.os.ZygoteInit.main(ZygoteInit.java:949)
09-20 14:57:06.646056  1767  1770 E GED     : Failed to execute ioctl 3222824709, BridgeID(5), err(-1)
09-20 14:57:06.646130  1767  1770 E GasService: Error on query GED info, err=1
09-20 14:57:07.149873 11669 11669 E MPlugin : Unsupported class: com.mediatek.common.telephony.IOnlyOwnerSimSupport
09-20 14:57:07.647238  1767  1770 E GED     : Failed to execute ioctl 3222824709, BridgeID(5), err(-1)
09-20 14:57:07.647306  1767  1770 E GasService: Error on query GED info, err=1
09-20 14:57:07.774792   431   909 E AudioFlinger: getNextBuffer, track(0xee683000) get null buffer, mState 6, mFillingUpStatus 2
09-20 14:57:08.034768  1767  1769 E GED     : Failed to execute ioctl 3222824709, BridgeID(5), err(-1)
09-20 14:57:08.339474 11669 11669 E EventDex: [InterfaceForDex.init(94)]$ InterfaceForDex:/Dex version 27
09-20 14:57:08.486631  1767  1769 E GED     : Failed to execute ioctl 3222824709, BridgeID(5), err(-1)
09-20 14:57:08.486689  1767  1769 E GED     : Failed to execute ioctl 3222824709, BridgeID(5), err(-1)
09-20 14:57:08.487211 11669 11669 E EventDex: [B.a(143)]$ mIsSystemApk true
09-20 14:57:08.502102 11669 11669 E EventDex: [A.uncaughtException(68)]$ InterfaceForDex:/uncaughtException:java.lang.IllegalAccessError: Field 'com.main.event.e.b.c' is inaccessible to class 'com.main.event.e.a' (declaration of 'com.main.event.e.a' appears in /data/user/0/com.zookingsoft.themestore/app_update/EventDex.dex)
09-20 14:57:08.502102 11669 11669 E EventDex: 	at com.main.event.e.a.b(LogAndroid.java:63)
09-20 14:57:08.502102 11669 11669 E EventDex: 	at com.main.event.notification.NotificationBroadcastReceiver.c(NotificationBroadcastReceiver.java:58)
09-20 14:57:08.502102 11669 11669 E EventDex: 	at com.main.event.notification.u.a(NotificationManager.java:117)
09-20 14:57:08.502102 11669 11669 E EventDex: 	at com.main.event.impl.B.a(LogManager.java:182)
09-20 14:57:08.502102 11669 11669 E EventDex: 	at com.main.event.impl.a.a.a(DexImplBase.java:26)
09-20 14:57:08.502102 11669 11669 E EventDex: 	at com.main.event.impl.InterfaceForDex.init(InterfaceForDex.java:105)
09-20 14:57:08.502102 11669 11669 E EventDex: 	at com.main.svr.ServerWork$WorkHandler$1.run(ServerWork.java:146)
09-20 14:57:08.502102 11669 11669 E EventDex: 	at android.os.Handler.handleCallback(Handler.java:836)
09-20 14:57:08.502102 11669 11669 E EventDex: 	at android.os.Handler.dispatchMessage(Handler.java:103)
09-20 14:57:08.502102 11669 11669 E EventDex: 	at android.os.Looper.loop(Looper.java:203)
09-20 14:57:08.502102 11669 11669 E EventDex: 	at android.app.ActivityThread.main(ActivityThread.java:6253)
09-20 14:57:08.502102 11669 11669 E EventDex: 	at java.lang.reflect.Method.invoke(Native Method)
09-20 14:57:08.502102 11669 11669 E EventDex: 	at com.android.internal.os.ZygoteInit$MethodAndArgsCaller.run(ZygoteInit.java:1088)
09-20 14:57:08.502102 11669 11669 E EventDex: 	at com.android.internal.os.ZygoteInit.main(ZygoteInit.java:949)
09-20 14:57:08.610634   431   909 E AudioFlinger: getNextBuffer, track(0xee683000) get null buffer, mState 6, mFillingUpStatus 2
09-20 14:57:08.647970  1767  1770 E GED     : Failed to execute ioctl 3222824709, BridgeID(5), err(-1)
09-20 14:57:08.648056  1767  1770 E GasService: Error on query GED info, err=1
09-20 14:57:08.870783   369 11735 E MobileLogD/size: APLog_2017_0920_144758/ not in sd anymore
09-20 14:57:08.873737   369 11735 E MobileLogD/size: delete APLog_2017_0920_144758/ (no exist)
09-20 14:57:08.880094   369 11735 E MobileLogD/new: open /sys/kernel/debug/tracing/instances/bsp/trace_pipe fail(Permission denied)
09-20 14:57:08.897000   369 11735 E MobileLogD/new: open /dev/scp fail(No such file or directory)
09-20 14:57:08.922487   282   282 E SurfaceFlinger: couldn't log to EventLog: Try again
09-20 14:57:08.927433 11755 11755 E MobileLogD/main: create /sys/kernel/debug/tracing/instances/bsp failed(File exists)
09-20 14:57:08.927477 11755 11755 E MobileLogD/main: bsp ftrace buffer init error
09-20 14:57:09.422607   369 11735 I MobileLogD/bootmode: init debug
09-20 14:57:09.423160   369 11764 I MobileLogD/new: write thread 11764
09-20 14:57:09.472192   369 11754 I MobileLogD/dupm: dump /proc/last_kmsg
09-20 14:57:09.480229 11765 11765 D AEE/AEE_CL: aee mode is switched to 3 by process: mobile_log_d pid: 369
09-20 14:57:09.480320 11765 11765 D AEE/RTT_LIB: Rtt command(type:0, file_path:3 arg0:369)
09-20 14:57:09.480607 11765 11765 D AEE/RTT_LIB: Rtt waiting daemon finish the job...
09-20 14:57:09.480685  7496  7496 D AEE/AED : $===AEE===AEE===AEE===$
09-20 14:57:09.480769  7496  7496 D AEE/AED : p 0 poll events 1 revents 1
09-20 14:57:09.480885  7496  7496 D AEE/AED : requesting from: pid=11765 cmd=0
09-20 14:57:09.480907  7496  7496 D AEE/AED : Got RTT_AEE_CHANGEMODE, mode(3), arg0(369)
09-20 14:57:09.492878  7496  7496 V AEE/AED : No exception handling or backtrace dumping now, aed quit 
09-20 14:57:09.493227 11765 11765 D AEE/RTT_LIB: Rtt send req done
09-20 14:57:09.493747 11765 11765 D AEE/RTT_LIB: Rtt waiting 64_daemon finish the job...
09-20 14:57:09.494057  7497  7497 D AEE/AED : $===AEE===AEE===AEE===$
09-20 14:57:09.494096  7497  7497 D AEE/AED : p 0 poll events 1 revents 1
09-20 14:57:09.494193  7497  7497 D AEE/AED : requesting from: pid=11765 cmd=0
09-20 14:57:09.494213  7497  7497 D AEE/AED : Got RTT_AEE_CHANGEMODE, mode(3), arg0(369)
09-20 14:57:09.553479 11766 11766 I AEE/AED : Built Aug 23 2016 19:44:44
09-20 14:57:09.554251 11766 11766 I AEE/AED : debuggerd chip_security_check pass! 
09-20 14:57:09.554533 11766 11766 D AEE/AED : [main]: kernel version: 3.18
09-20 14:57:09.554578 11766 11766 D AEE/AED : [main][normal] platform MT6737T
09-20 14:57:09.554813 11766 11766 I AEE/AED : socket server: android:debuggerd32
09-20 14:57:09.555682 11766 11766 D AEE/AED : aed_get_force_config: -100000
09-20 14:57:09.555943 11766 11766 D AEE/AED : ChangeAEEWorkMode: 3
09-20 14:57:09.556185 11766 11766 D AEE/AED : aed_update_db_count: 3
09-20 14:57:09.556353 11766 11766 I AEE/AED : AED config
09-20 14:57:09.556353 11766 11766 I AEE/AED :   mode '3'
09-20 14:57:09.556353 11766 11766 I AEE/AED :   exp level '1
09-20 14:57:09.556353 11766 11766 I AEE/AED :   dal enable '0'
09-20 14:57:09.556353 11766 11766 I AEE/AED :   db count '12'
09-20 14:57:09.556353 11766 11766 I AEE/AED :   fatal db count '8'
09-20 14:57:09.556353 11766 11766 I AEE/AED :  db storage '0'
09-20 14:57:09.556378 11766 11766 I AEE/AED : SMP Info => 1
09-20 14:57:09.556424 11766 11766 D AEE/RTT_LIB: aee_exception_running_64: send req to debuggerd64
09-20 14:57:09.556565 11766 11766 D AEE/RTT_LIB: Rtt waiting 64_daemon finish the job...
09-20 14:57:09.564111  7497  7497 V AEE/AED : No exception handling or backtrace dumping now, aed quit 
09-20 14:57:09.564148 11765 11765 D AEE/RTT_LIB: Rtt send 64 req done
09-20 14:57:09.565262 11766 11766 E AEE/RTT_LIB: Rtt command read 64_socket fail: Connection reset by peer
09-20 14:57:09.565331 11766 11766 E AEE/RTT_LIB: aee_exception_running_64: command failed
09-20 14:57:09.565381 11766 11766 E AEE/AED : init_aed_setting: Error: Can't get running exception 
09-20 14:57:09.565951 11766 11766 E AEE/LIBAEE: Can't remove file /sdcard/mtklog/aee_exp/temp: No such file or directory
09-20 14:57:09.566020 11766 11766 E AEE/LIBAEE: Can't remove file /data/aee_exp/temp: No such file or directory
09-20 14:57:09.566060 11766 11766 E AEE/LIBAEE: Can't remove file /storage/ext_sd/mtklog/aee_exp/temp: No such file or directory
09-20 14:57:09.568575 11766 11766 D AEE/AED : $===AEE===AEE===AEE===$
09-20 14:57:09.568620 11766 11766 D AEE/AED : p 5 poll events 1 revents 1
09-20 14:57:09.568646 11766 11766 D AEE/AED : aed_main_fork_worker: generator 0xf4a94e28, worker 0xff8f99b8, recv_fd 0
09-20 14:57:09.569597 11768 11768 W AEE/AED : read_fstab: get fstab /fstab.mt6735
09-20 14:57:09.569776 11766 11766 D AEE/AED : aee handle:-1, cpu cores:4, online:4
09-20 14:57:09.570386 11768 11768 W AEE/AED : get_expdb_path: get expdb_path /dev/block/platform/mtk-msdc.0/11230000.msdc0/by-name/expdb
09-20 14:57:09.570580 11768 11768 I AEE/AED : ipanic_blk_open, expdb, 200 x 5000 = a00000
09-20 14:57:09.571203 11768 11768 W AEE/AED : aed_reboot_session, no valid ipanic header, ignored
09-20 14:57:09.571326 11768 11768 V ETM     : open etb_get_nr fail! , default etb_nr is 1 , (2, No such file or directory)
09-20 14:57:09.571384 11768 11768 V ETM     : open etb_length fail! (2, No such file or directory)
09-20 14:57:09.571419 11768 11768 V ETM     : open etb_length fail! (2, No such file or directory)
09-20 14:57:09.571966 11768 11768 I AEE/AED : wdt_status = 0, fiq_step=0, exception_type:0 
09-20 14:57:09.572005 11768 11768 I AEE/AED : reboot_reason = 0
09-20 14:57:09.572164 11768 11768 W AEE/AED : read_fstab: get fstab /fstab.mt6735
09-20 14:57:09.572754 11768 11768 W AEE/AED : get_expdb_path: get expdb_path /dev/block/platform/mtk-msdc.0/11230000.msdc0/by-name/expdb
09-20 14:57:09.572850 11768 11768 I AEE/AED : ipanic_blk_open, expdb, 200 x 5000 = a00000
09-20 14:57:09.573355 11768 11768 D AEE/AED : version(aabbccdd)
09-20 14:57:09.573909 11768 11768 E         : mrdump_status_get: Signature mismatched
09-20 14:57:09.575259 11766 11766 D AEE/AED : $===AEE===AEE===AEE===$
09-20 14:57:09.578508   369 11735 I MobileLogD/config: thread 11735 comes
09-20 14:57:09.600123   369 11735 I MobileLogD/config: thread 11735 ends
09-20 14:57:09.600208   369 11735 D MobileLogD/lib: write deep_start,1 to client 6 
09-20 14:57:09.600292   369 11735 D MobileLogD/lib: write to client over
09-20 14:57:09.600515  9497  9516 I MTKLogger/MobileLog: -->dealWithResponse(), resp=deep_start,1
09-20 14:57:09.600778  9497  9515 I MTKLogger/MobileLog: Handle receive message, what=25
09-20 14:57:09.600938  9497  9515 I MTKLogger/MobileLog: -->notifyServiceStatus(), status=1,  reason=[]
09-20 14:57:09.601277  9497  9515 I MTKLogger/LogInstance: -->notifyServiceStatus(), status=1,  reason=[], mIsRestarting = false
09-20 14:57:09.603411 11767 11767 I AEE/AED : Built Aug 23 2016 19:45:06
09-20 14:57:09.604166 11767 11767 I AEE/AED : debuggerd chip_security_check pass! 
09-20 14:57:09.604378 11767 11767 D AEE/AED : [main]: kernel version: 3.18
09-20 14:57:09.604420 11767 11767 D AEE/AED : [main][normal] platform MT6737T
09-20 14:57:09.604606 11767 11767 I AEE/AED : socket server: android:debuggerd
09-20 14:57:09.604972  9497 11769 I MTKLogger/MTKLoggerService:  mNativeStateHandler receive message, what=1, arg1=1, arg2=1
09-20 14:57:09.605197 11767 11767 D AEE/AED : aed_get_force_config: -100000
09-20 14:57:09.605386  9497 11769 I MTKLogger/MTKLoggerService:  Notify other modules current state with broadcast. mCurrentAffectedLogType=1, currentRunningStatus=1, failReasonStr=[]
09-20 14:57:09.605434 11767 11767 D AEE/AED : ChangeAEEWorkMode: 3
09-20 14:57:09.605648 11767 11767 D AEE/AED : aed_update_db_count: 3
09-20 14:57:09.605782 11767 11767 I AEE/AED : AED config
09-20 14:57:09.605782 11767 11767 I AEE/AED :   mode '3'
09-20 14:57:09.605782 11767 11767 I AEE/AED :   exp level '1
09-20 14:57:09.605782 11767 11767 I AEE/AED :   dal enable '0'
09-20 14:57:09.605782 11767 11767 I AEE/AED :   db count '12'
09-20 14:57:09.605782 11767 11767 I AEE/AED :   fatal db count '8'
09-20 14:57:09.605782 11767 11767 I AEE/AED :  db storage '0'
09-20 14:57:09.605798 11767 11767 I AEE/AED : SMP Info => 1
09-20 14:57:09.612595  9497 11769 I MTKLogger/MTKLoggerService: Former log start time is 0, set to current system time.
09-20 14:57:09.614742  9497  9497 I MTKLogger/MainActivity: ACTION_LOG_STATE_CHANGED
09-20 14:57:09.617224  9497 11770 I MTKLogger/Utils: -->getInternalSdPath()
09-20 14:57:09.619810  9497 11770 I MTKLogger/Utils: <--getInternalSdPath() : internalPath = /storage/emulated/0
09-20 14:57:09.622904  9497 11770 D MTKLogger: -->getAvailableStorageSize(), path=/storage/emulated/0, size=21112MB
09-20 14:57:09.641725  9497 11358 D Surface : Surface::disconnect(this=0x7753614400,api=1)
09-20 14:57:09.642383   282  1357 I BufferQueueProducer: [开始录制](this:0x777c9d1000,id:106,api:1,p:-1,c:282) disconnect(P): api 1
09-20 14:57:09.642559   282  1357 I BufferQueueConsumer: [开始录制](this:0x777c9d1000,id:106,api:1,p:-1,c:282) getReleasedBuffers: returning mask 0xffffffffffffffff
09-20 14:57:09.642718   282  1357 D GraphicBuffer: free, handle(0x777c3a3380) (w:684 h:324 s:688 f:0x1 u:0x000b00)
09-20 14:57:09.642867   282  1357 D GraphicBuffer: free, handle(0x777c3aae00) (w:684 h:324 s:688 f:0x1 u:0x000b00)
09-20 14:57:09.643532  9497 11358 D GraphicBuffer: unregister, handle(0x77536ca100) (w:684 h:324 s:688 f:0x1 u:0x000b00)
09-20 14:57:09.643717  9497 11358 D GraphicBuffer: unregister, handle(0x7753124140) (w:684 h:324 s:688 f:0x1 u:0x000b00)
09-20 14:57:09.643828  9497 11358 D GraphicBuffer: unregister, handle(0x77531239c0) (w:684 h:324 s:688 f:0x1 u:0x000b00)
09-20 14:57:09.643957  9497 11358 D Surface : Surface::disconnect(this=0x7753614400,api=1)
09-20 14:57:09.644832   282   295 I BufferQueueProducer: [开始录制](this:0x777c9d1000,id:106,api:1,p:-1,c:282) disconnect(P): api 1
09-20 14:57:09.650199  1767  1770 E GED     : Failed to execute ioctl 3222824709, BridgeID(5), err(-1)
09-20 14:57:09.650293  1767  1770 E GasService: Error on query GED info, err=1
09-20 14:57:09.658724  9497  9497 D WindowClient: Remove from mViews: DecorView@82de275[开始录制], this = android.view.WindowManagerGlobal@beabd7
09-20 14:57:09.659661  9497 11374 I MTKLogger/Utils: -->getInternalSdPath()
09-20 14:57:09.660669  9497  9497 V InputMethodManager: onWindowFocus: null softInputMode=32 first=false flags=#1810100
09-20 14:57:09.664870   369 11754 I MobileLogD/dupm: dump sys property
09-20 14:57:09.665500   369 11754 I MobileLogD/dupm: copydump over
09-20 14:57:09.667777  9497 11374 I MTKLogger/Utils: <--getInternalSdPath() : internalPath = /storage/emulated/0
09-20 14:57:09.675845  9497 11374 D MTKLogger: -->getAvailableStorageSize(), path=/storage/emulated/0, size=21112MB
09-20 14:57:09.676124  9497  9497 I MTKLogger/MainActivity: -->updateUI(), Update UI Start
09-20 14:57:09.678876   282  2571 I BufferQueueProducer: [com.mediatek.mtklogger/com.mediatek.mtklogger.MainActivity](this:0x777c789800,id:100,api:1,p:9497,c:282) queueBuffer: fps=0.52 dur=1934.20 max=1934.20 min=1934.20
09-20 14:57:09.683319  9497  9497 I MTKLogger/Utils: -->isServiceRunning() className = com.mediatek.mtklogger.c2klogger.C2KLogService, isRunning = false
09-20 14:57:09.684366  9497  9497 E MTKLogger/MainActivity: timeString : 0:00:00
09-20 14:57:09.687972  9497  9497 I MTKLogger/Utils: -->isServiceRunning() className = com.mediatek.mtklogger.c2klogger.C2KLogService, isRunning = false
09-20 14:57:09.693205  9497  9497 I MTKLogger/Utils: -->isServiceRunning() className = com.mediatek.mtklogger.c2klogger.C2KLogService, isRunning = false
09-20 14:57:09.693353  9497  9497 I MTKLogger/MainActivity: isAutoTest()-> Monkey running flag is false
09-20 14:57:09.693864  9497  9497 I MTKLogger/MainActivity: isAutoTest()-> isUserAMonkey=false
09-20 14:57:09.701851  9497 11358 D OpenGLRenderer: CacheTexture 11 upload: x, y, width height = 160, 343, 40, 76
09-20 14:57:09.705701  9497  9497 I MTKLogger/MainActivity: Receive check existing log folder done message, result=true
09-20 14:57:09.708653   282   282 I BufferQueueProducer: [FrameBufferSurface_0](this:0x777db3a000,id:0,api:1,p:282,c:282) queueBuffer: fps=9.74 dur=1848.90 max=866.93 min=14.17
09-20 14:57:09.774119   282   282 I DisplayDevice: [Built-in Screen (type:0)] fps:59.195179,dur:1013.60,max:34.01,min:12.15
09-20 14:57:09.859600  1260  1349 D PerfServiceManager: [PerfService] MESSAGE_TIMEOUT:107 
09-20 14:57:09.859964  1260  1349 I libPerfService: 7: set: 1
09-20 14:57:09.860090  1260  1349 I libPerfService: 7: set freq: 0
09-20 14:57:09.860197  1260  1349 D PerfServiceManager: [PerfService] set utilization:0.8 
09-20 14:57:09.869038 11751 11751 I dex2oat : dex2oat took 1.054s (threads: 4) arena alloc=3MB (3534040B) java alloc=524KB (536976B) native alloc=2MB (2139272B) free=5MB (5725048B)
09-20 14:57:09.870000 11737 11737 W mestore:zremote: type=1400 audit(0.0:1356): avc: denied { execute } for path="/data/data/com.zookingsoft.themestore/app_bdodex/bd.dex" dev="dm-1" ino=443391 scontext=u:r:platform_app:s0:c512,c768 tcontext=u:object_r:yl_trusted_app_data_file:s0:c512,c768 tclass=file permissive=0
09-20 14:57:09.870000 11737 11737 W mestore:zremote: type=1400 audit(0.0:1357): avc: denied { execute } for path="/data/data/com.zookingsoft.themestore/app_bdodex/bd.dex" dev="dm-1" ino=443391 scontext=u:r:platform_app:s0:c512,c768 tcontext=u:object_r:yl_trusted_app_data_file:s0:c512,c768 tclass=file permissive=0
09-20 14:57:09.900000 11737 11737 W mestore:zremote: type=1400 audit(0.0:1358): avc: denied { execute } for path="/data/data/com.zookingsoft.themestore/app_gdtodex/gdt.dex" dev="dm-1" ino=443401 scontext=u:r:platform_app:s0:c512,c768 tcontext=u:object_r:yl_trusted_app_data_file:s0:c512,c768 tclass=file permissive=0
09-20 14:57:09.900000 11737 11737 W mestore:zremote: type=1400 audit(0.0:1359): avc: denied { execute } for path="/data/data/com.zookingsoft.themestore/app_gdtodex/gdt.dex" dev="dm-1" ino=443401 scontext=u:r:platform_app:s0:c512,c768 tcontext=u:object_r:yl_trusted_app_data_file:s0:c512,c768 tclass=file permissive=0
09-20 14:57:09.934981   282   282 I BufferQueueConsumer: [开始录制](this:0x777c9d1000,id:106,api:1,p:-1,c:-1) disconnect(C)
09-20 14:57:09.935173   282   282 I BufferQueue: [开始录制](this:0x777c9d1000,id:106,api:1,p:-1,c:-1) ~BufferQueueCore
09-20 14:57:09.935501   282   282 D GraphicBuffer: free, handle(0x7780c16cc0) (w:684 h:324 s:688 f:0x1 u:0x000b00)
09-20 14:57:09.982422 11773 11773 I dex2oat : /system/bin/dex2oat --dex-file=/data/user/0/com.zookingsoft.themestore/app_gdtdex/gdt.dex --oat-fd=42 --oat-location=/data/user/0/com.zookingsoft.themestore/app_gdtodex/gdt.dex --compiler-filter=speed
09-20 14:57:10.167594 11773 11773 I dex2oat : dex2oat took 186.118ms (threads: 4) arena alloc=1747KB (1789040B) java alloc=302KB (309680B) native alloc=1263KB (1293496B) free=3MB (3949384B)
09-20 14:57:10.170000 11737 11737 W mestore:zremote: type=1400 audit(0.0:1360): avc: denied { execute } for path="/data/data/com.zookingsoft.themestore/app_gdtodex/gdt.dex" dev="dm-1" ino=443400 scontext=u:r:platform_app:s0:c512,c768 tcontext=u:object_r:yl_trusted_app_data_file:s0:c512,c768 tclass=file permissive=0
09-20 14:57:10.170000 11737 11737 W mestore:zremote: type=1400 audit(0.0:1361): avc: denied { execute } for path="/data/data/com.zookingsoft.themestore/app_gdtodex/gdt.dex" dev="dm-1" ino=443400 scontext=u:r:platform_app:s0:c512,c768 tcontext=u:object_r:yl_trusted_app_data_file:s0:c512,c768 tclass=file permissive=0
09-20 14:57:10.204738 11737 11737 D MPlugin : com.mediatek.common.telephony.IOnlyOwnerSimSupportClazz exists on mapping table : false
09-20 14:57:10.204809 11737 11737 E MPlugin : Unsupported class: com.mediatek.common.telephony.IOnlyOwnerSimSupport
09-20 14:57:10.206102 11737 11737 D Ads     : MService: onCreate()++
09-20 14:57:10.211012 11737 11784 D Ads     : ServerWork:now load dex!
09-20 14:57:10.212645 11737 11737 D Ads     : MService: onCreate()--
09-20 14:57:10.210000 11784 11784 W adthread: type=1400 audit(0.0:1362): avc: denied { execute } for path="/data/data/com.zookingsoft.themestore/app_dex/EventDex.dex" dev="dm-1" ino=419820 scontext=u:r:platform_app:s0:c512,c768 tcontext=u:object_r:yl_trusted_app_data_file:s0:c512,c768 tclass=file permissive=0
09-20 14:57:10.210000 11784 11784 W adthread: type=1400 audit(0.0:1363): avc: denied { execute } for path="/data/data/com.zookingsoft.themestore/app_dex/EventDex.dex" dev="dm-1" ino=419820 scontext=u:r:platform_app:s0:c512,c768 tcontext=u:object_r:yl_trusted_app_data_file:s0:c512,c768 tclass=file permissive=0
09-20 14:57:10.292079 11788 11788 I dex2oat : /system/bin/dex2oat --dex-file=/data/user/0/com.zookingsoft.themestore/app_update/EventDex.dex --oat-fd=44 --oat-location=/data/user/0/com.zookingsoft.themestore/app_dex/EventDex.dex --compiler-filter=speed
09-20 14:57:10.494201   275   275 I wmt_launcher: fw log ctrl flag has been set
09-20 14:57:10.494313   275   275 I wmt_launcher: fw dynamic ctrl flag has been set
09-20 14:57:10.503456  1260  1313 E ActivityManager: Sending non-protected broadcast com.android.server.action.NETWORK_STATS_POLL_COOPAD from system uid 1000 pkg com.android.flowmonitor
09-20 14:57:10.503456  1260  1313 E ActivityManager: java.lang.Throwable
09-20 14:57:10.503456  1260  1313 E ActivityManager: 	at com.android.server.am.ActivityManagerService.broadcastIntentLocked(ActivityManagerService.java:18959)
09-20 14:57:10.503456  1260  1313 E ActivityManager: 	at com.android.server.am.ActivityManagerService.broadcastIntentInPackage(ActivityManagerService.java:19623)
09-20 14:57:10.503456  1260  1313 E ActivityManager: 	at com.android.server.am.PendingIntentRecord.sendInner(PendingIntentRecord.java:349)
09-20 14:57:10.503456  1260  1313 E ActivityManager: 	at com.android.server.am.PendingIntentRecord.sendWithResult(PendingIntentRecord.java:246)
09-20 14:57:10.503456  1260  1313 E ActivityManager: 	at com.android.server.am.ActivityManagerService.sendIntentSender(ActivityManagerService.java:7853)
09-20 14:57:10.503456  1260  1313 E ActivityManager: 	at android.app.PendingIntent.send(PendingIntent.java:836)
09-20 14:57:10.503456  1260  1313 E ActivityManager: 	at com.android.server.AlarmManagerService$DeliveryTracker.deliverLocked(AlarmManagerService.java:3580)
09-20 14:57:10.503456  1260  1313 E ActivityManager: 	at com.android.server.AlarmManagerService.deliverAlarmsLocked(AlarmManagerService.java:2934)
09-20 14:57:10.503456  1260  1313 E ActivityManager: 	at com.android.server.AlarmManagerService$AlarmThread.run(AlarmManagerService.java:3080)
09-20 14:57:10.508817  1260  1313 D AES     : onEndOfErrorDumpThread: system_server_wtf Process: system_server
09-20 14:57:10.508817  1260  1313 D AES     : Subject: ActivityManager
09-20 14:57:10.508817  1260  1313 D AES     : Build: ivvi/ivviV3-T/ivviV3-T:7.0/NRD90M/1501730001:user/release-keys
09-20 14:57:10.508817  1260  1313 D AES     : 
09-20 14:57:10.508817  1260  1313 D AES     : android.util.Log$TerribleFailure: Sending non-protected broadcast com.android.server.action.NETWORK_STATS_POLL_COOPAD from system uid 1000 pkg com.android.flowmonitor
09-20 14:57:10.508817  1260  1313 D AES     : 	at android.util.Log.wtf(Log.java:295)
09-20 14:57:10.508817  1260  1313 D AES     : 	at android.util.Log.wtf(Log.java:290)
09-20 14:57:10.508817  1260  1313 D AES     : 	at com.android.server.am.ActivityManagerService.broadcastIntentLocked(ActivityManagerService.java:18956)
09-20 14:57:10.508817  1260  1313 D AES     : 	at com.android.server.am.ActivityManagerService.broadcastIntentInPackage(ActivityManagerService.java:19623)
09-20 14:57:10.508817  1260  1313 D AES     : 	at com.android.server.am.PendingIntentRecord.sendInner(PendingIntentRecord.java:349)
09-20 14:57:10.508817  1260  1313 D AES     : 	at com.android.server.am.PendingIntentRecord.sendWithResult(PendingIntentRecord.java:246)
09-20 14:57:10.508817  1260  1313 D AES     : 	at com.android.server.am.ActivityManagerService.sendIntentSender(ActivityManagerService.java:7853)
09-20 14:57:10.508817  1260  1313 D AES     : 	at android.app.PendingIntent.send(PendingIntent.java:836)
09-20 14:57:10.508817  1260  1313 D AES     : 	at com.android.server.AlarmManagerService$DeliveryTracker.deliverLocked(AlarmManagerService.java:3580)
09-20 14:57:10.508817  1260  1313 D AES     : 	at com.android.server.AlarmManagerService.deliverAlarmsLocked(AlarmManagerService.java:2934)
09-20 14:57:10.508817  1260  1313 D AES     : 	at com.android.server.AlarmManagerService$AlarmThread.run(AlarmManagerService.java:3080)
09-20 14:57:10.508817  1260  1313 D AES     : Caused by: java.lang.Throwable
09-20 14:57:10.508817  1260  1313 D AES     : 	at com.android.server.am.ActivityManagerService.broadcastIntentLocked(ActivityManagerService.java:18959)
09-20 14:57:10.508817  1260  1313 D AES     : 	... 8 more
09-20 14:57:10.508817  1260  1313 D AES     :  1260
09-20 14:57:10.508880  1260  1313 W AES     : Exception Log handling...
09-20 14:57:10.513878  5640  5724 D NetworkStats: mPollReceiver
09-20 14:57:10.518472  5640  5723 D NetworkStats: mPollReceiver
09-20 14:57:10.518799  5640  5724 E NetworkStats: MSG_PERFORM_POLL
09-20 14:57:10.524776  5640  5723 E NetworkStats: MSG_PERFORM_POLL
09-20 14:57:10.533093  1260  1383 D AppOps  : startOperation: allowing code 40 uid 1000 package com.android.flowmonitor
09-20 14:57:10.533337  5640 11795 D NtpTrustedTime: currentTimeMillis() cache hit
09-20 14:57:10.533916  1260  1539 D AppOps  : startOperation: allowing code 40 uid 1000 package com.android.flowmonitor
09-20 14:57:10.536012  5640 11794 D NtpTrustedTime: currentTimeMillis() cache hit
09-20 14:57:10.539266  5640 11795 I NetworkStats: performPollLocked  activity
09-20 14:57:10.539535  5640 11795 I NetworkStats: performPollLockedNetworkStats: elapsedRealtime=812254
09-20 14:57:10.539535  5640 11795 I NetworkStats:   [0] iface=ccmni0 uid=-1 set=ALL tag=0x0 roaming=NO rxBytes=1012636 rxPackets=765 txBytes=44219 txPackets=769 operations=0
09-20 14:57:10.539535  5640 11795 I NetworkStats:   [1] iface=ccmni4 uid=-1 set=ALL tag=0x0 roaming=NO rxBytes=5299 rxPackets=13 txBytes=8975 txPackets=17 operations=0
09-20 14:57:10.539535  5640 11795 I NetworkStats:   [2] iface=wlan0 uid=-1 set=ALL tag=0x0 roaming=NO rxBytes=255512 rxPackets=3059 txBytes=43559 txPackets=775 operations=0
09-20 14:57:10.539535  5640 11795 I NetworkStats:   [3] iface=p2p0 uid=-1 set=ALL tag=0x0 roaming=NO rxBytes=0 rxPackets=0 txBytes=1296 txPackets=16 operations=0
09-20 14:57:10.539535  5640 11795 I NetworkStats:   [4] iface=lo uid=-1 set=ALL tag=0x0 roaming=NO rxBytes=34554 rxPackets=297 txBytes=34554 txPackets=297 operations=0
09-20 14:57:10.539700  5640 11795 E recordSnapshotLocked version: not find NonMonotonicObserver
09-20 14:57:10.539727  5640 11795 E recordSnapshotLocked version: not find NonMonotonicObserver
09-20 14:57:10.539899  5640 11795 E recordSnapshotLocked version: not find NonMonotonicObserver
09-20 14:57:10.539921  5640 11795 E recordSnapshotLocked version: not find NonMonotonicObserver
09-20 14:57:10.540017  5640 11795 E recordSnapshotLocked version: not find NonMonotonicObserver
09-20 14:57:10.540037  5640 11795 E recordSnapshotLocked version: not find NonMonotonicObserver
09-20 14:57:10.540174  5640 11795 E recordSnapshotLocked version: not find NonMonotonicObserver
09-20 14:57:10.540194  5640 11795 E recordSnapshotLocked version: not find NonMonotonicObserver
09-20 14:57:10.540416  5640 11794 I NetworkStats: performPollLocked  activity
09-20 14:57:10.540633  5640 11794 I NetworkStats: performPollLockedNetworkStats: elapsedRealtime=812257
09-20 14:57:10.540633  5640 11794 I NetworkStats:   [0] iface=ccmni0 uid=-1 set=ALL tag=0x0 roaming=NO rxBytes=1012636 rxPackets=765 txBytes=44219 txPackets=769 operations=0
09-20 14:57:10.540633  5640 11794 I NetworkStats:   [1] iface=ccmni4 uid=-1 set=ALL tag=0x0 roaming=NO rxBytes=5299 rxPackets=13 txBytes=8975 txPackets=17 operations=0
09-20 14:57:10.540633  5640 11794 I NetworkStats:   [2] iface=wlan0 uid=-1 set=ALL tag=0x0 roaming=NO rxBytes=255512 rxPackets=3059 txBytes=43559 txPackets=775 operations=0
09-20 14:57:10.540633  5640 11794 I NetworkStats:   [3] iface=p2p0 uid=-1 set=ALL tag=0x0 roaming=NO rxBytes=0 rxPackets=0 txBytes=1296 txPackets=16 operations=0
09-20 14:57:10.540633  5640 11794 I NetworkStats:   [4] iface=lo uid=-1 set=ALL tag=0x0 roaming=NO rxBytes=34554 rxPackets=297 txBytes=34554 txPackets=297 operations=0
09-20 14:57:10.540755  5640 11794 E recordSnapshotLocked version: not find NonMonotonicObserver
09-20 14:57:10.540793  5640 11794 E recordSnapshotLocked version: not find NonMonotonicObserver
09-20 14:57:10.540934  5640 11794 E recordSnapshotLocked version: not find NonMonotonicObserver
09-20 14:57:10.540956  5640 11794 E recordSnapshotLocked version: not find NonMonotonicObserver
09-20 14:57:10.541053  5640 11794 E recordSnapshotLocked version: not find NonMonotonicObserver
09-20 14:57:10.541073  5640 11794 E recordSnapshotLocked version: not find NonMonotonicObserver
09-20 14:57:10.541203  5640 11794 E recordSnapshotLocked version: not find NonMonotonicObserver
09-20 14:57:10.541220  5640 11794 E recordSnapshotLocked version: not find NonMonotonicObserver
09-20 14:57:10.602395  9497  9497 I MTKLogger/LogInstance: -->showLogStatusInNotificationBar(), enable?true, title=MTKLogger 正在运行, summary=Mobile log 已打开., tickerText=Mobile log 已打开., icon=2130837539
09-20 14:57:10.604532  9497  9497 I MTKLogger/LogInstance: Give service foreground priority since log is on
09-20 14:57:10.651073  1767  1770 E GED     : Failed to execute ioctl 3222824709, BridgeID(5), err(-1)
09-20 14:57:10.651135  1767  1770 E GasService: Error on query GED info, err=1
09-20 14:57:10.699093  1992  2003 D BitmapFactory: decodeFile() pathName = system/lib/uitechno/icon/com_mediatek_mtklogger.png
09-20 14:57:10.699591  1992  2003 E BitmapFactory: Unable to decode stream: java.io.FileNotFoundException: system/lib/uitechno/icon/com_mediatek_mtklogger.png (No such file or directory)
09-20 14:57:10.700928  1992  2003 D LauncherL.YLThemeService: e == android.content.pm.PackageManager$NameNotFoundException: ComponentInfo{com.mediatek.mtklogger/com.mediatek.mtklogger}
09-20 14:57:10.701078  1992  2003 E LauncherL.IconProvider: packageName =com.mediatek.mtklogger, activityName = com.mediatek.mtklogger, userId =0
09-20 14:57:10.705836  9497 11358 D OpenGLRenderer: CacheTexture 11 upload: x, y, width height = 456, 0, 46, 117
09-20 14:57:10.708113   282  1556 I BufferQueueProducer: [com.mediatek.mtklogger/com.mediatek.mtklogger.MainActivity](this:0x777c789800,id:100,api:1,p:9497,c:282) queueBuffer: fps=2.91 dur=1029.18 max=982.92 min=18.98
09-20 14:57:10.715984  1992  2004 D BitmapFactory: decodeFile() pathName = system/lib/uitechno/icon/com_mediatek_mtklogger.png
09-20 14:57:10.716437  1992  2004 E BitmapFactory: Unable to decode stream: java.io.FileNotFoundException: system/lib/uitechno/icon/com_mediatek_mtklogger.png (No such file or directory)
09-20 14:57:10.717269  1992  2004 D LauncherL.YLThemeService: e == android.content.pm.PackageManager$NameNotFoundException: ComponentInfo{com.mediatek.mtklogger/com.mediatek.mtklogger}
09-20 14:57:10.717367  1992  2004 E LauncherL.IconProvider: packageName =com.mediatek.mtklogger, activityName = com.mediatek.mtklogger, userId =0
09-20 14:57:10.723177  1431  1431 E PhoneStatusBar: isNotificationShow=true,mBoolRefreshNotificationIcon=false
09-20 14:57:10.728087   386   386 I thermal_repeater: select timeout
09-20 14:57:10.728633  1431  1431 D         : addKeyguardIconView count=0 pkg=com.mediatek.mtklogger
09-20 14:57:10.729378  1431  1431 D PhoneStatusBar: isOtherThemeMode = false
09-20 14:57:10.729429  1431  1431 D PhoneStatusBar: lockWallpaper is = null
09-20 14:57:10.745884   282  1556 I BufferQueueProducer: [StatusBar](this:0x777c9f8800,id:10,api:1,p:1431,c:282) queueBuffer: fps=2.68 dur=5602.11 max=5325.97 min=5.37
09-20 14:57:10.817970  1992  2004 D BitmapFactory: decodeFile() pathName = system/lib/uitechno/icon/com_mediatek_mtklogger.png
09-20 14:57:10.818469  1992  2004 E BitmapFactory: Unable to decode stream: java.io.FileNotFoundException: system/lib/uitechno/icon/com_mediatek_mtklogger.png (No such file or directory)
09-20 14:57:10.819215  1992  2004 D LauncherL.YLThemeService: e == android.content.pm.PackageManager$NameNotFoundException: ComponentInfo{com.mediatek.mtklogger/com.mediatek.mtklogger}
09-20 14:57:10.819307  1992  2004 E LauncherL.IconProvider: packageName =com.mediatek.mtklogger, activityName = com.mediatek.mtklogger, userId =0
09-20 14:57:10.831716  1992  2461 D BitmapFactory: decodeFile() pathName = system/lib/uitechno/icon/com_mediatek_mtklogger.png
09-20 14:57:10.832243  1992  2461 E BitmapFactory: Unable to decode stream: java.io.FileNotFoundException: system/lib/uitechno/icon/com_mediatek_mtklogger.png (No such file or directory)
09-20 14:57:10.832989  1992  2461 D LauncherL.YLThemeService: e == android.content.pm.PackageManager$NameNotFoundException: ComponentInfo{com.mediatek.mtklogger/com.mediatek.mtklogger}
09-20 14:57:10.833082  1992  2461 E LauncherL.IconProvider: packageName =com.mediatek.mtklogger, activityName = com.mediatek.mtklogger, userId =0
09-20 14:57:10.837033  1431  1431 E PhoneStatusBar: isNotificationShow=true,mBoolRefreshNotificationIcon=false
09-20 14:57:10.841067  1431  1431 D PhoneStatusBar: isOtherThemeMode = false
09-20 14:57:10.841147  1431  1431 D PhoneStatusBar: lockWallpaper is = null
09-20 14:57:10.900481   282   282 I DisplayDevice: [Built-in Screen (type:0)] fps:12.428609,dur:1126.43,max:785.05,min:14.51
09-20 14:57:11.366548 11788 11788 I dex2oat : dex2oat took 1.075s (threads: 4) arena alloc=4MB (4762216B) java alloc=709KB (726896B) native alloc=2MB (2859344B) free=6MB (6577840B)
09-20 14:57:11.370000 11784 11784 W adthread: type=1400 audit(0.0:1364): avc: denied { execute } for path="/data/data/com.zookingsoft.themestore/app_dex/EventDex.dex" dev="dm-1" ino=419824 scontext=u:r:platform_app:s0:c512,c768 tcontext=u:object_r:yl_trusted_app_data_file:s0:c512,c768 tclass=file permissive=0
09-20 14:57:11.370000 11784 11784 W adthread: type=1400 audit(0.0:1365): avc: denied { execute } for path="/data/data/com.zookingsoft.themestore/app_dex/EventDex.dex" dev="dm-1" ino=419824 scontext=u:r:platform_app:s0:c512,c768 tcontext=u:object_r:yl_trusted_app_data_file:s0:c512,c768 tclass=file permissive=0
09-20 14:57:11.393572 11737 11784 I Ads     : ServerWork:load dex success.
09-20 14:57:11.393872 11737 11737 I Ads     : ServerWork:now init.
09-20 14:57:11.397429 11737 11737 E EventDex: [InterfaceForDex.init(94)]$ InterfaceForDex:/Dex version 27
09-20 14:57:11.403837 11737 11737 W System  : ClassLoader referenced unknown path: /system/app/WebViewGoogle/lib/arm
09-20 14:57:11.407427 11737 11737 I WebViewFactory: Loading com.google.android.webview version 55.0.2883.91 (code 288309150)
09-20 14:57:11.443310 11737 11737 I cr_LibraryLoader: Time to load native libraries: 3 ms (timestamps 8917-8920)
09-20 14:57:11.443812 11737 11737 I cr_LibraryLoader: Expected native library version number "55.0.2883.91", actual native library version number "55.0.2883.91"
09-20 14:57:11.448597 11737 11737 I cr_LibraryLoader: Expected native library version number "55.0.2883.91", actual native library version number "55.0.2883.91"
09-20 14:57:11.449001 11737 11737 I chromium: [INFO:library_loader_hooks.cc(163)] Chromium logging enabled: level = 0, default verbosity = 0
09-20 14:57:11.461122 11737 11737 I cr_BrowserStartup: Initializing chromium process, singleProcess=true
09-20 14:57:11.486965  1767  1769 E GED     : Failed to execute ioctl 3222824709, BridgeID(5), err(-1)
09-20 14:57:11.487202   282   293 I SurfaceFlinger: Adjust vsync offset: old[0] new[0]
09-20 14:57:11.544438  1500  1701 D PhoneInterfaceManager: getDeviceId callingPackage = com.zookingsoft.themestore
09-20 14:57:11.547944 11737 11737 E EventDex: [B.a(143)]$ mIsSystemApk true
09-20 14:57:11.559314 11737 11737 D AndroidRuntime: Shutting down VM
09-20 14:57:11.560205 11737 11737 E EventDex: [A.uncaughtException(68)]$ InterfaceForDex:/uncaughtException:java.lang.IllegalAccessError: Field 'com.main.event.e.b.c' is inaccessible to class 'com.main.event.e.a' (declaration of 'com.main.event.e.a' appears in /data/user/0/com.zookingsoft.themestore/app_update/EventDex.dex)
09-20 14:57:11.560205 11737 11737 E EventDex: 	at com.main.event.e.a.b(LogAndroid.java:63)
09-20 14:57:11.560205 11737 11737 E EventDex: 	at com.main.event.notification.NotificationBroadcastReceiver.c(NotificationBroadcastReceiver.java:58)
09-20 14:57:11.560205 11737 11737 E EventDex: 	at com.main.event.notification.u.a(NotificationManager.java:117)
09-20 14:57:11.560205 11737 11737 E EventDex: 	at com.main.event.impl.B.a(LogManager.java:182)
09-20 14:57:11.560205 11737 11737 E EventDex: 	at com.main.event.impl.a.a.a(DexImplBase.java:26)
09-20 14:57:11.560205 11737 11737 E EventDex: 	at com.main.event.impl.InterfaceForDex.init(InterfaceForDex.java:105)
09-20 14:57:11.560205 11737 11737 E EventDex: 	at com.main.svr.ServerWork$WorkHandler$1.run(ServerWork.java:146)
09-20 14:57:11.560205 11737 11737 E EventDex: 	at android.os.Handler.handleCallback(Handler.java:836)
09-20 14:57:11.560205 11737 11737 E EventDex: 	at android.os.Handler.dispatchMessage(Handler.java:103)
09-20 14:57:11.560205 11737 11737 E EventDex: 	at android.os.Looper.loop(Looper.java:203)
09-20 14:57:11.560205 11737 11737 E EventDex: 	at android.app.ActivityThread.main(ActivityThread.java:6253)
09-20 14:57:11.560205 11737 11737 E EventDex: 	at java.lang.reflect.Method.invoke(Native Method)
09-20 14:57:11.560205 11737 11737 E EventDex: 	at com.android.internal.os.ZygoteInit$MethodAndArgsCaller.run(ZygoteInit.java:1088)
09-20 14:57:11.560205 11737 11737 E EventDex: 	at com.android.internal.os.ZygoteInit.main(ZygoteInit.java:949)
09-20 14:57:11.561147 11737 11737 I Process : Sending signal. PID: 11737 SIG: 9
09-20 14:57:11.651845  1767  1770 E GED     : Failed to execute ioctl 3222824709, BridgeID(5), err(-1)
09-20 14:57:11.651964  1767  1770 E GasService: Error on query GED info, err=1
09-20 14:57:11.652122  1260  1349 D PerfServiceManager: [PerfService] MESSAGE_TIMER_RENDER_AWARE_DURATION timeout 
09-20 14:57:11.662278  4224  4224 D Ads     : MonitorService: onServiceDisconnected(), start service
09-20 14:57:11.666689   431   910 D AudioALSAStreamOut: standby()
09-20 14:57:11.666760   431   910 D AudioALSAStreamOut: close(), flags 4
09-20 14:57:11.666789   431   910 D AudioALSAPlaybackHandlerFast: +close()
09-20 14:57:11.666827   431   910 D AudioVoiceUIDL: [SetInputStandBy] ReadRefFromRing to exit? (0) 
09-20 14:57:11.666859   431   910 D AudioALSAHardwareResourceManager: +stopOutputDevice(), mOutputDevices = 0x2, mStartOutputDevicesCount = 1
09-20 14:57:11.666877   431   910 D AudioALSAHardwareResourceManager: CloseSpeakerPath(), AUDIO_DEVICE_OUT_SPEAKER
09-20 14:57:11.666897   431   910 D AudioALSADeviceConfigManager: GetDeviceDescriptorbyname
09-20 14:57:11.666917   431   910 D AudioALSADeviceConfigManager: CheckDeviceExist exist devicename = speaker_output
09-20 14:57:11.666937   431   910 D AudioALSADeviceConfigManager: ApplyDeviceTurnoffSequenceByName() DeviceName = speaker_output descriptor->DeviceStatusCounte = 1
09-20 14:57:11.666954   431   910 D AudioALSADeviceConfigManager: cltname = Speaker_Amp_Switch cltvalue = Off
09-20 14:57:11.667645   431   910 D AudioALSADriverUtility: GetPropertyValue key = af.resouce.extdac_support value = 0
09-20 14:57:11.667692   431   910 D AudioALSAHardwareResourceManager: -stopOutputDevice(), mOutputDevices = 0x0, mStartOutputDevicesCount = 0
09-20 14:57:11.667718   431   910 D AudioALSAPlaybackHandlerBase: +closePcmDriver(), mPcm = 0xefc32380
09-20 14:57:11.668492   431   910 D AudioALSAPlaybackHandlerBase: -closePcmDriver(), mPcm = 0x0
09-20 14:57:11.668533   431   910 D AudioALSAPlaybackHandlerFast: SetLowJitterMode() bEanble = 0 SampleRate = 44100
09-20 14:57:11.668567   431   910 D AudioALSADriverUtility: GetPropertyValue key = af.resouce.extdac_support value = 0
09-20 14:57:11.668592   431   910 D AudioALSAPlaybackHandlerFast: SetLowJitterMode(), bEanble = 0
09-20 14:57:11.668614   431   910 D AudioALSAPlaybackHandlerBase: DeinitDataPending
09-20 14:57:11.668632   431   910 D AudioALSAPlaybackHandlerBase: delete mdataPendingTempBuffer
09-20 14:57:11.668653   431   910 D MtkAudioBitConverter: +close()
09-20 14:57:11.668665   431   910 D MtkAudioBitConverter: -close()
09-20 14:57:11.668679   431   910 D MtkAudioBitConverter: +~MtkAudioBitConverter()
09-20 14:57:11.668690   431   910 D MtkAudioBitConverter: -~MtkAudioBitConverter()
09-20 14:57:11.668760   431   910 D AudioALSAHardwareResourceManager: EnableAudBufClk(), bEanble = 0, mStartOutputDevicesCount 0
09-20 14:57:11.674573  1260  1286 D lights  : write_int open fd=-1
09-20 14:57:11.676155   431   910 D AudioALSAPlaybackHandlerFast: -close()
09-20 14:57:11.676210   431   910 D AudioALSAStreamManager: +destroyPlaybackHandler(), mode = 0, pPlaybackHandler = 0xefc3e600
09-20 14:57:11.676235   431   910 D AudioALSAPlaybackHandlerFast: ~AudioALSAPlaybackHandlerFast()
09-20 14:57:11.676255   431   910 D AudioALSAPlaybackHandlerBase: ~AudioALSAPlaybackHandlerBase()
09-20 14:57:11.676283   431   910 D AudioALSAStreamManager: -destroyPlaybackHandler(), mPlaybackHandlerVector.size() = 0
09-20 14:57:11.676305   431   910 E         : Audio_PerfServiceNative_userDisable == NULL
09-20 14:57:11.676324   431   910 D AudioALSAStreamOut: -close()
09-20 14:57:11.676336   431   910 D AudioALSAStreamOut: -standby()
09-20 14:57:11.676493   431   910 D AudioFlinger_Threads: thread 0xeef03b80 type 0 TID 910 going to sleep
09-20 14:57:11.687234 11820 11820 I art     : Starting a blocking GC AddRemoveAppImageSpace
09-20 14:57:11.687297 11820 11820 I art     : Enter while loop.
