09-20 14:57:20.291371  1260  1283 D Surface : Surface::connect(this=0x7751833400,api=2)
09-20 14:57:20.292461   282  1556 I BufferQueueProducer: [thumbnail anim](this:0x777c789800,id:112,api:2,p:1260,c:282) connect(P): api=2 producer=(1260:system_server) producerControlledByApp=false
09-20 14:57:20.292940   282   293 I BufferQueueProducer: [thumbnail anim](this:0x777c789800,id:112,api:2,p:1260,c:282) new GraphicBuffer needed
09-20 14:57:20.293512   282   293 D GraphicBuffer: alloc, handle(0x777c3a3bc0) (w:656 h:112 s:656 f:0x1 u:0x000933) err(0)
09-20 14:57:20.296989  1260  1283 D GraphicBuffer: register, handle(0x7767c16e00) (w:656 h:112 s:656 f:0x1 u:0x000933)
09-20 14:57:20.312476   282   282 D GraphicBuffer: free, handle(0x777c3a4340) (w:720 h:1280 s:720 f:0x1 u:0x000b00)
09-20 14:57:20.314381  1260  1269 I art     : Enter while loop.
09-20 14:57:20.315386   282   282 I BufferQueueProducer: [FrameBufferSurface_0](this:0x777db3a000,id:0,api:1,p:282,c:282) queueBuffer: fps=4.87 dur=3697.92 max=3422.51 min=13.57
09-20 14:57:20.325729  1260  1269 I art     : Background partial concurrent mark sweep GC freed 14938(1122KB) AllocSpace objects, 3(60KB) LOS objects, 16% free, 20MB/24MB, paused 3.100ms total 134.636ms
09-20 14:57:20.504268   275   275 I wmt_launcher: fw log ctrl flag has been set
09-20 14:57:20.504335   275   275 I wmt_launcher: fw dynamic ctrl flag has been set
09-20 14:57:20.547682  1260  1313 E ActivityManager: Sending non-protected broadcast com.android.server.action.NETWORK_STATS_POLL_COOPAD from system uid 1000 pkg com.android.flowmonitor
09-20 14:57:20.547682  1260  1313 E ActivityManager: java.lang.Throwable
09-20 14:57:20.547682  1260  1313 E ActivityManager: 	at com.android.server.am.ActivityManagerService.broadcastIntentLocked(ActivityManagerService.java:18959)
09-20 14:57:20.547682  1260  1313 E ActivityManager: 	at com.android.server.am.ActivityManagerService.broadcastIntentInPackage(ActivityManagerService.java:19623)
09-20 14:57:20.547682  1260  1313 E ActivityManager: 	at com.android.server.am.PendingIntentRecord.sendInner(PendingIntentRecord.java:349)
09-20 14:57:20.547682  1260  1313 E ActivityManager: 	at com.android.server.am.PendingIntentRecord.sendWithResult(PendingIntentRecord.java:246)
09-20 14:57:20.547682  1260  1313 E ActivityManager: 	at com.android.server.am.ActivityManagerService.sendIntentSender(ActivityManagerService.java:7853)
09-20 14:57:20.547682  1260  1313 E ActivityManager: 	at android.app.PendingIntent.send(PendingIntent.java:836)
09-20 14:57:20.547682  1260  1313 E ActivityManager: 	at com.android.server.AlarmManagerService$DeliveryTracker.deliverLocked(AlarmManagerService.java:3580)
09-20 14:57:20.547682  1260  1313 E ActivityManager: 	at com.android.server.AlarmManagerService.deliverAlarmsLocked(AlarmManagerService.java:2934)
09-20 14:57:20.547682  1260  1313 E ActivityManager: 	at com.android.server.AlarmManagerService$AlarmThread.run(AlarmManagerService.java:3080)
09-20 14:57:20.553712  1260  1313 D AES     : onEndOfErrorDumpThread: system_server_wtf Process: system_server
09-20 14:57:20.553712  1260  1313 D AES     : Subject: ActivityManager
09-20 14:57:20.553712  1260  1313 D AES     : Build: ivvi/ivviV3-T/ivviV3-T:7.0/NRD90M/1501730001:user/release-keys
09-20 14:57:20.553712  1260  1313 D AES     : 
09-20 14:57:20.553712  1260  1313 D AES     : android.util.Log$TerribleFailure: Sending non-protected broadcast com.android.server.action.NETWORK_STATS_POLL_COOPAD from system uid 1000 pkg com.android.flowmonitor
09-20 14:57:20.553712  1260  1313 D AES     : 	at android.util.Log.wtf(Log.java:295)
09-20 14:57:20.553712  1260  1313 D AES     : 	at android.util.Log.wtf(Log.java:290)
09-20 14:57:20.553712  1260  1313 D AES     : 	at com.android.server.am.ActivityManagerService.broadcastIntentLocked(ActivityManagerService.java:18956)
09-20 14:57:20.553712  1260  1313 D AES     : 	at com.android.server.am.ActivityManagerService.broadcastIntentInPackage(ActivityManagerService.java:19623)
09-20 14:57:20.553712  1260  1313 D AES     : 	at com.android.server.am.PendingIntentRecord.sendInner(PendingIntentRecord.java:349)
09-20 14:57:20.553712  1260  1313 D AES     : 	at com.android.server.am.PendingIntentRecord.sendWithResult(PendingIntentRecord.java:246)
09-20 14:57:20.553712  1260  1313 D AES     : 	at com.android.server.am.ActivityManagerService.sendIntentSender(ActivityManagerService.java:7853)
09-20 14:57:20.553712  1260  1313 D AES     : 	at android.app.PendingIntent.send(PendingIntent.java:836)
09-20 14:57:20.553712  1260  1313 D AES     : 	at com.android.server.AlarmManagerService$DeliveryTracker.deliverLocked(AlarmManagerService.java:3580)
09-20 14:57:20.553712  1260  1313 D AES     : 	at com.android.server.AlarmManagerService.deliverAlarmsLocked(AlarmManagerService.java:2934)
09-20 14:57:20.553712  1260  1313 D AES     : 	at com.android.server.AlarmManagerService$AlarmThread.run(AlarmManagerService.java:3080)
09-20 14:57:20.553712  1260  1313 D AES     : Caused by: java.lang.Throwable
09-20 14:57:20.553712  1260  1313 D AES     : 	at com.android.server.am.ActivityManagerService.broadcastIntentLocked(ActivityManagerService.java:18959)
09-20 14:57:20.553712  1260  1313 D AES     : 	... 8 more
09-20 14:57:20.553712  1260  1313 D AES     :  1260
09-20 14:57:20.553787  1260  1313 W AES     : Exception Log handling...
09-20 14:57:20.562775  5640  5724 D NetworkStats: mPollReceiver
09-20 14:57:20.565954  5640  5723 D NetworkStats: mPollReceiver
09-20 14:57:20.567135  5640  5724 E NetworkStats: MSG_PERFORM_POLL
09-20 14:57:20.580620  1260  1272 D AppOps  : startOperation: allowing code 40 uid 1000 package com.android.flowmonitor
09-20 14:57:20.580955  5640 12038 D NtpTrustedTime: currentTimeMillis() cache hit
09-20 14:57:20.580986  5640  5723 E NetworkStats: MSG_PERFORM_POLL
09-20 14:57:20.586644  5640 12038 I NetworkStats: performPollLocked  activity
09-20 14:57:20.586938  5640 12038 I NetworkStats: performPollLockedNetworkStats: elapsedRealtime=822302
09-20 14:57:20.586938  5640 12038 I NetworkStats:   [0] iface=ccmni0 uid=-1 set=ALL tag=0x0 roaming=NO rxBytes=1012636 rxPackets=765 txBytes=44219 txPackets=769 operations=0
09-20 14:57:20.586938  5640 12038 I NetworkStats:   [1] iface=ccmni4 uid=-1 set=ALL tag=0x0 roaming=NO rxBytes=5299 rxPackets=13 txBytes=8975 txPackets=17 operations=0
09-20 14:57:20.586938  5640 12038 I NetworkStats:   [2] iface=wlan0 uid=-1 set=ALL tag=0x0 roaming=NO rxBytes=255512 rxPackets=3059 txBytes=43559 txPackets=775 operations=0
09-20 14:57:20.586938  5640 12038 I NetworkStats:   [3] iface=p2p0 uid=-1 set=ALL tag=0x0 roaming=NO rxBytes=0 rxPackets=0 txBytes=1296 txPackets=16 operations=0
09-20 14:57:20.586938  5640 12038 I NetworkStats:   [4] iface=lo uid=-1 set=ALL tag=0x0 roaming=NO rxBytes=34554 rxPackets=297 txBytes=34554 txPackets=297 operations=0
09-20 14:57:20.587123  5640 12038 E recordSnapshotLocked version: not find NonMonotonicObserver
09-20 14:57:20.587162  5640 12038 E recordSnapshotLocked version: not find NonMonotonicObserver
09-20 14:57:20.587344  5640 12038 E recordSnapshotLocked version: not find NonMonotonicObserver
09-20 14:57:20.587372  5640 12038 E recordSnapshotLocked version: not find NonMonotonicObserver
09-20 14:57:20.588462  5640 12038 E recordSnapshotLocked version: not find NonMonotonicObserver
09-20 14:57:20.589514  5640 12038 E recordSnapshotLocked version: not find NonMonotonicObserver
09-20 14:57:20.589536  1260  1963 D AppOps  : startOperation: allowing code 40 uid 1000 package com.android.flowmonitor
09-20 14:57:20.589850  5640 12038 E recordSnapshotLocked version: not find NonMonotonicObserver
09-20 14:57:20.589892  5640 12038 E recordSnapshotLocked version: not find NonMonotonicObserver
09-20 14:57:20.590131  5640 12039 D NtpTrustedTime: currentTimeMillis() cache hit
09-20 14:57:20.600576  5640 12039 I NetworkStats: performPollLocked  activity
09-20 14:57:20.600854  5640 12039 I NetworkStats: performPollLockedNetworkStats: elapsedRealtime=822313
09-20 14:57:20.600854  5640 12039 I NetworkStats:   [0] iface=ccmni0 uid=-1 set=ALL tag=0x0 roaming=NO rxBytes=1012636 rxPackets=765 txBytes=44219 txPackets=769 operations=0
09-20 14:57:20.600854  5640 12039 I NetworkStats:   [1] iface=ccmni4 uid=-1 set=ALL tag=0x0 roaming=NO rxBytes=5299 rxPackets=13 txBytes=8975 txPackets=17 operations=0
09-20 14:57:20.600854  5640 12039 I NetworkStats:   [2] iface=wlan0 uid=-1 set=ALL tag=0x0 roaming=NO rxBytes=255512 rxPackets=3059 txBytes=43559 txPackets=775 operations=0
09-20 14:57:20.600854  5640 12039 I NetworkStats:   [3] iface=p2p0 uid=-1 set=ALL tag=0x0 roaming=NO rxBytes=0 rxPackets=0 txBytes=1296 txPackets=16 operations=0
09-20 14:57:20.600854  5640 12039 I NetworkStats:   [4] iface=lo uid=-1 set=ALL tag=0x0 roaming=NO rxBytes=34554 rxPackets=297 txBytes=34554 txPackets=297 operations=0
09-20 14:57:20.601013  5640 12039 E recordSnapshotLocked version: not find NonMonotonicObserver
09-20 14:57:20.601045  5640 12039 E recordSnapshotLocked version: not find NonMonotonicObserver
09-20 14:57:20.601206  5640 12039 E recordSnapshotLocked version: not find NonMonotonicObserver
09-20 14:57:20.601228  5640 12039 E recordSnapshotLocked version: not find NonMonotonicObserver
09-20 14:57:20.601347  5640 12039 E recordSnapshotLocked version: not find NonMonotonicObserver
09-20 14:57:20.601367  5640 12039 E recordSnapshotLocked version: not find NonMonotonicObserver
09-20 14:57:20.601527  5640 12039 E recordSnapshotLocked version: not find NonMonotonicObserver
09-20 14:57:20.601572  5640 12039 E recordSnapshotLocked version: not find NonMonotonicObserver
09-20 14:57:20.644404  1260  1349 I libPerfService: 2: set: 1
09-20 14:57:20.644626  1260  1349 I libPerfService: 2: set freq: 0
09-20 14:57:20.659714  1767  1770 D GasService: FG app changed: from com.mediatek.mtklogger to com.android.systemui
09-20 14:57:20.659824  1767  1770 E GED     : Failed to execute ioctl 3222824709, BridgeID(5), err(-1)
09-20 14:57:20.659854  1767  1770 E GasService: Error on query GED info, err=1
09-20 14:57:20.660511   282   295 I BufferQueueProducer: [com.mediatek.mtklogger/com.mediatek.mtklogger.settings.SettingsActivity](this:0x777c9d1000,id:107,api:1,p:-1,c:282) disconnect(P): api -1
09-20 14:57:20.661543   282  2571 I BufferQueueProducer: [com.android.systemui/com.android.systemui.recents.RecentsActivity](this:0x7779e0d800,id:111,api:1,p:1431,c:282) new GraphicBuffer needed
09-20 14:57:20.661650   282  2571 D GraphicBuffer: free, handle(0x7780622c00) (w:720 h:1280 s:720 f:0x1 u:0x000900)
09-20 14:57:20.662458  1260  1283 D Surface : Surface::disconnect(this=0x7751833400,api=2)
09-20 14:57:20.662666   282  1357 I BufferQueueProducer: [thumbnail anim](this:0x777c789800,id:112,api:2,p:-1,c:282) disconnect(P): api 2
09-20 14:57:20.662774   282  1357 I BufferQueueConsumer: [thumbnail anim](this:0x777c789800,id:112,api:2,p:-1,c:282) getReleasedBuffers: returning mask 0xffffffffffffffff
09-20 14:57:20.662913   282  2571 D GraphicBuffer: alloc, handle(0x7780622c00) (w:720 h:1280 s:720 f:0x1 u:0x000b00) err(0)
09-20 14:57:20.663024  1260  1283 D GraphicBuffer: unregister, handle(0x7767c16e00) (w:656 h:112 s:656 f:0x1 u:0x000933)
09-20 14:57:20.664002  1431  1489 D GraphicBuffer: register, handle(0x77505dad80) (w:720 h:1280 s:720 f:0x1 u:0x000b00)
09-20 14:57:20.669878   282   282 I BufferQueueConsumer: [thumbnail anim](this:0x777c789800,id:112,api:2,p:-1,c:-1) disconnect(C)
09-20 14:57:20.671727   282   282 I BufferQueue: [thumbnail anim](this:0x777c789800,id:112,api:2,p:-1,c:-1) ~BufferQueueCore
09-20 14:57:20.673359   282   282 D GraphicBuffer: free, handle(0x777c3a3bc0) (w:656 h:112 s:656 f:0x1 u:0x000933)
09-20 14:57:20.742289   386   386 I thermal_repeater: select timeout
09-20 14:57:20.978314 12032 12032 I dex2oat : dex2oat took 869.474ms (threads: 4) arena alloc=3MB (3834824B) java alloc=509KB (521216B) native alloc=2MB (2235936B) free=5MB (5628384B)
09-20 14:57:20.980000 12018 12018 W mestore:zremote: type=1400 audit(0.0:1404): avc: denied { execute } for path="/data/data/com.zookingsoft.themestore/app_bdodex/bd.dex" dev="dm-1" ino=443391 scontext=u:r:platform_app:s0:c512,c768 tcontext=u:object_r:yl_trusted_app_data_file:s0:c512,c768 tclass=file permissive=0
09-20 14:57:20.980000 12018 12018 W mestore:zremote: type=1400 audit(0.0:1405): avc: denied { execute } for path="/data/data/com.zookingsoft.themestore/app_bdodex/bd.dex" dev="dm-1" ino=443391 scontext=u:r:platform_app:s0:c512,c768 tcontext=u:object_r:yl_trusted_app_data_file:s0:c512,c768 tclass=file permissive=0
09-20 14:57:21.000000 12018 12018 W mestore:zremote: type=1400 audit(0.0:1406): avc: denied { execute } for path="/data/data/com.zookingsoft.themestore/app_gdtodex/gdt.dex" dev="dm-1" ino=443401 scontext=u:r:platform_app:s0:c512,c768 tcontext=u:object_r:yl_trusted_app_data_file:s0:c512,c768 tclass=file permissive=0
09-20 14:57:21.000000 12018 12018 W mestore:zremote: type=1400 audit(0.0:1407): avc: denied { execute } for path="/data/data/com.zookingsoft.themestore/app_gdtodex/gdt.dex" dev="dm-1" ino=443401 scontext=u:r:platform_app:s0:c512,c768 tcontext=u:object_r:yl_trusted_app_data_file:s0:c512,c768 tclass=file permissive=0
09-20 14:57:21.086996 12040 12040 I dex2oat : /system/bin/dex2oat --dex-file=/data/user/0/com.zookingsoft.themestore/app_gdtdex/gdt.dex --oat-fd=42 --oat-location=/data/user/0/com.zookingsoft.themestore/app_gdtodex/gdt.dex --compiler-filter=speed
09-20 14:57:21.126631  1260  1315 D InputReader: AP_PROF:AppLaunch_dispatchPtr:Down:468604, ID:0, Index:1438531520
09-20 14:57:21.126724  1260  1315 I PerfService: PerfServiceNative_boostEnableAsync:6
09-20 14:57:21.127081  1767  1769 E GED     : Failed to execute ioctl 3222824709, BridgeID(5), err(-1)
09-20 14:57:21.127129  1767  1769 E GED     : Failed to execute ioctl 3222824709, BridgeID(5), err(-1)
09-20 14:57:21.127251  1260  1349 I libPerfService: 6: set freq: 819000
09-20 14:57:21.127387  1260  1349 I libPerfService: 6: set: 3
09-20 14:57:21.181426  1260  1315 D InputReader: AP_PROF:AppLaunch_dispatchPtr:Up:468659, ID:0, Index:1438534912
09-20 14:57:21.181582  1260  1315 I PerfService: PerfServiceNative_boostEnableTimeoutMsAsync:6, 100
09-20 14:57:21.184065   431  3682 V AudioPolicyIntefaceImpl: getOutput()
09-20 14:57:21.184191   431  3682 V APM_AudioPolicyManager: getOutput() device 2, stream 1, samplingRate 0, format 0, channelMask 3, flags 0
09-20 14:57:21.184238   431  3682 V APM_AudioPolicyManager:   getOutputForDevice() returns output 13
09-20 14:57:21.184713  1260  1335 D AudioSystem: getIoDescriptor: ioHandle = 13, index = 0, mIoDescriptors = 0x775484e150
09-20 14:57:21.184941   431   431 V AudioPolicyIntefaceImpl: getOutput()
09-20 14:57:21.185028   431   431 V APM_AudioPolicyManager: getOutput() device 2, stream 1, samplingRate 0, format 0, channelMask 3, flags 0
09-20 14:57:21.185070   431   431 V APM_AudioPolicyManager:   getOutputForDevice() returns output 13
09-20 14:57:21.185210  1260  1335 D AudioSystem: getIoDescriptor: ioHandle = 13, index = 0, mIoDescriptors = 0x775484e150
09-20 14:57:21.185275  1260  1335 D AudioTrack: start(): 0x774c281000, mState = 1
09-20 14:57:21.185472   431   917 V AudioPolicyIntefaceImpl: StartOutputSamplerate()
09-20 14:57:21.185539   431   917 D APM_AudioPolicyManager: StartOutputSamplerate +output = 21 +stream = 1 session = 73 +samplerate=44100 mPrimaryOutput= 13
09-20 14:57:21.185572   431   917 V APM_AudioPolicyManager: startOutput() output 21, stream 1, session 73
09-20 14:57:21.185619   431   917 V APM::AudioOutputDescriptor: changeRefCount() stream 1, count 1
09-20 14:57:21.185733   431   917 V APM_AudioPolicyManager: getNewOutputDevice() selected device 2
09-20 14:57:21.185766   431   917 V APM_AudioPolicyManager: setOutputDevice() mIoHandle 21 device 0002(0002)(000f) delayMs 0 force 1 size 2
09-20 14:57:21.185793   431   917 V APM_AudioPolicyManager: setOutputDevice() changing device
09-20 14:57:21.185850   431   917 V AudioPolicyService: AudioCommandThread() adding create patch delay 0
09-20 14:57:21.185955   431   560 V AudioPolicyService: AudioCommandThread() processing create audio patch
09-20 14:57:21.192765  1260  1349 I libPerfService: 2: set freq: 1300000
09-20 14:57:21.192900  1260  1349 I libPerfService: 2: set: 4
09-20 14:57:21.195135   431   910 D AudioFlinger_Threads: SetStereoToMonoFlag, mSteroToMono 1
09-20 14:57:21.195196   431   910 D AudioALSAHardware: +createAudioPatch num_sources [1] , num_sinks [1]
09-20 14:57:21.195211   431   910 D AudioALSAHardware: id 0x4
09-20 14:57:21.195225   431   910 D AudioALSAHardware: role 0x1 AUDIO_PORT_ROLE_SOURCE
09-20 14:57:21.195238   431   910 D AudioALSAHardware: type 0x2 AUDIO_PORT_TYPE_MIX
09-20 14:57:21.195251   431   910 D AudioALSAHardware: mix.handle 15
09-20 14:57:21.195262   431   910 D AudioALSAHardware: id 0x2
09-20 14:57:21.195275   431   910 D AudioALSAHardware: role 0x2 AUDIO_PORT_ROLE_SINK
09-20 14:57:21.195293   431   910 D AudioALSAHardware: type 0x1 AUDIO_PORT_TYPE_DEVICE
09-20 14:57:21.195306   431   910 D AudioALSAHardware: device.hw_module a
09-20 14:57:21.195319   431   910 D AudioALSAHardware: device.type 2
09-20 14:57:21.195335   431   910 D AudioALSAHardware: +routing createAudioPatch Mixer->2
09-20 14:57:21.195398   431   910 D AudioALSAStreamManager: +setParameters(), IOport = 21, keyValuePairs = routing=2
09-20 14:57:21.195418   431   910 D AudioALSAStreamManager: Send to mStreamOutVector[1]
09-20 14:57:21.195441   431   910 D AudioALSAStreamOut: +setParameters(): routing=2
09-20 14:57:21.195495   431   910 D AudioALSAStreamManager: +routingOutputDevice()
09-20 14:57:21.195527   431   910 D AudioALSAStreamManager: routingOutputDevice(), output_devices: 0x2 => 0x2, mPhoneCallSpeechOpen = 0
09-20 14:57:21.195554   431   910 D AudioALSAVoiceWakeUpController: +updateDeviceInfoForVoiceWakeUp(), mIsUseHeadsetMic = 0
09-20 14:57:21.195682   431   910 D AudioHeadSetMessager: /sys/class/switch/h2w/state => 0
09-20 14:57:21.195722   431   910 D AudioALSAVoiceWakeUpController: -updateDeviceInfoForVoiceWakeUp(), mIsUseHeadsetMic = 0
09-20 14:57:21.195753   431   910 W AudioALSAStreamManager: -routingOutputDevice(), output_devices == current_output_devices(0x2), return
09-20 14:57:21.195780   431   910 D AudioALSAStreamOut: -setParameters(): routing=2 
09-20 14:57:21.195808   431   910 D AudioALSAStreamManager: -setParameters()
09-20 14:57:21.195844   431   910 D AudioALSAHardware: handlecheck createAudioPatch() removing patch handle 83 index 0 DL
09-20 14:57:21.195901   431   910 D AudioALSAHardware: handlecheck createAudioPatch sucess new *handle 0x54
09-20 14:57:21.195996   282   282 I DisplayDevice: [Built-in Screen (type:0)] fps:58.001507,dur:1017.21,max:81.90,min:3.84
09-20 14:57:21.196254   431   917 V AudioPolicyService: AudioCommandThread() adding update audio patch list
09-20 14:57:21.196853   431   561 V AudioPolicyService: AudioCommandThread() processing update audio patch list
09-20 14:57:21.196896   431   917 D APM::AudioOutputDescriptor: SwAudioOutputDescriptor::setVolume mIoHandle 21 id 4 change 0 volume -2.000000 stream 0 device 0x2 delayMs 0 force 0
09-20 14:57:21.196963   431   917 D APM::AudioOutputDescriptor: SwAudioOutputDescriptor::setVolume mIoHandle 21 id 4 change 0 volume -22.000000 stream 1 device 0x2 delayMs 0 force 0
09-20 14:57:21.197054   431   917 V APM_AudioPolicyManager: checkAndSetVolume() cannot set stream 6 volume with force use = 0 for comm
09-20 14:57:21.197166   431   917 D APM::AudioOutputDescriptor: SwAudioOutputDescriptor::setVolume mIoHandle 21 id 4 change 0 volume -22.000000 stream 1 device 0x2 delayMs 0 force 0
09-20 14:57:21.197209   431   917 D APM_AudioPolicyManager: PolicyFirstStart stream = 1 sampleRate = 44100, CheckFirstActive() 1 mSampleRate_Policy = 1
09-20 14:57:21.197427   431   910 D AudioFlinger_Threads: 0xeef03b80:threadLoop_write write data to hw, mixerStatus 2, muted count 91
09-20 14:57:21.197750  1260  1335 D AudioTrack: AudioTrackThread::resume
09-20 14:57:21.197817  1260  1335 D AudioTrackCenter: setTrackActive, trackId: 0x774d400000, active: 1
09-20 14:57:21.197879  1260  3121 D AudioTrack: AudioTrackThread::pauseInternal: ns = 56075097
09-20 14:57:21.204660  1992  1992 D LauncherL.Launcher: onReceive, action=android.intent.action.CLOSE_SYSTEM_DIALOGS, reason=homekey
09-20 14:57:21.206640   431   909 D AudioMixer: getTrackName, n 1 start init
09-20 14:57:21.207304  1260  1349 I libPerfService: [perfNotifyAppState] foreground:com.mediatek.engineermode, pid:5608
09-20 14:57:21.207361  1260  1349 I libPerfService: [switchSportsMode] enable:0
09-20 14:57:21.211165  1260  1383 D InputReader: InputReader:: getSwitchState lock 
09-20 14:57:21.211235  1260  1383 D InputReader: InputReader::getStateLocked:: return 
09-20 14:57:21.219162  1431  1431 V cunrrent-country:: CN
09-20 14:57:21.219388  1431  1431 V cunrrent-country:: CN
09-20 14:57:21.220091  1431  1431 V PanelView: com.android.systemui:id/notification_panel: setExpandedHeight(0.0)
09-20 14:57:21.220595  1431  1431 V PanelBar: collapsePanel: animate=true waiting=false
09-20 14:57:21.221263  5608  5608 I EM/PrefsFragment: setUserVisibleHint : true index of 4
09-20 14:57:21.230008  5608  5608 V PhoneWindow: DecorView setVisiblity: visibility = 0, Parent = ViewRoot{fd9d13c com.mediatek.engineermode/com.mediatek.engineermode.EngineerMode,ident = 1}, this = DecorView@ac86edd[EngineerMode]
09-20 14:57:21.239403  5608  7015 D OpenGLRenderer: CanvasContext() 0x7767cb9000 initialize window=0x776e454e00, title=com.mediatek.engineermode/com.mediatek.engineermode.EngineerMode
09-20 14:57:21.239402  5608  5608 D Surface : Surface::allocateBuffers(this=0x776e454e00)
09-20 14:57:21.239465  5608  7015 D Surface : Surface::connect(this=0x776e454e00,api=1)
09-20 14:57:21.240034   282  1556 I BufferQueueProducer: [com.mediatek.engineermode/com.mediatek.engineermode.EngineerMode](this:0x777c788000,id:98,api:1,p:5608,c:282) connect(P): api=1 producer=(5608:com.mediatek.engineermode) producerControlledByApp=true
09-20 14:57:21.240662   282  2571 D GraphicBuffer: alloc, handle(0x7779e4d080) (w:720 h:1280 s:720 f:0x1 u:0x000900) err(0)
09-20 14:57:21.240703  5608  7015 W libEGL  : [ANDROID_RECORDABLE] format: 1
09-20 14:57:21.241434   431   909 E AudioFlinger: getNextBuffer, track(0xee683000) get null buffer, mState 6, mFillingUpStatus 2
09-20 14:57:21.241737   282  2571 D GraphicBuffer: alloc, handle(0x777c3aa8c0) (w:720 h:1280 s:720 f:0x1 u:0x000900) err(0)
09-20 14:57:21.243296   282  2571 D GraphicBuffer: alloc, handle(0x7779e4c3c0) (w:720 h:1280 s:720 f:0x1 u:0x000900) err(0)
09-20 14:57:21.244726  5608  7015 D mali_winsys: EGLint new_window_surface(egl_winsys_display*, void*, EGLSurface, EGLConfig, egl_winsys_surface**, egl_color_buffer_format*, EGLBoolean) returns 0x3000
09-20 14:57:21.245248   282   282 I BufferQueue: [unnamed-282-113](this:0x777c789800,id:113,api:0,p:-1,c:-1) BufferQueue core=(282:/system/bin/surfaceflinger)
09-20 14:57:21.245476   282   282 I BufferQueueConsumer: [unnamed-282-113](this:0x777c789800,id:113,api:0,p:-1,c:282) connect(C): consumer=(282:/system/bin/surfaceflinger) controlledByApp=false
09-20 14:57:21.245518   282   282 I BufferQueueConsumer: [unnamed-282-113](this:0x777c789800,id:113,api:0,p:-1,c:282) setConsumerName: unnamed-282-113
09-20 14:57:21.245560   282   282 I BufferQueueConsumer: [thumbnail anim](this:0x777c789800,id:113,api:0,p:-1,c:282) setConsumerName: thumbnail anim
09-20 14:57:21.245599   282   282 I BufferQueueProducer: [](this:0x777c789800,id:113,api:0,p:-1,c:282) setMaxDequeuedBufferCount: maxDequeuedBuffers = 2
09-20 14:57:21.245654   282   282 I BufferQueueConsumer: [thumbnail anim](this:0x777c789800,id:113,api:0,p:-1,c:282) setDefaultBufferSize: width=656 height=112
09-20 14:57:21.246253  1260  1283 D Surface : Surface::connect(this=0x7751833400,api=2)
09-20 14:57:21.246625  5608  5608 V InputMethodManager: onWindowFocus: android.widget.ListView{3f30d0c VFED.VC.. .F....ID 0,0-720,1093 #102000a android:id/list} softInputMode=272 first=true flags=#1810100
09-20 14:57:21.246724   282   293 I BufferQueueProducer: [thumbnail anim](this:0x777c789800,id:113,api:2,p:1260,c:282) connect(P): api=2 producer=(1260:system_server) producerControlledByApp=false
09-20 14:57:21.247339   282   295 I BufferQueueProducer: [thumbnail anim](this:0x777c789800,id:113,api:2,p:1260,c:282) new GraphicBuffer needed
09-20 14:57:21.247623   282   295 D GraphicBuffer: alloc, handle(0x777c3abb80) (w:656 h:112 s:656 f:0x1 u:0x000933) err(0)
09-20 14:57:21.248225  1260  1283 D GraphicBuffer: register, handle(0x774b0810c0) (w:656 h:112 s:656 f:0x1 u:0x000933)
09-20 14:57:21.254166  1260  3121 D AudioTrack: AudioTrackThread::pauseInternal: ns = 9223372036854775807
09-20 14:57:21.254166  1260  1392 D AudioTrack: stop(): 0x774c281000, mState = 0
09-20 14:57:21.254612  1260  1392 D AudioTrack: AudioTrackThread::pause
09-20 14:57:21.254680  1260  1392 D AudioTrackCenter: setTrackActive, trackId: 0x774d400000, active: 0
09-20 14:57:21.262944   282   293 I BufferQueueProducer: [com.mediatek.engineermode/com.mediatek.engineermode.EngineerMode](this:0x777c788000,id:98,api:1,p:5608,c:282) new GraphicBuffer needed
09-20 14:57:21.263023   282   293 D GraphicBuffer: free, handle(0x7779e4c3c0) (w:720 h:1280 s:720 f:0x1 u:0x000900)
09-20 14:57:21.264875   282   293 D GraphicBuffer: alloc, handle(0x7779e4c3c0) (w:720 h:1280 s:720 f:0x1 u:0x000b00) err(0)
09-20 14:57:21.266508  5608  7015 D GraphicBuffer: register, handle(0x7753051ec0) (w:720 h:1280 s:720 f:0x1 u:0x000b00)
09-20 14:57:21.271377  1431  1489 D Surface : Surface::disconnect(this=0x774ec19e00,api=1)
09-20 14:57:21.271814   282   295 I BufferQueueProducer: [com.android.systemui/com.android.systemui.recents.RecentsActivity](this:0x7779e0d800,id:111,api:1,p:-1,c:282) disconnect(P): api 1
09-20 14:57:21.272088   282   295 I BufferQueueConsumer: [com.android.systemui/com.android.systemui.recents.RecentsActivity](this:0x7779e0d800,id:111,api:1,p:-1,c:282) getReleasedBuffers: returning mask 0xffffffffffffffff
09-20 14:57:21.272244   282  1357 I BufferQueueProducer: [com.mediatek.engineermode/com.mediatek.engineermode.EngineerMode](this:0x777c788000,id:98,api:1,p:5608,c:282) queueBuffer: fps=0.55 dur=27338.27 max=27056.32 min=15.79
09-20 14:57:21.272385   282   295 D GraphicBuffer: free, handle(0x777c3abac0) (w:720 h:1280 s:720 f:0x1 u:0x000b00)
09-20 14:57:21.272641   282   295 D GraphicBuffer: free, handle(0x777c3ab100) (w:720 h:1280 s:720 f:0x1 u:0x000b00)
09-20 14:57:21.273221  1431  1489 D GraphicBuffer: unregister, handle(0x774f1c4580) (w:720 h:1280 s:720 f:0x1 u:0x000b00)
09-20 14:57:21.273574  1431  1489 D GraphicBuffer: unregister, handle(0x77505dad80) (w:720 h:1280 s:720 f:0x1 u:0x000b00)
09-20 14:57:21.273786  1431  1489 D GraphicBuffer: unregister, handle(0x774f08c400) (w:720 h:1280 s:720 f:0x1 u:0x000b00)
09-20 14:57:21.273981  1431  1489 D Surface : Surface::disconnect(this=0x774ec19e00,api=1)
09-20 14:57:21.274353   282   293 I BufferQueueProducer: [com.android.systemui/com.android.systemui.recents.RecentsActivity](this:0x7779e0d800,id:111,api:1,p:-1,c:282) disconnect(P): api 1
09-20 14:57:21.274713   282   293 I BufferQueueProducer: [com.mediatek.engineermode/com.mediatek.engineermode.EngineerMode](this:0x777c788000,id:98,api:1,p:5608,c:282) new GraphicBuffer needed
09-20 14:57:21.275211   282   293 D GraphicBuffer: free, handle(0x777c3aa8c0) (w:720 h:1280 s:720 f:0x1 u:0x000900)
09-20 14:57:21.276648   282   293 D GraphicBuffer: alloc, handle(0x777c3aa8c0) (w:720 h:1280 s:720 f:0x1 u:0x000b00) err(0)
09-20 14:57:21.277753  5608  7015 D GraphicBuffer: register, handle(0x7753052040) (w:720 h:1280 s:720 f:0x1 u:0x000b00)
09-20 14:57:21.278630   282   282 D GraphicBuffer: free, handle(0x7779e4d740) (w:720 h:1280 s:720 f:0x1 u:0x000b00)
09-20 14:57:21.283656  1260  1349 D PerfServiceManager: [PerfService] MESSAGE_TIMEOUT:106 
09-20 14:57:21.292910   282  1556 I BufferQueueProducer: [StatusBar](this:0x777c9f8800,id:10,api:1,p:1431,c:282) queueBuffer: fps=13.56 dur=1032.70 max=766.04 min=10.71
09-20 14:57:21.322892   431   910 V AudioPolicyIntefaceImpl: StopOutputSamplerate()
09-20 14:57:21.322980   431   910 D AudioPolicyService: AudioCommandThread() adding stopOutputSamplerateCommand 21
09-20 14:57:21.323058   431   561 V AudioPolicyService: AudioCommandThread() processing stopoutputsamplerate 21
09-20 14:57:21.323071   431   910 D AudioFlinger_Threads: 0xeef03b80:threadLoop_write write muted data to hw, mixerStatus 0 start
09-20 14:57:21.323094   431   561 V AudioPolicyIntefaceImpl: doStopOutputSamplerate from tid 561
09-20 14:57:21.323137   431   561 D APM_AudioPolicyManager: StopOutputSampletate -output = 21 -stream = 1 session = 73 -samplerate=44100 mPrimaryOutput = 13
09-20 14:57:21.323199   431   561 V AudioPolicyService: AudioCommandThread() adding set parameter string FM_DIRECT_CONTROL=1, io 13 ,delay 0
09-20 14:57:21.323269   431   560 V AudioPolicyService: AudioCommandThread() processing set parameters string FM_DIRECT_CONTROL=1, io 13
09-20 14:57:21.323302   431   560 D AudioSystem: +setParameters(): FM_DIRECT_CONTROL=1 
09-20 14:57:21.323422   431   907 D AudioFlinger_Threads: thread 0xef291f80 type 0 TID 907 waking up
09-20 14:57:21.323711   431   907 D AudioALSAStreamOut: +setParameters(): FM_DIRECT_CONTROL=1
09-20 14:57:21.323774   431   907 D AudioALSAStreamOut: -setParameters(): FM_DIRECT_CONTROL=1 
09-20 14:57:21.323905   431   560 D AudioSystem: -setParameters(): FM_DIRECT_CONTROL=1 
09-20 14:57:21.323998   431   561 V APM_AudioPolicyManager: stopOutput() output 21, stream 1, session 73
09-20 14:57:21.324039   431   561 V APM::AudioOutputDescriptor: changeRefCount() stream 1, count 0
09-20 14:57:21.324084   431   561 V APM_AudioPolicyManager: getNewOutputDevice() selected device 0
09-20 14:57:21.324117   431   561 V APM_AudioPolicyManager: setOutputDevice() mIoHandle 21 device 0000(0002)(000f) delayMs 114 force 0 size 2
09-20 14:57:21.324199   431   561 V APM_AudioPolicyManager: setOutputDevice() setting same device 0x0000 or null device
09-20 14:57:21.324315   431   561 V APM_AudioPolicyManager: getNewOutputDevice() selected device 0
09-20 14:57:21.325192  1260  4115 D AppOps  : startOperation: allowing code 40 uid 1041 package audioserver
09-20 14:57:21.329232   282   282 I BufferQueueProducer: [FrameBufferSurface_0](this:0x777db3a000,id:0,api:1,p:282,c:282) queueBuffer: fps=25.64 dur=1013.89 max=606.32 min=13.93
09-20 14:57:21.355381  1992  2004 D BitmapFactory: decodeFile() pathName = system/lib/uitechno/icon/com_mediatek_mtklogger.png
09-20 14:57:21.355828  1992  2004 E BitmapFactory: Unable to decode stream: java.io.FileNotFoundException: system/lib/uitechno/icon/com_mediatek_mtklogger.png (No such file or directory)
09-20 14:57:21.357712  1992  2004 D LauncherL.YLThemeService: e == android.content.pm.PackageManager$NameNotFoundException: ComponentInfo{com.mediatek.mtklogger/com.mediatek.mtklogger}
09-20 14:57:21.357947  1992  2004 E LauncherL.IconProvider: packageName =com.mediatek.mtklogger, activityName = com.mediatek.mtklogger, userId =0
09-20 14:57:21.363301  1431  1431 W RecentsTaskLoader: loadThumbnailAndIcon: packageName=com.mediatek.mtklogger; activityName=com.mediatek.mtklogger.MyApplication; userId
09-20 14:57:21.425638  1431  1442 I art     : Enter while loop.
09-20 14:57:21.464047 12040 12040 I dex2oat : dex2oat took 377.916ms (threads: 4) arena alloc=1555KB (1592360B) java alloc=302KB (309592B) native alloc=1230KB (1259832B) free=3MB (3983048B)
09-20 14:57:21.460000 12018 12018 W mestore:zremote: type=1400 audit(0.0:1408): avc: denied { execute } for path="/data/data/com.zookingsoft.themestore/app_gdtodex/gdt.dex" dev="dm-1" ino=443400 scontext=u:r:platform_app:s0:c512,c768 tcontext=u:object_r:yl_trusted_app_data_file:s0:c512,c768 tclass=file permissive=0
09-20 14:57:21.470000 12018 12018 W mestore:zremote: type=1400 audit(0.0:1409): avc: denied { execute } for path="/data/data/com.zookingsoft.themestore/app_gdtodex/gdt.dex" dev="dm-1" ino=443400 scontext=u:r:platform_app:s0:c512,c768 tcontext=u:object_r:yl_trusted_app_data_file:s0:c512,c768 tclass=file permissive=0
09-20 14:57:21.513388 12018 12018 D MPlugin : com.mediatek.common.telephony.IOnlyOwnerSimSupportClazz exists on mapping table : false
09-20 14:57:21.513456 12018 12018 E MPlugin : Unsupported class: com.mediatek.common.telephony.IOnlyOwnerSimSupport
09-20 14:57:21.514864 12018 12018 D Ads     : MService: onCreate()++
09-20 14:57:21.519927 12018 12053 D Ads     : ServerWork:now load dex!
09-20 14:57:21.522760 12018 12018 D Ads     : MService: onCreate()--
09-20 14:57:21.530000 12053 12053 W adthread: type=1400 audit(0.0:1410): avc: denied { execute } for path="/data/data/com.zookingsoft.themestore/app_dex/EventDex.dex" dev="dm-1" ino=419820 scontext=u:r:platform_app:s0:c512,c768 tcontext=u:object_r:yl_trusted_app_data_file:s0:c512,c768 tclass=file permissive=0
09-20 14:57:21.530000 12053 12053 W adthread: type=1400 audit(0.0:1411): avc: denied { execute } for path="/data/data/com.zookingsoft.themestore/app_dex/EventDex.dex" dev="dm-1" ino=419820 scontext=u:r:platform_app:s0:c512,c768 tcontext=u:object_r:yl_trusted_app_data_file:s0:c512,c768 tclass=file permissive=0
09-20 14:57:21.587298  1260  1283 D Surface : Surface::disconnect(this=0x7751833400,api=2)
09-20 14:57:21.587420   282  1556 I BufferQueueProducer: [thumbnail anim](this:0x777c789800,id:113,api:2,p:-1,c:282) disconnect(P): api 2
09-20 14:57:21.587540   282  1556 I BufferQueueConsumer: [thumbnail anim](this:0x777c789800,id:113,api:2,p:-1,c:282) getReleasedBuffers: returning mask 0xffffffffffffffff
09-20 14:57:21.587711  1260  1283 D GraphicBuffer: unregister, handle(0x774b0810c0) (w:656 h:112 s:656 f:0x1 u:0x000933)
09-20 14:57:21.592058  1260  1349 I libPerfService: 2: set: 3
09-20 14:57:21.592223  1260  1349 I libPerfService: 2: set freq: 819000
09-20 14:57:21.594610  1431  1431 V PhoneWindow: DecorView setVisiblity: visibility = 4, Parent = ViewRoot{64850fe com.android.systemui/com.android.systemui.recents.RecentsActivity,ident = 3}, this = DecorView@a1565d9[RecentsActivity]
09-20 14:57:21.602539   282   282 I BufferQueueConsumer: [thumbnail anim](this:0x777c789800,id:113,api:2,p:-1,c:-1) disconnect(C)
09-20 14:57:21.602701   282   282 I BufferQueue: [thumbnail anim](this:0x777c789800,id:113,api:2,p:-1,c:-1) ~BufferQueueCore
09-20 14:57:21.603042   282   282 D GraphicBuffer: free, handle(0x777c3abb80) (w:656 h:112 s:656 f:0x1 u:0x000933)
09-20 14:57:21.613174 12057 12057 I dex2oat : /system/bin/dex2oat --dex-file=/data/user/0/com.zookingsoft.themestore/app_update/EventDex.dex --oat-fd=44 --oat-location=/data/user/0/com.zookingsoft.themestore/app_dex/EventDex.dex --compiler-filter=speed
09-20 14:57:21.618978   282   282 I BufferQueueConsumer: [com.android.systemui/com.android.systemui.recents.RecentsActivity](this:0x7779e0d800,id:111,api:1,p:-1,c:-1) disconnect(C)
09-20 14:57:21.619155   282   282 D GraphicBuffer: free, handle(0x7780622c00) (w:720 h:1280 s:720 f:0x1 u:0x000b00)
09-20 14:57:21.619353   282   282 I BufferQueue: [com.android.systemui/com.android.systemui.recents.RecentsActivity](this:0x7779e0d800,id:111,api:1,p:-1,c:-1) ~BufferQueueCore
09-20 14:57:21.660434  1767  1770 D GasService: FG app changed: from com.android.systemui to 
09-20 14:57:21.660506  1767  1770 E GED     : Failed to execute ioctl 3222824709, BridgeID(5), err(-1)
09-20 14:57:21.660530  1767  1770 E GasService: Error on query GED info, err=1
09-20 14:57:21.650000  1770  1770 W GpuAppSpectator: type=1400 audit(0.0:1412): avc: denied { search } for name="5608" dev="proc" ino=44001 scontext=u:r:ged_srv:s0 tcontext=u:r:radio:s0 tclass=dir permissive=0
09-20 14:57:21.744997  1260  1349 D PerfServiceManager: [PerfService] MESSAGE_TIMEOUT:107 
09-20 14:57:21.745305  1260  1349 I libPerfService: 7: set: 1
09-20 14:57:21.745429  1260  1349 I libPerfService: 7: set freq: 0
09-20 14:57:21.745531  1260  1349 D PerfServiceManager: [PerfService] set utilization:0.8 
09-20 14:57:22.247466  1260  1315 D InputReader: AP_PROF:AppLaunch_dispatchPtr:Down:469725, ID:0, Index:1438531520
09-20 14:57:22.247599  1260  1315 I PerfService: PerfServiceNative_boostEnableAsync:6
09-20 14:57:22.248197  1260  1349 I libPerfService: 6: set freq: 819000
09-20 14:57:22.248337  1260  1349 I libPerfService: 6: set: 3
09-20 14:57:22.311293  1260  1315 D InputReader: AP_PROF:AppLaunch_dispatchPtr:Up:469789, ID:0, Index:1438534912
09-20 14:57:22.311407  1260  1315 I PerfService: PerfServiceNative_boostEnableTimeoutMsAsync:6, 100
09-20 14:57:22.327481   282  1357 I BufferQueueProducer: [com.mediatek.engineermode/com.mediatek.engineermode.EngineerMode](this:0x777c788000,id:98,api:1,p:5608,c:282) queueBuffer: fps=0.95 dur=1055.18 max=1055.18 min=1055.18
09-20 14:57:22.327938   282   293 I BufferQueueProducer: [com.mediatek.engineermode/com.mediatek.engineermode.EngineerMode](this:0x777c788000,id:98,api:1,p:5608,c:282) new GraphicBuffer needed
09-20 14:57:22.328051   282   293 D GraphicBuffer: free, handle(0x7779e4d080) (w:720 h:1280 s:720 f:0x1 u:0x000900)
09-20 14:57:22.329426   282   293 D GraphicBuffer: alloc, handle(0x7779e4d080) (w:720 h:1280 s:720 f:0x1 u:0x000b00) err(0)
09-20 14:57:22.331124  5608  7015 D GraphicBuffer: register, handle(0x7753acc6c0) (w:720 h:1280 s:720 f:0x1 u:0x000b00)
09-20 14:57:22.355261   282   282 I DisplayDevice: [Built-in Screen (type:0)] fps:24.153193,dur:1159.27,max:719.50,min:13.93
09-20 14:57:22.380719  5608  5608 I CloudSecurity: CloudSecurity (uid: 1001, pid: 5608) call csCheckActivity
09-20 14:57:22.380871   431   917 V AudioPolicyIntefaceImpl: getOutput()
09-20 14:57:22.380947   431   917 V APM_AudioPolicyManager: getOutput() device 2, stream 1, samplingRate 0, format 0, channelMask 3, flags 0
09-20 14:57:22.381000   431   917 V APM_AudioPolicyManager:   getOutputForDevice() returns output 13
09-20 14:57:22.381517  1260  1335 D AudioSystem: getIoDescriptor: ioHandle = 13, index = 0, mIoDescriptors = 0x775484e150
09-20 14:57:22.381747   431   431 V AudioPolicyIntefaceImpl: getOutput()
09-20 14:57:22.381823   431   431 V APM_AudioPolicyManager: getOutput() device 2, stream 1, samplingRate 0, format 0, channelMask 3, flags 0
09-20 14:57:22.381861   431   431 V APM_AudioPolicyManager:   getOutputForDevice() returns output 13
09-20 14:57:22.382092  1260  1335 D AudioSystem: getIoDescriptor: ioHandle = 13, index = 0, mIoDescriptors = 0x775484e150
09-20 14:57:22.382137  1260  1335 D AudioTrack: start(): 0x774c281000, mState = 1
09-20 14:57:22.382341   431   916 V AudioPolicyIntefaceImpl: StartOutputSamplerate()
09-20 14:57:22.382411   431   916 D APM_AudioPolicyManager: StartOutputSamplerate +output = 21 +stream = 1 session = 73 +samplerate=44100 mPrimaryOutput= 13
09-20 14:57:22.382434   431   916 V APM_AudioPolicyManager: startOutput() output 21, stream 1, session 73
09-20 14:57:22.382480   431   916 V APM::AudioOutputDescriptor: changeRefCount() stream 1, count 1
09-20 14:57:22.382582   431   916 V APM_AudioPolicyManager: getNewOutputDevice() selected device 2
09-20 14:57:22.382618   431   916 V APM_AudioPolicyManager: setOutputDevice() mIoHandle 21 device 0002(0002)(000f) delayMs 0 force 1 size 2
09-20 14:57:22.382649   431   916 V APM_AudioPolicyManager: setOutputDevice() changing device
09-20 14:57:22.382718   431   916 V AudioPolicyService: AudioCommandThread() adding create patch delay 0
09-20 14:57:22.382826   431   560 V AudioPolicyService: AudioCommandThread() processing create audio patch
09-20 14:57:22.386078   431   910 D AudioFlinger_Threads: SetStereoToMonoFlag, mSteroToMono 1
09-20 14:57:22.386131   431   910 D AudioALSAHardware: +createAudioPatch num_sources [1] , num_sinks [1]
09-20 14:57:22.386149   431   910 D AudioALSAHardware: id 0x4
09-20 14:57:22.386163   431   910 D AudioALSAHardware: role 0x1 AUDIO_PORT_ROLE_SOURCE
09-20 14:57:22.386176   431   910 D AudioALSAHardware: type 0x2 AUDIO_PORT_TYPE_MIX
09-20 14:57:22.386191   431   910 D AudioALSAHardware: mix.handle 15
09-20 14:57:22.386203   431   910 D AudioALSAHardware: id 0x2
09-20 14:57:22.386217   431   910 D AudioALSAHardware: role 0x2 AUDIO_PORT_ROLE_SINK
09-20 14:57:22.386231   431   910 D AudioALSAHardware: type 0x1 AUDIO_PORT_TYPE_DEVICE
09-20 14:57:22.386247   431   910 D AudioALSAHardware: device.hw_module a
09-20 14:57:22.386260   431   910 D AudioALSAHardware: device.type 2
09-20 14:57:22.386276   431   910 D AudioALSAHardware: +routing createAudioPatch Mixer->2
09-20 14:57:22.386337   431   910 D AudioALSAStreamManager: +setParameters(), IOport = 21, keyValuePairs = routing=2
09-20 14:57:22.386358   431   910 D AudioALSAStreamManager: Send to mStreamOutVector[1]
09-20 14:57:22.386381   431   910 D AudioALSAStreamOut: +setParameters(): routing=2
09-20 14:57:22.386436   431   910 D AudioALSAStreamManager: +routingOutputDevice()
09-20 14:57:22.386464   431   910 D AudioALSAStreamManager: routingOutputDevice(), output_devices: 0x2 => 0x2, mPhoneCallSpeechOpen = 0
09-20 14:57:22.386490   431   910 D AudioALSAVoiceWakeUpController: +updateDeviceInfoForVoiceWakeUp(), mIsUseHeadsetMic = 0
09-20 14:57:22.386620   431   910 D AudioHeadSetMessager: /sys/class/switch/h2w/state => 0
09-20 14:57:22.386663   431   910 D AudioALSAVoiceWakeUpController: -updateDeviceInfoForVoiceWakeUp(), mIsUseHeadsetMic = 0
09-20 14:57:22.386696   431   910 W AudioALSAStreamManager: -routingOutputDevice(), output_devices == current_output_devices(0x2), return
09-20 14:57:22.386726   431   910 D AudioALSAStreamOut: -setParameters(): routing=2 
09-20 14:57:22.386754   431   910 D AudioALSAStreamManager: -setParameters()
09-20 14:57:22.386789   431   910 D AudioALSAHardware: handlecheck createAudioPatch() removing patch handle 84 index 0 DL
09-20 14:57:22.386819   431   910 D AudioALSAHardware: handlecheck createAudioPatch sucess new *handle 0x55
09-20 14:57:22.387221   431   916 V AudioPolicyService: AudioCommandThread() adding update audio patch list
09-20 14:57:22.387337   431   916 D APM::AudioOutputDescriptor: SwAudioOutputDescriptor::setVolume mIoHandle 21 id 4 change 0 volume -2.000000 stream 0 device 0x2 delayMs 0 force 0
09-20 14:57:22.387399   431   916 D APM::AudioOutputDescriptor: SwAudioOutputDescriptor::setVolume mIoHandle 21 id 4 change 0 volume -22.000000 stream 1 device 0x2 delayMs 0 force 0
09-20 14:57:22.387485   431   916 V APM_AudioPolicyManager: checkAndSetVolume() cannot set stream 6 volume with force use = 0 for comm
09-20 14:57:22.387784   431   916 D APM::AudioOutputDescriptor: SwAudioOutputDescriptor::setVolume mIoHandle 21 id 4 change 0 volume -22.000000 stream 1 device 0x2 delayMs 0 force 0
09-20 14:57:22.387845   431   916 D APM_AudioPolicyManager: PolicyFirstStart stream = 1 sampleRate = 44100, CheckFirstActive() 1 mSampleRate_Policy = 1
09-20 14:57:22.388076  1260  1335 D AudioTrack: AudioTrackThread::resume
09-20 14:57:22.388095   431   561 V AudioPolicyService: AudioCommandThread() processing update audio patch list
09-20 14:57:22.388198  1260  1335 D AudioTrackCenter: setTrackActive, trackId: 0x774d400000, active: 1
09-20 14:57:22.388258  1260  3121 D AudioTrack: AudioTrackThread::pauseInternal: ns = 56075020
09-20 14:57:22.391378  9497  9497 D WindowClient: Remove from mViews: DecorView@76bfbd1[SettingsActivity], this = android.view.WindowManagerGlobal@beabd7
09-20 14:57:22.396914  1260  1349 I libPerfService: 2: set freq: 1300000
09-20 14:57:22.397035  1260  1349 I libPerfService: 2: set: 4
09-20 14:57:22.399501   431   910 D AudioFlinger_Threads: 0xeef03b80:threadLoop_write write data to hw, mixerStatus 2, muted count 47
09-20 14:57:22.402347   431   909 D AudioMixer: getTrackName, n 1 start init
09-20 14:57:22.404796   282   282 I BufferQueueConsumer: [com.mediatek.mtklogger/com.mediatek.mtklogger.settings.SettingsActivity](this:0x777c9d1000,id:107,api:1,p:-1,c:-1) disconnect(C)
09-20 14:57:22.405050   282   282 I BufferQueue: [com.mediatek.mtklogger/com.mediatek.mtklogger.settings.SettingsActivity](this:0x777c9d1000,id:107,api:1,p:-1,c:-1) ~BufferQueueCore
09-20 14:57:22.405112  1260  1349 I libPerfService: [perfNotifyAppState] foreground:com.mediatek.mtklogger, pid:9497
09-20 14:57:22.405134  1260  1349 I libPerfService: [switchSportsMode] enable:0
09-20 14:57:22.406661   282   282 D GraphicBuffer: free, handle(0x777c3a35c0) (w:720 h:1280 s:720 f:0x1 u:0x000b00)
09-20 14:57:22.409207  1260  4115 D InputReader: InputReader:: getSwitchState lock 
09-20 14:57:22.409275  1260  4115 D InputReader: InputReader::getStateLocked:: return 
09-20 14:57:22.411489  1260  1349 D PerfServiceManager: [PerfService] MESSAGE_TIMEOUT:106 
09-20 14:57:22.422263  1260  4115 I BufferQueue: [unnamed-1260-29](this:0x77559da800,id:29,api:0,p:-1,c:-1) BufferQueue core=(1260:system_server)
09-20 14:57:22.422481  1260  4115 I BufferQueueConsumer: [unnamed-1260-29](this:0x77559da800,id:29,api:0,p:-1,c:1260) connect(C): consumer=(1260:system_server) controlledByApp=false
09-20 14:57:22.422521  1260  4115 I BufferQueueConsumer: [unnamed-1260-29](this:0x77559da800,id:29,api:0,p:-1,c:1260) setConsumerName: unnamed-1260-29
09-20 14:57:22.422566  1260  4115 I BufferQueueConsumer: [ScreenshotClient](this:0x77559da800,id:29,api:0,p:-1,c:1260) setConsumerName: ScreenshotClient
09-20 14:57:22.423222   282   282 D Surface : Surface::connect(this=0x777db4ae00,api=1)
09-20 14:57:22.423826  1260  4115 I BufferQueueProducer: [ScreenshotClient](this:0x77559da800,id:29,api:1,p:282,c:1260) connect(P): api=1 producer=(282:/system/bin/surfaceflinger) producerControlledByApp=false
09-20 14:57:22.424205  1260  4115 I BufferQueueProducer: [ScreenshotClient](this:0x77559da800,id:29,api:1,p:282,c:1260) new GraphicBuffer needed
09-20 14:57:22.424826   282  2571 D GraphicBuffer: alloc, handle(0x777c2a3d80) (w:432 h:739 s:432 f:0x1 u:0x000333) err(0)
09-20 14:57:22.425461  1260  4115 D GraphicBuffer: register, handle(0x774d1bd800) (w:432 h:739 s:432 f:0x1 u:0x000333)
09-20 14:57:22.425760   282  1357 D GraphicBuffer: free, handle(0x777c2a3d80) (w:432 h:739 s:432 f:0x1 u:0x000333)
09-20 14:57:22.426107   282   282 D GraphicBuffer: register, handle(0x777c3aa680) (w:432 h:739 s:432 f:0x1 u:0x000333)
09-20 14:57:22.429926   282   282 D Surface : Surface::disconnect(this=0x777db4ae00,api=1)
09-20 14:57:22.430341  1260  4115 I BufferQueueProducer: [ScreenshotClient](this:0x77559da800,id:29,api:1,p:-1,c:1260) disconnect(P): api 1
09-20 14:57:22.430486  1260  4115 I BufferQueueConsumer: [ScreenshotClient](this:0x77559da800,id:29,api:1,p:-1,c:1260) getReleasedBuffers: returning mask 0xffffffffffffffff
09-20 14:57:22.435206  1260  4115 I BufferQueueConsumer: [ScreenshotClient](this:0x77559da800,id:29,api:1,p:-1,c:-1) disconnect(C)
09-20 14:57:22.435327  1260  4115 D GraphicBuffer: unregister, handle(0x774d1bd800) (w:432 h:739 s:432 f:0x1 u:0x000333)
09-20 14:57:22.435464  1260  4115 I BufferQueue: [ScreenshotClient](this:0x77559da800,id:29,api:1,p:-1,c:-1) ~BufferQueueCore
09-20 14:57:22.437076   282   304 D GraphicBuffer: unregister, handle(0x777c3aa680) (w:432 h:739 s:432 f:0x1 u:0x000333)
09-20 14:57:22.443040   431   909 E AudioFlinger: getNextBuffer, track(0xee683000) get null buffer, mState 6, mFillingUpStatus 2
09-20 14:57:22.444556  1260  3121 D AudioTrack: AudioTrackThread::pauseInternal: ns = 9223372036854775807
09-20 14:57:22.444557  1260  1392 D AudioTrack: stop(): 0x774c281000, mState = 0
09-20 14:57:22.444878  1260  1392 D AudioTrack: AudioTrackThread::pause
09-20 14:57:22.444930  1260  1392 D AudioTrackCenter: setTrackActive, trackId: 0x774d400000, active: 0
09-20 14:57:22.446856  9497  9497 I MTKLogger/MainActivity: -->onResume
09-20 14:57:22.451432  9497 11356 I MTKLogger/Utils: -->getInternalSdPath()
09-20 14:57:22.452200  9497  9497 V PhoneWindow: DecorView setVisiblity: visibility = 0, Parent = ViewRoot{8d4dcc4 com.mediatek.mtklogger/com.mediatek.mtklogger.MainActivity,ident = 0}, this = DecorView@717e4c2[MainActivity]
09-20 14:57:22.457509   282   282 I BufferQueue: [unnamed-282-114](this:0x777c9d1000,id:114,api:0,p:-1,c:-1) BufferQueue core=(282:/system/bin/surfaceflinger)
09-20 14:57:22.457741   282   282 I BufferQueueConsumer: [unnamed-282-114](this:0x777c9d1000,id:114,api:0,p:-1,c:282) connect(C): consumer=(282:/system/bin/surfaceflinger) controlledByApp=false
09-20 14:57:22.457779   282   282 I BufferQueueConsumer: [unnamed-282-114](this:0x777c9d1000,id:114,api:0,p:-1,c:282) setConsumerName: unnamed-282-114
09-20 14:57:22.457825   282   282 I BufferQueueConsumer: [com.mediatek.mtklogger/com.mediatek.mtklogger.MainActivity](this:0x777c9d1000,id:114,api:0,p:-1,c:282) setConsumerName: com.mediatek.mtklogger/com.mediatek.mtklogger.MainActivity
09-20 14:57:22.457865   282   282 I BufferQueueProducer: [](this:0x777c9d1000,id:114,api:0,p:-1,c:282) setMaxDequeuedBufferCount: maxDequeuedBuffers = 2
09-20 14:57:22.457915   282   282 I BufferQueueConsumer: [com.mediatek.mtklogger/com.mediatek.mtklogger.MainActivity](this:0x777c9d1000,id:114,api:0,p:-1,c:282) setDefaultBufferSize: width=720 height=1280
09-20 14:57:22.463467  9497  9497 D Surface : Surface::allocateBuffers(this=0x7753614400)
09-20 14:57:22.463554  9497 11358 D OpenGLRenderer: CanvasContext() 0x7763a87800 initialize window=0x7753614400, title=com.mediatek.mtklogger/com.mediatek.mtklogger.MainActivity
09-20 14:57:22.463599  9497 11358 D Surface : Surface::connect(this=0x7753614400,api=1)
09-20 14:57:22.463943   282   293 I BufferQueueProducer: [com.mediatek.mtklogger/com.mediatek.mtklogger.MainActivity](this:0x777c9d1000,id:114,api:1,p:9497,c:282) connect(P): api=1 producer=(9497:com.mediatek.mtklogger) producerControlledByApp=true
09-20 14:57:22.464468  9497 11358 W libEGL  : [ANDROID_RECORDABLE] format: 1
09-20 14:57:22.464772   282   295 D GraphicBuffer: alloc, handle(0x777c3ab100) (w:720 h:1280 s:720 f:0x1 u:0x000900) err(0)
