09-20 14:47:36.824162   708   753 I AT      : AT< OK (RIL_CMD_READER_1, tid:540680397904)
09-20 14:47:36.824386   708   738 I RILC-MTK: proxy id:1, proxyName: RIL_CMD_PROXY_3, OPERATOR pRI=0x7de4828f50 p=0x7de48348b0 execute on RIL_CMD_PROXY_3 using channel 1
09-20 14:47:36.824468   708   738 I AT      : AT> AT+COPS? (RIL_CMD_READER_1, tid:540680397904)
09-20 14:47:36.826841   708   753 I AT      : AT< +COPS: 0 (RIL_CMD_READER_1, tid:540680397904)
09-20 14:47:36.827620   708   753 I AT      : AT< OK (RIL_CMD_READER_1, tid:540680397904)
09-20 14:47:36.827762   708   738 I AT      : AT> AT+EOPS? (RIL_CMD_READER_1, tid:540680397904)
09-20 14:47:36.829781   708   753 I AT      : AT< +EOPS: 0,2,"46001",0 (RIL_CMD_READER_1, tid:540680397904)
09-20 14:47:36.830346   708   753 I AT      : AT< OK (RIL_CMD_READER_1, tid:540680397904)
09-20 14:47:36.830609   708   738 I RILC-MTK: proxy id:1, proxyName: RIL_CMD_PROXY_3, DATA_REGISTRATION_STATE pRI=0x7de4828f80 p=0x7de4834920 execute on RIL_CMD_PROXY_3 using channel 1
09-20 14:47:36.830688   708   738 I AT      : AT> AT+CGREG? (RIL_CMD_READER_1, tid:540680397904)
09-20 14:47:36.832887   708   753 I AT      : AT< +CGREG: 3,4,"253D","00004089",0,"00",0,0 (RIL_CMD_READER_1, tid:540680397904)
09-20 14:47:36.833630   708   753 I AT      : AT< OK (RIL_CMD_READER_1, tid:540680397904)
09-20 14:47:36.833980   708   738 I RILC-MTK: proxy id:1, proxyName: RIL_CMD_PROXY_3, VOICE_REGISTRATION_STATE pRI=0x7de4829160 p=0x7de4834990 execute on RIL_CMD_PROXY_3 using channel 1
09-20 14:47:36.834063   708   738 I AT      : AT> AT+CREG? (RIL_CMD_READER_1, tid:540680397904)
09-20 14:47:36.835160  1211  1248 I C2K_AT  : <fd 44> AT < +CME ERROR:10 (NW_CHANNEL, tid:4117768480)
09-20 14:47:36.835736  1211  1235 I LIBC2K_RIL: DATA_REGISTRATION_STATE execute on NW_CHANNEL using channel 3
09-20 14:47:36.835865  1211  1235 I LIBC2K_RIL: VOICE_REGISTRATION_STATE execute on NW_CHANNEL using channel 3
09-20 14:47:36.835936  1211  1235 I LIBC2K_RIL: OPERATOR execute on NW_CHANNEL using channel 3
09-20 14:47:36.836023  1211  1235 I C2K_AT  : <fd 44> AT > AT+CPIN? (NW_CHANNEL, tid:4117768480)
09-20 14:47:36.836435   708   753 I AT      : AT< +CREG: 3,0,"253D","00004089",0,0,0 (RIL_CMD_READER_1, tid:540680397904)
09-20 14:47:36.836911   708   753 I AT      : AT< OK (RIL_CMD_READER_1, tid:540680397904)
09-20 14:47:36.838049   708   738 I RILC-MTK: proxy id:1, proxyName: RIL_CMD_PROXY_3, QUERY_NETWORK_SELECTION_MODE pRI=0x7de4829280 p=0x7de4834a00 execute on RIL_CMD_PROXY_3 using channel 1
09-20 14:47:36.838050  1211  1248 I C2K_AT  : <fd 44> AT < +CME ERROR:10 (NW_CHANNEL, tid:4117768480)
09-20 14:47:36.838139   708   738 I AT      : AT> AT+COPS? (RIL_CMD_READER_1, tid:540680397904)
09-20 14:47:36.838346  1211  1235 I LIBC2K_RIL: DATA_REGISTRATION_STATE execute on NW_CHANNEL using channel 3
09-20 14:47:36.838446  1211  1235 I LIBC2K_RIL: VOICE_REGISTRATION_STATE execute on NW_CHANNEL using channel 3
09-20 14:47:36.838540  1211  1235 I LIBC2K_RIL: OPERATOR execute on NW_CHANNEL using channel 3
09-20 14:47:36.838613  1211  1235 I C2K_AT  : <fd 44> AT > AT+CPIN? (NW_CHANNEL, tid:4117768480)
09-20 14:47:36.840346   708   753 I AT      : AT< +COPS: 0 (RIL_CMD_READER_1, tid:540680397904)
09-20 14:47:36.840654  1211  1248 I C2K_AT  : <fd 44> AT < +CME ERROR:10 (NW_CHANNEL, tid:4117768480)
09-20 14:47:36.840863  1211  1235 I LIBC2K_RIL: DATA_REGISTRATION_STATE execute on NW_CHANNEL using channel 3
09-20 14:47:36.840964   708   753 I AT      : AT< OK (RIL_CMD_READER_1, tid:540680397904)
09-20 14:47:36.840966  1211  1235 I LIBC2K_RIL: VOICE_REGISTRATION_STATE execute on NW_CHANNEL using channel 3
09-20 14:47:36.841201   708   738 I RILC-MTK: proxy id:1, proxyName: RIL_CMD_PROXY_3, OPERATOR pRI=0x7de4829310 p=0x7de4834a70 execute on RIL_CMD_PROXY_3 using channel 1
09-20 14:47:36.841279   708   738 I AT      : AT> AT+COPS? (RIL_CMD_READER_1, tid:540680397904)
09-20 14:47:36.843705   708   753 I AT      : AT< +COPS: 0 (RIL_CMD_READER_1, tid:540680397904)
09-20 14:47:36.843760   708   753 I AT      : AT< OK (RIL_CMD_READER_1, tid:540680397904)
09-20 14:47:36.843840   708   738 I AT      : AT> AT+EOPS? (RIL_CMD_READER_1, tid:540680397904)
09-20 14:47:36.845413   708   753 I AT      : AT< +EOPS: 0,2,"46001",0 (RIL_CMD_READER_1, tid:540680397904)
09-20 14:47:36.845990   708   753 I AT      : AT< OK (RIL_CMD_READER_1, tid:540680397904)
09-20 14:47:36.846385   708   738 I RILC-MTK: proxy id:1, proxyName: RIL_CMD_PROXY_3, DATA_REGISTRATION_STATE pRI=0x7de4829340 p=0x7de4834ae0 execute on RIL_CMD_PROXY_3 using channel 1
09-20 14:47:36.846456   708   738 I AT      : AT> AT+CGREG? (RIL_CMD_READER_1, tid:540680397904)
09-20 14:47:36.848364   708   753 I AT      : AT< +CGREG: 3,4,"253D","00004089",0,"00",0,0 (RIL_CMD_READER_1, tid:540680397904)
09-20 14:47:36.848992   708   753 I AT      : AT< OK (RIL_CMD_READER_1, tid:540680397904)
09-20 14:47:36.849261   708   738 I RILC-MTK: proxy id:1, proxyName: RIL_CMD_PROXY_3, VOICE_REGISTRATION_STATE pRI=0x7de4829370 p=0x7de4834b50 execute on RIL_CMD_PROXY_3 using channel 1
09-20 14:47:36.849320   708   738 I AT      : AT> AT+CREG? (RIL_CMD_READER_1, tid:540680397904)
09-20 14:47:36.851961   708   753 I AT      : AT< +CREG: 3,0,"253D","00004089",0,0,0 (RIL_CMD_READER_1, tid:540680397904)
09-20 14:47:36.852154   708   753 I AT      : AT< OK (RIL_CMD_READER_1, tid:540680397904)
09-20 14:47:36.856974   708   738 I RILC-MTK: proxy id:1, proxyName: RIL_CMD_PROXY_3, QUERY_NETWORK_SELECTION_MODE pRI=0x7de48293a0 p=0x7de4834bc0 execute on RIL_CMD_PROXY_3 using channel 1
09-20 14:47:36.857055   708   738 I AT      : AT> AT+COPS? (RIL_CMD_READER_1, tid:540680397904)
09-20 14:47:36.858931   708   753 I AT      : AT< +COPS: 0 (RIL_CMD_READER_1, tid:540680397904)
09-20 14:47:36.859217   708   753 I AT      : AT< OK (RIL_CMD_READER_1, tid:540680397904)
09-20 14:47:36.859361  1500  1500 E SST     : [GsmSST0] error parsing RegistrationState: java.lang.NumberFormatException: For input string: "ffffffff"
09-20 14:47:36.859665   708   738 I RILC-MTK: proxy id:1, proxyName: RIL_CMD_PROXY_3, RIL_REQUEST_AT_COMMAND_WITH_PROXY pRI=0x7de4829490 p=0x7de4832620 execute on RIL_CMD_PROXY_3 using channel 1
09-20 14:47:36.859748   708   738 I AT      : AT> AT+ECSQ (RIL_CMD_READER_1, tid:540680397904)
09-20 14:47:36.862435   708   753 I AT      : AT< +ECSQ: 36,99,-298,1,1,1,1,0,32767 (RIL_CMD_READER_1, tid:540680397904)
09-20 14:47:36.862497   708   753 I AT      : AT< OK (RIL_CMD_READER_1, tid:540680397904)
09-20 14:47:37.071532   708   740 I RILC-MTK: proxy id:3, proxyName: RIL_CMD_PROXY_1, RIL_REQUEST_GET_ACTIVITY_INFO pRI=0x7de48294c0 p=0x7de48327e0 execute on RIL_CMD_PROXY_1 using channel 3
09-20 14:47:37.071657   708   740 I AT      : AT> AT+ERFTX=11 (RIL_CMD_READER_3, tid:540678325328)
09-20 14:47:37.081154   708   755 I AT      : AT< +CME ERROR: 100 (RIL_CMD_READER_3, tid:540678325328)
09-20 14:47:37.081302   708   740 E RIL-OEM : requestGetActivityInfo error
09-20 14:47:37.105694   375  1270 E RPC     : RPC-client RX thread after select! - (0)
09-20 14:47:37.606443   375  1270 E RPC     : RPC-client RX thread after select! - (0)
09-20 14:47:38.107147   375  1270 E RPC     : RPC-client RX thread after select! - (0)
09-20 14:47:38.607848   375  1270 E RPC     : RPC-client RX thread after select! - (0)
09-20 14:47:39.108553   375  1270 E RPC     : RPC-client RX thread after select! - (0)
09-20 14:47:39.609294   375  1270 E RPC     : RPC-client RX thread after select! - (0)
09-20 14:47:40.110121   375  1270 E RPC     : RPC-client RX thread after select! - (0)
09-20 14:47:40.610851   375  1270 E RPC     : RPC-client RX thread after select! - (0)
09-20 14:47:41.111585   375  1270 E RPC     : RPC-client RX thread after select! - (0)
09-20 14:47:41.611969   375  1270 E RPC     : RPC-client RX thread after select! - (0)
09-20 14:47:41.675055   708   740 I RILC-MTK: proxy id:3, proxyName: RIL_CMD_PROXY_1, RIL_REQUEST_GET_ACTIVITY_INFO pRI=0x7de4828980 p=0x7de4832af0 execute on RIL_CMD_PROXY_1 using channel 3
09-20 14:47:41.675250   708   740 I AT      : AT> AT+ERFTX=11 (RIL_CMD_READER_3, tid:540678325328)
09-20 14:47:41.679311   708   755 I AT      : AT< +CME ERROR: 100 (RIL_CMD_READER_3, tid:540678325328)
09-20 14:47:41.679449   708   740 E RIL-OEM : requestGetActivityInfo error
09-20 14:47:42.112702   375  1270 E RPC     : RPC-client RX thread after select! - (0)
09-20 14:47:42.613295   375  1270 E RPC     : RPC-client RX thread after select! - (0)
09-20 14:47:42.972251   708   749 I RILC    : NUMBER:1
09-20 14:47:42.972302   708   749 I RILC    : arg len:14
09-20 14:47:42.972323   708   749 I RILC    : ARGS[0]:THERMAL,0,-1
09-20 14:47:42.972446   708   749 I RILC-MTK: set request 2502 to protocal 1, proxyId=3
09-20 14:47:42.972694   708   740 I RILC-MTK: proxy id:3, proxyName: RIL_CMD_PROXY_1, QUERY_MODEM_THERMAL pRI=0x7de4828b30 p=0x7de4832e00 execute on RIL_CMD_PROXY_1 using channel 3
09-20 14:47:42.972827   708   740 I AT      : AT> AT+ETHERMAL (RIL_CMD_READER_3, tid:540678325328)
09-20 14:47:42.981788   708   755 I AT      : AT< +ETHERMAL: 1, 32767,,, -1, 32767, 2 (RIL_CMD_READER_3, tid:540678325328)
09-20 14:47:42.982512   708   755 I AT      : AT< OK (RIL_CMD_READER_3, tid:540678325328)
09-20 14:47:43.114026   375  1270 E RPC     : RPC-client RX thread after select! - (0)
09-20 14:47:43.614696   375  1270 E RPC     : RPC-client RX thread after select! - (0)
09-20 14:47:44.115454   375  1270 E RPC     : RPC-client RX thread after select! - (0)
09-20 14:47:44.230457   708   738 I RILC-MTK: proxy id:1, proxyName: RIL_CMD_PROXY_3, RIL_REQUEST_AT_COMMAND_WITH_PROXY pRI=0x7de4828ec0 p=0x7de48330a0 execute on RIL_CMD_PROXY_3 using channel 1
09-20 14:47:44.230551   708   738 I AT      : AT> AT+ECSQ (RIL_CMD_READER_1, tid:540680397904)
09-20 14:47:44.240527   708   753 I AT      : AT< +ECSQ: 36,99,-298,1,1,1,1,0,32767 (RIL_CMD_READER_1, tid:540680397904)
09-20 14:47:44.241647   708   753 I AT      : AT< OK (RIL_CMD_READER_1, tid:540680397904)
09-20 14:47:44.616173   375  1270 E RPC     : RPC-client RX thread after select! - (0)
09-20 14:47:45.117032   375  1270 E RPC     : RPC-client RX thread after select! - (0)
09-20 14:47:45.617840   375  1270 E RPC     : RPC-client RX thread after select! - (0)
09-20 14:47:46.118566   375  1270 E RPC     : RPC-client RX thread after select! - (0)
09-20 14:47:46.619272   375  1270 E RPC     : RPC-client RX thread after select! - (0)
09-20 14:47:47.119979   375  1270 E RPC     : RPC-client RX thread after select! - (0)
09-20 14:47:47.620657   375  1270 E RPC     : RPC-client RX thread after select! - (0)
09-20 14:47:48.121283   375  1270 E RPC     : RPC-client RX thread after select! - (0)
09-20 14:47:48.622246   375  1270 E RPC     : RPC-client RX thread after select! - (0)
09-20 14:47:49.122944   375  1270 E RPC     : RPC-client RX thread after select! - (0)
09-20 14:47:49.623664   375  1270 E RPC     : RPC-client RX thread after select! - (0)
09-20 14:47:50.124369   375  1270 E RPC     : RPC-client RX thread after select! - (0)
09-20 14:47:50.625103   375  1270 E RPC     : RPC-client RX thread after select! - (0)
09-20 14:47:51.125385   375  1270 E RPC     : RPC-client RX thread after select! - (0)
09-20 14:47:51.149255   708   752 I AT      : AT< +ECSQ: 34,99,-308,1,1,1,1,0,32767 (RIL_URC_READER, tid:0)
09-20 14:47:51.149462   708   752 I RILC    : RIL_SOCKET_1 UNSOLICITED: UNSOL_SIGNAL_STRENGTH length:72
09-20 14:47:51.626080   375  1270 E RPC     : RPC-client RX thread after select! - (0)
09-20 14:47:52.126771   375  1270 E RPC     : RPC-client RX thread after select! - (0)
09-20 14:47:52.627565   375  1270 E RPC     : RPC-client RX thread after select! - (0)
09-20 14:47:52.990231   708   749 I RILC    : NUMBER:1
09-20 14:47:52.990375   708   749 I RILC    : arg len:14
09-20 14:47:52.990401   708   749 I RILC    : ARGS[0]:THERMAL,0,-1
09-20 14:47:52.990609   708   749 I RILC-MTK: set request 2502 to protocal 1, proxyId=3
09-20 14:47:52.990915   708   740 I RILC-MTK: proxy id:3, proxyName: RIL_CMD_PROXY_1, QUERY_MODEM_THERMAL pRI=0x7de4828f50 p=0x7de4833110 execute on RIL_CMD_PROXY_1 using channel 3
09-20 14:47:52.991092   708   740 I AT      : AT> AT+ETHERMAL (RIL_CMD_READER_3, tid:540678325328)
09-20 14:47:52.999731   708   755 I AT      : AT< +ETHERMAL: 1, 32767,,, -1, 32767, 2 (RIL_CMD_READER_3, tid:540678325328)
09-20 14:47:53.000185   708   755 I AT      : AT< OK (RIL_CMD_READER_3, tid:540678325328)
09-20 14:47:53.128296   375  1270 E RPC     : RPC-client RX thread after select! - (0)
09-20 14:47:53.629064   375  1270 E RPC     : RPC-client RX thread after select! - (0)
09-20 14:47:54.129776   375  1270 E RPC     : RPC-client RX thread after select! - (0)
09-20 14:47:54.228029   708   738 I RILC-MTK: proxy id:1, proxyName: RIL_CMD_PROXY_3, RIL_REQUEST_AT_COMMAND_WITH_PROXY pRI=0x7de4828ef0 p=0x7de4833180 execute on RIL_CMD_PROXY_3 using channel 1
09-20 14:47:54.228136   708   738 I AT      : AT> AT+ECSQ (RIL_CMD_READER_1, tid:540680397904)
09-20 14:47:54.236383   708   753 I AT      : AT< +ECSQ: 34,99,-308,1,1,1,1,0,32767 (RIL_CMD_READER_1, tid:540680397904)
09-20 14:47:54.236919   708   753 I AT      : AT< OK (RIL_CMD_READER_1, tid:540680397904)
09-20 14:47:54.630454   375  1270 E RPC     : RPC-client RX thread after select! - (0)
09-20 14:47:55.130822   375  1270 E RPC     : RPC-client RX thread after select! - (0)
09-20 14:47:55.631552   375  1270 E RPC     : RPC-client RX thread after select! - (0)
09-20 14:47:56.132027   375  1270 E RPC     : RPC-client RX thread after select! - (0)
09-20 14:47:56.632688   375  1270 E RPC     : RPC-client RX thread after select! - (0)
09-20 14:47:57.133406   375  1270 E RPC     : RPC-client RX thread after select! - (0)
09-20 14:47:57.634223   375  1270 E RPC     : RPC-client RX thread after select! - (0)
09-20 14:47:58.135269   375  1270 E RPC     : RPC-client RX thread after select! - (0)
09-20 14:47:58.636428   375  1270 E RPC     : RPC-client RX thread after select! - (0)
09-20 14:47:59.137208   375  1270 E RPC     : RPC-client RX thread after select! - (0)
09-20 14:47:59.638194   375  1270 E RPC     : RPC-client RX thread after select! - (0)
09-20 14:48:00.139150   375  1270 E RPC     : RPC-client RX thread after select! - (0)
09-20 14:48:00.639861   375  1270 E RPC     : RPC-client RX thread after select! - (0)
09-20 14:48:00.907964  1500  1701 D SubscriptionController: [getPhoneId]- no sims, returning default phoneId=2147483647, subId10
09-20 14:48:00.908925  1500  2126 D SubscriptionController: [getPhoneId]- no sims, returning default phoneId=2147483647, subId10
09-20 14:48:01.140545   375  1270 E RPC     : RPC-client RX thread after select! - (0)
09-20 14:48:01.532157  1500  1512 D SubscriptionController: [getPhoneId]- no sims, returning default phoneId=2147483647, subId10
09-20 14:48:01.535372  1500  1511 D SubscriptionController: [getPhoneId]- no sims, returning default phoneId=2147483647, subId10
09-20 14:48:01.537962  1500  2123 D SubscriptionController: [getPhoneId]- no sims, returning default phoneId=2147483647, subId10
09-20 14:48:01.540406  1500  1715 D SubscriptionController: [getPhoneId]- no sims, returning default phoneId=2147483647, subId10
09-20 14:48:01.542506  1500  2127 D SubscriptionController: [getPhoneId]- no sims, returning default phoneId=2147483647, subId10
09-20 14:48:01.542924  1431  1431 I use-Rlog/RLOG-GSM: op01_mapLteSignalLevel=0
09-20 14:48:01.542956  1431  1431 W SignalStrength: getTdScdmaLevel = 0
09-20 14:48:01.542973  1431  1431 W SignalStrength: getLevel=0
09-20 14:48:01.546161  1500  1701 D SubscriptionController: [getPhoneId]- no sims, returning default phoneId=2147483647, subId10
09-20 14:48:01.549271  1500  2126 D SubscriptionController: [getPhoneId]- no sims, returning default phoneId=2147483647, subId10
09-20 14:48:01.552928  1500  1512 D SubscriptionController: [getPhoneId]- no sims, returning default phoneId=2147483647, subId10
09-20 14:48:01.556414  1500  1511 D SubscriptionController: [getPhoneId]- no sims, returning default phoneId=2147483647, subId10
09-20 14:48:01.641274   375  1270 E RPC     : RPC-client RX thread after select! - (0)
09-20 14:48:02.142027   375  1270 E RPC     : RPC-client RX thread after select! - (0)
09-20 14:48:02.246043  1500  1500 D RILJ    : onDisplayChanged: displayId = 0 [SUB0]
09-20 14:48:02.248002  1500  1500 D RILJ    : defaultDisplayState: 1, isDevicePlugged: false [SUB0]
09-20 14:48:02.248226  1500  1500 D RILJ    : [4090]> SCREEN_STATE: false [SUB0]
09-20 14:48:02.250242  1500  1500 D RILJ    : onDisplayChanged: displayId = 0 [SUB1]
09-20 14:48:02.251049  1500  1500 D RILJ    : defaultDisplayState: 1, isDevicePlugged: false [SUB1]
09-20 14:48:02.251116   974  1121 D RIL-RP  : [RilProxy] onRequest: request = 61, datalen = 4, radioState:10, slotId = 0
09-20 14:48:02.251155  1500  1500 D RILJ    : [4091]> SCREEN_STATE: false [SUB1]
09-20 14:48:02.251521   974  1126 D RpCdmaOemController: [RpCdmaOemController] xonHandleRequest req 61
09-20 14:48:02.251552   974  1126 D RpCdmaOemController: [handleScreenStateReq]slot: 0
09-20 14:48:02.253198   974  1121 D RIL-RP  : [RilProxy] onRequest: request = 61, datalen = 4, radioState:0, slotId = 1
09-20 14:48:02.253754   974  1126 D RpCdmaOemController: [RpCdmaOemController] xonHandleRequest req 61
09-20 14:48:02.253799   974  1126 D RpCdmaOemController: [handleScreenStateReq]slot: 1
09-20 14:48:02.253989   708   738 I RILC-MTK: proxy id:1, proxyName: RIL_CMD_PROXY_3, SCREEN_STATE pRI=0x7de4828f80 p=0x7de4833570 execute on RIL_CMD_PROXY_3 using channel 1
09-20 14:48:02.254103   708   738 D RIL     : onRequest: SCREEN_STATE, datalen = 4, radioState:10
09-20 14:48:02.254181   708   738 I AT      : AT> AT+CREG=1 (RIL_CMD_READER_1, tid:540680397904)
09-20 14:48:02.254476  1211  1235 I LIBC2K_RIL: SCREEN_STATE execute on NW_CHANNEL using channel 3
09-20 14:48:02.254583   708   744 I RILC-MTK: proxy id:7, proxyName: RIL_CMD2_PROXY_3, SCREEN_STATE pRI=0x7de4828fb0 p=0x7de4833ff0 execute on RIL_CMD2_PROXY_3 using channel 7
09-20 14:48:02.254616  1211  1235 D C2K_RIL : C2K onRequest: SCREEN_STATE, sState= 0, smsReadyReported= 1, uimInsertedReported= 1
09-20 14:48:02.254638   708   744 D RIL     : onRequest: SCREEN_STATE, datalen = 4, radioState:0
09-20 14:48:02.254654  1211  1235 D C2K_RIL-DATA: rilDataMain request = 61, datalen = 4.
09-20 14:48:02.254696   708   744 I AT      : AT> AT+CREG=1 (RIL_CMD2_READER_1, tid:540674180176)
09-20 14:48:02.254697  1211  1235 D C2K_RIL-OEM: requestScreenState: persist.radio.via.paging.off = 0
09-20 14:48:02.254716  1211  1235 D C2K_RIL-OEM: requestScreenState
09-20 14:48:02.254730  1211  1235 D C2K_RIL-OEM: requestScreenState off
09-20 14:48:02.254771  1211  1235 I C2K_AT  : <fd 44> AT > AT+ARSI=0,2 (NW_CHANNEL, tid:4117768480)
09-20 14:48:02.262827   708   759 I AT      : AT< OK (RIL_CMD2_READER_1, tid:540674180176)
09-20 14:48:02.263345   708   744 I AT      : AT> AT+ECGREG=1 (RIL_CMD2_READER_1, tid:540674180176)
09-20 14:48:02.263384   708   753 I AT      : AT< OK (RIL_CMD_READER_1, tid:540680397904)
09-20 14:48:02.263447   708   738 I AT      : AT> AT+ECGREG=1 (RIL_CMD_READER_1, tid:540680397904)
09-20 14:48:02.265711   708   759 I AT      : AT< OK (RIL_CMD2_READER_1, tid:540674180176)
09-20 14:48:02.265866   708   744 I AT      : AT> AT+ECSQ=0 (RIL_CMD2_READER_1, tid:540674180176)
09-20 14:48:02.266311   708   753 I AT      : AT< OK (RIL_CMD_READER_1, tid:540680397904)
09-20 14:48:02.266402   708   738 I AT      : AT> AT+ECSQ=0 (RIL_CMD_READER_1, tid:540680397904)
09-20 14:48:02.267577   708   759 I AT      : AT< OK (RIL_CMD2_READER_1, tid:540674180176)
09-20 14:48:02.267683   708   744 I AT      : AT> AT+PSBEARER=0 (RIL_CMD2_READER_1, tid:540674180176)
09-20 14:48:02.268638   708   753 I AT      : AT< OK (RIL_CMD_READER_1, tid:540680397904)
09-20 14:48:02.268737   708   738 I AT      : AT> AT+PSBEARER=0 (RIL_CMD_READER_1, tid:540680397904)
09-20 14:48:02.269595   708   759 I AT      : AT< OK (RIL_CMD2_READER_1, tid:540674180176)
09-20 14:48:02.269693   708   744 I AT      : AT> AT+ECEREG=1 (RIL_CMD2_READER_1, tid:540674180176)
09-20 14:48:02.270659   708   753 I AT      : AT< OK (RIL_CMD_READER_1, tid:540680397904)
09-20 14:48:02.270750   708   738 I AT      : AT> AT+ECEREG=1 (RIL_CMD_READER_1, tid:540680397904)
09-20 14:48:02.271669   708   759 I AT      : AT< OK (RIL_CMD2_READER_1, tid:540674180176)
09-20 14:48:02.271882   708   744 I AT      : AT> AT+EREGINFO=0 (RIL_CMD2_READER_1, tid:540674180176)
09-20 14:48:02.272774   708   753 I AT      : AT< OK (RIL_CMD_READER_1, tid:540680397904)
09-20 14:48:02.272945   708   738 I AT      : AT> AT+EREGINFO=0 (RIL_CMD_READER_1, tid:540680397904)
09-20 14:48:02.275392   708   759 I AT      : AT< OK (RIL_CMD2_READER_1, tid:540674180176)
09-20 14:48:02.275524   708   744 D RIL-OEM : net.handover.thlte is empty
09-20 14:48:02.275974   974  1126 D RpCdmaOemController: [RpCdmaOemController] onHandleResponse req 61
09-20 14:48:02.276009   974  1126 D RpCdmaOemController: [handleScreenStateRsp]slot: 1
09-20 14:48:02.276599  1500  1648 D RILJ    : [4091]< SCREEN_STATE  [SUB1]
09-20 14:48:02.277621   708   753 I AT      : AT< OK (RIL_CMD_READER_1, tid:540680397904)
09-20 14:48:02.277753   708   738 D RIL-OEM : net.handover.thlte is empty
09-20 14:48:02.277947  1211  1248 I C2K_AT  : <fd 44> AT < OK (NW_CHANNEL, tid:4117768480)
09-20 14:48:02.278140  1211  1235 I C2K_AT  : <fd 44> AT > AT+VSER=0 (NW_CHANNEL, tid:4117768480)
09-20 14:48:02.278709   974  1126 D RpCdmaOemController: [RpCdmaOemController] onHandleResponse req 61
09-20 14:48:02.278750   974  1126 D RpCdmaOemController: [handleScreenStateRsp]slot: 0
09-20 14:48:02.279744  1211  1248 I C2K_AT  : <fd 44> AT < OK (NW_CHANNEL, tid:4117768480)
09-20 14:48:02.279886  1211  1235 I C2K_AT  : <fd 44> AT > AT+CREG=0 (NW_CHANNEL, tid:4117768480)
09-20 14:48:02.281541  1211  1248 I C2K_AT  : <fd 44> AT < OK (NW_CHANNEL, tid:4117768480)
09-20 14:48:02.281660  1211  1235 I C2K_AT  : <fd 44> AT > AT+VMCCMNC=0 (NW_CHANNEL, tid:4117768480)
09-20 14:48:02.282937  1211  1248 I C2K_AT  : <fd 44> AT < OK (NW_CHANNEL, tid:4117768480)
09-20 14:48:02.283041  1211  1235 I C2K_AT  : <fd 44> AT > AT+CIEV=0,106 (NW_CHANNEL, tid:4117768480)
09-20 14:48:02.284355  1211  1248 I C2K_AT  : <fd 44> AT < OK (NW_CHANNEL, tid:4117768480)
09-20 14:48:02.284434  1211  1235 I C2K_AT  : <fd 44> AT > AT+MODE=0 (NW_CHANNEL, tid:4117768480)
09-20 14:48:02.285608  1211  1248 I C2K_AT  : <fd 44> AT < OK (NW_CHANNEL, tid:4117768480)
09-20 14:48:02.285721  1211  1235 I C2K_AT  : <fd 44> AT > AT+DORMONOFF=0 (NW_CHANNEL, tid:4117768480)
09-20 14:48:02.286837  1211  1248 I C2K_AT  : <fd 44> AT < OK (NW_CHANNEL, tid:4117768480)
09-20 14:48:02.286958  1211  1235 D C2K_RIL-OEM: net.handover.th1x is empty
09-20 14:48:02.287619   974  1126 D RpCdmaOemController: [RpCdmaOemController] onHandleResponse req 61
09-20 14:48:02.287659   974  1126 D RpCdmaOemController: [handleScreenStateRsp]slot: 0
09-20 14:48:02.287741   974  1126 D RpCdmaOemController: [handleScreenStateRsp]Response matched
09-20 14:48:02.288053  1500  1640 D RILJ    : [4090]< SCREEN_STATE  [SUB0]
09-20 14:48:02.416323  1500  2126 D use-Rlog/RLOG-GSM: [RadioCapSwitchUtil] getMainCapabilityPhoneId 0
09-20 14:48:02.418475  1500  2126 D SubscriptionController: [getPhoneId]- no sims, returning default phoneId=2147483647, subId10
09-20 14:48:02.418737  1500  2126 D use-Rlog/RLOG-GSM: [RadioCapSwitchUtil] getMainCapabilityPhoneId 0
09-20 14:48:02.422880  1500  1500 D SST     : [GsmSST0] userDataEnabled=false, defaultDataSubId=10
09-20 14:48:02.424666  1500  1500 D DCT     : [0]screen off
09-20 14:48:02.424726  1500  1500 D DCT     : [0]stopNetStatPoll
09-20 14:48:02.426454  1500  1500 D SubscriptionController: [getPhoneId] asked for default subId=10
09-20 14:48:02.426998  1500  1500 D SubscriptionController: [getPhoneId]- no sims, returning default phoneId=2147483647, subId10
09-20 14:48:02.431237  1500  1500 D SubscriptionController: [getPhoneId]- no sims, returning default phoneId=2147483647, subId10
09-20 14:48:02.433556  1500  1500 D SubscriptionController: [getPhoneId] asked for default subId=10
09-20 14:48:02.434137  1500  1500 D SubscriptionController: [getPhoneId]- no sims, returning default phoneId=2147483647, subId10
09-20 14:48:02.435259  1500  1500 D SubscriptionController: [getPhoneId]- no sims, returning default phoneId=2147483647, subId10
09-20 14:48:02.437429  1500  1500 D FdManager: [GDCT][phoneId0]onReceive: action=android.intent.action.SCREEN_OFF
09-20 14:48:02.437619  1500  1500 D FdManager: [GDCT][phoneId0]fdMdEnableMode=1, 3gSimID=0, when switching to SCREEN_OFF
09-20 14:48:02.437806  1500  1500 D RILJ    : [4092]> RIL_REQUEST_SET_FD_MODE [SUB0]
09-20 14:48:02.439947   974  1121 D RIL-RP  : [RilProxy] onRequest: request = 2048, datalen = 16, radioState:10, slotId = 0
09-20 14:48:02.440426   974  1126 D RP_DC[0]: Handle request SET_FD_MODE
09-20 14:48:02.440469   974  1126 D RP_DC[0]: request send to Gsm.
09-20 14:48:02.441192   708   738 I RILC-MTK: proxy id:1, proxyName: RIL_CMD_PROXY_3, RIL_REQUEST_SET_FD_MODE pRI=0x7de4828fe0 p=0x7de4834290 execute on RIL_CMD_PROXY_3 using channel 1
09-20 14:48:02.441284   708   738 D RIL     : onRequest: RIL_REQUEST_SET_FD_MODE, datalen = 16, radioState:10
09-20 14:48:02.441387   708   738 I AT      : AT> AT+EFD=3,0 (RIL_CMD_READER_1, tid:540680397904)
09-20 14:48:02.442735  1500  1500 D SST     : [GsmSST1] userDataEnabled=false, defaultDataSubId=10
09-20 14:48:02.447792  1500  1500 D DCT     : [1]screen off
09-20 14:48:02.447872  1500  1500 D DCT     : [1]stopNetStatPoll
09-20 14:48:02.449320  1500  1500 D SubscriptionController: [getPhoneId] asked for default subId=10
09-20 14:48:02.449566   708   753 I AT      : AT< OK (RIL_CMD_READER_1, tid:540680397904)
09-20 14:48:02.449836  1500  1500 D SubscriptionController: [getPhoneId]- no sims, returning default phoneId=2147483647, subId10
09-20 14:48:02.450350   974  1126 D RP_DC[0]: Handle response SET_FD_MODE.
09-20 14:48:02.450849  1500  1640 D RILJ    : [4092]< RIL_REQUEST_SET_FD_MODE  [SUB0]
09-20 14:48:02.452272  1500  1500 D SubscriptionController: [getPhoneId]- no sims, returning default phoneId=2147483647, subId10
09-20 14:48:02.455686  1500  1500 D SubscriptionController: [getPhoneId] asked for default subId=10
09-20 14:48:02.456248  1500  1500 D SubscriptionController: [getPhoneId]- no sims, returning default phoneId=2147483647, subId10
09-20 14:48:02.456774  1500  2126 D SubscriptionController: [getPhoneId]- no sims, returning default phoneId=2147483647, subId10
09-20 14:48:02.457498  1500  1500 D SubscriptionController: [getPhoneId]- no sims, returning default phoneId=2147483647, subId10
09-20 14:48:02.459664  1500  1500 D FdManager: [GDCT][phoneId1]onReceive: action=android.intent.action.SCREEN_OFF
09-20 14:48:02.459864  1500  1500 D FdManager: [GDCT][phoneId1]fdMdEnableMode=1, 3gSimID=0, when switching to SCREEN_OFF
09-20 14:48:02.492796  1500  2127 D SubscriptionController: [getPhoneId]- no sims, returning default phoneId=2147483647, subId10
09-20 14:48:02.558490  1500  1701 D SubscriptionController: [getPhoneId]- no sims, returning default phoneId=2147483647, subId10
09-20 14:48:02.560918  1500  2126 D SubscriptionController: [getPhoneId]- no sims, returning default phoneId=2147483647, subId10
09-20 14:48:02.570785  1500  1701 D SubscriptionController: [getPhoneId]- no sims, returning default phoneId=2147483647, subId10
09-20 14:48:02.574118  1500  2126 D SubscriptionController: [getPhoneId]- no sims, returning default phoneId=2147483647, subId10
09-20 14:48:02.580870  1500  1701 D SubscriptionController: [getPhoneId]- no sims, returning default phoneId=2147483647, subId10
09-20 14:48:02.584616  1500  2126 D SubscriptionController: [getPhoneId]- no sims, returning default phoneId=2147483647, subId10
09-20 14:48:02.591929  1500  1512 D SubscriptionController: [getPhoneId]- no sims, returning default phoneId=2147483647, subId10
09-20 14:48:02.595254  1500  1511 D SubscriptionController: [getPhoneId]- no sims, returning default phoneId=2147483647, subId10
09-20 14:48:02.634963  1500  1500 D CAT     : CatService: call getInstance 3
09-20 14:48:02.634989  1500  1500 D CAT     : CatService: call getInstance 1
09-20 14:48:02.635010  1500  1500 D CAT     : CatService: null parameters, return directly
09-20 14:48:02.642919   375  1270 E RPC     : RPC-client RX thread after select! - (0)
09-20 14:48:03.004404   708   749 I RILC    : NUMBER:1
09-20 14:48:03.004480   708   749 I RILC    : arg len:14
09-20 14:48:03.004510   708   749 I RILC    : ARGS[0]:THERMAL,0,-1
09-20 14:48:03.004684   708   749 I RILC-MTK: set request 2502 to protocal 1, proxyId=3
09-20 14:48:03.004891   708   740 I RILC-MTK: proxy id:3, proxyName: RIL_CMD_PROXY_1, QUERY_MODEM_THERMAL pRI=0x7de4828830 p=0x7de4834610 execute on RIL_CMD_PROXY_1 using channel 3
09-20 14:48:03.004959   708   740 D RIL     : onRequest: QUERY_MODEM_THERMAL, datalen = 8, radioState:10
09-20 14:48:03.005002   708   740 D RIL-OEM : requestQueryThermal Enter,-1
09-20 14:48:03.005055   708   740 I AT      : AT> AT+ETHERMAL (RIL_CMD_READER_3, tid:540678325328)
09-20 14:48:03.013857   708   755 I AT      : AT< +ETHERMAL: 1, 32767,,, -1, 32767, 2 (RIL_CMD_READER_3, tid:540678325328)
09-20 14:48:03.014561   708   755 I AT      : AT< OK (RIL_CMD_READER_3, tid:540678325328)
09-20 14:48:03.014729   708   740 D RIL-OEM : requestQueryThermal success
09-20 14:48:03.143711   375  1270 E RPC     : RPC-client RX thread after select! - (0)
09-20 14:48:03.644505   375  1270 E RPC     : RPC-client RX thread after select! - (0)
09-20 14:48:04.145355   375  1270 E RPC     : RPC-client RX thread after select! - (0)
09-20 14:48:04.160162   670   686 E RILMUXD : 2920:thread_serial_device_read(): Interrupt signal EINTR caught
09-20 14:48:04.227827   974  1169 D RilMalClient: MAL_TO_RIL: request command map length: 16, req: 2106
09-20 14:48:04.227862   974  1169 D RilMalClient: MAL_TO_RIL: remap to ril request(2106)
09-20 14:48:04.227901   974  1169 D RilMalClient: enqueue request id 2106 with token 17920 for client 1001
09-20 14:48:04.227923   974  1169 D RilMalClient: Default destination is gsm, enqueue to slot 0
09-20 14:48:04.227966   974  1169 D RFX     : rfx_enqueue_request_message: request = 2106, slotId = 0, dest = 0,            token = 17920, clienId = 1001
09-20 14:48:04.228019   974  1169 D RfxDispatchThread: enqueueRequestMessage(): pRequest = 2106, pToken = 17920, token = 803, clientId = 1001
09-20 14:48:04.228426   974  1126 D RpMalController: GSM socketIsConnected true
09-20 14:48:04.228462   974  1126 D RpMalController: RpMalController: handle request id 2106
09-20 14:48:04.229042   708   738 I RILC-MTK: proxy id:1, proxyName: RIL_CMD_PROXY_3, RIL_REQUEST_AT_COMMAND_WITH_PROXY pRI=0x7de4828a40 p=0x7de4834680 execute on RIL_CMD_PROXY_3 using channel 1
09-20 14:48:04.229193   708   738 D RIL     : onRequest: RIL_REQUEST_AT_COMMAND_WITH_PROXY, datalen = 7, radioState:10
09-20 14:48:04.229245   708   738 I AT      : AT> AT+ECSQ (RIL_CMD_READER_1, tid:540680397904)
09-20 14:48:04.237840   708   753 I AT      : AT< +ECSQ: 34,99,-308,1,1,1,1,0,32767 (RIL_CMD_READER_1, tid:540680397904)
09-20 14:48:04.239499   708   753 I AT      : AT< OK (RIL_CMD_READER_1, tid:540680397904)
09-20 14:48:04.240250   974  1126 D RpMalController: Not Request, don't do check
09-20 14:48:04.240295   974  1126 D RpMalController: RpMalController: handle response id 2106
09-20 14:48:04.240367   974  1126 D RpRilClientController: Enter onClientRequestComplete
09-20 14:48:04.240395   974  1126 D RpRilClientController: Find client with client id: 1001
09-20 14:48:04.240416   974  1126 D RpRilClientController: Find client with client id: 1001
09-20 14:48:04.240436   974  1126 D RpRilClientController: onClientRequestComplete: fd is 34
09-20 14:48:04.240469   974  1126 D RilMalClient: Add Header for MAL Solicited Response
09-20 14:48:04.240540   974  1126 D RpRilClientController: leave blocking write
09-20 14:48:04.240567   974  1126 D RpRilClientController: leave blocking write
09-20 14:48:04.648681   375  1270 E RPC     : RPC-client RX thread after select! - (0)
09-20 14:48:05.149546   375  1270 E RPC     : RPC-client RX thread after select! - (0)
09-20 14:48:11.008139   670   686 E RILMUXD : 2920:thread_serial_device_read(): Interrupt signal EINTR caught
09-20 14:48:11.311809   375  1270 E RPC     : RPC-client RX thread after select! - (0)
09-20 14:48:11.812679   375  1270 E RPC     : RPC-client RX thread after select! - (0)
09-20 14:48:12.103886   670   686 E RILMUXD : 2920:thread_serial_device_read(): Interrupt signal EINTR caught
09-20 14:48:13.006194   670   686 E RILMUXD : 2920:thread_serial_device_read(): Interrupt signal EINTR caught
09-20 14:48:13.013011   375  1270 E RPC     : RPC-client RX thread after select! - (0)
09-20 14:48:14.577278   670   686 E RILMUXD : 2920:thread_serial_device_read(): Interrupt signal EINTR caught
09-20 14:48:14.579710   974  1169 D RilMalClient: MAL_TO_RIL: request command map length: 16, req: 2106
09-20 14:48:14.579818   974  1169 D RilMalClient: MAL_TO_RIL: remap to ril request(2106)
09-20 14:48:14.579857   974  1169 D RilMalClient: enqueue request id 2106 with token 18176 for client 1001
09-20 14:48:14.579881   974  1169 D RilMalClient: Default destination is gsm, enqueue to slot 0
09-20 14:48:14.579934   974  1169 D RFX     : rfx_enqueue_request_message: request = 2106, slotId = 0, dest = 0,            token = 18176, clienId = 1001
09-20 14:48:14.579985   974  1169 D RfxDispatchThread: enqueueRequestMessage(): pRequest = 2106, pToken = 18176, token = 804, clientId = 1001
09-20 14:48:14.580482   974  1126 D RpMalController: GSM socketIsConnected true
09-20 14:48:14.580529   974  1126 D RpMalController: RpMalController: handle request id 2106
09-20 14:48:14.581073   708   738 I RILC-MTK: proxy id:1, proxyName: RIL_CMD_PROXY_3, RIL_REQUEST_AT_COMMAND_WITH_PROXY pRI=0x7de4828a70 p=0x7de4833e30 execute on RIL_CMD_PROXY_3 using channel 1
09-20 14:48:14.581145   708   738 D RIL     : onRequest: RIL_REQUEST_AT_COMMAND_WITH_PROXY, datalen = 7, radioState:10
09-20 14:48:14.581199   708   738 I AT      : AT> AT+ECSQ (RIL_CMD_READER_1, tid:540680397904)
09-20 14:48:14.589803   708   753 I AT      : AT< +ECSQ: 35,99,-302,1,1,1,1,0,32767 (RIL_CMD_READER_1, tid:540680397904)
09-20 14:48:14.590289   708   753 I AT      : AT< OK (RIL_CMD_READER_1, tid:540680397904)
09-20 14:48:14.591201   974  1126 D RpMalController: Not Request, don't do check
09-20 14:48:14.591249   974  1126 D RpMalController: RpMalController: handle response id 2106
09-20 14:48:14.591284   974  1126 D RpRilClientController: Enter onClientRequestComplete
09-20 14:48:14.591303   974  1126 D RpRilClientController: Find client with client id: 1001
09-20 14:48:14.591320   974  1126 D RpRilClientController: Find client with client id: 1001
09-20 14:48:14.591337   974  1126 D RpRilClientController: onClientRequestComplete: fd is 34
09-20 14:48:14.591370   974  1126 D RilMalClient: Add Header for MAL Solicited Response
09-20 14:48:14.591446   974  1126 D RpRilClientController: leave blocking write
09-20 14:48:14.591475   974  1126 D RpRilClientController: leave blocking write
09-20 14:48:14.856658   375  1270 E RPC     : RPC-client RX thread after select! - (0)
09-20 14:48:15.357452   375  1270 E RPC     : RPC-client RX thread after select! - (0)
09-20 14:48:17.008546   670   686 E RILMUXD : 2920:thread_serial_device_read(): Interrupt signal EINTR caught
09-20 14:48:17.170388   375  1270 E RPC     : RPC-client RX thread after select! - (0)
09-20 14:48:17.225184   670   686 E RILMUXD : 2920:thread_serial_device_read(): Interrupt signal EINTR caught
09-20 14:48:20.005740   670   686 E RILMUXD : 2920:thread_serial_device_read(): Interrupt signal EINTR caught
09-20 14:48:20.008538   708   752 I AT      : AT< +EIMSINFO: 0,"0000408E",1,"46001",1,"253D","0000",0,2 (RIL_URC_READER, tid:0)
09-20 14:48:20.008773   708   752 E RIL     : Unhandled unsolicited result code: +EIMSINFO: 0,"0000408E",1,"46001",1,"253D","0000",0,2
09-20 14:48:20.008838   708   882 I RIL     : [GSM MAL] URC send success, rid 0, ret 0: 
09-20 14:48:20.008838   708   882 I RIL     : +EIMSINFO: 0,"0000408E",1,"46001",1,"253D","0000",0,2
09-20 14:48:20.247945   375  1270 E RPC     : RPC-client RX thread after select! - (0)
09-20 14:48:20.748756   375  1270 E RPC     : RPC-client RX thread after select! - (0)
09-20 14:48:21.086353   670   686 E RILMUXD : 2920:thread_serial_device_read(): Interrupt signal EINTR caught
09-20 14:48:21.251645   375  1270 E RPC     : RPC-client RX thread after select! - (0)
09-20 14:48:29.006490   670   686 E RILMUXD : 2920:thread_serial_device_read(): Interrupt signal EINTR caught
09-20 14:48:29.008638   974  1169 D RilMalClient: MAL_TO_RIL: request command map length: 16, req: 2106
09-20 14:48:29.008679   974  1169 D RilMalClient: MAL_TO_RIL: remap to ril request(2106)
09-20 14:48:29.008722   974  1169 D RilMalClient: enqueue request id 2106 with token 18432 for client 1001
09-20 14:48:29.008754   974  1169 D RilMalClient: Default destination is gsm, enqueue to slot 0
09-20 14:48:29.008809   974  1169 D RFX     : rfx_enqueue_request_message: request = 2106, slotId = 0, dest = 0,            token = 18432, clienId = 1001
09-20 14:48:29.008869   974  1169 D RfxDispatchThread: enqueueRequestMessage(): pRequest = 2106, pToken = 18432, token = 805, clientId = 1001
09-20 14:48:29.009328   974  1126 D RpMalController: GSM socketIsConnected true
09-20 14:48:29.009362   974  1126 D RpMalController: RpMalController: handle request id 2106
09-20 14:48:29.009951   708   738 I RILC-MTK: proxy id:1, proxyName: RIL_CMD_PROXY_3, RIL_REQUEST_AT_COMMAND_WITH_PROXY pRI=0x7de4828ec0 p=0x7de4834300 execute on RIL_CMD_PROXY_3 using channel 1
09-20 14:48:29.010057   708   738 D RIL     : onRequest: RIL_REQUEST_AT_COMMAND_WITH_PROXY, datalen = 7, radioState:10
09-20 14:48:29.010113   708   738 I AT      : AT> AT+ECSQ (RIL_CMD_READER_1, tid:540680397904)
09-20 14:48:29.019243   708   753 I AT      : AT< +ECSQ: 29,99,-326,1,1,1,1,0,32767 (RIL_CMD_READER_1, tid:540680397904)
09-20 14:48:29.019326   708   753 I AT      : AT< OK (RIL_CMD_READER_1, tid:540680397904)
09-20 14:48:29.020130   974  1126 D RpMalController: Not Request, don't do check
09-20 14:48:29.020175   974  1126 D RpMalController: RpMalController: handle response id 2106
09-20 14:48:29.020215   974  1126 D RpRilClientController: Enter onClientRequestComplete
09-20 14:48:29.020237   974  1126 D RpRilClientController: Find client with client id: 1001
09-20 14:48:29.020257   974  1126 D RpRilClientController: Find client with client id: 1001
09-20 14:48:29.020277   974  1126 D RpRilClientController: onClientRequestComplete: fd is 34
09-20 14:48:29.020311   974  1126 D RilMalClient: Add Header for MAL Solicited Response
09-20 14:48:29.020387   974  1126 D RpRilClientController: leave blocking write
09-20 14:48:29.020416   974  1126 D RpRilClientController: leave blocking write
09-20 14:48:29.463766   375  1270 E RPC     : RPC-client RX thread after select! - (0)
09-20 14:48:29.964618   375  1270 E RPC     : RPC-client RX thread after select! - (0)
09-20 14:48:30.125194   670   686 E RILMUXD : 2920:thread_serial_device_read(): Interrupt signal EINTR caught
09-20 14:48:30.335061   670   686 E RILMUXD : 2920:thread_serial_device_read(): Interrupt signal EINTR caught
09-20 14:48:30.469244   375  1270 E RPC     : RPC-client RX thread after select! - (0)
09-20 14:48:32.006013   670   686 E RILMUXD : 2920:thread_serial_device_read(): Interrupt signal EINTR caught
09-20 14:48:32.033511  1500  1500 D TelephonyNetworkFactory[1]: new score 60 for exisiting request NetworkRequest [ id=1, legacyType=-1, [ Capabilities: INTERNET&NOT_RESTRICTED&TRUSTED&NOT_VPN] ]
09-20 14:48:32.033726  1500  1500 D TelephonyNetworkFactory[1]:   my score=50, my filter=[ Transports: CELLULAR Capabilities: MMS&SUPL&DUN&FOTA&IMS&CBS&IA&RCS&XCAP&EIMS&INTERNET&NOT_RESTRICTED&TRUSTED&NOT_VPN&BIP Specifier: <-3>]
09-20 14:48:32.033854  1500  1500 D TelephonyNetworkFactory[1]: evalRequest request = NetworkRequest [ id=1, legacyType=-1, [ Capabilities: INTERNET&NOT_RESTRICTED&TRUSTED&NOT_VPN] ] with requested = true
09-20 14:48:32.033890  1500  1500 D TelephonyNetworkFactory[1]:   releaseNetworkFor
09-20 14:48:32.034066  1500  1500 D TelephonyNetworkFactory[0]: new score 60 for exisiting request NetworkRequest [ id=1, legacyType=-1, [ Capabilities: INTERNET&NOT_RESTRICTED&TRUSTED&NOT_VPN] ]
09-20 14:48:32.034237  1500  1500 D TelephonyNetworkFactory[0]:   my score=50, my filter=[ Transports: CELLULAR Capabilities: MMS&SUPL&DUN&FOTA&IMS&CBS&IA&RCS&XCAP&EIMS&INTERNET&NOT_RESTRICTED&TRUSTED&NOT_VPN&BIP Specifier: <-2>]
09-20 14:48:32.034314  1500  1500 D TelephonyNetworkFactory[0]: evalRequest request = NetworkRequest [ id=1, legacyType=-1, [ Capabilities: INTERNET&NOT_RESTRICTED&TRUSTED&NOT_VPN] ] with requested = true
09-20 14:48:32.034332  1500  1500 D TelephonyNetworkFactory[0]:   releaseNetworkFor
09-20 14:48:32.035115  1500  1500 D TelephonyNetworkFactory[1]: not releasing - isApp=false, isAct=false NetworkRequest [ id=1, legacyType=-1, [ Capabilities: INTERNET&NOT_RESTRICTED&TRUSTED&NOT_VPN] ]
09-20 14:48:32.035769  1500  1500 D TelephonyNetworkFactory[0]: not releasing - isApp=false, isAct=false NetworkRequest [ id=1, legacyType=-1, [ Capabilities: INTERNET&NOT_RESTRICTED&TRUSTED&NOT_VPN] ]
09-20 14:48:32.053320  1500  2123 D SubscriptionController: [getPhoneId]- no sims, returning default phoneId=2147483647, subId10
09-20 14:48:32.063940  1500  1715 D SubscriptionController: [getPhoneId]- no sims, returning default phoneId=2147483647, subId10
09-20 14:48:32.067605  1500  2127 D SubscriptionController: [getPhoneId]- no sims, returning default phoneId=2147483647, subId10
09-20 14:48:32.070979  1500  1701 D SubscriptionController: [getPhoneId]- no sims, returning default phoneId=2147483647, subId10
09-20 14:48:32.074561  1500  2126 D SubscriptionController: [getPhoneId]- no sims, returning default phoneId=2147483647, subId10
09-20 14:48:32.077913  1500  1512 D SubscriptionController: [getPhoneId]- no sims, returning default phoneId=2147483647, subId10
09-20 14:48:32.080632  1500  1511 D SubscriptionController: [getPhoneId]- no sims, returning default phoneId=2147483647, subId10
09-20 14:48:32.081293  1431  1431 I use-Rlog/RLOG-GSM: op01_mapLteSignalLevel=0
09-20 14:48:32.081342  1431  1431 W SignalStrength: getTdScdmaLevel = 0
09-20 14:48:32.081363  1431  1431 W SignalStrength: getLevel=0
09-20 14:48:32.085700  1500  2123 D SubscriptionController: [getPhoneId]- no sims, returning default phoneId=2147483647, subId10
09-20 14:48:32.089879  1500  1715 D SubscriptionController: [getPhoneId]- no sims, returning default phoneId=2147483647, subId10
09-20 14:48:32.095439  1500  2127 D SubscriptionController: [getPhoneId]- no sims, returning default phoneId=2147483647, subId10
09-20 14:48:32.099569  1500  1701 D SubscriptionController: [getPhoneId]- no sims, returning default phoneId=2147483647, subId10
09-20 14:48:32.433761   375  1270 E RPC     : RPC-client RX thread after select! - (0)
09-20 14:48:32.934567   375  1270 E RPC     : RPC-client RX thread after select! - (0)
09-20 14:48:33.085586  1500  2126 D SubscriptionController: [getPhoneId]- no sims, returning default phoneId=2147483647, subId10
09-20 14:48:33.088664  1500  1512 D SubscriptionController: [getPhoneId]- no sims, returning default phoneId=2147483647, subId10
09-20 14:48:33.096384  1500  2126 D SubscriptionController: [getPhoneId]- no sims, returning default phoneId=2147483647, subId10
09-20 14:48:33.099031  1500  1512 D SubscriptionController: [getPhoneId]- no sims, returning default phoneId=2147483647, subId10
09-20 14:48:33.105482  1500  2126 D SubscriptionController: [getPhoneId]- no sims, returning default phoneId=2147483647, subId10
09-20 14:48:33.109208  1500  1512 D SubscriptionController: [getPhoneId]- no sims, returning default phoneId=2147483647, subId10
09-20 14:48:33.112577  1500  1511 D SubscriptionController: [getPhoneId]- no sims, returning default phoneId=2147483647, subId10
09-20 14:48:33.115928  1500  2123 D SubscriptionController: [getPhoneId]- no sims, returning default phoneId=2147483647, subId10
09-20 14:48:33.380948   708   749 I RILC    : NUMBER:1
09-20 14:48:33.380999   708   749 I RILC    : arg len:14
09-20 14:48:33.381023   708   749 I RILC    : ARGS[0]:THERMAL,0,-1
09-20 14:48:33.381180   708   749 I RILC-MTK: set request 2502 to protocal 1, proxyId=3
09-20 14:48:33.381361   708   740 I RILC-MTK: proxy id:3, proxyName: RIL_CMD_PROXY_1, QUERY_MODEM_THERMAL pRI=0x7de4828ad0 p=0x7de4834370 execute on RIL_CMD_PROXY_1 using channel 3
09-20 14:48:33.381432   708   740 D RIL     : onRequest: QUERY_MODEM_THERMAL, datalen = 8, radioState:10
09-20 14:48:33.381477   708   740 D RIL-OEM : requestQueryThermal Enter,-1
09-20 14:48:33.381532   708   740 I AT      : AT> AT+ETHERMAL (RIL_CMD_READER_3, tid:540678325328)
09-20 14:48:33.390362   708   755 I AT      : AT< +ETHERMAL: 1, 32767,,, -1, 32767, 2 (RIL_CMD_READER_3, tid:540678325328)
09-20 14:48:33.391493   708   755 I AT      : AT< OK (RIL_CMD_READER_3, tid:540678325328)
09-20 14:48:33.391633   708   740 D RIL-OEM : requestQueryThermal success
09-20 14:48:33.435378   375  1270 E RPC     : RPC-client RX thread after select! - (0)
09-20 14:48:33.936172   375  1270 E RPC     : RPC-client RX thread after select! - (0)
09-20 14:48:34.227571   974  1169 D RilMalClient: MAL_TO_RIL: request command map length: 16, req: 2106
09-20 14:48:34.227613   974  1169 D RilMalClient: MAL_TO_RIL: remap to ril request(2106)
09-20 14:48:34.227651   974  1169 D RilMalClient: enqueue request id 2106 with token 18688 for client 1001
09-20 14:48:34.227673   974  1169 D RilMalClient: Default destination is gsm, enqueue to slot 0
09-20 14:48:34.227716   974  1169 D RFX     : rfx_enqueue_request_message: request = 2106, slotId = 0, dest = 0,            token = 18688, clienId = 1001
09-20 14:48:34.227769   974  1169 D RfxDispatchThread: enqueueRequestMessage(): pRequest = 2106, pToken = 18688, token = 806, clientId = 1001
09-20 14:48:34.228151   974  1126 D RpMalController: GSM socketIsConnected true
09-20 14:48:34.228189   974  1126 D RpMalController: RpMalController: handle request id 2106
09-20 14:48:34.228890   708   738 I RILC-MTK: proxy id:1, proxyName: RIL_CMD_PROXY_3, RIL_REQUEST_AT_COMMAND_WITH_PROXY pRI=0x7de4828dd0 p=0x7de48344c0 execute on RIL_CMD_PROXY_3 using channel 1
09-20 14:48:34.228981   708   738 D RIL     : onRequest: RIL_REQUEST_AT_COMMAND_WITH_PROXY, datalen = 7, radioState:10
09-20 14:48:34.229032   708   738 I AT      : AT> AT+ECSQ (RIL_CMD_READER_1, tid:540680397904)
09-20 14:48:34.238101   708   753 I AT      : AT< +ECSQ: 29,99,-326,1,1,1,1,0,32767 (RIL_CMD_READER_1, tid:540680397904)
09-20 14:48:34.239128   708   753 I AT      : AT< OK (RIL_CMD_READER_1, tid:540680397904)
09-20 14:48:34.245804   974  1126 D RpMalController: Not Request, don't do check
09-20 14:48:34.245876   974  1126 D RpMalController: RpMalController: handle response id 2106
09-20 14:48:34.245915   974  1126 D RpRilClientController: Enter onClientRequestComplete
09-20 14:48:34.245936   974  1126 D RpRilClientController: Find client with client id: 1001
09-20 14:48:34.245954   974  1126 D RpRilClientController: Find client with client id: 1001
09-20 14:48:34.245973   974  1126 D RpRilClientController: onClientRequestComplete: fd is 34
09-20 14:48:34.246005   974  1126 D RilMalClient: Add Header for MAL Solicited Response
09-20 14:48:34.246084   974  1126 D RpRilClientController: leave blocking write
09-20 14:48:34.246115   974  1126 D RpRilClientController: leave blocking write
09-20 14:48:34.437013   375  1270 E RPC     : RPC-client RX thread after select! - (0)
09-20 14:48:34.937815   375  1270 E RPC     : RPC-client RX thread after select! - (0)
09-20 14:48:35.438715   375  1270 E RPC     : RPC-client RX thread after select! - (0)
09-20 14:48:35.665365   670   686 E RILMUXD : 2920:thread_serial_device_read(): Interrupt signal EINTR caught
09-20 14:48:40.005763   670   686 E RILMUXD : 2920:thread_serial_device_read(): Interrupt signal EINTR caught
09-20 14:48:40.010818   708   752 I AT      : AT< +EIMSINFO: 0,"00004089",1,"46001",1,"253D","0000",0,2 (RIL_URC_READER, tid:0)
09-20 14:48:40.011031   708   752 E RIL     : Unhandled unsolicited result code: +EIMSINFO: 0,"00004089",1,"46001",1,"253D","0000",0,2
09-20 14:48:40.011102   708   882 I RIL     : [GSM MAL] URC send success, rid 0, ret 0: 
09-20 14:48:40.011102   708   882 I RIL     : +EIMSINFO: 0,"00004089",1,"46001",1,"253D","0000",0,2
09-20 14:48:40.076312   375  1270 E RPC     : RPC-client RX thread after select! - (0)
09-20 14:48:40.577139   375  1270 E RPC     : RPC-client RX thread after select! - (0)
09-20 14:48:41.077942   375  1270 E RPC     : RPC-client RX thread after select! - (0)
09-20 14:48:41.085147   670   686 E RILMUXD : 2920:thread_serial_device_read(): Interrupt signal EINTR caught
09-20 14:48:48.007900   974  1169 D RilMalClient: MAL_TO_RIL: request command map length: 16, req: 2106
09-20 14:48:48.007995   974  1169 D RilMalClient: MAL_TO_RIL: remap to ril request(2106)
09-20 14:48:48.008039   974  1169 D RilMalClient: enqueue request id 2106 with token 18944 for client 1001
09-20 14:48:48.008067   974  1169 D RilMalClient: Default destination is gsm, enqueue to slot 0
09-20 14:48:48.008123   974  1169 D RFX     : rfx_enqueue_request_message: request = 2106, slotId = 0, dest = 0,            token = 18944, clienId = 1001
09-20 14:48:48.008185   974  1169 D RfxDispatchThread: enqueueRequestMessage(): pRequest = 2106, pToken = 18944, token = 807, clientId = 1001
09-20 14:48:48.008576   974  1126 D RpMalController: GSM socketIsConnected true
09-20 14:48:48.008607   974  1126 D RpMalController: RpMalController: handle request id 2106
