09-20 14:56:40.241648   708   753 I AT      : AT< +CGREG: 3,4,"253D","00004089",0,"00",0,0 (RIL_CMD_READER_1, tid:540680397904)
09-20 14:56:40.242237   708   753 I AT      : AT< OK (RIL_CMD_READER_1, tid:540680397904)
09-20 14:56:40.242549   708   738 I RILC-MTK: proxy id:1, proxyName: RIL_CMD_PROXY_3, VOICE_REGISTRATION_STATE pRI=0x7de4828ec0 p=0x7de48345a0 execute on RIL_CMD_PROXY_3 using channel 1
09-20 14:56:40.242616   708   738 I AT      : AT> AT+CREG? (RIL_CMD_READER_1, tid:540680397904)
09-20 14:56:40.244751   708   753 I AT      : AT< +CREG: 3,0,"253D","00004089",0,0,0 (RIL_CMD_READER_1, tid:540680397904)
09-20 14:56:40.245275   708   753 I AT      : AT< OK (RIL_CMD_READER_1, tid:540680397904)
09-20 14:56:40.245614   708   738 I RILC-MTK: proxy id:1, proxyName: RIL_CMD_PROXY_3, QUERY_NETWORK_SELECTION_MODE pRI=0x7de4828f20 p=0x7de4834d10 execute on RIL_CMD_PROXY_3 using channel 1
09-20 14:56:40.245686   708   738 I AT      : AT> AT+COPS? (RIL_CMD_READER_1, tid:540680397904)
09-20 14:56:40.247803   708   753 I AT      : AT< +COPS: 0 (RIL_CMD_READER_1, tid:540680397904)
09-20 14:56:40.248324   708   753 I AT      : AT< OK (RIL_CMD_READER_1, tid:540680397904)
09-20 14:56:40.248576   708   738 I RILC-MTK: proxy id:1, proxyName: RIL_CMD_PROXY_3, IMS_REGISTRATION_STATE pRI=0x7de4828fe0 p=0x7de4834d80 execute on RIL_CMD_PROXY_3 using channel 1
09-20 14:56:40.248649   708   738 I AT      : AT> AT+CIREG? (RIL_CMD_READER_1, tid:540680397904)
09-20 14:56:40.250872   708   753 I AT      : AT< +CIREG: 2,0,d (RIL_CMD_READER_1, tid:540680397904)
09-20 14:56:40.251555   708   753 I AT      : AT< OK (RIL_CMD_READER_1, tid:540680397904)
09-20 14:56:40.251851   708   738 I RILC-MTK: proxy id:1, proxyName: RIL_CMD_PROXY_3, IMS_REGISTRATION_STATE pRI=0x7de48290d0 p=0x7de4834df0 execute on RIL_CMD_PROXY_3 using channel 1
09-20 14:56:40.251974   708   738 I AT      : AT> AT+CIREG? (RIL_CMD_READER_1, tid:540680397904)
09-20 14:56:40.253977   708   753 I AT      : AT< +CIREG: 2,0,d (RIL_CMD_READER_1, tid:540680397904)
09-20 14:56:40.254487   708   753 I AT      : AT< OK (RIL_CMD_READER_1, tid:540680397904)
09-20 14:56:40.254712   708   738 I RILC-MTK: proxy id:1, proxyName: RIL_CMD_PROXY_3, OPERATOR pRI=0x7de48292b0 p=0x7de4834e60 execute on RIL_CMD_PROXY_3 using channel 1
09-20 14:56:40.254778   708   738 I AT      : AT> AT+COPS? (RIL_CMD_READER_1, tid:540680397904)
09-20 14:56:40.257113   708   753 I AT      : AT< +COPS: 0 (RIL_CMD_READER_1, tid:540680397904)
09-20 14:56:40.257496   708   753 I AT      : AT< OK (RIL_CMD_READER_1, tid:540680397904)
09-20 14:56:40.257594   708   738 I AT      : AT> AT+EOPS? (RIL_CMD_READER_1, tid:540680397904)
09-20 14:56:40.258940   708   753 I AT      : AT< +EOPS: 0,2,"46001",0 (RIL_CMD_READER_1, tid:540680397904)
09-20 14:56:40.259549   708   753 I AT      : AT< OK (RIL_CMD_READER_1, tid:540680397904)
09-20 14:56:40.259826   708   738 I RILC-MTK: proxy id:1, proxyName: RIL_CMD_PROXY_3, DATA_REGISTRATION_STATE pRI=0x7de48295b0 p=0x7de4834ed0 execute on RIL_CMD_PROXY_3 using channel 1
09-20 14:56:40.259902   708   738 I AT      : AT> AT+CGREG? (RIL_CMD_READER_1, tid:540680397904)
09-20 14:56:40.262168   708   753 I AT      : AT< +CGREG: 3,4,"253D","00004089",0,"00",0,0 (RIL_CMD_READER_1, tid:540680397904)
09-20 14:56:40.262637   708   753 I AT      : AT< OK (RIL_CMD_READER_1, tid:540680397904)
09-20 14:56:40.262939   708   738 I RILC-MTK: proxy id:1, proxyName: RIL_CMD_PROXY_3, VOICE_REGISTRATION_STATE pRI=0x7de48295e0 p=0x7de4834f40 execute on RIL_CMD_PROXY_3 using channel 1
09-20 14:56:40.263001   708   738 I AT      : AT> AT+CREG? (RIL_CMD_READER_1, tid:540680397904)
09-20 14:56:40.265181   708   753 I AT      : AT< +CREG: 3,0,"253D","00004089",0,0,0 (RIL_CMD_READER_1, tid:540680397904)
09-20 14:56:40.265665   708   753 I AT      : AT< OK (RIL_CMD_READER_1, tid:540680397904)
09-20 14:56:40.265972   708   738 I RILC-MTK: proxy id:1, proxyName: RIL_CMD_PROXY_3, QUERY_NETWORK_SELECTION_MODE pRI=0x7de4829610 p=0x7de4834fb0 execute on RIL_CMD_PROXY_3 using channel 1
09-20 14:56:40.266030   708   738 I AT      : AT> AT+COPS? (RIL_CMD_READER_1, tid:540680397904)
09-20 14:56:40.268216   708   753 I AT      : AT< +COPS: 0 (RIL_CMD_READER_1, tid:540680397904)
09-20 14:56:40.268774   708   753 I AT      : AT< OK (RIL_CMD_READER_1, tid:540680397904)
09-20 14:56:40.269023   708   738 I RILC-MTK: proxy id:1, proxyName: RIL_CMD_PROXY_3, OPERATOR pRI=0x7de4829640 p=0x7de4835020 execute on RIL_CMD_PROXY_3 using channel 1
09-20 14:56:40.269089   708   738 I AT      : AT> AT+COPS? (RIL_CMD_READER_1, tid:540680397904)
09-20 14:56:40.271263   708   753 I AT      : AT< +COPS: 0 (RIL_CMD_READER_1, tid:540680397904)
09-20 14:56:40.271956   708   753 I AT      : AT< OK (RIL_CMD_READER_1, tid:540680397904)
09-20 14:56:40.272071   708   738 I AT      : AT> AT+EOPS? (RIL_CMD_READER_1, tid:540680397904)
09-20 14:56:40.273295   708   753 I AT      : AT< +EOPS: 0,2,"46001",0 (RIL_CMD_READER_1, tid:540680397904)
09-20 14:56:40.273890   708   753 I AT      : AT< OK (RIL_CMD_READER_1, tid:540680397904)
09-20 14:56:40.274102   708   738 I RILC-MTK: proxy id:1, proxyName: RIL_CMD_PROXY_3, DATA_REGISTRATION_STATE pRI=0x7de4828980 p=0x7de4835090 execute on RIL_CMD_PROXY_3 using channel 1
09-20 14:56:40.274170   708   738 I AT      : AT> AT+CGREG? (RIL_CMD_READER_1, tid:540680397904)
09-20 14:56:40.275682   708   753 I AT      : AT< +CGREG: 3,4,"253D","00004089",0,"00",0,0 (RIL_CMD_READER_1, tid:540680397904)
09-20 14:56:40.276042   708   753 I AT      : AT< OK (RIL_CMD_READER_1, tid:540680397904)
09-20 14:56:40.276325   708   738 I RILC-MTK: proxy id:1, proxyName: RIL_CMD_PROXY_3, VOICE_REGISTRATION_STATE pRI=0x7de4828f50 p=0x7de4835100 execute on RIL_CMD_PROXY_3 using channel 1
09-20 14:56:40.276388   708   738 I AT      : AT> AT+CREG? (RIL_CMD_READER_1, tid:540680397904)
09-20 14:56:40.278540   708   753 I AT      : AT< +CREG: 3,0,"253D","00004089",0,0,0 (RIL_CMD_READER_1, tid:540680397904)
09-20 14:56:40.279055   708   753 I AT      : AT< OK (RIL_CMD_READER_1, tid:540680397904)
09-20 14:56:40.279336   708   738 I RILC-MTK: proxy id:1, proxyName: RIL_CMD_PROXY_3, QUERY_NETWORK_SELECTION_MODE pRI=0x7de4828fb0 p=0x7de4835170 execute on RIL_CMD_PROXY_3 using channel 1
09-20 14:56:40.279400   708   738 I AT      : AT> AT+COPS? (RIL_CMD_READER_1, tid:540680397904)
09-20 14:56:40.281499   708   753 I AT      : AT< +COPS: 0 (RIL_CMD_READER_1, tid:540680397904)
09-20 14:56:40.281693  1500  1500 E SST     : [GsmSST0] error parsing RegistrationState: java.lang.NumberFormatException: For input string: "ffffffff"
09-20 14:56:40.282235   708   753 I AT      : AT< OK (RIL_CMD_READER_1, tid:540680397904)
09-20 14:56:40.282460   708   738 I RILC-MTK: proxy id:1, proxyName: RIL_CMD_PROXY_3, RIL_REQUEST_SET_FD_MODE pRI=0x7de48296a0 p=0x7de48352c0 execute on RIL_CMD_PROXY_3 using channel 1
09-20 14:56:40.282547   708   738 I AT      : AT> AT+EFD=3,1 (RIL_CMD_READER_1, tid:540680397904)
09-20 14:56:40.284808   708   753 I AT      : AT< OK (RIL_CMD_READER_1, tid:540680397904)
09-20 14:56:40.683048   375  1270 E RPC     : RPC-client RX thread after select! - (0)
09-20 14:56:41.183715   375  1270 E RPC     : RPC-client RX thread after select! - (0)
09-20 14:56:41.684418   375  1270 E RPC     : RPC-client RX thread after select! - (0)
09-20 14:56:42.184914   375  1270 E RPC     : RPC-client RX thread after select! - (0)
09-20 14:56:42.685776   375  1270 E RPC     : RPC-client RX thread after select! - (0)
09-20 14:56:43.186561   375  1270 E RPC     : RPC-client RX thread after select! - (0)
09-20 14:56:43.236811   708   740 I RILC-MTK: proxy id:3, proxyName: RIL_CMD_PROXY_1, RIL_REQUEST_GET_ACTIVITY_INFO pRI=0x7de48296d0 p=0x7de4832620 execute on RIL_CMD_PROXY_1 using channel 3
09-20 14:56:43.236963   708   740 I AT      : AT> AT+ERFTX=11 (RIL_CMD_READER_3, tid:540678325328)
09-20 14:56:43.246722   708   755 I AT      : AT< +CME ERROR: 100 (RIL_CMD_READER_3, tid:540678325328)
09-20 14:56:43.246849   708   740 E RIL-OEM : requestGetActivityInfo error
09-20 14:56:43.687342   375  1270 E RPC     : RPC-client RX thread after select! - (0)
09-20 14:56:44.188099   375  1270 E RPC     : RPC-client RX thread after select! - (0)
09-20 14:56:44.228786   708   738 I RILC-MTK: proxy id:1, proxyName: RIL_CMD_PROXY_3, RIL_REQUEST_AT_COMMAND_WITH_PROXY pRI=0x7de4829700 p=0x7de4832af0 execute on RIL_CMD_PROXY_3 using channel 1
09-20 14:56:44.228960   708   738 I AT      : AT> AT+ECSQ (RIL_CMD_READER_1, tid:540680397904)
09-20 14:56:44.237974   708   753 I AT      : AT< +ECSQ: 44,99,-268,1,1,1,1,0,32767 (RIL_CMD_READER_1, tid:540680397904)
09-20 14:56:44.238031   708   753 I AT      : AT< OK (RIL_CMD_READER_1, tid:540680397904)
09-20 14:56:44.688796   375  1270 E RPC     : RPC-client RX thread after select! - (0)
09-20 14:56:45.189484   375  1270 E RPC     : RPC-client RX thread after select! - (0)
09-20 14:56:45.682995   708   749 I RILC    : NUMBER:1
09-20 14:56:45.683043   708   749 I RILC    : arg len:14
09-20 14:56:45.683063   708   749 I RILC    : ARGS[0]:THERMAL,0,-1
09-20 14:56:45.683260   708   749 I RILC-MTK: set request 2502 to protocal 1, proxyId=3
09-20 14:56:45.683629   708   740 I RILC-MTK: proxy id:3, proxyName: RIL_CMD_PROXY_1, QUERY_MODEM_THERMAL pRI=0x7de4828800 p=0x7de4832e00 execute on RIL_CMD_PROXY_1 using channel 3
09-20 14:56:45.683770   708   740 I AT      : AT> AT+ETHERMAL (RIL_CMD_READER_3, tid:540678325328)
09-20 14:56:45.690209   375  1270 E RPC     : RPC-client RX thread after select! - (0)
09-20 14:56:45.692339   708   755 I AT      : AT< +ETHERMAL: 1, 32767,,, -1, 32767, 2 (RIL_CMD_READER_3, tid:540678325328)
09-20 14:56:45.692610   708   755 I AT      : AT< OK (RIL_CMD_READER_3, tid:540678325328)
09-20 14:56:46.190902   375  1270 E RPC     : RPC-client RX thread after select! - (0)
09-20 14:56:46.691564   375  1270 E RPC     : RPC-client RX thread after select! - (0)
09-20 14:56:47.192074   375  1270 E RPC     : RPC-client RX thread after select! - (0)
09-20 14:56:47.692690   375  1270 E RPC     : RPC-client RX thread after select! - (0)
09-20 14:56:48.193357   375  1270 E RPC     : RPC-client RX thread after select! - (0)
09-20 14:56:48.694091   375  1270 E RPC     : RPC-client RX thread after select! - (0)
09-20 14:56:49.195048   375  1270 E RPC     : RPC-client RX thread after select! - (0)
09-20 14:56:49.695720   375  1270 E RPC     : RPC-client RX thread after select! - (0)
09-20 14:56:50.196437   375  1270 E RPC     : RPC-client RX thread after select! - (0)
09-20 14:56:50.697106   375  1270 E RPC     : RPC-client RX thread after select! - (0)
09-20 14:56:51.197944   375  1270 E RPC     : RPC-client RX thread after select! - (0)
09-20 14:56:51.698708   375  1270 E RPC     : RPC-client RX thread after select! - (0)
09-20 14:56:51.905738   708   752 I AT      : AT< +ECSQ: 30,99,-323,1,1,1,1,0,32767 (RIL_URC_READER, tid:0)
09-20 14:56:51.905904   708   752 I RILC    : RIL_SOCKET_1 UNSOLICITED: UNSOL_SIGNAL_STRENGTH length:72
09-20 14:56:52.199498   375  1270 E RPC     : RPC-client RX thread after select! - (0)
09-20 14:56:52.700215   375  1270 E RPC     : RPC-client RX thread after select! - (0)
09-20 14:56:53.200907   375  1270 E RPC     : RPC-client RX thread after select! - (0)
09-20 14:56:53.701565   375  1270 E RPC     : RPC-client RX thread after select! - (0)
09-20 14:56:53.708939   708   752 I AT      : AT< +CREG: 0,"253D","00004187",0,0,0 (RIL_URC_READER, tid:0)
09-20 14:56:53.709220   708   752 I RILC    : RIL_SOCKET_1 UNSOLICITED: UNSOL_RESPONSE_VOICE_NETWORK_STATE_CHANGED length:68
09-20 14:56:53.711050   708   752 I AT      : AT< +CGREG: 4,"253D","00004187",0,"00",0,0 (RIL_URC_READER, tid:0)
09-20 14:56:53.711257   708   752 I RILC    : RIL_SOCKET_1 UNSOLICITED: UNSOL_RESPONSE_PS_NETWORK_STATE_CHANGED length:16
09-20 14:56:53.711321   708   752 I AT      : AT< +EIMSINFO: 0,"00004187",1,"46001",1,"253D","0000",0,2 (RIL_URC_READER, tid:0)
09-20 14:56:53.711407   708   752 E RIL     : Unhandled unsolicited result code: +EIMSINFO: 0,"00004187",1,"46001",1,"253D","0000",0,2
09-20 14:56:53.716225  1211  1240 I LIBC2K_RIL: 1:OPERATOR pRI=0xf6f777a0 p=0xf4e27540 is queued in NW_CHANNEL
09-20 14:56:53.716330  1211  1240 I C2K_RILC: NW_CHANNEL is busy. DATA_REGISTRATION_STATE queued. total:2 requests pending
09-20 14:56:53.716388  1211  1240 I LIBC2K_RIL: 1:OPERATOR pRI=0xf6f777a0 p=0xf4e27540 is queued in NW_CHANNEL
09-20 14:56:53.716388  1211  1240 I LIBC2K_RIL: 2:DATA_REGISTRATION_STATE pRI=0xf6f777c0 p=0xf5a06150 is queued in NW_CHANNEL
09-20 14:56:53.716417  1211  1240 I C2K_RILC: NW_CHANNEL is busy. VOICE_REGISTRATION_STATE queued. total:3 requests pending
09-20 14:56:53.716553  1211  1235 I LIBC2K_RIL: OPERATOR execute on NW_CHANNEL using channel 3
09-20 14:56:53.716637   708   738 I RILC-MTK: proxy id:1, proxyName: RIL_CMD_PROXY_3, OPERATOR pRI=0x7de4828830 p=0x7de48330a0 execute on RIL_CMD_PROXY_3 using channel 1
09-20 14:56:53.716646  1211  1235 I C2K_AT  : <fd 44> AT > AT+CPIN? (NW_CHANNEL, tid:4117768480)
09-20 14:56:53.716702   708   738 I AT      : AT> AT+COPS? (RIL_CMD_READER_1, tid:540680397904)
09-20 14:56:53.717719  1211  1240 I LIBC2K_RIL: 1:DATA_REGISTRATION_STATE pRI=0xf6f777c0 p=0xf5a06150 is queued in NW_CHANNEL
09-20 14:56:53.717719  1211  1240 I LIBC2K_RIL: 2:VOICE_REGISTRATION_STATE pRI=0xf6f777e0 p=0xf5a06118 is queued in NW_CHANNEL
09-20 14:56:53.717771  1211  1240 I C2K_RILC: NW_CHANNEL is busy. OPERATOR queued. total:3 requests pending
09-20 14:56:53.717838  1211  1240 I LIBC2K_RIL: 1:DATA_REGISTRATION_STATE pRI=0xf6f777c0 p=0xf5a06150 is queued in NW_CHANNEL
09-20 14:56:53.717838  1211  1240 I LIBC2K_RIL: 2:VOICE_REGISTRATION_STATE pRI=0xf6f777e0 p=0xf5a06118 is queued in NW_CHANNEL
09-20 14:56:53.717838  1211  1240 I LIBC2K_RIL: 3:OPERATOR pRI=0xf6f77620 p=0xf5a060e0 is queued in NW_CHANNEL
09-20 14:56:53.717904  1211  1240 I C2K_RILC: NW_CHANNEL is busy. DATA_REGISTRATION_STATE queued. total:4 requests pending
09-20 14:56:53.718193  1211  1240 I LIBC2K_RIL: 1:DATA_REGISTRATION_STATE pRI=0xf6f777c0 p=0xf5a06150 is queued in NW_CHANNEL
09-20 14:56:53.718193  1211  1240 I LIBC2K_RIL: 2:VOICE_REGISTRATION_STATE pRI=0xf6f777e0 p=0xf5a06118 is queued in NW_CHANNEL
09-20 14:56:53.718193  1211  1240 I LIBC2K_RIL: 3:OPERATOR pRI=0xf6f77620 p=0xf5a060e0 is queued in NW_CHANNEL
09-20 14:56:53.718193  1211  1240 I LIBC2K_RIL: 4:DATA_REGISTRATION_STATE pRI=0xf6f77640 p=0xf5a06000 is queued in NW_CHANNEL
09-20 14:56:53.718232  1211  1240 I C2K_RILC: NW_CHANNEL is busy. VOICE_REGISTRATION_STATE queued. total:5 requests pending
09-20 14:56:53.718458   708   753 I AT      : AT< +COPS: 0 (RIL_CMD_READER_1, tid:540680397904)
09-20 14:56:53.718728   708   753 I AT      : AT< OK (RIL_CMD_READER_1, tid:540680397904)
09-20 14:56:53.718813   708   738 I AT      : AT> AT+EOPS? (RIL_CMD_READER_1, tid:540680397904)
09-20 14:56:53.720168   708   753 I AT      : AT< +EOPS: 0,2,"46001",0 (RIL_CMD_READER_1, tid:540680397904)
09-20 14:56:53.720702   708   753 I AT      : AT< OK (RIL_CMD_READER_1, tid:540680397904)
09-20 14:56:53.720938   708   738 I RILC-MTK: proxy id:1, proxyName: RIL_CMD_PROXY_3, DATA_REGISTRATION_STATE pRI=0x7de4828980 p=0x7de4832ee0 execute on RIL_CMD_PROXY_3 using channel 1
09-20 14:56:53.721004   708   738 I AT      : AT> AT+CGREG? (RIL_CMD_READER_1, tid:540680397904)
09-20 14:56:53.723133   708   753 I AT      : AT< +CGREG: 3,4,"253D","00004187",0,"00",0,0 (RIL_CMD_READER_1, tid:540680397904)
09-20 14:56:53.723870   708   753 I AT      : AT< OK (RIL_CMD_READER_1, tid:540680397904)
09-20 14:56:53.724143   708   738 I RILC-MTK: proxy id:1, proxyName: RIL_CMD_PROXY_3, VOICE_REGISTRATION_STATE pRI=0x7de4828ef0 p=0x7de4833180 execute on RIL_CMD_PROXY_3 using channel 1
09-20 14:56:53.724199   708   738 I AT      : AT> AT+CREG? (RIL_CMD_READER_1, tid:540680397904)
09-20 14:56:53.726281   708   753 I AT      : AT< +CREG: 3,0,"253D","00004187",0,0,0 (RIL_CMD_READER_1, tid:540680397904)
09-20 14:56:53.726760   708   753 I AT      : AT< OK (RIL_CMD_READER_1, tid:540680397904)
09-20 14:56:53.727030   708   738 I RILC-MTK: proxy id:1, proxyName: RIL_CMD_PROXY_3, QUERY_NETWORK_SELECTION_MODE pRI=0x7de48289e0 p=0x7de48333b0 execute on RIL_CMD_PROXY_3 using channel 1
09-20 14:56:53.727085   708   738 I AT      : AT> AT+COPS? (RIL_CMD_READER_1, tid:540680397904)
09-20 14:56:53.728637   708   753 I AT      : AT< +COPS: 0 (RIL_CMD_READER_1, tid:540680397904)
09-20 14:56:53.728733   708   753 I AT      : AT< OK (RIL_CMD_READER_1, tid:540680397904)
09-20 14:56:53.728909   708   738 I RILC-MTK: proxy id:1, proxyName: RIL_CMD_PROXY_3, OPERATOR pRI=0x7de4828ad0 p=0x7de4833ea0 execute on RIL_CMD_PROXY_3 using channel 1
09-20 14:56:53.728958   708   738 I AT      : AT> AT+COPS? (RIL_CMD_READER_1, tid:540680397904)
09-20 14:56:53.730634   708   753 I AT      : AT< +COPS: 0 (RIL_CMD_READER_1, tid:540680397904)
09-20 14:56:53.730687   708   753 I AT      : AT< OK (RIL_CMD_READER_1, tid:540680397904)
09-20 14:56:53.730760   708   738 I AT      : AT> AT+EOPS? (RIL_CMD_READER_1, tid:540680397904)
09-20 14:56:53.732227   708   753 I AT      : AT< +EOPS: 0,2,"46001",0 (RIL_CMD_READER_1, tid:540680397904)
09-20 14:56:53.732655   708   753 I AT      : AT< OK (RIL_CMD_READER_1, tid:540680397904)
09-20 14:56:53.732866   708   738 I RILC-MTK: proxy id:1, proxyName: RIL_CMD_PROXY_3, DATA_REGISTRATION_STATE pRI=0x7de4828b30 p=0x7de4833ff0 execute on RIL_CMD_PROXY_3 using channel 1
09-20 14:56:53.732922   708   738 I AT      : AT> AT+CGREG? (RIL_CMD_READER_1, tid:540680397904)
09-20 14:56:53.734359   708   753 I AT      : AT< +CGREG: 3,4,"253D","00004187",0,"00",0,0 (RIL_CMD_READER_1, tid:540680397904)
09-20 14:56:53.734590   708   753 I AT      : AT< OK (RIL_CMD_READER_1, tid:540680397904)
09-20 14:56:53.734824   708   738 I RILC-MTK: proxy id:1, proxyName: RIL_CMD_PROXY_3, VOICE_REGISTRATION_STATE pRI=0x7de48290a0 p=0x7de4834300 execute on RIL_CMD_PROXY_3 using channel 1
09-20 14:56:53.734879   708   738 I AT      : AT> AT+CREG? (RIL_CMD_READER_1, tid:540680397904)
09-20 14:56:53.736222   708   753 I AT      : AT< +CREG: 3,0,"253D","00004187",0,0,0 (RIL_CMD_READER_1, tid:540680397904)
09-20 14:56:53.736653   708   753 I AT      : AT< OK (RIL_CMD_READER_1, tid:540680397904)
09-20 14:56:53.736927   708   738 I RILC-MTK: proxy id:1, proxyName: RIL_CMD_PROXY_3, QUERY_NETWORK_SELECTION_MODE pRI=0x7de48290d0 p=0x7de4834370 execute on RIL_CMD_PROXY_3 using channel 1
09-20 14:56:53.736986   708   738 I AT      : AT> AT+COPS? (RIL_CMD_READER_1, tid:540680397904)
09-20 14:56:53.737721  1211  1248 I C2K_AT  : <fd 44> AT < +CME ERROR:10 (NW_CHANNEL, tid:4117768480)
09-20 14:56:53.737928  1211  1235 I LIBC2K_RIL: DATA_REGISTRATION_STATE execute on NW_CHANNEL using channel 3
09-20 14:56:53.738006  1211  1235 I LIBC2K_RIL: VOICE_REGISTRATION_STATE execute on NW_CHANNEL using channel 3
09-20 14:56:53.738080  1211  1235 I LIBC2K_RIL: OPERATOR execute on NW_CHANNEL using channel 3
09-20 14:56:53.738176  1211  1235 I C2K_AT  : <fd 44> AT > AT+CPIN? (NW_CHANNEL, tid:4117768480)
09-20 14:56:53.739357   708   753 I AT      : AT< +COPS: 0 (RIL_CMD_READER_1, tid:540680397904)
09-20 14:56:53.739685  1211  1248 I C2K_AT  : <fd 44> AT < +CME ERROR:10 (NW_CHANNEL, tid:4117768480)
09-20 14:56:53.739892  1211  1235 I LIBC2K_RIL: DATA_REGISTRATION_STATE execute on NW_CHANNEL using channel 3
09-20 14:56:53.739978  1211  1235 I LIBC2K_RIL: VOICE_REGISTRATION_STATE execute on NW_CHANNEL using channel 3
09-20 14:56:53.740100   708   753 I AT      : AT< OK (RIL_CMD_READER_1, tid:540680397904)
09-20 14:56:53.742449  1500  1500 E SST     : [GsmSST0] error parsing RegistrationState: java.lang.NumberFormatException: For input string: "ffffffff"
09-20 14:56:54.202086   375  1270 E RPC     : RPC-client RX thread after select! - (0)
09-20 14:56:54.227952   708   738 I RILC-MTK: proxy id:1, proxyName: RIL_CMD_PROXY_3, RIL_REQUEST_AT_COMMAND_WITH_PROXY pRI=0x7de4829100 p=0x7de48344c0 execute on RIL_CMD_PROXY_3 using channel 1
09-20 14:56:54.228061   708   738 I AT      : AT> AT+ECSQ (RIL_CMD_READER_1, tid:540680397904)
09-20 14:56:54.236848   708   753 I AT      : AT< +ECSQ: 30,99,-323,1,1,1,1,0,32767 (RIL_CMD_READER_1, tid:540680397904)
09-20 14:56:54.237480   708   753 I AT      : AT< OK (RIL_CMD_READER_1, tid:540680397904)
09-20 14:56:54.703442   375  1270 E RPC     : RPC-client RX thread after select! - (0)
09-20 14:56:55.204128   375  1270 E RPC     : RPC-client RX thread after select! - (0)
09-20 14:56:55.699534   708   749 I RILC    : NUMBER:1
09-20 14:56:55.699621   708   749 I RILC    : arg len:14
09-20 14:56:55.699642   708   749 I RILC    : ARGS[0]:THERMAL,0,-1
09-20 14:56:55.699762   708   749 I RILC-MTK: set request 2502 to protocal 1, proxyId=3
09-20 14:56:55.700071   708   740 I RILC-MTK: proxy id:3, proxyName: RIL_CMD_PROXY_1, QUERY_MODEM_THERMAL pRI=0x7de4829130 p=0x7de4832af0 execute on RIL_CMD_PROXY_1 using channel 3
09-20 14:56:55.700191   708   740 I AT      : AT> AT+ETHERMAL (RIL_CMD_READER_3, tid:540678325328)
09-20 14:56:55.704862   375  1270 E RPC     : RPC-client RX thread after select! - (0)
09-20 14:56:55.708997   708   755 I AT      : AT< +ETHERMAL: 1, 32767,,, -1, 32767, 2 (RIL_CMD_READER_3, tid:540678325328)
09-20 14:56:55.709055   708   755 I AT      : AT< OK (RIL_CMD_READER_3, tid:540678325328)
09-20 14:56:56.205531   375  1270 E RPC     : RPC-client RX thread after select! - (0)
09-20 14:56:56.706245   375  1270 E RPC     : RPC-client RX thread after select! - (0)
09-20 14:56:57.207031   375  1270 E RPC     : RPC-client RX thread after select! - (0)
09-20 14:56:57.707741   375  1270 E RPC     : RPC-client RX thread after select! - (0)
09-20 14:56:58.208509   375  1270 E RPC     : RPC-client RX thread after select! - (0)
09-20 14:56:58.709207   375  1270 E RPC     : RPC-client RX thread after select! - (0)
09-20 14:56:59.209915   375  1270 E RPC     : RPC-client RX thread after select! - (0)
09-20 14:56:59.712133   375  1270 E RPC     : RPC-client RX thread after select! - (0)
09-20 14:57:00.212879   375  1270 E RPC     : RPC-client RX thread after select! - (0)
09-20 14:57:00.713558   375  1270 E RPC     : RPC-client RX thread after select! - (0)
09-20 14:57:01.214285   375  1270 E RPC     : RPC-client RX thread after select! - (0)
09-20 14:57:01.714968   375  1270 E RPC     : RPC-client RX thread after select! - (0)
09-20 14:57:02.215699   375  1270 E RPC     : RPC-client RX thread after select! - (0)
09-20 14:57:02.716421   375  1270 E RPC     : RPC-client RX thread after select! - (0)
09-20 14:57:03.156544   708   752 I AT      : AT< +ECSQ: 26,99,-339,1,1,1,1,0,32767 (RIL_URC_READER, tid:0)
09-20 14:57:03.156730   708   752 I RILC    : RIL_SOCKET_1 UNSOLICITED: UNSOL_SIGNAL_STRENGTH length:72
09-20 14:57:03.217119   375  1270 E RPC     : RPC-client RX thread after select! - (0)
09-20 14:57:03.717919   375  1270 E RPC     : RPC-client RX thread after select! - (0)
09-20 14:57:04.218425   375  1270 E RPC     : RPC-client RX thread after select! - (0)
09-20 14:57:04.228195   708   738 I RILC-MTK: proxy id:1, proxyName: RIL_CMD_PROXY_3, RIL_REQUEST_AT_COMMAND_WITH_PROXY pRI=0x7de4829160 p=0x7de4832ee0 execute on RIL_CMD_PROXY_3 using channel 1
09-20 14:57:04.228318   708   738 I AT      : AT> AT+ECSQ (RIL_CMD_READER_1, tid:540680397904)
09-20 14:57:04.236914   708   753 I AT      : AT< +ECSQ: 26,99,-339,1,1,1,1,0,32767 (RIL_CMD_READER_1, tid:540680397904)
09-20 14:57:04.237778   708   753 I AT      : AT< OK (RIL_CMD_READER_1, tid:540680397904)
09-20 14:57:04.719168   375  1270 E RPC     : RPC-client RX thread after select! - (0)
09-20 14:57:05.220024   375  1270 E RPC     : RPC-client RX thread after select! - (0)
09-20 14:57:05.713316   708   749 I RILC    : NUMBER:1
09-20 14:57:05.713355   708   749 I RILC    : arg len:14
09-20 14:57:05.713377   708   749 I RILC    : ARGS[0]:THERMAL,0,-1
09-20 14:57:05.713489   708   749 I RILC-MTK: set request 2502 to protocal 1, proxyId=3
09-20 14:57:05.713601   708   740 I RILC-MTK: proxy id:3, proxyName: RIL_CMD_PROXY_1, QUERY_MODEM_THERMAL pRI=0x7de4828ad0 p=0x7de48330a0 execute on RIL_CMD_PROXY_1 using channel 3
09-20 14:57:05.713705   708   740 I AT      : AT> AT+ETHERMAL (RIL_CMD_READER_3, tid:540678325328)
09-20 14:57:05.720716   375  1270 E RPC     : RPC-client RX thread after select! - (0)
09-20 14:57:05.721808   708   755 I AT      : AT< +ETHERMAL: 1, 32767,,, -1, 32767, 2 (RIL_CMD_READER_3, tid:540678325328)
09-20 14:57:05.722420   708   755 I AT      : AT< OK (RIL_CMD_READER_3, tid:540678325328)
09-20 14:57:06.221354   375  1270 E RPC     : RPC-client RX thread after select! - (0)
09-20 14:57:06.722112   375  1270 E RPC     : RPC-client RX thread after select! - (0)
09-20 14:57:07.222788   375  1270 E RPC     : RPC-client RX thread after select! - (0)
09-20 14:57:07.723506   375  1270 E RPC     : RPC-client RX thread after select! - (0)
09-20 14:57:08.224238   375  1270 E RPC     : RPC-client RX thread after select! - (0)
09-20 14:57:08.725281   375  1270 E RPC     : RPC-client RX thread after select! - (0)
09-20 14:57:09.226275   375  1270 E RPC     : RPC-client RX thread after select! - (0)
09-20 14:57:09.726757   375  1270 E RPC     : RPC-client RX thread after select! - (0)
09-20 14:57:10.227436   375  1270 E RPC     : RPC-client RX thread after select! - (0)
09-20 14:57:10.538220  1500  2126 D SubscriptionController: [getPhoneId]- no sims, returning default phoneId=2147483647, subId10
09-20 14:57:10.539946  1500  1715 D SubscriptionController: [getPhoneId]- no sims, returning default phoneId=2147483647, subId10
09-20 14:57:10.728316   375  1270 E RPC     : RPC-client RX thread after select! - (0)
09-20 14:57:11.228999   375  1270 E RPC     : RPC-client RX thread after select! - (0)
09-20 14:57:11.729694   375  1270 E RPC     : RPC-client RX thread after select! - (0)
09-20 14:57:12.230388   375  1270 E RPC     : RPC-client RX thread after select! - (0)
09-20 14:57:12.731040   375  1270 E RPC     : RPC-client RX thread after select! - (0)
09-20 14:57:13.231747   375  1270 E RPC     : RPC-client RX thread after select! - (0)
09-20 14:57:13.732187   375  1270 E RPC     : RPC-client RX thread after select! - (0)
09-20 14:57:14.227307   974  1169 D RilMalClient: MAL_TO_RIL: request command map length: 16, req: 2106
09-20 14:57:14.227390   974  1169 D RilMalClient: MAL_TO_RIL: remap to ril request(2106)
09-20 14:57:14.227418   974  1169 D RilMalClient: enqueue request id 2106 with token 27904 for client 1001
09-20 14:57:14.227435   974  1169 D RilMalClient: Default destination is gsm, enqueue to slot 0
09-20 14:57:14.227470   974  1169 D RFX     : rfx_enqueue_request_message: request = 2106, slotId = 0, dest = 0,            token = 27904, clienId = 1001
09-20 14:57:14.227522   974  1169 D RfxDispatchThread: enqueueRequestMessage(): pRequest = 2106, pToken = 27904, token = 1095, clientId = 1001
09-20 14:57:14.227794   974  1126 D RpMalController: GSM socketIsConnected true
09-20 14:57:14.227816   974  1126 D RpMalController: RpMalController: handle request id 2106
09-20 14:57:14.228283   708   738 I RILC-MTK: proxy id:1, proxyName: RIL_CMD_PROXY_3, RIL_REQUEST_AT_COMMAND_WITH_PROXY pRI=0x7de4828b30 p=0x7de4833180 execute on RIL_CMD_PROXY_3 using channel 1
09-20 14:57:14.228406   708   738 D RIL     : onRequest: RIL_REQUEST_AT_COMMAND_WITH_PROXY, datalen = 7, radioState:10
09-20 14:57:14.228447   708   738 I AT      : AT> AT+ECSQ (RIL_CMD_READER_1, tid:540680397904)
09-20 14:57:14.232841   375  1270 E RPC     : RPC-client RX thread after select! - (0)
09-20 14:57:14.235363   708   752 I AT      : AT< +CREG: 0,"253D","00004089",0,0,0 (RIL_URC_READER, tid:0)
09-20 14:57:14.235516   708   752 D RIL-NW  : bCREGType3Support=1
09-20 14:57:14.235581   708   882 I RIL     : [GSM MAL] URC send success, rid 0, ret 0: 
09-20 14:57:14.235581   708   882 I RIL     : +CREG: 0,"253D","00004089",0,0,0
09-20 14:57:14.235676   708   752 I RILC    : RIL_SOCKET_1 UNSOLICITED: UNSOL_RESPONSE_VOICE_NETWORK_STATE_CHANGED length:68
09-20 14:57:14.235741   708   752 I AT      : AT< +CGREG: 4,"253D","00004089",0,"00",0,0 (RIL_URC_READER, tid:0)
09-20 14:57:14.235800   708   752 D RIL-NW  : combineMalCgregState() rid=0, uiRet=4
09-20 14:57:14.235856   708   882 I RIL     : [GSM MAL] URC send success, rid 0, ret 0: 
09-20 14:57:14.235856   708   882 I RIL     : +CGREG: 4,"253D","00004089",0,"00",0,0
09-20 14:57:14.235875   708   752 I RILC    : RIL_SOCKET_1 UNSOLICITED: UNSOL_RESPONSE_PS_NETWORK_STATE_CHANGED length:16
09-20 14:57:14.236231   708   752 I AT      : AT< +EIMSINFO: 0,"00004089",1,"46001",1,"253D","0000",0,2 (RIL_URC_READER, tid:0)
09-20 14:57:14.236347   708   752 E RIL     : Unhandled unsolicited result code: +EIMSINFO: 0,"00004089",1,"46001",1,"253D","0000",0,2
09-20 14:57:14.236506   974  1126 D RilMalClient: UNSOL_TO_MAL: unsol mapping fail, return
09-20 14:57:14.236536   708   882 I RIL     : [GSM MAL] URC send success, rid 0, ret 0: 
09-20 14:57:14.236536   708   882 I RIL     : +EIMSINFO: 0,"00004089",1,"46001",1,"253D","0000",0,2
09-20 14:57:14.236908   974  1126 D RilMalClient: UNSOL_TO_MAL: unsol mapping fail, return
09-20 14:57:14.237807   708   753 I AT      : AT< +ECSQ: 26,99,-339,1,1,1,1,0,32767 (RIL_CMD_READER_1, tid:540680397904)
09-20 14:57:14.239160   708   753 I AT      : AT< OK (RIL_CMD_READER_1, tid:540680397904)
09-20 14:57:14.240470  1500  1640 D RILJ    : Unsol response received for UNSOL_RESPONSE_VOICE_NETWORK_STATE_CHANGED Sending ack to ril.cpp [SUB0]
09-20 14:57:14.240591  1500  1640 V RILJ    : [UNSL]< UNSOL_RESPONSE_VOICE_NETWORK_STATE_CHANGED {} [SUB0]
09-20 14:57:14.240846  1500  1640 D RILJ    : Unsol response received for UNSOL_RESPONSE_PS_NETWORK_STATE_CHANGED Sending ack to ril.cpp [SUB0]
09-20 14:57:14.240892  1500  1640 D RILJ    : [UNSL]< UNSOL_RESPONSE_PS_NETWORK_STATE_CHANGED [SUB0]
09-20 14:57:14.240775   974  1126 D RpMalController: Not Request, don't do check
09-20 14:57:14.241520   974  1126 D RpMalController: RpMalController: handle response id 2106
09-20 14:57:14.241579   974  1126 D RpRilClientController: Enter onClientRequestComplete
09-20 14:57:14.241595   974  1126 D RpRilClientController: Find client with client id: 1001
09-20 14:57:14.241608   974  1126 D RpRilClientController: Find client with client id: 1001
09-20 14:57:14.241633   974  1126 D RpRilClientController: onClientRequestComplete: fd is 34
09-20 14:57:14.241660   974  1126 D RilMalClient: Add Header for MAL Solicited Response
09-20 14:57:14.241727   974  1126 D RpRilClientController: leave blocking write
09-20 14:57:14.241749   974  1126 D RpRilClientController: leave blocking write
09-20 14:57:14.242229  1500  1500 D SST     : [GsmSST0] Invalid subId, return invalid networkType
09-20 14:57:14.242336  1500  1500 D SST     : [GsmSST0] pollState RadioState is RADIO_ON, currentNetworkMode= -1
09-20 14:57:14.242463  1500  1500 D RILJ    : [4256]> OPERATOR [SUB0]
09-20 14:57:14.243777  1500  1500 D RILJ    : [4257]> DATA_REGISTRATION_STATE [SUB0]
09-20 14:57:14.243848  1500  1500 D RILJ    : [4258]> VOICE_REGISTRATION_STATE [SUB0]
09-20 14:57:14.243903  1500  1500 D RILJ    : [4259]> QUERY_NETWORK_SELECTION_MODE [SUB0]
09-20 14:57:14.243997  1500  1500 D SST     : [GsmSST0] mPsRegState:1,new:1,result:4
09-20 14:57:14.244467   974  1121 D RIL-RP  : [RilProxy] onRequest: request = 22, datalen = 0, radioState:10, slotId = 0
09-20 14:57:14.244827   974  1121 D RIL-RP  : [RilProxy] onRequest: request = 21, datalen = 0, radioState:10, slotId = 0
09-20 14:57:14.244944   974  1121 D RIL-RP  : [RilProxy] onRequest: request = 20, datalen = 0, radioState:10, slotId = 0
09-20 14:57:14.244998   974  1121 D RIL-RP  : [RilProxy] onRequest: request = 45, datalen = 0, radioState:10, slotId = 0
09-20 14:57:14.245288  1500  1500 D SST     : [GsmSST0] Invalid subId, return invalid networkType
09-20 14:57:14.245339  1500  1500 D SST     : [GsmSST0] pollState RadioState is RADIO_ON, currentNetworkMode= -1
09-20 14:57:14.245457  1500  1500 D RILJ    : [4260]> OPERATOR [SUB0]
09-20 14:57:14.245559  1500  1500 D RILJ    : [4261]> DATA_REGISTRATION_STATE [SUB0]
09-20 14:57:14.245571  1211  1240 I LIBC2K_RIL: 1:OPERATOR pRI=0xf6f776c0 p=0xf4e27038 is queued in NW_CHANNEL
09-20 14:57:14.245614  1500  1500 D RILJ    : [4262]> VOICE_REGISTRATION_STATE [SUB0]
09-20 14:57:14.245661  1211  1240 I C2K_RILC: NW_CHANNEL is busy. DATA_REGISTRATION_STATE queued. total:2 requests pending
09-20 14:57:14.245672  1500  1500 D RILJ    : [4263]> QUERY_NETWORK_SELECTION_MODE [SUB0]
09-20 14:57:14.245717  1211  1240 I LIBC2K_RIL: 1:OPERATOR pRI=0xf6f776c0 p=0xf4e27038 is queued in NW_CHANNEL
09-20 14:57:14.245717  1211  1240 I LIBC2K_RIL: 2:DATA_REGISTRATION_STATE pRI=0xf6f775a0 p=0xf4e270a8 is queued in NW_CHANNEL
09-20 14:57:14.245744  1211  1240 I C2K_RILC: NW_CHANNEL is busy. VOICE_REGISTRATION_STATE queued. total:3 requests pending
09-20 14:57:14.245920  1211  1235 I LIBC2K_RIL: OPERATOR execute on NW_CHANNEL using channel 3
09-20 14:57:14.245970  1211  1235 D C2K_RIL : C2K onRequest: OPERATOR, sState= 0, smsReadyReported= 1, uimInsertedReported= 1
09-20 14:57:14.246041  1211  1235 I C2K_AT  : <fd 44> AT > AT+CPIN? (NW_CHANNEL, tid:4117768480)
09-20 14:57:14.246284   708   738 I RILC-MTK: proxy id:1, proxyName: RIL_CMD_PROXY_3, OPERATOR pRI=0x7de4828ec0 p=0x7de4834530 execute on RIL_CMD_PROXY_3 using channel 1
09-20 14:57:14.246351   708   738 D RIL     : onRequest: OPERATOR, datalen = 0, radioState:10
09-20 14:57:14.246374   974  1121 D RIL-RP  : [RilProxy] onRequest: request = 22, datalen = 0, radioState:10, slotId = 0
09-20 14:57:14.246386   708   738 I AT      : AT> AT+COPS? (RIL_CMD_READER_1, tid:540680397904)
09-20 14:57:14.246458   974  1121 D RIL-RP  : [RilProxy] onRequest: request = 21, datalen = 0, radioState:10, slotId = 0
09-20 14:57:14.246508   974  1121 D RIL-RP  : [RilProxy] onRequest: request = 20, datalen = 0, radioState:10, slotId = 0
09-20 14:57:14.246557   974  1121 D RIL-RP  : [RilProxy] onRequest: request = 45, datalen = 0, radioState:10, slotId = 0
09-20 14:57:14.247080  1211  1240 I LIBC2K_RIL: 1:DATA_REGISTRATION_STATE pRI=0xf6f775a0 p=0xf4e270a8 is queued in NW_CHANNEL
09-20 14:57:14.247080  1211  1240 I LIBC2K_RIL: 2:VOICE_REGISTRATION_STATE pRI=0xf6f775c0 p=0xf4e271c0 is queued in NW_CHANNEL
09-20 14:57:14.247119  1211  1240 I C2K_RILC: NW_CHANNEL is busy. OPERATOR queued. total:3 requests pending
09-20 14:57:14.247187  1211  1240 I LIBC2K_RIL: 1:DATA_REGISTRATION_STATE pRI=0xf6f775a0 p=0xf4e270a8 is queued in NW_CHANNEL
09-20 14:57:14.247187  1211  1240 I LIBC2K_RIL: 2:VOICE_REGISTRATION_STATE pRI=0xf6f775c0 p=0xf4e271c0 is queued in NW_CHANNEL
09-20 14:57:14.247187  1211  1240 I LIBC2K_RIL: 3:OPERATOR pRI=0xf6f775e0 p=0xf4e271f8 is queued in NW_CHANNEL
09-20 14:57:14.247213  1211  1240 I C2K_RILC: NW_CHANNEL is busy. DATA_REGISTRATION_STATE queued. total:4 requests pending
09-20 14:57:14.247300  1211  1240 I LIBC2K_RIL: 1:DATA_REGISTRATION_STATE pRI=0xf6f775a0 p=0xf4e270a8 is queued in NW_CHANNEL
09-20 14:57:14.247300  1211  1240 I LIBC2K_RIL: 2:VOICE_REGISTRATION_STATE pRI=0xf6f775c0 p=0xf4e271c0 is queued in NW_CHANNEL
09-20 14:57:14.247300  1211  1240 I LIBC2K_RIL: 3:OPERATOR pRI=0xf6f775e0 p=0xf4e271f8 is queued in NW_CHANNEL
09-20 14:57:14.247300  1211  1240 I LIBC2K_RIL: 4:DATA_REGISTRATION_STATE pRI=0xf6f77600 p=0xf4e27230 is queued in NW_CHANNEL
09-20 14:57:14.247337  1211  1240 I C2K_RILC: NW_CHANNEL is busy. VOICE_REGISTRATION_STATE queued. total:5 requests pending
09-20 14:57:14.248216   708   753 I AT      : AT< +COPS: 0 (RIL_CMD_READER_1, tid:540680397904)
09-20 14:57:14.248451   708   753 I AT      : AT< OK (RIL_CMD_READER_1, tid:540680397904)
09-20 14:57:14.248524   708   738 I AT      : AT> AT+EOPS? (RIL_CMD_READER_1, tid:540680397904)
09-20 14:57:14.250059   708   753 I AT      : AT< +EOPS: 0,2,"46001",0 (RIL_CMD_READER_1, tid:540680397904)
09-20 14:57:14.250639   708   753 I AT      : AT< OK (RIL_CMD_READER_1, tid:540680397904)
09-20 14:57:14.250749   708   738 D RIL-NW  : EOPS Get operator code 46001
09-20 14:57:14.250901   708   738 I RILC-MTK: proxy id:1, proxyName: RIL_CMD_PROXY_3, DATA_REGISTRATION_STATE pRI=0x7de4828ef0 p=0x7de48345a0 execute on RIL_CMD_PROXY_3 using channel 1
09-20 14:57:14.250936   708   738 D RIL     : onRequest: DATA_REGISTRATION_STATE, datalen = 0, radioState:10
09-20 14:57:14.250971   708   738 I AT      : AT> AT+CGREG? (RIL_CMD_READER_1, tid:540680397904)
09-20 14:57:14.253398   708   753 I AT      : AT< +CGREG: 3,4,"253D","00004089",0,"00",0,0 (RIL_CMD_READER_1, tid:540680397904)
09-20 14:57:14.253686   708   753 I AT      : AT< OK (RIL_CMD_READER_1, tid:540680397904)
09-20 14:57:14.253813   708   738 D RIL-NW  : [0]RestrictedStateChanged: 18 0 1 20
09-20 14:57:14.253944   708   738 I RILC-MTK: proxy id:1, proxyName: RIL_CMD_PROXY_3, VOICE_REGISTRATION_STATE pRI=0x7de48287d0 p=0x7de4834610 execute on RIL_CMD_PROXY_3 using channel 1
09-20 14:57:14.253977   708   738 D RIL     : onRequest: VOICE_REGISTRATION_STATE, datalen = 0, radioState:10
09-20 14:57:14.254005   708   738 I AT      : AT> AT+CREG? (RIL_CMD_READER_1, tid:540680397904)
09-20 14:57:14.256644   708   753 I AT      : AT< +CREG: 3,0,"253D","00004089",0,0,0 (RIL_CMD_READER_1, tid:540680397904)
09-20 14:57:14.257072   708   753 I AT      : AT< OK (RIL_CMD_READER_1, tid:540680397904)
09-20 14:57:14.257242   708   738 D RIL-NW  : [0]RestrictedStateChanged: 18 0 1 20
09-20 14:57:14.257402   708   738 I RILC-MTK: proxy id:1, proxyName: RIL_CMD_PROXY_3, QUERY_NETWORK_SELECTION_MODE pRI=0x7de4828800 p=0x7de48346f0 execute on RIL_CMD_PROXY_3 using channel 1
09-20 14:57:14.257435   708   738 D RIL     : onRequest: QUERY_NETWORK_SELECTION_MODE, datalen = 0, radioState:10
09-20 14:57:14.257464   708   738 I AT      : AT> AT+COPS? (RIL_CMD_READER_1, tid:540680397904)
09-20 14:57:14.259249   708   753 I AT      : AT< +COPS: 0 (RIL_CMD_READER_1, tid:540680397904)
09-20 14:57:14.259782   708   753 I AT      : AT< OK (RIL_CMD_READER_1, tid:540680397904)
09-20 14:57:14.260004   708   738 I RILC-MTK: proxy id:1, proxyName: RIL_CMD_PROXY_3, OPERATOR pRI=0x7de4828dd0 p=0x7de4834760 execute on RIL_CMD_PROXY_3 using channel 1
09-20 14:57:14.260042   708   738 D RIL     : onRequest: OPERATOR, datalen = 0, radioState:10
09-20 14:57:14.260078   708   738 I AT      : AT> AT+COPS? (RIL_CMD_READER_1, tid:540680397904)
09-20 14:57:14.260937  1500  1640 D RILJ    : [4259]< QUERY_NETWORK_SELECTION_MODE {0} [SUB0]
09-20 14:57:14.262417   708   753 I AT      : AT< +COPS: 0 (RIL_CMD_READER_1, tid:540680397904)
09-20 14:57:14.262790   708   753 I AT      : AT< OK (RIL_CMD_READER_1, tid:540680397904)
09-20 14:57:14.262871   708   738 I AT      : AT> AT+EOPS? (RIL_CMD_READER_1, tid:540680397904)
09-20 14:57:14.264197   708   753 I AT      : AT< +EOPS: 0,2,"46001",0 (RIL_CMD_READER_1, tid:540680397904)
09-20 14:57:14.264721   708   753 I AT      : AT< OK (RIL_CMD_READER_1, tid:540680397904)
09-20 14:57:14.264901   708   738 D RIL-NW  : EOPS Get operator code 46001
09-20 14:57:14.265030   708   738 I RILC-MTK: proxy id:1, proxyName: RIL_CMD_PROXY_3, DATA_REGISTRATION_STATE pRI=0x7de4828f50 p=0x7de48347d0 execute on RIL_CMD_PROXY_3 using channel 1
09-20 14:57:14.265064   708   738 D RIL     : onRequest: DATA_REGISTRATION_STATE, datalen = 0, radioState:10
09-20 14:57:14.265098   708   738 I AT      : AT> AT+CGREG? (RIL_CMD_READER_1, tid:540680397904)
09-20 14:57:14.266362  1211  1248 I C2K_AT  : <fd 44> AT < +CME ERROR:10 (NW_CHANNEL, tid:4117768480)
09-20 14:57:14.266463  1211  1235 D C2K_RIL : fake value uim status
09-20 14:57:14.266496  1211  1235 D C2K_RIL : getRUIMStatus: ret = 0
09-20 14:57:14.266604  1211  1235 I LIBC2K_RIL: DATA_REGISTRATION_STATE execute on NW_CHANNEL using channel 3
09-20 14:57:14.266640  1211  1235 D C2K_RIL : C2K onRequest: DATA_REGISTRATION_STATE, sState= 0, smsReadyReported= 1, uimInsertedReported= 1
09-20 14:57:14.266684  1211  1235 I LIBC2K_RIL: VOICE_REGISTRATION_STATE execute on NW_CHANNEL using channel 3
09-20 14:57:14.266717  1211  1235 D C2K_RIL : C2K onRequest: VOICE_REGISTRATION_STATE, sState= 0, smsReadyReported= 1, uimInsertedReported= 1
09-20 14:57:14.266756  1211  1235 I LIBC2K_RIL: OPERATOR execute on NW_CHANNEL using channel 3
09-20 14:57:14.266790  1211  1235 D C2K_RIL : C2K onRequest: OPERATOR, sState= 0, smsReadyReported= 1, uimInsertedReported= 1
09-20 14:57:14.266830  1211  1235 I C2K_AT  : <fd 44> AT > AT+CPIN? (NW_CHANNEL, tid:4117768480)
09-20 14:57:14.267098   708   753 I AT      : AT< +CGREG: 3,4,"253D","00004089",0,"00",0,0 (RIL_CMD_READER_1, tid:540680397904)
09-20 14:57:14.267140   708   753 I AT      : AT< OK (RIL_CMD_READER_1, tid:540680397904)
09-20 14:57:14.267539   974  1126 D RpNwSC[0]:  OptrCache: 46001,,
09-20 14:57:14.267578   974  1126 D RpNwSC[0]:  OptrCache: ,,
09-20 14:57:14.267578   708   738 D RIL-NW  : [0]RestrictedStateChanged: 18 0 1 20
09-20 14:57:14.267712   708   738 I RILC-MTK: proxy id:1, proxyName: RIL_CMD_PROXY_3, VOICE_REGISTRATION_STATE pRI=0x7de4828fb0 p=0x7de4834840 execute on RIL_CMD_PROXY_3 using channel 1
09-20 14:57:14.267744   708   738 D RIL     : onRequest: VOICE_REGISTRATION_STATE, datalen = 0, radioState:10
09-20 14:57:14.267775   708   738 I AT      : AT> AT+CREG? (RIL_CMD_READER_1, tid:540680397904)
09-20 14:57:14.268141   974  1126 D RpNwSC[0]:  DataCache[GSM]: reg=4 lac=ffffffff cid=ffffffff rat=0 den=0 mdc=6
09-20 14:57:14.268145  1500  1640 D RILJ    : [4256]< OPERATOR {46001} [SUB0]
09-20 14:57:14.268179   974  1126 D RpNwSC[0]:  C2K data response error
09-20 14:57:14.268287   974  1126 D RfxStatusManager: setValue() slot(0) key = RFX_STATUS_KEY_SERVICE_STATE, old = [cs_reg=10, cs_rat=0, ps_reg=4, ps_rat=0, cdma_exist=1], new = [cs_reg=10, cs_rat=0, ps_reg=4, ps_rat=0, cdma_exist=1], is_force = false, is_default = false
09-20 14:57:14.268563  1500  1640 D RILJ    : [4257]< DATA_REGISTRATION_STATE {4, -1, -1, 0, 0, 6} [SUB0]
09-20 14:57:14.268566   974  1126 D RpNwSC[0]:  VoiceCache[GSM]: reg=10 lac=ffffffff cid=ffffffff rat=0 css=0 sid=0 nid=0 roam=1 css=0
09-20 14:57:14.268600   974  1126 D RpNwSC[0]:  C2K voice response error
09-20 14:57:14.268707   974  1126 D RfxStatusManager: setValue() slot(0) key = RFX_STATUS_KEY_SERVICE_STATE, old = [cs_reg=10, cs_rat=0, ps_reg=4, ps_rat=0, cdma_exist=1], new = [cs_reg=10, cs_rat=0, ps_reg=4, ps_rat=0, cdma_exist=1], is_force = false, is_default = false
09-20 14:57:14.268778  1211  1248 I C2K_AT  : <fd 44> AT < +CME ERROR:10 (NW_CHANNEL, tid:4117768480)
09-20 14:57:14.269024  1500  1640 D RILJ    : [4258]< VOICE_REGISTRATION_STATE {10, ffffffff, ffffffff, 0, 0, 0, 0, 0, 0, 0, 1, 0, 0, 0, -1, 1} [SUB0]
09-20 14:57:14.269024  1211  1235 D C2K_RIL : fake value uim status
09-20 14:57:14.269079  1211  1235 D C2K_RIL : getRUIMStatus: ret = 0
09-20 14:57:14.269182  1211  1235 I LIBC2K_RIL: DATA_REGISTRATION_STATE execute on NW_CHANNEL using channel 3
09-20 14:57:14.269219  1211  1235 D C2K_RIL : C2K onRequest: DATA_REGISTRATION_STATE, sState= 0, smsReadyReported= 1, uimInsertedReported= 1
09-20 14:57:14.269268  1211  1235 I LIBC2K_RIL: VOICE_REGISTRATION_STATE execute on NW_CHANNEL using channel 3
09-20 14:57:14.269304  1211  1235 D C2K_RIL : C2K onRequest: VOICE_REGISTRATION_STATE, sState= 0, smsReadyReported= 1, uimInsertedReported= 1
09-20 14:57:14.269757   974  1126 D RpNwSC[0]:  OptrCache: 46001,,
09-20 14:57:14.269797   974  1126 D RpNwSC[0]:  OptrCache: ,,
09-20 14:57:14.270068   974  1126 D RpNwSC[0]:  DataCache[GSM]: reg=4 lac=ffffffff cid=ffffffff rat=0 den=0 mdc=6
09-20 14:57:14.270097   974  1126 D RpNwSC[0]:  C2K data response error
09-20 14:57:14.270207   974  1126 D RfxStatusManager: setValue() slot(0) key = RFX_STATUS_KEY_SERVICE_STATE, old = [cs_reg=10, cs_rat=0, ps_reg=4, ps_rat=0, cdma_exist=1], new = [cs_reg=10, cs_rat=0, ps_reg=4, ps_rat=0, cdma_exist=1], is_force = false, is_default = false
09-20 14:57:14.270216   708   753 I AT      : AT< +CREG: 3,0,"253D","00004089",0,0,0 (RIL_CMD_READER_1, tid:540680397904)
09-20 14:57:14.270711  1500  1640 D RILJ    : [4260]< OPERATOR {46001} [SUB0]
09-20 14:57:14.270779   708   753 I AT      : AT< OK (RIL_CMD_READER_1, tid:540680397904)
09-20 14:57:14.270942  1500  1500 D SST     : [GsmSST0] opNames:46001 len=5
09-20 14:57:14.271011  1500  1640 D RILJ    : [4261]< DATA_REGISTRATION_STATE {4, -1, -1, 0, 0, 6} [SUB0]
09-20 14:57:14.271233   708   738 D RIL-NW  : [0]RestrictedStateChanged: 18 0 1 20
09-20 14:57:14.271383   708   738 I RILC-MTK: proxy id:1, proxyName: RIL_CMD_PROXY_3, QUERY_NETWORK_SELECTION_MODE pRI=0x7de48290a0 p=0x7de4834a70 execute on RIL_CMD_PROXY_3 using channel 1
09-20 14:57:14.271418   708   738 D RIL     : onRequest: QUERY_NETWORK_SELECTION_MODE, datalen = 0, radioState:10
09-20 14:57:14.271447   708   738 I AT      : AT> AT+COPS? (RIL_CMD_READER_1, tid:540680397904)
09-20 14:57:14.272341  1500  1500 D SST     : [GsmSST0] set Lac to previous value
09-20 14:57:14.272420  1500  1500 D SST     : [GsmSST0] set Cid to previous value
09-20 14:57:14.274105   974  1126 D RpNwSC[0]:  VoiceCache[GSM]: reg=10 lac=ffffffff cid=ffffffff rat=0 css=0 sid=0 nid=0 roam=1 css=0
09-20 14:57:14.274176   974  1126 D RpNwSC[0]:  C2K voice response error
09-20 14:57:14.274423   974  1126 D RfxStatusManager: setValue() slot(0) key = RFX_STATUS_KEY_SERVICE_STATE, old = [cs_reg=10, cs_rat=0, ps_reg=4, ps_rat=0, cdma_exist=1], new = [cs_reg=10, cs_rat=0, ps_reg=4, ps_rat=0, cdma_exist=1], is_force = false, is_default = false
09-20 14:57:14.274943  1500  1640 D RILJ    : [4262]< VOICE_REGISTRATION_STATE {10, ffffffff, ffffffff, 0, 0, 0, 0, 0, 0, 0, 1, 0, 0, 0, -1, 1} [SUB0]
09-20 14:57:14.275831   708   753 I AT      : AT< +COPS: 0 (RIL_CMD_READER_1, tid:540680397904)
09-20 14:57:14.275882   708   753 I AT      : AT< OK (RIL_CMD_READER_1, tid:540680397904)
09-20 14:57:14.276558  1500  1500 E SST     : [GsmSST0] error parsing RegistrationState: java.lang.NumberFormatException: For input string: "ffffffff"
09-20 14:57:14.276749  1500  1500 D SST     : [GsmSST0] regState = 10, isVoiceCapable = true, mEmergencyOnly = true
09-20 14:57:14.277202  1500  1640 D RILJ    : [4263]< QUERY_NETWORK_SELECTION_MODE {0} [SUB0]
09-20 14:57:14.277529  1500  1500 D SST     : [GsmSST0] set roaming=false,mGsmRoaming= false,mDataRoaming= false
09-20 14:57:14.278525  1500  1500 D SST     : [GsmSST0] Poll ServiceState done:  oldSS=[1 1 voice home data home null null null null null null  LTE Unknown CSS not supported -1 -1 RoamInd=-1 DefRoamInd=-1 EmergOnly=true Ril Voice Regist state: 0 Ril Data Regist state: 4 mProprietaryDataRadioTechnology: 0 VoiceRejectCause: 0 DataRejectCause: -1 IsDataRoamingFromRegistration=false] newSS=[1 1 voice home data home null null null null null null  LTE Unknown CSS not supported -1 -1 RoamInd=-1 DefRoamInd=-1 EmergOnly=true Ril Voice Regist state: 0 Ril Data Regist state: 4 mProprietaryDataRadioTechnology: 0 VoiceRejectCause: 0 DataRejectCause: -1 IsDataRoamingFromRegistration=false] oldMaxDataCalls=6 mNewMaxDataCalls=6 oldReasonDataDenied=-1 mNewReasonDataDenied=-1
09-20 14:57:14.278635  1500  1500 D SST     : [GsmSST0] pollStateDone,hasRegistered:false,hasDeregistered:false,hasGprsAttached:false,hasRilVoiceRadioTechnologyChanged:false,hasRilDataRadioTechnologyChanged:false,hasVoiceRegStateChanged:false,hasDataRegStateChanged:false,hasChanged:false,hasVoiceRoamingOn:false,hasVoiceRoamingOff:false,hasDataRoamingOn:false,hasDataRoamingOff:false,hasLocationChanged:false,hasLacChanged:false,sReceiveNitz:false
09-20 14:57:14.441232  1500  1638 D RILJ    : ACK_WAKE_LOCK_TIMEOUT
09-20 14:57:14.733500   375  1270 E RPC     : RPC-client RX thread after select! - (0)
09-20 14:57:15.234181   375  1270 E RPC     : RPC-client RX thread after select! - (0)
09-20 14:57:15.561142  1500  1512 D SubscriptionController: [getPhoneId]- no sims, returning default phoneId=2147483647, subId10
09-20 14:57:15.568787  1500  2127 D SubscriptionController: [getPhoneId]- no sims, returning default phoneId=2147483647, subId10
09-20 14:57:15.729821   708   749 I RILC    : NUMBER:1
09-20 14:57:15.729854   708   749 I RILC    : arg len:14
09-20 14:57:15.729872   708   749 I RILC    : ARGS[0]:THERMAL,0,-1
09-20 14:57:15.730000   708   749 I RILC-MTK: set request 2502 to protocal 1, proxyId=3
09-20 14:57:15.730408   708   740 I RILC-MTK: proxy id:3, proxyName: RIL_CMD_PROXY_1, QUERY_MODEM_THERMAL pRI=0x7de48292b0 p=0x7de4832ee0 execute on RIL_CMD_PROXY_1 using channel 3
09-20 14:57:15.730496   708   740 D RIL     : onRequest: QUERY_MODEM_THERMAL, datalen = 8, radioState:10
09-20 14:57:15.730547   708   740 D RIL-OEM : requestQueryThermal Enter,-1
09-20 14:57:15.730597   708   740 I AT      : AT> AT+ETHERMAL (RIL_CMD_READER_3, tid:540678325328)
09-20 14:57:15.734655   375  1270 E RPC     : RPC-client RX thread after select! - (0)
09-20 14:57:15.739629   708   755 I AT      : AT< +ETHERMAL: 1, 32767,,, -1, 32767, 2 (RIL_CMD_READER_3, tid:540678325328)
09-20 14:57:15.740120   708   755 I AT      : AT< OK (RIL_CMD_READER_3, tid:540678325328)
09-20 14:57:15.740249   708   740 D RIL-OEM : requestQueryThermal success
09-20 14:57:16.235404   375  1270 E RPC     : RPC-client RX thread after select! - (0)
09-20 14:57:16.736232   375  1270 E RPC     : RPC-client RX thread after select! - (0)
09-20 14:57:17.236922   375  1270 E RPC     : RPC-client RX thread after select! - (0)
09-20 14:57:17.737615   375  1270 E RPC     : RPC-client RX thread after select! - (0)
09-20 14:57:18.238279   375  1270 E RPC     : RPC-client RX thread after select! - (0)
09-20 14:57:18.738936   375  1270 E RPC     : RPC-client RX thread after select! - (0)
09-20 14:57:18.947781   708   752 I AT      : AT< +ECSQ: 31,99,-317,1,1,1,1,0,32767 (RIL_URC_READER, tid:0)
09-20 14:57:18.947935   708   752 I RILC    : RIL_SOCKET_1 UNSOLICITED: UNSOL_SIGNAL_STRENGTH length:72
