09-20 14:57:18.948001   708   882 I RIL     : [GSM MAL] URC send success, rid 0, ret 0: 
09-20 14:57:18.948001   708   882 I RIL     : +ECSQ: 31,99,-317,1,1,1,1,0,32767
09-20 14:57:18.949241   974  1126 D RpNwSC[0]:  Sig: gsm[16 99] c2k[120 2560 120 -64 8] lte[99 2147483647 2147483647 2147483647 2147483647] tds[2147483647] umts[79 2147483647 2147483647]
09-20 14:57:18.949304   974  1126 D RilMalClient: UNSOL_TO_MAL: remap to unsol resp(1009)
09-20 14:57:18.949349   974  1126 D RpRilClientController: leave blocking write
09-20 14:57:18.949369   974  1126 D RpRilClientController: leave blocking write
09-20 14:57:18.950569  1500  1500 D SST     : [GsmSST0] handle EVENT_SIGNAL_STRENGTH_UPDATE
09-20 14:57:18.950646  1500  1500 W SignalStrength: Signal before validate=SignalStrength: 16 99 120 2560 120 -64 8 99 2147483647 2147483647 2147483647 2147483647 2147483647 gsm|lte 79 2147483647 2147483647
09-20 14:57:18.950677  1500  1500 W SignalStrength: Signal after validate=SignalStrength: 16 99 -120 -2560 -120 -1 8 99 2147483647 2147483647 2147483647 2147483647 2147483647 gsm|lte 79 2147483647 2147483647
09-20 14:57:18.952820  1500  1500 D SubscriptionController: [getPhoneId] asked for default subId=10
09-20 14:57:18.953229  1500  1500 D SubscriptionController: [getPhoneId]- no sims, returning default phoneId=2147483647, subId10
09-20 14:57:18.954337  1500  1500 D SubscriptionController: [getPhoneId]- no sims, returning default phoneId=2147483647, subId10
09-20 14:57:18.955168  1500  1500 D SubscriptionController: [getPhoneId] asked for default subId=10
09-20 14:57:18.955514  1500  1500 D SubscriptionController: [getPhoneId]- no sims, returning default phoneId=2147483647, subId10
09-20 14:57:18.956419  1500  1500 D SubscriptionController: [getPhoneId] asked for default subId=10
09-20 14:57:18.956847  1500  1500 D SubscriptionController: [getPhoneId]- no sims, returning default phoneId=2147483647, subId10
09-20 14:57:18.957902  1500  1500 D SubscriptionController: [getPhoneId] asked for default subId=10
09-20 14:57:18.958259  1500  1500 D SubscriptionController: [getPhoneId]- no sims, returning default phoneId=2147483647, subId10
09-20 14:57:18.959137  1500  1500 D SubscriptionController: [getPhoneId] asked for default subId=10
09-20 14:57:18.959470  1500  1500 D SubscriptionController: [getPhoneId]- no sims, returning default phoneId=2147483647, subId10
09-20 14:57:18.960765  1500  1500 D SubscriptionController: [getPhoneId] asked for default subId=10
09-20 14:57:18.961126  1500  1500 D SubscriptionController: [getPhoneId]- no sims, returning default phoneId=2147483647, subId10
09-20 14:57:18.962023  1500  1500 D SubscriptionController: [getPhoneId] asked for default subId=10
09-20 14:57:18.962355  1500  1500 D SubscriptionController: [getPhoneId]- no sims, returning default phoneId=2147483647, subId10
09-20 14:57:18.962707  1260  1401 I use-Rlog/RLOG-GSM: op01_mapLteSignalLevel=0
09-20 14:57:18.962756  1260  1401 W SignalStrength: getTdScdmaLevel = 0
09-20 14:57:18.962776  1260  1401 W SignalStrength: getLevel=4
09-20 14:57:19.239651   375  1270 E RPC     : RPC-client RX thread after select! - (0)
09-20 14:57:19.740311   375  1270 E RPC     : RPC-client RX thread after select! - (0)
09-20 14:57:20.241047   375  1270 E RPC     : RPC-client RX thread after select! - (0)
09-20 14:57:20.586089  1500  2126 D SubscriptionController: [getPhoneId]- no sims, returning default phoneId=2147483647, subId10
09-20 14:57:20.600000  1500  1715 D SubscriptionController: [getPhoneId]- no sims, returning default phoneId=2147483647, subId10
09-20 14:57:20.741713   375  1270 E RPC     : RPC-client RX thread after select! - (0)
09-20 14:57:21.242043   375  1270 E RPC     : RPC-client RX thread after select! - (0)
09-20 14:57:21.743004   375  1270 E RPC     : RPC-client RX thread after select! - (0)
09-20 14:57:22.243736   375  1270 E RPC     : RPC-client RX thread after select! - (0)
09-20 14:57:22.744397   375  1270 E RPC     : RPC-client RX thread after select! - (0)
09-20 14:57:23.245070   375  1270 E RPC     : RPC-client RX thread after select! - (0)
09-20 14:57:23.745780   375  1270 E RPC     : RPC-client RX thread after select! - (0)
09-20 14:57:24.227225   974  1169 D RilMalClient: MAL_TO_RIL: request command map length: 16, req: 2106
09-20 14:57:24.227295   974  1169 D RilMalClient: MAL_TO_RIL: remap to ril request(2106)
09-20 14:57:24.227326   974  1169 D RilMalClient: enqueue request id 2106 with token 28160 for client 1001
09-20 14:57:24.227343   974  1169 D RilMalClient: Default destination is gsm, enqueue to slot 0
09-20 14:57:24.227385   974  1169 D RFX     : rfx_enqueue_request_message: request = 2106, slotId = 0, dest = 0,            token = 28160, clienId = 1001
09-20 14:57:24.227427   974  1169 D RfxDispatchThread: enqueueRequestMessage(): pRequest = 2106, pToken = 28160, token = 1113, clientId = 1001
09-20 14:57:24.227734   974  1126 D RpMalController: GSM socketIsConnected true
09-20 14:57:24.227761   974  1126 D RpMalController: RpMalController: handle request id 2106
09-20 14:57:24.228166   708   738 I RILC-MTK: proxy id:1, proxyName: RIL_CMD_PROXY_3, RIL_REQUEST_AT_COMMAND_WITH_PROXY pRI=0x7de4829340 p=0x7de4833180 execute on RIL_CMD_PROXY_3 using channel 1
09-20 14:57:24.228232   708   738 D RIL     : onRequest: RIL_REQUEST_AT_COMMAND_WITH_PROXY, datalen = 7, radioState:10
09-20 14:57:24.228273   708   738 I AT      : AT> AT+ECSQ (RIL_CMD_READER_1, tid:540680397904)
09-20 14:57:24.237924   708   753 I AT      : AT< +ECSQ: 31,99,-317,1,1,1,1,0,32767 (RIL_CMD_READER_1, tid:540680397904)
09-20 14:57:24.237966   708   753 I AT      : AT< OK (RIL_CMD_READER_1, tid:540680397904)
09-20 14:57:24.238623   974  1126 D RpMalController: Not Request, don't do check
09-20 14:57:24.238658   974  1126 D RpMalController: RpMalController: handle response id 2106
09-20 14:57:24.238687   974  1126 D RpRilClientController: Enter onClientRequestComplete
09-20 14:57:24.238702   974  1126 D RpRilClientController: Find client with client id: 1001
09-20 14:57:24.238715   974  1126 D RpRilClientController: Find client with client id: 1001
09-20 14:57:24.238728   974  1126 D RpRilClientController: onClientRequestComplete: fd is 34
09-20 14:57:24.238753   974  1126 D RilMalClient: Add Header for MAL Solicited Response
09-20 14:57:24.238808   974  1126 D RpRilClientController: leave blocking write
09-20 14:57:24.238828   974  1126 D RpRilClientController: leave blocking write
09-20 14:57:24.246465   375  1270 E RPC     : RPC-client RX thread after select! - (0)
09-20 14:57:24.747179   375  1270 E RPC     : RPC-client RX thread after select! - (0)
09-20 14:57:25.248024   375  1270 E RPC     : RPC-client RX thread after select! - (0)
09-20 14:57:25.744250   708   749 I RILC    : NUMBER:1
09-20 14:57:25.744358   708   749 I RILC    : arg len:14
09-20 14:57:25.744381   708   749 I RILC    : ARGS[0]:THERMAL,0,-1
09-20 14:57:25.744604   708   749 I RILC-MTK: set request 2502 to protocal 1, proxyId=3
09-20 14:57:25.744870   708   740 I RILC-MTK: proxy id:3, proxyName: RIL_CMD_PROXY_1, QUERY_MODEM_THERMAL pRI=0x7de48287d0 p=0x7de48333b0 execute on RIL_CMD_PROXY_1 using channel 3
09-20 14:57:25.744980   708   740 I AT      : AT> AT+ETHERMAL (RIL_CMD_READER_3, tid:540678325328)
09-20 14:57:25.748723   375  1270 E RPC     : RPC-client RX thread after select! - (0)
09-20 14:57:25.753113   708   755 I AT      : AT< +ETHERMAL: 1, 32767,,, -1, 32767, 2 (RIL_CMD_READER_3, tid:540678325328)
09-20 14:57:25.753388   708   755 I AT      : AT< OK (RIL_CMD_READER_3, tid:540678325328)
09-20 14:57:26.249427   375  1270 E RPC     : RPC-client RX thread after select! - (0)
09-20 14:57:26.750087   375  1270 E RPC     : RPC-client RX thread after select! - (0)
09-20 14:57:27.250752   375  1270 E RPC     : RPC-client RX thread after select! - (0)
09-20 14:57:27.751587   375  1270 E RPC     : RPC-client RX thread after select! - (0)
09-20 14:57:28.252099   375  1270 E RPC     : RPC-client RX thread after select! - (0)
09-20 14:57:28.752773   375  1270 E RPC     : RPC-client RX thread after select! - (0)
09-20 14:57:29.253523   375  1270 E RPC     : RPC-client RX thread after select! - (0)
09-20 14:57:29.754193   375  1270 E RPC     : RPC-client RX thread after select! - (0)
09-20 14:57:30.254862   375  1270 E RPC     : RPC-client RX thread after select! - (0)
09-20 14:57:30.755555   375  1270 E RPC     : RPC-client RX thread after select! - (0)
09-20 14:57:31.256237   375  1270 E RPC     : RPC-client RX thread after select! - (0)
09-20 14:57:31.756792   375  1270 E RPC     : RPC-client RX thread after select! - (0)
09-20 14:57:32.257522   375  1270 E RPC     : RPC-client RX thread after select! - (0)
09-20 14:57:32.758237   375  1270 E RPC     : RPC-client RX thread after select! - (0)
09-20 14:57:33.258947   375  1270 E RPC     : RPC-client RX thread after select! - (0)
09-20 14:57:33.333672   708   752 I AT      : AT< +ECSQ: 36,99,-300,1,1,1,1,0,32767 (RIL_URC_READER, tid:0)
09-20 14:57:33.333820   708   752 I RILC    : RIL_SOCKET_1 UNSOLICITED: UNSOL_SIGNAL_STRENGTH length:72
09-20 14:57:33.759705   375  1270 E RPC     : RPC-client RX thread after select! - (0)
09-20 14:57:34.227675   708   738 I RILC-MTK: proxy id:1, proxyName: RIL_CMD_PROXY_3, RIL_REQUEST_AT_COMMAND_WITH_PROXY pRI=0x7de4828800 p=0x7de4833ea0 execute on RIL_CMD_PROXY_3 using channel 1
09-20 14:57:34.227771   708   738 I AT      : AT> AT+ECSQ (RIL_CMD_READER_1, tid:540680397904)
09-20 14:57:34.235763   708   753 I AT      : AT< +ECSQ: 36,99,-300,1,1,1,1,0,32767 (RIL_CMD_READER_1, tid:540680397904)
09-20 14:57:34.236209   708   753 I AT      : AT< OK (RIL_CMD_READER_1, tid:540680397904)
09-20 14:57:34.260199   375  1270 E RPC     : RPC-client RX thread after select! - (0)
09-20 14:57:34.760871   375  1270 E RPC     : RPC-client RX thread after select! - (0)
09-20 14:57:35.261525   375  1270 E RPC     : RPC-client RX thread after select! - (0)
09-20 14:57:35.760065   708   749 I RILC    : NUMBER:1
09-20 14:57:35.760111   708   749 I RILC    : arg len:14
09-20 14:57:35.760131   708   749 I RILC    : ARGS[0]:THERMAL,0,-1
09-20 14:57:35.760254   708   749 I RILC-MTK: set request 2502 to protocal 1, proxyId=3
09-20 14:57:35.760458   708   740 I RILC-MTK: proxy id:3, proxyName: RIL_CMD_PROXY_1, QUERY_MODEM_THERMAL pRI=0x7de4828830 p=0x7de48327e0 execute on RIL_CMD_PROXY_1 using channel 3
09-20 14:57:35.760692   708   740 I AT      : AT> AT+ETHERMAL (RIL_CMD_READER_3, tid:540678325328)
09-20 14:57:35.762220   375  1270 E RPC     : RPC-client RX thread after select! - (0)
09-20 14:57:35.769096   708   755 I AT      : AT< +ETHERMAL: 1, 32767,,, -1, 32767, 2 (RIL_CMD_READER_3, tid:540678325328)
09-20 14:57:35.769754   708   755 I AT      : AT< OK (RIL_CMD_READER_3, tid:540678325328)
09-20 14:57:36.263041   375  1270 E RPC     : RPC-client RX thread after select! - (0)
09-20 14:57:36.763820   375  1270 E RPC     : RPC-client RX thread after select! - (0)
09-20 14:57:37.264479   375  1270 E RPC     : RPC-client RX thread after select! - (0)
09-20 14:57:37.765150   375  1270 E RPC     : RPC-client RX thread after select! - (0)
09-20 14:57:38.265710   375  1270 E RPC     : RPC-client RX thread after select! - (0)
09-20 14:57:38.766362   375  1270 E RPC     : RPC-client RX thread after select! - (0)
09-20 14:57:39.267072   375  1270 E RPC     : RPC-client RX thread after select! - (0)
09-20 14:57:39.303784  1500  1701 D SubscriptionController: [getSlotId]- size == 0, return SIM_NOT_INSERTED instead, subId =10
09-20 14:57:39.308967 11031 11031 D TelephonyManager: getSimState: default sim:-1, all SIMs absent, return state as absent
09-20 14:57:39.368913  1500  2126 D SubscriptionController: [getPhoneId]- no sims, returning default phoneId=2147483647, subId10
09-20 14:57:39.487181  1500  1500 D RILJ    : [4264]> RIL_REQUEST_GET_ACTIVITY_INFO [SUB0]
09-20 14:57:39.490229   974  1121 D RIL-RP  : [RilProxy] onRequest: request = 135, datalen = 0, radioState:10, slotId = 0
09-20 14:57:39.491335   708   740 I RILC-MTK: proxy id:3, proxyName: RIL_CMD_PROXY_1, RIL_REQUEST_GET_ACTIVITY_INFO pRI=0x7de4828980 p=0x7de4833110 execute on RIL_CMD_PROXY_1 using channel 3
09-20 14:57:39.491533   708   740 D RIL     : onRequest: RIL_REQUEST_GET_ACTIVITY_INFO, datalen = 0, radioState:10
09-20 14:57:39.491643   708   740 I AT      : AT> AT+ERFTX=11 (RIL_CMD_READER_3, tid:540678325328)
09-20 14:57:39.500818   708   755 I AT      : AT< +CME ERROR: 100 (RIL_CMD_READER_3, tid:540678325328)
09-20 14:57:39.500980   708   740 E RIL-OEM : requestGetActivityInfo error
09-20 14:57:39.502276  1500  1640 D RILJ    : [4264]< RIL_REQUEST_GET_ACTIVITY_INFO ModemActivityInfo{ mTimestamp=0 mSleepTimeMs=0 mIdleTimeMs=0 mTxTimeMs[]=[0, 0, 0, 0, 0] mRxTimeMs=0 mEnergyUsed=0} [SUB0]
09-20 14:57:39.767786   375  1270 E RPC     : RPC-client RX thread after select! - (0)
09-20 14:57:40.268152   375  1270 E RPC     : RPC-client RX thread after select! - (0)
09-20 14:57:40.681687  1500  1511 D SubscriptionController: [getPhoneId]- no sims, returning default phoneId=2147483647, subId10
09-20 14:57:40.688031  1500  2123 D SubscriptionController: [getPhoneId]- no sims, returning default phoneId=2147483647, subId10
09-20 14:57:40.768857   375  1270 E RPC     : RPC-client RX thread after select! - (0)
09-20 14:57:41.269611   375  1270 E RPC     : RPC-client RX thread after select! - (0)
09-20 14:57:41.770359   375  1270 E RPC     : RPC-client RX thread after select! - (0)
09-20 14:57:41.847039  1500  2127 D SubscriptionController: [getPhoneId]- no sims, returning default phoneId=2147483647, subId10
09-20 14:57:41.848294  1500  1511 D SubscriptionController: [getPhoneId]- no sims, returning default phoneId=2147483647, subId10
09-20 14:57:41.849206  1500  2123 D SubscriptionController: [getPhoneId]- no sims, returning default phoneId=2147483647, subId10
09-20 14:57:42.271060   375  1270 E RPC     : RPC-client RX thread after select! - (0)
09-20 14:57:42.771762   375  1270 E RPC     : RPC-client RX thread after select! - (0)
09-20 14:57:43.272041   375  1270 E RPC     : RPC-client RX thread after select! - (0)
09-20 14:57:43.772702   375  1270 E RPC     : RPC-client RX thread after select! - (0)
09-20 14:57:44.158928  1500  1500 D DCT     : [0]Wifi state changed
09-20 14:57:44.159045  1500  1500 D DCT     : [0]WIFI_STATE_CHANGED_ACTION: enabled=false mIsWifiConnected=false
09-20 14:57:44.159131  1500  1500 D DCT     : [1]Wifi state changed
09-20 14:57:44.159177  1500  1500 D DCT     : [1]WIFI_STATE_CHANGED_ACTION: enabled=false mIsWifiConnected=false
09-20 14:57:44.162434  1500  2126 D IccCardProxy: hasIccCard(): isSimInsert =  false ,CardState = CARDSTATE_ABSENT, iccId = N/A (slot 0)
09-20 14:57:44.164026  1500  1715 D IccCardProxy: hasIccCard(): isSimInsert =  false ,CardState = CARDSTATE_ABSENT, iccId = N/A (slot 1)
09-20 14:57:44.165879  1500  1511 D SubscriptionController: [getPhoneId]- no sims, returning default phoneId=2147483647, subId10
09-20 14:57:44.166423  1431  1431 I use-Rlog/RLOG-GSM: op01_mapLteSignalLevel=0
09-20 14:57:44.166468  1431  1431 W SignalStrength: getTdScdmaLevel = 0
09-20 14:57:44.166486  1431  1431 W SignalStrength: getLevel=0
09-20 14:57:44.167123  1526  1526 D RadioManager: [RadioManager] isFlightModePowerOffModemEnabled: hasIccCard: false
09-20 14:57:44.176238  1500  2123 D SubscriptionController: [getPhoneId]- no sims, returning default phoneId=2147483647, subId10
09-20 14:57:44.182289  1500  1715 D SubscriptionController: [getPhoneId]- no sims, returning default phoneId=2147483647, subId10
09-20 14:57:44.186660  1500  2127 D SubscriptionController: [getPhoneId]- no sims, returning default phoneId=2147483647, subId10
09-20 14:57:44.191826  1500  1512 D SubscriptionController: [getPhoneId]- no sims, returning default phoneId=2147483647, subId10
09-20 14:57:44.227443   974  1169 D RilMalClient: MAL_TO_RIL: request command map length: 16, req: 2106
09-20 14:57:44.227502   974  1169 D RilMalClient: MAL_TO_RIL: remap to ril request(2106)
09-20 14:57:44.227530   974  1169 D RilMalClient: enqueue request id 2106 with token 28672 for client 1001
09-20 14:57:44.227552   974  1169 D RilMalClient: Default destination is gsm, enqueue to slot 0
09-20 14:57:44.227588   974  1169 D RFX     : rfx_enqueue_request_message: request = 2106, slotId = 0, dest = 0,            token = 28672, clienId = 1001
09-20 14:57:44.227627   974  1169 D RfxDispatchThread: enqueueRequestMessage(): pRequest = 2106, pToken = 28672, token = 1117, clientId = 1001
09-20 14:57:44.227910   974  1126 D RpMalController: GSM socketIsConnected true
09-20 14:57:44.227934   974  1126 D RpMalController: RpMalController: handle request id 2106
09-20 14:57:44.228425   708   738 I RILC-MTK: proxy id:1, proxyName: RIL_CMD_PROXY_3, RIL_REQUEST_AT_COMMAND_WITH_PROXY pRI=0x7de4828f50 p=0x7de4833ff0 execute on RIL_CMD_PROXY_3 using channel 1
09-20 14:57:44.228552   708   738 D RIL     : onRequest: RIL_REQUEST_AT_COMMAND_WITH_PROXY, datalen = 7, radioState:10
09-20 14:57:44.228592   708   738 I AT      : AT> AT+ECSQ (RIL_CMD_READER_1, tid:540680397904)
09-20 14:57:44.238149   708   753 I AT      : AT< +ECSQ: 36,99,-300,1,1,1,1,0,32767 (RIL_CMD_READER_1, tid:540680397904)
09-20 14:57:44.238257   708   753 I AT      : AT< OK (RIL_CMD_READER_1, tid:540680397904)
09-20 14:57:44.238849   974  1126 D RpMalController: Not Request, don't do check
09-20 14:57:44.238889   974  1126 D RpMalController: RpMalController: handle response id 2106
09-20 14:57:44.238916   974  1126 D RpRilClientController: Enter onClientRequestComplete
09-20 14:57:44.238931   974  1126 D RpRilClientController: Find client with client id: 1001
09-20 14:57:44.238945   974  1126 D RpRilClientController: Find client with client id: 1001
09-20 14:57:44.238959   974  1126 D RpRilClientController: onClientRequestComplete: fd is 34
09-20 14:57:44.238981   974  1126 D RilMalClient: Add Header for MAL Solicited Response
09-20 14:57:44.239034   974  1126 D RpRilClientController: leave blocking write
09-20 14:57:44.239054   974  1126 D RpRilClientController: leave blocking write
09-20 14:57:44.273520   375  1270 E RPC     : RPC-client RX thread after select! - (0)
09-20 14:57:44.774307  1500  1500 D DCT     : [0]Wifi state changed
09-20 14:57:44.774492  1500  1500 D DCT     : [0]WIFI_STATE_CHANGED_ACTION: enabled=true mIsWifiConnected=false
09-20 14:57:44.774591  1500  1500 D DCT     : [1]Wifi state changed
09-20 14:57:44.774674  1500  1500 D DCT     : [1]WIFI_STATE_CHANGED_ACTION: enabled=true mIsWifiConnected=false
09-20 14:57:44.774831   375  1270 E RPC     : RPC-client RX thread after select! - (0)
09-20 14:57:44.777703  1500  2126 D use-Rlog/RLOG-GSM: [RadioCapSwitchUtil] getMainCapabilityPhoneId 0
09-20 14:57:44.781421  1500  1701 D SubscriptionController: [getPhoneId]- no sims, returning default phoneId=2147483647, subId10
09-20 14:57:44.782110   974  1169 D RilMalClient: MAL_TO_RIL: request command map length: 16, req: 2106
09-20 14:57:44.782145   974  1169 D RilMalClient: MAL_TO_RIL: remap to ril request(2106)
09-20 14:57:44.783382   974  1169 D RilMalClient: enqueue request id 2106 with token 28928 for client 1001
09-20 14:57:44.783428   974  1169 D RilMalClient: Default destination is gsm, enqueue to slot 0
09-20 14:57:44.783482   974  1169 D RFX     : rfx_enqueue_request_message: request = 2106, slotId = 0, dest = 0,            token = 28928, clienId = 1001
09-20 14:57:44.783529   974  1169 D RfxDispatchThread: enqueueRequestMessage(): pRequest = 2106, pToken = 28928, token = 1118, clientId = 1001
09-20 14:57:44.785161   974  1126 D RpMalController: GSM socketIsConnected true
09-20 14:57:44.785200   974  1126 D RpMalController: RpMalController: handle request id 2106
09-20 14:57:44.785881  1431  1431 I use-Rlog/RLOG-GSM: op01_mapLteSignalLevel=0
09-20 14:57:44.785914  1431  1431 W SignalStrength: getTdScdmaLevel = 0
09-20 14:57:44.785932  1431  1431 W SignalStrength: getLevel=0
09-20 14:57:44.787355   708   738 I RILC-MTK: proxy id:1, proxyName: RIL_CMD_PROXY_3, RIL_REQUEST_AT_COMMAND_WITH_PROXY pRI=0x7de4828f80 p=0x7de4834290 execute on RIL_CMD_PROXY_3 using channel 1
09-20 14:57:44.787447   708   738 D RIL     : onRequest: RIL_REQUEST_AT_COMMAND_WITH_PROXY, datalen = 7, radioState:10
09-20 14:57:44.787486   708   738 I AT      : AT> AT+ECSQ (RIL_CMD_READER_1, tid:540680397904)
09-20 14:57:44.788534  1500  2127 D use-Rlog/RLOG-GSM: [RadioCapSwitchUtil] getMainCapabilityPhoneId 0
09-20 14:57:44.789631  1500  2126 D IccCardProxy: hasIccCard(): isSimInsert =  false ,CardState = CARDSTATE_ABSENT, iccId = N/A (slot 0)
09-20 14:57:44.790956  1500  2123 D SubscriptionController: [getPhoneId]- no sims, returning default phoneId=2147483647, subId10
09-20 14:57:44.796138   708   753 I AT      : AT< +ECSQ: 36,99,-300,1,1,1,1,0,32767 (RIL_CMD_READER_1, tid:540680397904)
09-20 14:57:44.796527  1500  1701 D IccCardProxy: hasIccCard(): isSimInsert =  false ,CardState = CARDSTATE_ABSENT, iccId = N/A (slot 1)
09-20 14:57:44.796714  1526  1526 D RadioManager: [RadioManager] isFlightModePowerOffModemEnabled: hasIccCard: false
09-20 14:57:44.796888   708   753 I AT      : AT< OK (RIL_CMD_READER_1, tid:540680397904)
09-20 14:57:44.798142   974  1126 D RpMalController: Not Request, don't do check
09-20 14:57:44.798180   974  1126 D RpMalController: RpMalController: handle response id 2106
09-20 14:57:44.798216   974  1126 D RpRilClientController: Enter onClientRequestComplete
09-20 14:57:44.798232   974  1126 D RpRilClientController: Find client with client id: 1001
09-20 14:57:44.798245   974  1126 D RpRilClientController: Find client with client id: 1001
09-20 14:57:44.798261   974  1126 D RpRilClientController: onClientRequestComplete: fd is 34
09-20 14:57:44.798284   974  1126 D RilMalClient: Add Header for MAL Solicited Response
09-20 14:57:44.798335   974  1126 D RpRilClientController: leave blocking write
09-20 14:57:44.798355   974  1126 D RpRilClientController: leave blocking write
09-20 14:57:44.800464  1500  1511 D SubscriptionController: [getPhoneId]- no sims, returning default phoneId=2147483647, subId10
09-20 14:57:44.804628  1500  2126 D SubscriptionController: [getPhoneId]- no sims, returning default phoneId=2147483647, subId10
09-20 14:57:44.813179  1500  2123 D SubscriptionController: [getPhoneId]- no sims, returning default phoneId=2147483647, subId10
09-20 14:57:44.912844  1500  1500 D DCT     : [0]NETWORK_STATE_CHANGED_ACTION: mIsWifiConnected=false
09-20 14:57:44.913035  1500  1500 D DCT     : [1]NETWORK_STATE_CHANGED_ACTION: mIsWifiConnected=false
09-20 14:57:44.914195  1500  1511 D SubscriptionController: [getPhoneId]- no sims, returning default phoneId=2147483647, subId10
09-20 14:57:44.914974  1431  1431 I use-Rlog/RLOG-GSM: op01_mapLteSignalLevel=0
09-20 14:57:44.915009  1431  1431 W SignalStrength: getTdScdmaLevel = 0
09-20 14:57:44.915030  1431  1431 W SignalStrength: getLevel=0
09-20 14:57:44.918289  1500  2126 D SubscriptionController: [getPhoneId]- no sims, returning default phoneId=2147483647, subId10
09-20 14:57:44.922946  1500  2123 D SubscriptionController: [getPhoneId]- no sims, returning default phoneId=2147483647, subId10
09-20 14:57:44.927846  1500  1512 D SubscriptionController: [getPhoneId]- no sims, returning default phoneId=2147483647, subId10
09-20 14:57:44.933993  1500  2127 D SubscriptionController: [getPhoneId]- no sims, returning default phoneId=2147483647, subId10
09-20 14:57:44.980280  1500  1500 D DCT     : [0]NETWORK_STATE_CHANGED_ACTION: mIsWifiConnected=false
09-20 14:57:44.980883  1500  1500 D DCT     : [1]NETWORK_STATE_CHANGED_ACTION: mIsWifiConnected=false
09-20 14:57:44.983389  1500  1701 D SubscriptionController: [getPhoneId]- no sims, returning default phoneId=2147483647, subId10
09-20 14:57:44.983872  1431  1431 I use-Rlog/RLOG-GSM: op01_mapLteSignalLevel=0
09-20 14:57:44.983902  1431  1431 W SignalStrength: getTdScdmaLevel = 0
09-20 14:57:44.983920  1431  1431 W SignalStrength: getLevel=0
09-20 14:57:44.992243  1500  1511 D SubscriptionController: [getPhoneId]- no sims, returning default phoneId=2147483647, subId10
09-20 14:57:44.998062  1500  2126 D SubscriptionController: [getPhoneId]- no sims, returning default phoneId=2147483647, subId10
09-20 14:57:45.004177  1500  2123 D SubscriptionController: [getPhoneId]- no sims, returning default phoneId=2147483647, subId10
09-20 14:57:45.011216  1500  1512 D SubscriptionController: [getPhoneId]- no sims, returning default phoneId=2147483647, subId10
09-20 14:57:45.026814  1500  2127 D SubscriptionController: [getPhoneId]- no sims, returning default phoneId=2147483647, subId10
09-20 14:57:45.028778  1500  1715 D SubscriptionController: [getPhoneId]- no sims, returning default phoneId=2147483647, subId10
09-20 14:57:45.275477   375  1270 E RPC     : RPC-client RX thread after select! - (0)
09-20 14:57:45.775394   708   749 I RILC    : NUMBER:1
09-20 14:57:45.775432   708   749 I RILC    : arg len:14
09-20 14:57:45.775456   708   749 I RILC    : ARGS[0]:THERMAL,0,-1
09-20 14:57:45.775615   708   749 I RILC-MTK: set request 2502 to protocal 1, proxyId=3
09-20 14:57:45.775814   708   740 I RILC-MTK: proxy id:3, proxyName: RIL_CMD_PROXY_1, QUERY_MODEM_THERMAL pRI=0x7de48290d0 p=0x7de4834300 execute on RIL_CMD_PROXY_1 using channel 3
09-20 14:57:45.775876   708   740 D RIL     : onRequest: QUERY_MODEM_THERMAL, datalen = 8, radioState:10
09-20 14:57:45.775911   708   740 D RIL-OEM : requestQueryThermal Enter,-1
09-20 14:57:45.775956   708   740 I AT      : AT> AT+ETHERMAL (RIL_CMD_READER_3, tid:540678325328)
09-20 14:57:45.776136   375  1270 E RPC     : RPC-client RX thread after select! - (0)
09-20 14:57:45.784969   708   755 I AT      : AT< +ETHERMAL: 1, 32767,,, -1, 32767, 2 (RIL_CMD_READER_3, tid:540678325328)
09-20 14:57:45.785029   708   755 I AT      : AT< OK (RIL_CMD_READER_3, tid:540678325328)
09-20 14:57:45.785128   708   740 D RIL-OEM : requestQueryThermal success
09-20 14:57:45.987387  1500  1511 D SubscriptionController: [getPhoneId]- no sims, returning default phoneId=2147483647, subId10
09-20 14:57:45.989655  1500  2126 D SubscriptionController: [getPhoneId]- no sims, returning default phoneId=2147483647, subId10
09-20 14:57:45.996874  1500  1511 D SubscriptionController: [getPhoneId]- no sims, returning default phoneId=2147483647, subId10
09-20 14:57:45.998928  1500  2126 D SubscriptionController: [getPhoneId]- no sims, returning default phoneId=2147483647, subId10
09-20 14:57:46.005228  1500  1511 D SubscriptionController: [getPhoneId]- no sims, returning default phoneId=2147483647, subId10
09-20 14:57:46.008479  1500  2126 D SubscriptionController: [getPhoneId]- no sims, returning default phoneId=2147483647, subId10
09-20 14:57:46.010363  1500  2123 D SubscriptionController: [getPhoneId]- no sims, returning default phoneId=2147483647, subId10
09-20 14:57:46.012941  1500  1512 D SubscriptionController: [getPhoneId]- no sims, returning default phoneId=2147483647, subId10
09-20 14:57:46.276847   375  1270 E RPC     : RPC-client RX thread after select! - (0)
09-20 14:57:46.777503   375  1270 E RPC     : RPC-client RX thread after select! - (0)
09-20 14:57:46.993019  1500  1500 D DCT     : [0]NETWORK_STATE_CHANGED_ACTION: mIsWifiConnected=false
09-20 14:57:46.993190  1500  1500 D DCT     : [1]NETWORK_STATE_CHANGED_ACTION: mIsWifiConnected=false
09-20 14:57:46.995155  1500  1701 D SubscriptionController: [getPhoneId]- no sims, returning default phoneId=2147483647, subId10
09-20 14:57:46.995715  1431  1431 I use-Rlog/RLOG-GSM: op01_mapLteSignalLevel=0
09-20 14:57:46.995745  1431  1431 W SignalStrength: getTdScdmaLevel = 0
09-20 14:57:46.995763  1431  1431 W SignalStrength: getLevel=0
09-20 14:57:46.998329  1500  1500 D DCT     : [0]NETWORK_STATE_CHANGED_ACTION: mIsWifiConnected=false
09-20 14:57:47.002557  1500  1500 D DCT     : [1]NETWORK_STATE_CHANGED_ACTION: mIsWifiConnected=false
09-20 14:57:47.004406  1500  2126 D SubscriptionController: [getPhoneId]- no sims, returning default phoneId=2147483647, subId10
09-20 14:57:47.009289  1500  2123 D SubscriptionController: [getPhoneId]- no sims, returning default phoneId=2147483647, subId10
09-20 14:57:47.017464  1500  1512 D SubscriptionController: [getPhoneId]- no sims, returning default phoneId=2147483647, subId10
09-20 14:57:47.025964  1500  2127 D SubscriptionController: [getPhoneId]- no sims, returning default phoneId=2147483647, subId10
09-20 14:57:47.029981  1500  1715 D SubscriptionController: [getPhoneId]- no sims, returning default phoneId=2147483647, subId10
09-20 14:57:47.030369  1431  1431 I use-Rlog/RLOG-GSM: op01_mapLteSignalLevel=0
09-20 14:57:47.030403  1431  1431 W SignalStrength: getTdScdmaLevel = 0
09-20 14:57:47.030420  1431  1431 W SignalStrength: getLevel=0
09-20 14:57:47.038321  1500  1701 D SubscriptionController: [getPhoneId]- no sims, returning default phoneId=2147483647, subId10
09-20 14:57:47.041882  1500  1511 D SubscriptionController: [getPhoneId]- no sims, returning default phoneId=2147483647, subId10
09-20 14:57:47.047721  1500  2126 D SubscriptionController: [getPhoneId]- no sims, returning default phoneId=2147483647, subId10
09-20 14:57:47.050867  1500  2123 D SubscriptionController: [getPhoneId]- no sims, returning default phoneId=2147483647, subId10
09-20 14:57:47.076725  1500  1512 D SubscriptionController: [getPhoneId]- no sims, returning default phoneId=2147483647, subId10
09-20 14:57:47.102436  1500  2127 D SubscriptionController: [getPhoneId]- no sims, returning default phoneId=2147483647, subId10
09-20 14:57:47.278219   375  1270 E RPC     : RPC-client RX thread after select! - (0)
09-20 14:57:47.456737   708   752 I AT      : AT< +ECSQ: 26,99,-338,1,1,1,1,0,32767 (RIL_URC_READER, tid:0)
09-20 14:57:47.456905   708   752 I RILC    : RIL_SOCKET_1 UNSOLICITED: UNSOL_SIGNAL_STRENGTH length:72
09-20 14:57:47.456991   708   882 I RIL     : [GSM MAL] URC send success, rid 0, ret 0: 
09-20 14:57:47.456991   708   882 I RIL     : +ECSQ: 26,99,-338,1,1,1,1,0,32767
09-20 14:57:47.457678   974  1126 D RpNwSC[0]:  Sig: gsm[14 99] c2k[120 2560 120 -64 8] lte[99 2147483647 2147483647 2147483647 2147483647] tds[2147483647] umts[84 2147483647 2147483647]
09-20 14:57:47.457798   974  1126 D RilMalClient: UNSOL_TO_MAL: remap to unsol resp(1009)
09-20 14:57:47.457846   974  1126 D RpRilClientController: leave blocking write
09-20 14:57:47.457867   974  1126 D RpRilClientController: leave blocking write
09-20 14:57:47.458492  1500  1500 D SST     : [GsmSST0] handle EVENT_SIGNAL_STRENGTH_UPDATE
09-20 14:57:47.458592  1500  1500 W SignalStrength: Signal before validate=SignalStrength: 14 99 120 2560 120 -64 8 99 2147483647 2147483647 2147483647 2147483647 2147483647 gsm|lte 84 2147483647 2147483647
09-20 14:57:47.458632  1500  1500 W SignalStrength: Signal after validate=SignalStrength: 14 99 -120 -2560 -120 -1 8 99 2147483647 2147483647 2147483647 2147483647 2147483647 gsm|lte 84 2147483647 2147483647
09-20 14:57:47.461282  1500  1500 D SubscriptionController: [getPhoneId] asked for default subId=10
09-20 14:57:47.461689  1500  1500 D SubscriptionController: [getPhoneId]- no sims, returning default phoneId=2147483647, subId10
09-20 14:57:47.462670  1500  1500 D SubscriptionController: [getPhoneId]- no sims, returning default phoneId=2147483647, subId10
09-20 14:57:47.463483  1500  1500 D SubscriptionController: [getPhoneId] asked for default subId=10
09-20 14:57:47.463872  1500  1500 D SubscriptionController: [getPhoneId]- no sims, returning default phoneId=2147483647, subId10
09-20 14:57:47.464950  1500  1500 D SubscriptionController: [getPhoneId] asked for default subId=10
09-20 14:57:47.465326  1500  1500 D SubscriptionController: [getPhoneId]- no sims, returning default phoneId=2147483647, subId10
09-20 14:57:47.466298  1500  1500 D SubscriptionController: [getPhoneId] asked for default subId=10
09-20 14:57:47.466704  1500  1500 D SubscriptionController: [getPhoneId]- no sims, returning default phoneId=2147483647, subId10
09-20 14:57:47.467639  1500  1500 D SubscriptionController: [getPhoneId] asked for default subId=10
09-20 14:57:47.468028  1500  1500 D SubscriptionController: [getPhoneId]- no sims, returning default phoneId=2147483647, subId10
09-20 14:57:47.469048  1500  1500 D SubscriptionController: [getPhoneId] asked for default subId=10
09-20 14:57:47.469417  1500  1500 D SubscriptionController: [getPhoneId]- no sims, returning default phoneId=2147483647, subId10
09-20 14:57:47.470404  1500  1500 D SubscriptionController: [getPhoneId] asked for default subId=10
09-20 14:57:47.470819  1500  1500 D SubscriptionController: [getPhoneId]- no sims, returning default phoneId=2147483647, subId10
09-20 14:57:47.471193  1260  1539 I use-Rlog/RLOG-GSM: op01_mapLteSignalLevel=0
09-20 14:57:47.471253  1260  1539 W SignalStrength: getTdScdmaLevel = 0
09-20 14:57:47.471277  1260  1539 W SignalStrength: getLevel=4
09-20 14:57:47.778896   375  1270 E RPC     : RPC-client RX thread after select! - (0)
09-20 14:57:48.031682  1500  1715 D SubscriptionController: [getPhoneId]- no sims, returning default phoneId=2147483647, subId10
09-20 14:57:48.033182  1500  1701 D SubscriptionController: [getPhoneId]- no sims, returning default phoneId=2147483647, subId10
09-20 14:57:48.036897  1500  1715 D SubscriptionController: [getPhoneId]- no sims, returning default phoneId=2147483647, subId10
09-20 14:57:48.038227  1500  1701 D SubscriptionController: [getPhoneId]- no sims, returning default phoneId=2147483647, subId10
09-20 14:57:48.041495  1500  1715 D SubscriptionController: [getPhoneId]- no sims, returning default phoneId=2147483647, subId10
09-20 14:57:48.043416  1500  1701 D SubscriptionController: [getPhoneId]- no sims, returning default phoneId=2147483647, subId10
09-20 14:57:48.044390  1500  1511 D SubscriptionController: [getPhoneId]- no sims, returning default phoneId=2147483647, subId10
09-20 14:57:48.046217  1500  2126 D SubscriptionController: [getPhoneId]- no sims, returning default phoneId=2147483647, subId10
09-20 14:57:48.279565   375  1270 E RPC     : RPC-client RX thread after select! - (0)
09-20 14:57:48.553472   708   752 I AT      : AT< +CREG: 0,"253D","00004187",0,0,0 (RIL_URC_READER, tid:0)
09-20 14:57:48.553669   708   752 D RIL-NW  : bCREGType3Support=1
09-20 14:57:48.553788   708   882 I RIL     : [GSM MAL] URC send success, rid 0, ret 0: 
09-20 14:57:48.553788   708   882 I RIL     : +CREG: 0,"253D","00004187",0,0,0
09-20 14:57:48.553845   708   752 I RILC    : RIL_SOCKET_1 UNSOLICITED: UNSOL_RESPONSE_VOICE_NETWORK_STATE_CHANGED length:68
09-20 14:57:48.554842   708   752 I AT      : AT< +CGREG: 4,"253D","00004187",0,"00",0,0 (RIL_URC_READER, tid:0)
09-20 14:57:48.554953   708   752 D RIL-NW  : combineMalCgregState() rid=0, uiRet=4
09-20 14:57:48.555055   708   882 I RIL     : [GSM MAL] URC send success, rid 0, ret 0: 
09-20 14:57:48.555055   708   882 I RIL     : +CGREG: 4,"253D","00004187",0,"00",0,0
09-20 14:57:48.555074   708   752 I RILC    : RIL_SOCKET_1 UNSOLICITED: UNSOL_RESPONSE_PS_NETWORK_STATE_CHANGED length:16
09-20 14:57:48.555130   708   752 I AT      : AT< +EIMSINFO: 0,"00004187",1,"46001",1,"253D","0000",0,2 (RIL_URC_READER, tid:0)
09-20 14:57:48.555219   708   752 E RIL     : Unhandled unsolicited result code: +EIMSINFO: 0,"00004187",1,"46001",1,"253D","0000",0,2
09-20 14:57:48.555403   974  1126 D RilMalClient: UNSOL_TO_MAL: unsol mapping fail, return
09-20 14:57:48.555419   708   882 I RIL     : [GSM MAL] URC send success, rid 0, ret 0: 
09-20 14:57:48.555419   708   882 I RIL     : +EIMSINFO: 0,"00004187",1,"46001",1,"253D","0000",0,2
09-20 14:57:48.556319   974  1126 D RilMalClient: UNSOL_TO_MAL: unsol mapping fail, return
09-20 14:57:48.557033  1500  1640 D RILJ    : Unsol response received for UNSOL_RESPONSE_VOICE_NETWORK_STATE_CHANGED Sending ack to ril.cpp [SUB0]
09-20 14:57:48.557106  1500  1640 V RILJ    : [UNSL]< UNSOL_RESPONSE_VOICE_NETWORK_STATE_CHANGED {} [SUB0]
09-20 14:57:48.557280  1500  1640 D RILJ    : Unsol response received for UNSOL_RESPONSE_PS_NETWORK_STATE_CHANGED Sending ack to ril.cpp [SUB0]
09-20 14:57:48.557318  1500  1640 D RILJ    : [UNSL]< UNSOL_RESPONSE_PS_NETWORK_STATE_CHANGED [SUB0]
09-20 14:57:48.558118  1500  1500 D SST     : [GsmSST0] Invalid subId, return invalid networkType
09-20 14:57:48.558187  1500  1500 D SST     : [GsmSST0] pollState RadioState is RADIO_ON, currentNetworkMode= -1
09-20 14:57:48.558291  1500  1500 D RILJ    : [4267]> OPERATOR [SUB0]
09-20 14:57:48.559888  1500  1500 D RILJ    : [4268]> DATA_REGISTRATION_STATE [SUB0]
09-20 14:57:48.559981  1500  1500 D RILJ    : [4269]> VOICE_REGISTRATION_STATE [SUB0]
09-20 14:57:48.560071  1500  1500 D RILJ    : [4270]> QUERY_NETWORK_SELECTION_MODE [SUB0]
09-20 14:57:48.560091   974  1121 D RIL-RP  : [RilProxy] onRequest: request = 22, datalen = 0, radioState:10, slotId = 0
09-20 14:57:48.560162  1500  1500 D SST     : [GsmSST0] mPsRegState:1,new:1,result:4
09-20 14:57:48.560183   974  1121 D RIL-RP  : [RilProxy] onRequest: request = 21, datalen = 0, radioState:10, slotId = 0
09-20 14:57:48.560264   974  1121 D RIL-RP  : [RilProxy] onRequest: request = 20, datalen = 0, radioState:10, slotId = 0
09-20 14:57:48.560319   974  1121 D RIL-RP  : [RilProxy] onRequest: request = 45, datalen = 0, radioState:10, slotId = 0
09-20 14:57:48.560752   708   738 I RILC-MTK: proxy id:1, proxyName: RIL_CMD_PROXY_3, OPERATOR pRI=0x7de4829130 p=0x7de4834370 execute on RIL_CMD_PROXY_3 using channel 1
09-20 14:57:48.560738  1211  1240 I LIBC2K_RIL: 1:OPERATOR pRI=0xf6f77720 p=0xf4e27310 is queued in NW_CHANNEL
09-20 14:57:48.560797   708   738 D RIL     : onRequest: OPERATOR, datalen = 0, radioState:10
09-20 14:57:48.560826  1211  1240 I C2K_RILC: NW_CHANNEL is busy. DATA_REGISTRATION_STATE queued. total:2 requests pending
09-20 14:57:48.560830   708   738 I AT      : AT> AT+COPS? (RIL_CMD_READER_1, tid:540680397904)
09-20 14:57:48.560881  1211  1240 I LIBC2K_RIL: 1:OPERATOR pRI=0xf6f77720 p=0xf4e27310 is queued in NW_CHANNEL
09-20 14:57:48.560881  1211  1240 I LIBC2K_RIL: 2:DATA_REGISTRATION_STATE pRI=0xf6f77740 p=0xf4e27000 is queued in NW_CHANNEL
09-20 14:57:48.560908  1211  1240 I C2K_RILC: NW_CHANNEL is busy. VOICE_REGISTRATION_STATE queued. total:3 requests pending
09-20 14:57:48.561077  1211  1235 I LIBC2K_RIL: OPERATOR execute on NW_CHANNEL using channel 3
09-20 14:57:48.561126  1211  1235 D C2K_RIL : C2K onRequest: OPERATOR, sState= 0, smsReadyReported= 1, uimInsertedReported= 1
09-20 14:57:48.561174  1211  1235 I C2K_AT  : <fd 44> AT > AT+CPIN? (NW_CHANNEL, tid:4117768480)
09-20 14:57:48.561438  1500  1500 D SST     : [GsmSST0] Invalid subId, return invalid networkType
09-20 14:57:48.561484  1500  1500 D SST     : [GsmSST0] pollState RadioState is RADIO_ON, currentNetworkMode= -1
09-20 14:57:48.561604  1500  1500 D RILJ    : [4271]> OPERATOR [SUB0]
09-20 14:57:48.561695  1500  1500 D RILJ    : [4272]> DATA_REGISTRATION_STATE [SUB0]
09-20 14:57:48.561743  1500  1500 D RILJ    : [4273]> VOICE_REGISTRATION_STATE [SUB0]
09-20 14:57:48.561791  1500  1500 D RILJ    : [4274]> QUERY_NETWORK_SELECTION_MODE [SUB0]
09-20 14:57:48.562445   974  1121 D RIL-RP  : [RilProxy] onRequest: request = 22, datalen = 0, radioState:10, slotId = 0
09-20 14:57:48.562557   974  1121 D RIL-RP  : [RilProxy] onRequest: request = 21, datalen = 0, radioState:10, slotId = 0
09-20 14:57:48.562608   974  1121 D RIL-RP  : [RilProxy] onRequest: request = 20, datalen = 0, radioState:10, slotId = 0
09-20 14:57:48.562662   974  1121 D RIL-RP  : [RilProxy] onRequest: request = 45, datalen = 0, radioState:10, slotId = 0
09-20 14:57:48.562925   708   753 I AT      : AT< +COPS: 0 (RIL_CMD_READER_1, tid:540680397904)
09-20 14:57:48.563768  1211  1240 I LIBC2K_RIL: 1:DATA_REGISTRATION_STATE pRI=0xf6f77740 p=0xf4e27000 is queued in NW_CHANNEL
09-20 14:57:48.563768  1211  1240 I LIBC2K_RIL: 2:VOICE_REGISTRATION_STATE pRI=0xf6f77760 p=0xf4e27348 is queued in NW_CHANNEL
09-20 14:57:48.563815  1211  1240 I C2K_RILC: NW_CHANNEL is busy. OPERATOR queued. total:3 requests pending
09-20 14:57:48.563865  1211  1240 I LIBC2K_RIL: 1:DATA_REGISTRATION_STATE pRI=0xf6f77740 p=0xf4e27000 is queued in NW_CHANNEL
09-20 14:57:48.563865  1211  1240 I LIBC2K_RIL: 2:VOICE_REGISTRATION_STATE pRI=0xf6f77760 p=0xf4e27348 is queued in NW_CHANNEL
09-20 14:57:48.563865  1211  1240 I LIBC2K_RIL: 3:OPERATOR pRI=0xf6f77620 p=0xf4e27380 is queued in NW_CHANNEL
09-20 14:57:48.563891  1211  1240 I C2K_RILC: NW_CHANNEL is busy. DATA_REGISTRATION_STATE queued. total:4 requests pending
09-20 14:57:48.563947  1211  1240 I LIBC2K_RIL: 1:DATA_REGISTRATION_STATE pRI=0xf6f77740 p=0xf4e27000 is queued in NW_CHANNEL
09-20 14:57:48.563947  1211  1240 I LIBC2K_RIL: 2:VOICE_REGISTRATION_STATE pRI=0xf6f77760 p=0xf4e27348 is queued in NW_CHANNEL
09-20 14:57:48.563947  1211  1240 I LIBC2K_RIL: 3:OPERATOR pRI=0xf6f77620 p=0xf4e27380 is queued in NW_CHANNEL
09-20 14:57:48.563947  1211  1240 I LIBC2K_RIL: 4:DATA_REGISTRATION_STATE pRI=0xf6f77640 p=0xf4e273f0 is queued in NW_CHANNEL
09-20 14:57:48.563974  1211  1240 I C2K_RILC: NW_CHANNEL is busy. VOICE_REGISTRATION_STATE queued. total:5 requests pending
09-20 14:57:48.564008   708   753 I AT      : AT< OK (RIL_CMD_READER_1, tid:540680397904)
09-20 14:57:48.564108   708   738 I AT      : AT> AT+EOPS? (RIL_CMD_READER_1, tid:540680397904)
09-20 14:57:48.566077   708   753 I AT      : AT< +EOPS: 0,2,"46001",0 (RIL_CMD_READER_1, tid:540680397904)
09-20 14:57:48.566464   708   753 I AT      : AT< OK (RIL_CMD_READER_1, tid:540680397904)
09-20 14:57:48.566564   708   738 D RIL-NW  : EOPS Get operator code 46001
09-20 14:57:48.566699   708   738 I RILC-MTK: proxy id:1, proxyName: RIL_CMD_PROXY_3, DATA_REGISTRATION_STATE pRI=0x7de48287d0 p=0x7de48344c0 execute on RIL_CMD_PROXY_3 using channel 1
09-20 14:57:48.566730   708   738 D RIL     : onRequest: DATA_REGISTRATION_STATE, datalen = 0, radioState:10
09-20 14:57:48.566765   708   738 I AT      : AT> AT+CGREG? (RIL_CMD_READER_1, tid:540680397904)
09-20 14:57:48.568691   708   753 I AT      : AT< +CGREG: 3,4,"253D","00004187",0,"00",0,0 (RIL_CMD_READER_1, tid:540680397904)
09-20 14:57:48.568752   708   753 I AT      : AT< OK (RIL_CMD_READER_1, tid:540680397904)
09-20 14:57:48.568881   708   738 D RIL-NW  : [0]RestrictedStateChanged: 18 0 1 20
09-20 14:57:48.569011   708   738 I RILC-MTK: proxy id:1, proxyName: RIL_CMD_PROXY_3, VOICE_REGISTRATION_STATE pRI=0x7de4828fb0 p=0x7de4834530 execute on RIL_CMD_PROXY_3 using channel 1
09-20 14:57:48.569041   708   738 D RIL     : onRequest: VOICE_REGISTRATION_STATE, datalen = 0, radioState:10
09-20 14:57:48.569077   708   738 I AT      : AT> AT+CREG? (RIL_CMD_READER_1, tid:540680397904)
09-20 14:57:48.571483   708   753 I AT      : AT< +CREG: 3,0,"253D","00004187",0,0,0 (RIL_CMD_READER_1, tid:540680397904)
09-20 14:57:48.571549   708   753 I AT      : AT< OK (RIL_CMD_READER_1, tid:540680397904)
09-20 14:57:48.571701   708   738 D RIL-NW  : [0]RestrictedStateChanged: 18 0 1 20
09-20 14:57:48.571840   708   738 I RILC-MTK: proxy id:1, proxyName: RIL_CMD_PROXY_3, QUERY_NETWORK_SELECTION_MODE pRI=0x7de4828fe0 p=0x7de4832620 execute on RIL_CMD_PROXY_3 using channel 1
09-20 14:57:48.571870   708   738 D RIL     : onRequest: QUERY_NETWORK_SELECTION_MODE, datalen = 0, radioState:10
09-20 14:57:48.571960   708   738 I AT      : AT> AT+COPS? (RIL_CMD_READER_1, tid:540680397904)
09-20 14:57:48.574254   708   753 I AT      : AT< +COPS: 0 (RIL_CMD_READER_1, tid:540680397904)
09-20 14:57:48.574778   708   753 I AT      : AT< OK (RIL_CMD_READER_1, tid:540680397904)
09-20 14:57:48.575004   708   738 I RILC-MTK: proxy id:1, proxyName: RIL_CMD_PROXY_3, OPERATOR pRI=0x7de4829040 p=0x7de4832af0 execute on RIL_CMD_PROXY_3 using channel 1
09-20 14:57:48.575053   708   738 D RIL     : onRequest: OPERATOR, datalen = 0, radioState:10
09-20 14:57:48.575084   708   738 I AT      : AT> AT+COPS? (RIL_CMD_READER_1, tid:540680397904)
09-20 14:57:48.575913  1500  1640 D RILJ    : [4270]< QUERY_NETWORK_SELECTION_MODE {0} [SUB0]
09-20 14:57:48.577346   708   753 I AT      : AT< +COPS: 0 (RIL_CMD_READER_1, tid:540680397904)
09-20 14:57:48.577872   708   753 I AT      : AT< OK (RIL_CMD_READER_1, tid:540680397904)
09-20 14:57:48.577980   708   738 I AT      : AT> AT+EOPS? (RIL_CMD_READER_1, tid:540680397904)
09-20 14:57:48.579447   708   753 I AT      : AT< +EOPS: 0,2,"46001",0 (RIL_CMD_READER_1, tid:540680397904)
09-20 14:57:48.579553  1211  1248 I C2K_AT  : <fd 44> AT < +CME ERROR:10 (NW_CHANNEL, tid:4117768480)
09-20 14:57:48.579642  1211  1235 D C2K_RIL : fake value uim status
09-20 14:57:48.579678  1211  1235 D C2K_RIL : getRUIMStatus: ret = 0
09-20 14:57:48.579770  1211  1235 I LIBC2K_RIL: DATA_REGISTRATION_STATE execute on NW_CHANNEL using channel 3
09-20 14:57:48.579805  1211  1235 D C2K_RIL : C2K onRequest: DATA_REGISTRATION_STATE, sState= 0, smsReadyReported= 1, uimInsertedReported= 1
09-20 14:57:48.579846  1211  1235 I LIBC2K_RIL: VOICE_REGISTRATION_STATE execute on NW_CHANNEL using channel 3
09-20 14:57:48.579879  1211  1235 D C2K_RIL : C2K onRequest: VOICE_REGISTRATION_STATE, sState= 0, smsReadyReported= 1, uimInsertedReported= 1
09-20 14:57:48.579921  1211  1235 I LIBC2K_RIL: OPERATOR execute on NW_CHANNEL using channel 3
09-20 14:57:48.579953  1211  1235 D C2K_RIL : C2K onRequest: OPERATOR, sState= 0, smsReadyReported= 1, uimInsertedReported= 1
09-20 14:57:48.579947   708   753 I AT      : AT< OK (RIL_CMD_READER_1, tid:540680397904)
09-20 14:57:48.579995  1211  1235 I C2K_AT  : <fd 44> AT > AT+CPIN? (NW_CHANNEL, tid:4117768480)
09-20 14:57:48.580044   708   738 D RIL-NW  : EOPS Get operator code 46001
09-20 14:57:48.580180   708   738 I RILC-MTK: proxy id:1, proxyName: RIL_CMD_PROXY_3, DATA_REGISTRATION_STATE pRI=0x7de4829100 p=0x7de4832e00 execute on RIL_CMD_PROXY_3 using channel 1
09-20 14:57:48.580213   708   738 D RIL     : onRequest: DATA_REGISTRATION_STATE, datalen = 0, radioState:10
09-20 14:57:48.580250   708   738 I AT      : AT> AT+CGREG? (RIL_CMD_READER_1, tid:540680397904)
09-20 14:57:48.580851   974  1126 D RpNwSC[0]:  OptrCache: 46001,,
09-20 14:57:48.580899   974  1126 D RpNwSC[0]:  OptrCache: ,,
09-20 14:57:48.581767  1211  1248 I C2K_AT  : <fd 44> AT < +CME ERROR:10 (NW_CHANNEL, tid:4117768480)
09-20 14:57:48.581776   974  1126 D RpNwSC[0]:  DataCache[GSM]: reg=4 lac=ffffffff cid=ffffffff rat=0 den=0 mdc=6
09-20 14:57:48.581809   974  1126 D RpNwSC[0]:  C2K data response error
09-20 14:57:48.581874  1211  1235 D C2K_RIL : fake value uim status
09-20 14:57:48.581957  1211  1235 D C2K_RIL : getRUIMStatus: ret = 0
09-20 14:57:48.581971   974  1126 D RfxStatusManager: setValue() slot(0) key = RFX_STATUS_KEY_SERVICE_STATE, old = [cs_reg=10, cs_rat=0, ps_reg=4, ps_rat=0, cdma_exist=1], new = [cs_reg=10, cs_rat=0, ps_reg=4, ps_rat=0, cdma_exist=1], is_force = false, is_default = false
09-20 14:57:48.582063  1211  1235 I LIBC2K_RIL: DATA_REGISTRATION_STATE execute on NW_CHANNEL using channel 3
09-20 14:57:48.582100  1211  1235 D C2K_RIL : C2K onRequest: DATA_REGISTRATION_STATE, sState= 0, smsReadyReported= 1, uimInsertedReported= 1
09-20 14:57:48.582143  1211  1235 I LIBC2K_RIL: VOICE_REGISTRATION_STATE execute on NW_CHANNEL using channel 3
09-20 14:57:48.582174  1211  1235 D C2K_RIL : C2K onRequest: VOICE_REGISTRATION_STATE, sState= 0, smsReadyReported= 1, uimInsertedReported= 1
09-20 14:57:48.582250   974  1126 D RpNwSC[0]:  VoiceCache[GSM]: reg=10 lac=ffffffff cid=ffffffff rat=0 css=0 sid=0 nid=0 roam=1 css=0
09-20 14:57:48.582277   974  1126 D RpNwSC[0]:  C2K voice response error
09-20 14:57:48.582382   974  1126 D RfxStatusManager: setValue() slot(0) key = RFX_STATUS_KEY_SERVICE_STATE, old = [cs_reg=10, cs_rat=0, ps_reg=4, ps_rat=0, cdma_exist=1], new = [cs_reg=10, cs_rat=0, ps_reg=4, ps_rat=0, cdma_exist=1], is_force = false, is_default = false
09-20 14:57:48.582865  1500  1640 D RILJ    : [4267]< OPERATOR {46001} [SUB0]
09-20 14:57:48.583167  1500  1640 D RILJ    : [4268]< DATA_REGISTRATION_STATE {4, -1, -1, 0, 0, 6} [SUB0]
09-20 14:57:48.583368  1500  1640 D RILJ    : [4269]< VOICE_REGISTRATION_STATE {10, ffffffff, ffffffff, 0, 0, 0, 0, 0, 0, 0, 1, 0, 0, 0, -1, 1} [SUB0]
09-20 14:57:48.583709   974  1126 D RpNwSC[0]:  OptrCache: 46001,,
09-20 14:57:48.583753   974  1126 D RpNwSC[0]:  OptrCache: ,,
09-20 14:57:48.583756   708   753 I AT      : AT< +CGREG: 3,4,"253D","00004187",0,"00",0,0 (RIL_CMD_READER_1, tid:540680397904)
09-20 14:57:48.584151   708   753 I AT      : AT< OK (RIL_CMD_READER_1, tid:540680397904)
09-20 14:57:48.584293   708   738 D RIL-NW  : [0]RestrictedStateChanged: 18 0 1 20
09-20 14:57:48.584425   708   738 I RILC-MTK: proxy id:1, proxyName: RIL_CMD_PROXY_3, VOICE_REGISTRATION_STATE pRI=0x7de4829160 p=0x7de48330a0 execute on RIL_CMD_PROXY_3 using channel 1
09-20 14:57:48.584428  1500  1640 D RILJ    : [4271]< OPERATOR {46001} [SUB0]
09-20 14:57:48.584475   708   738 D RIL     : onRequest: VOICE_REGISTRATION_STATE, datalen = 0, radioState:10
09-20 14:57:48.584506   708   738 I AT      : AT> AT+CREG? (RIL_CMD_READER_1, tid:540680397904)
09-20 14:57:48.584667  1500  1500 D SST     : [GsmSST0] opNames:46001 len=5
09-20 14:57:48.585229   974  1126 D RpNwSC[0]:  DataCache[GSM]: reg=4 lac=ffffffff cid=ffffffff rat=0 den=0 mdc=6
09-20 14:57:48.585278   974  1126 D RpNwSC[0]:  C2K data response error
09-20 14:57:48.585409   974  1126 D RfxStatusManager: setValue() slot(0) key = RFX_STATUS_KEY_SERVICE_STATE, old = [cs_reg=10, cs_rat=0, ps_reg=4, ps_rat=0, cdma_exist=1], new = [cs_reg=10, cs_rat=0, ps_reg=4, ps_rat=0, cdma_exist=1], is_force = false, is_default = false
09-20 14:57:48.585807  1500  1640 D RILJ    : [4272]< DATA_REGISTRATION_STATE {4, -1, -1, 0, 0, 6} [SUB0]
09-20 14:57:48.586023  1500  1500 D SST     : [GsmSST0] set Lac to previous value
09-20 14:57:48.586079  1500  1500 D SST     : [GsmSST0] set Cid to previous value
