----- timezone:GMT
09-20 14:47:26.529175   708   738 I RILC-MTK: proxy id:1, proxyName: RIL_CMD_PROXY_3, DATA_REGISTRATION_STATE pRI=0x7de4828800 p=0x7de48333b0 execute on RIL_CMD_PROXY_3 using channel 1
09-20 14:47:26.529257   708   738 I AT      : AT> AT+CGREG? (RIL_CMD_READER_1, tid:540680397904)
09-20 14:47:26.532286   708   756 I AT      : AT< +CGPADDR: 2, "" (RIL_CMD_READER_4, tid:540677289040)
09-20 14:47:26.532555   708   756 I AT      : AT< OK (RIL_CMD_READER_4, tid:540677289040)
09-20 14:47:26.532726   708   753 I AT      : AT< +CGREG: 3,2,"2495","0A7E720B",7,"00",0,0 (RIL_CMD_READER_1, tid:540680397904)
09-20 14:47:26.532801   708   741 I AT      : AT> AT+CGPADDR=3 (RIL_CMD_READER_4, tid:540677289040)
09-20 14:47:26.533706   708   753 I AT      : AT< OK (RIL_CMD_READER_1, tid:540680397904)
09-20 14:47:26.533998   708   738 I RILC-MTK: proxy id:1, proxyName: RIL_CMD_PROXY_3, VOICE_REGISTRATION_STATE pRI=0x7de4828830 p=0x7de4833570 execute on RIL_CMD_PROXY_3 using channel 1
09-20 14:47:26.534056   708   738 I AT      : AT> AT+CREG? (RIL_CMD_READER_1, tid:540680397904)
09-20 14:47:26.534873   708   756 I AT      : AT< +CGPADDR: 3, "" (RIL_CMD_READER_4, tid:540677289040)
09-20 14:47:26.536934   708   756 I AT      : AT< OK (RIL_CMD_READER_4, tid:540677289040)
09-20 14:47:26.537086   708   741 I AT      : AT> AT+CGPADDR=4 (RIL_CMD_READER_4, tid:540677289040)
09-20 14:47:26.538044   708   753 I AT      : AT< +CREG: 3,2,"2495","0A7E720B",7,0,0 (RIL_CMD_READER_1, tid:540680397904)
09-20 14:47:26.538105   708   753 I AT      : AT< OK (RIL_CMD_READER_1, tid:540680397904)
09-20 14:47:26.538620   708   738 I RILC-MTK: proxy id:1, proxyName: RIL_CMD_PROXY_3, QUERY_NETWORK_SELECTION_MODE pRI=0x7de48289e0 p=0x7de4833ff0 execute on RIL_CMD_PROXY_3 using channel 1
09-20 14:47:26.538709   708   738 I AT      : AT> AT+COPS? (RIL_CMD_READER_1, tid:540680397904)
09-20 14:47:26.545866   708   756 I AT      : AT< +CGPADDR: 4, "" (RIL_CMD_READER_4, tid:540677289040)
09-20 14:47:26.545927   708   756 I AT      : AT< OK (RIL_CMD_READER_4, tid:540677289040)
09-20 14:47:26.546306   708   741 I AT      : AT> AT+CGPADDR=5 (RIL_CMD_READER_4, tid:540677289040)
09-20 14:47:26.546737   708   753 I AT      : AT< +COPS: 0 (RIL_CMD_READER_1, tid:540680397904)
09-20 14:47:26.546784   708   753 I AT      : AT< OK (RIL_CMD_READER_1, tid:540680397904)
09-20 14:47:26.547123   708   738 I RILC-MTK: proxy id:1, proxyName: RIL_CMD_PROXY_3, OPERATOR pRI=0x7de4828a40 p=0x7de4834760 execute on RIL_CMD_PROXY_3 using channel 1
09-20 14:47:26.547193   708   738 I AT      : AT> AT+COPS? (RIL_CMD_READER_1, tid:540680397904)
09-20 14:47:26.549429   708   756 I AT      : AT< +CGPADDR: 5, "" (RIL_CMD_READER_4, tid:540677289040)
09-20 14:47:26.550651  1211  1240 I LIBC2K_RIL: 1:OPERATOR pRI=0xf6f77760 p=0xf4e27038 is queued in NW_CHANNEL
09-20 14:47:26.550715  1211  1240 I C2K_RILC: NW_CHANNEL is busy. DATA_REGISTRATION_STATE queued. total:2 requests pending
09-20 14:47:26.550916  1211  1235 I LIBC2K_RIL: OPERATOR execute on NW_CHANNEL using channel 3
09-20 14:47:26.550976   708   756 I AT      : AT< OK (RIL_CMD_READER_4, tid:540677289040)
09-20 14:47:26.551015  1211  1235 I C2K_AT  : <fd 44> AT > AT+CPIN? (NW_CHANNEL, tid:4117768480)
09-20 14:47:26.551046   708   753 I AT      : AT< +COPS: 0 (RIL_CMD_READER_1, tid:540680397904)
09-20 14:47:26.551069   708   753 I AT      : AT< OK (RIL_CMD_READER_1, tid:540680397904)
09-20 14:47:26.551159   708   741 I AT      : AT> AT+CGPADDR=6 (RIL_CMD_READER_4, tid:540677289040)
09-20 14:47:26.551272   708   738 I AT      : AT> AT+EOPS? (RIL_CMD_READER_1, tid:540680397904)
09-20 14:47:26.552414  1500  1500 E Phone   : getStoredVoiceMessageCount: invalid subId -2
09-20 14:47:26.552564  1500  1500 E Phone   : setVoiceMessageCount in sharedPreference: invalid subId -2
09-20 14:47:26.552909  1211  1240 I LIBC2K_RIL: 1:DATA_REGISTRATION_STATE pRI=0xf6f775a0 p=0xf4e270a8 is queued in NW_CHANNEL
09-20 14:47:26.552949  1211  1240 I C2K_RILC: NW_CHANNEL is busy. VOICE_REGISTRATION_STATE queued. total:2 requests pending
09-20 14:47:26.554379  1211  1240 I LIBC2K_RIL: 1:DATA_REGISTRATION_STATE pRI=0xf6f775a0 p=0xf4e270a8 is queued in NW_CHANNEL
09-20 14:47:26.554379  1211  1240 I LIBC2K_RIL: 2:VOICE_REGISTRATION_STATE pRI=0xf6f775c0 p=0xf4e271c0 is queued in NW_CHANNEL
09-20 14:47:26.554423  1211  1240 I C2K_RILC: NW_CHANNEL is busy. OPERATOR queued. total:3 requests pending
09-20 14:47:26.554484  1211  1240 I LIBC2K_RIL: 1:DATA_REGISTRATION_STATE pRI=0xf6f775a0 p=0xf4e270a8 is queued in NW_CHANNEL
09-20 14:47:26.554484  1211  1240 I LIBC2K_RIL: 2:VOICE_REGISTRATION_STATE pRI=0xf6f775c0 p=0xf4e271c0 is queued in NW_CHANNEL
09-20 14:47:26.554484  1211  1240 I LIBC2K_RIL: 3:OPERATOR pRI=0xf6f775e0 p=0xf4e27310 is queued in NW_CHANNEL
09-20 14:47:26.554510  1211  1240 I C2K_RILC: NW_CHANNEL is busy. DATA_REGISTRATION_STATE queued. total:4 requests pending
09-20 14:47:26.554703  1211  1248 I C2K_AT  : <fd 44> AT < +CME ERROR:10 (NW_CHANNEL, tid:4117768480)
09-20 14:47:26.554871  1211  1235 I LIBC2K_RIL: DATA_REGISTRATION_STATE execute on NW_CHANNEL using channel 3
09-20 14:47:26.554943  1211  1235 I LIBC2K_RIL: VOICE_REGISTRATION_STATE execute on NW_CHANNEL using channel 3
09-20 14:47:26.555007  1211  1235 I LIBC2K_RIL: OPERATOR execute on NW_CHANNEL using channel 3
09-20 14:47:26.555010   708   756 I AT      : AT< +CGPADDR: 6, "" (RIL_CMD_READER_4, tid:540677289040)
09-20 14:47:26.555046   708   756 I AT      : AT< OK (RIL_CMD_READER_4, tid:540677289040)
09-20 14:47:26.555074  1211  1235 I C2K_AT  : <fd 44> AT > AT+CPIN? (NW_CHANNEL, tid:4117768480)
09-20 14:47:26.555158   708   741 I AT      : AT> AT+CGPADDR=7 (RIL_CMD_READER_4, tid:540677289040)
09-20 14:47:26.556784  1211  1240 I LIBC2K_RIL: 1:DATA_REGISTRATION_STATE pRI=0xf6f776c0 p=0xf4e27348 is queued in NW_CHANNEL
09-20 14:47:26.556838  1211  1240 I C2K_RILC: NW_CHANNEL is busy. VOICE_REGISTRATION_STATE queued. total:2 requests pending
09-20 14:47:26.556956   708   756 I AT      : AT< +CGPADDR: 7, "" (RIL_CMD_READER_4, tid:540677289040)
09-20 14:47:26.557365  1211  1248 I C2K_AT  : <fd 44> AT < +CME ERROR:10 (NW_CHANNEL, tid:4117768480)
09-20 14:47:26.557888  1211  1235 I LIBC2K_RIL: DATA_REGISTRATION_STATE execute on NW_CHANNEL using channel 3
09-20 14:47:26.558004  1211  1235 I LIBC2K_RIL: VOICE_REGISTRATION_STATE execute on NW_CHANNEL using channel 3
09-20 14:47:26.558216   708   756 I AT      : AT< OK (RIL_CMD_READER_4, tid:540677289040)
09-20 14:47:26.558418   708   741 I AT      : AT> AT+CGPADDR=8 (RIL_CMD_READER_4, tid:540677289040)
09-20 14:47:26.563812   708   753 I AT      : AT< +EOPS: 0,2,"46000",0 (RIL_CMD_READER_1, tid:540680397904)
09-20 14:47:26.563873   708   753 I AT      : AT< OK (RIL_CMD_READER_1, tid:540680397904)
09-20 14:47:26.564084   708   738 I RILC-MTK: proxy id:1, proxyName: RIL_CMD_PROXY_3, DATA_REGISTRATION_STATE pRI=0x7de4828bc0 p=0x7de48347d0 execute on RIL_CMD_PROXY_3 using channel 1
09-20 14:47:26.564145   708   738 I AT      : AT> AT+CGREG? (RIL_CMD_READER_1, tid:540680397904)
09-20 14:47:26.564826   708   756 I AT      : AT< +CGPADDR: 8, "" (RIL_CMD_READER_4, tid:540677289040)
09-20 14:47:26.564890   708   756 I AT      : AT< OK (RIL_CMD_READER_4, tid:540677289040)
09-20 14:47:26.565055   708   741 I AT      : AT> AT+CGPADDR=9 (RIL_CMD_READER_4, tid:540677289040)
09-20 14:47:26.567260   708   753 I AT      : AT< +CGREG: 3,2,"2495","0A7E720B",7,"00",0,0 (RIL_CMD_READER_1, tid:540680397904)
09-20 14:47:26.567314   708   753 I AT      : AT< OK (RIL_CMD_READER_1, tid:540680397904)
09-20 14:47:26.567731   708   738 I RILC-MTK: proxy id:1, proxyName: RIL_CMD_PROXY_3, VOICE_REGISTRATION_STATE pRI=0x7de4828c20 p=0x7de4834840 execute on RIL_CMD_PROXY_3 using channel 1
09-20 14:47:26.567819   708   738 I AT      : AT> AT+CREG? (RIL_CMD_READER_1, tid:540680397904)
09-20 14:47:26.567917  1211  1236 I LIBC2K_RIL: ALLOW_DATA execute on DATA_CHANNEL using channel 4
09-20 14:47:26.568143  1211  1236 I C2K_AT  : <fd 48> AT > AT+CGATT=0 (DATA_CHANNEL, tid:4116724000)
09-20 14:47:26.570179  1211  1254 I C2K_AT  : <fd 48> AT < OK (DATA_CHANNEL, tid:4116724000)
09-20 14:47:26.570280  1211  1245 I C2K_AT  : <fd 41> AT < +ECGREG: 0 (URC_CHANNEL, tid:0)
09-20 14:47:26.570603   708   756 I AT      : AT< +CGPADDR: 9, "" (RIL_CMD_READER_4, tid:540677289040)
09-20 14:47:26.570645   708   756 I AT      : AT< OK (RIL_CMD_READER_4, tid:540677289040)
09-20 14:47:26.570747   708   741 I AT      : AT> AT+CGPADDR=10 (RIL_CMD_READER_4, tid:540677289040)
09-20 14:47:26.575785   708   753 I AT      : AT< +CREG: 3,2,"2495","0A7E720B",7,0,0 (RIL_CMD_READER_1, tid:540680397904)
09-20 14:47:26.577082   708   753 I AT      : AT< OK (RIL_CMD_READER_1, tid:540680397904)
09-20 14:47:26.577515   708   738 I RILC-MTK: proxy id:1, proxyName: RIL_CMD_PROXY_3, QUERY_NETWORK_SELECTION_MODE pRI=0x7de4828fe0 p=0x7de48348b0 execute on RIL_CMD_PROXY_3 using channel 1
09-20 14:47:26.577574   708   738 I AT      : AT> AT+COPS? (RIL_CMD_READER_1, tid:540680397904)
09-20 14:47:26.577762   708   756 I AT      : AT< +CGPADDR: 10, "" (RIL_CMD_READER_4, tid:540677289040)
09-20 14:47:26.586138   708   756 I AT      : AT< OK (RIL_CMD_READER_4, tid:540677289040)
09-20 14:47:26.586279   708   741 I AT      : AT> AT+CGPRCO? (RIL_CMD_READER_4, tid:540677289040)
09-20 14:47:26.586498   708   753 I AT      : AT< +COPS: 0 (RIL_CMD_READER_1, tid:540680397904)
09-20 14:47:26.588903   708   753 I AT      : AT< OK (RIL_CMD_READER_1, tid:540680397904)
09-20 14:47:26.589131   708   738 I RILC-MTK: proxy id:1, proxyName: RIL_CMD_PROXY_3, OPERATOR pRI=0x7de4829010 p=0x7de4834920 execute on RIL_CMD_PROXY_3 using channel 1
09-20 14:47:26.589193   708   738 I AT      : AT> AT+COPS? (RIL_CMD_READER_1, tid:540680397904)
09-20 14:47:26.589930   375  1270 E RPC     : RPC-client RX thread after select! - (0)
09-20 14:47:26.591798   708   756 I AT      : AT< +CGPRCO: 0, "221.179.38.7", "120.196.165.7", "", "", 1 (RIL_CMD_READER_4, tid:540677289040)
09-20 14:47:26.591942   708   756 I AT      : AT< +CGPRCO: 1, "0.0.0.0", "0.0.0.0", "", "", 0 (RIL_CMD_READER_4, tid:540677289040)
09-20 14:47:26.591963   708   756 I AT      : AT< +CGPRCO: 2, "0.0.0.0", "0.0.0.0", "", "", 0 (RIL_CMD_READER_4, tid:540677289040)
09-20 14:47:26.593919   708   756 I AT      : AT< +CGPRCO: 3, "0.0.0.0", "0.0.0.0", "", "", 0 (RIL_CMD_READER_4, tid:540677289040)
09-20 14:47:26.593979   708   756 I AT      : AT< +CGPRCO: 4, "0.0.0.0", "0.0.0.0", "", "", 0 (RIL_CMD_READER_4, tid:540677289040)
09-20 14:47:26.594001   708   756 I AT      : AT< +CGPRCO: 5, "0.0.0.0", "0.0.0.0", "", "", 0 (RIL_CMD_READER_4, tid:540677289040)
09-20 14:47:26.594019   708   756 I AT      : AT< +CGPRCO: 6, "0.0.0.0", "0.0.0.0", "", "", 0 (RIL_CMD_READER_4, tid:540677289040)
09-20 14:47:26.594038   708   756 I AT      : AT< +CGPRCO: 7, "0.0.0.0", "0.0.0.0", "", "", 0 (RIL_CMD_READER_4, tid:540677289040)
09-20 14:47:26.594054   708   756 I AT      : AT< +CGPRCO: 8, "0.0.0.0", "0.0.0.0", "", "", 0 (RIL_CMD_READER_4, tid:540677289040)
09-20 14:47:26.594103   708   756 I AT      : AT< +CGPRCO: 9, "0.0.0.0", "0.0.0.0", "", "", 0 (RIL_CMD_READER_4, tid:540677289040)
09-20 14:47:26.594120   708   756 I AT      : AT< +CGPRCO: 10, "0.0.0.0", "0.0.0.0", "", "", 0 (RIL_CMD_READER_4, tid:540677289040)
09-20 14:47:26.594151   708   756 I AT      : AT< OK (RIL_CMD_READER_4, tid:540677289040)
09-20 14:47:26.594328   708   753 I AT      : AT< +COPS: 0 (RIL_CMD_READER_1, tid:540680397904)
09-20 14:47:26.594859   708   753 I AT      : AT< OK (RIL_CMD_READER_1, tid:540680397904)
09-20 14:47:26.595054   708   738 I AT      : AT> AT+EOPS? (RIL_CMD_READER_1, tid:540680397904)
09-20 14:47:26.595975   708   741 I RILC    : RIL_SOCKET_1 UNSOLICITED: UNSOL_DATA_CALL_LIST_CHANGED length:16
09-20 14:47:26.597748   708   753 I AT      : AT< +EOPS: 0,2,"46000",0 (RIL_CMD_READER_1, tid:540680397904)
09-20 14:47:26.597800   708   753 I AT      : AT< OK (RIL_CMD_READER_1, tid:540680397904)
09-20 14:47:26.598266   708   738 I RILC-MTK: proxy id:1, proxyName: RIL_CMD_PROXY_3, DATA_REGISTRATION_STATE pRI=0x7de4829160 p=0x7de4834990 execute on RIL_CMD_PROXY_3 using channel 1
09-20 14:47:26.598345   708   738 I AT      : AT> AT+CGREG? (RIL_CMD_READER_1, tid:540680397904)
09-20 14:47:26.599250   708   741 I RILC    : RIL_SOCKET_1 UNSOLICITED: RIL_LOCAL_GSM_UNSOL_MAL_DATA_CALL_LIST_CHANGED length:16
09-20 14:47:26.599417   708   741 E RIL-DATA: [isPdnHoStartFromRds] g_rds_conn_ptr is null
09-20 14:47:26.599444   708   741 I RIL-DATA: Deactivate PDN CID/interfaceId/hoStart/eran is [1, -1, 0, 0]
09-20 14:47:26.599477   708   741 E RIL-DATA: interface -1 is invalid, ignore config!
09-20 14:47:26.599540   708   741 I AT      : AT> AT+EGLD=1 (RIL_CMD_READER_4, tid:540677289040)
09-20 14:47:26.601009   708   753 I AT      : AT< +CGREG: 3,2,"2495","0A7E720B",7,"00",0,0 (RIL_CMD_READER_1, tid:540680397904)
09-20 14:47:26.601058   708   753 I AT      : AT< OK (RIL_CMD_READER_1, tid:540680397904)
09-20 14:47:26.601340   708   738 I RILC-MTK: proxy id:1, proxyName: RIL_CMD_PROXY_3, VOICE_REGISTRATION_STATE pRI=0x7de4829280 p=0x7de4834a00 execute on RIL_CMD_PROXY_3 using channel 1
09-20 14:47:26.601410   708   738 I AT      : AT> AT+CREG? (RIL_CMD_READER_1, tid:540680397904)
09-20 14:47:26.602665   708   756 I AT      : AT< +CME ERROR: 3933 (RIL_CMD_READER_4, tid:540677289040)
09-20 14:47:26.602880   708   741 E RIL-DATA: onPdnDeactResult link down ERROR
09-20 14:47:26.602968   708   741 I AT      : AT> AT+EGTYPE? (RIL_CMD_READER_4, tid:540677289040)
09-20 14:47:26.604709   708   753 I AT      : AT< +CREG: 3,2,"2495","0A7E720B",7,0,0 (RIL_CMD_READER_1, tid:540680397904)
09-20 14:47:26.605387   708   753 I AT      : AT< OK (RIL_CMD_READER_1, tid:540680397904)
09-20 14:47:26.606207   708   738 I RILC-MTK: proxy id:1, proxyName: RIL_CMD_PROXY_3, QUERY_NETWORK_SELECTION_MODE pRI=0x7de4829370 p=0x7de4834a70 execute on RIL_CMD_PROXY_3 using channel 1
09-20 14:47:26.606288   708   738 I AT      : AT> AT+COPS? (RIL_CMD_READER_1, tid:540680397904)
09-20 14:47:26.607200   708   756 I AT      : AT< +EGTYPE: 1 (RIL_CMD_READER_4, tid:540677289040)
09-20 14:47:26.607254   708   756 I AT      : AT< OK (RIL_CMD_READER_4, tid:540677289040)
09-20 14:47:26.607526   708   741 I AT      : AT> AT+CGACT? (RIL_CMD_READER_4, tid:540677289040)
09-20 14:47:26.612332   708   756 I AT      : AT< +CGACT: 0, 0 (RIL_CMD_READER_4, tid:540677289040)
09-20 14:47:26.612398   708   756 I AT      : AT< +CGACT: 1, 0 (RIL_CMD_READER_4, tid:540677289040)
09-20 14:47:26.612450   708   756 I AT      : AT< +CGACT: 2, 0 (RIL_CMD_READER_4, tid:540677289040)
09-20 14:47:26.612468   708   756 I AT      : AT< +CGACT: 3, 0 (RIL_CMD_READER_4, tid:540677289040)
09-20 14:47:26.612484   708   756 I AT      : AT< +CGACT: 4, 0 (RIL_CMD_READER_4, tid:540677289040)
09-20 14:47:26.612499   708   756 I AT      : AT< +CGACT: 5, 0 (RIL_CMD_READER_4, tid:540677289040)
09-20 14:47:26.613207   708   753 I AT      : AT< +COPS: 0 (RIL_CMD_READER_1, tid:540680397904)
09-20 14:47:26.613258   708   753 I AT      : AT< OK (RIL_CMD_READER_1, tid:540680397904)
09-20 14:47:26.613749   708   738 I RILC-MTK: proxy id:1, proxyName: RIL_CMD_PROXY_3, OPERATOR pRI=0x7de4828b60 p=0x7de4832620 execute on RIL_CMD_PROXY_3 using channel 1
09-20 14:47:26.613821   708   738 I AT      : AT> AT+COPS? (RIL_CMD_READER_1, tid:540680397904)
09-20 14:47:26.614822   708   756 I AT      : AT< +CGACT: 6, 0 (RIL_CMD_READER_4, tid:540677289040)
09-20 14:47:26.614893   708   756 I AT      : AT< +CGACT: 7, 0 (RIL_CMD_READER_4, tid:540677289040)
09-20 14:47:26.614924   708   756 I AT      : AT< +CGACT: 8, 0 (RIL_CMD_READER_4, tid:540677289040)
09-20 14:47:26.614942   708   756 I AT      : AT< +CGACT: 9, 0 (RIL_CMD_READER_4, tid:540677289040)
09-20 14:47:26.614964   708   756 I AT      : AT< +CGACT: 10, 0 (RIL_CMD_READER_4, tid:540677289040)
09-20 14:47:26.614980   708   756 I AT      : AT< OK (RIL_CMD_READER_4, tid:540677289040)
09-20 14:47:26.615162   708   741 I AT      : AT> AT+CGCONTRDP (RIL_CMD_READER_4, tid:540677289040)
09-20 14:47:26.617443   708   753 I AT      : AT< +COPS: 0 (RIL_CMD_READER_1, tid:540680397904)
09-20 14:47:26.618518   708   753 I AT      : AT< OK (RIL_CMD_READER_1, tid:540680397904)
09-20 14:47:26.619019   708   738 I AT      : AT> AT+EOPS? (RIL_CMD_READER_1, tid:540680397904)
09-20 14:47:26.619260   708   756 I AT      : AT< OK (RIL_CMD_READER_4, tid:540677289040)
09-20 14:47:26.619396   708   741 E RIL-DATA: updateDefaultBearerInfo AT+CGCONTRDP response success but no intermediate
09-20 14:47:26.619435   708   741 I AT      : AT> AT+CGSCONTRDP (RIL_CMD_READER_4, tid:540677289040)
09-20 14:47:26.621311   708   753 I AT      : AT< +EOPS: 0,2,"46000",0 (RIL_CMD_READER_1, tid:540680397904)
09-20 14:47:26.621592   708   753 I AT      : AT< OK (RIL_CMD_READER_1, tid:540680397904)
09-20 14:47:26.621952   708   738 I RILC-MTK: proxy id:1, proxyName: RIL_CMD_PROXY_3, DATA_REGISTRATION_STATE pRI=0x7de4828ec0 p=0x7de48327e0 execute on RIL_CMD_PROXY_3 using channel 1
09-20 14:47:26.622018   708   738 I AT      : AT> AT+CGREG? (RIL_CMD_READER_1, tid:540680397904)
09-20 14:47:26.622286   708   756 I AT      : AT< OK (RIL_CMD_READER_4, tid:540677289040)
09-20 14:47:26.622400   708   741 I AT      : AT> AT+CGEQOSRDP (RIL_CMD_READER_4, tid:540677289040)
09-20 14:47:26.625621   708   756 I AT      : AT< OK (RIL_CMD_READER_4, tid:540677289040)
09-20 14:47:26.626234   708   741 I AT      : AT> AT+CGTFTRDP (RIL_CMD_READER_4, tid:540677289040)
09-20 14:47:26.627393   708   753 I AT      : AT< +CGREG: 3,2,"2495","0A7E720B",7,"00",0,0 (RIL_CMD_READER_1, tid:540680397904)
09-20 14:47:26.627454   708   753 I AT      : AT< OK (RIL_CMD_READER_1, tid:540680397904)
09-20 14:47:26.627709   708   738 I RILC-MTK: proxy id:1, proxyName: RIL_CMD_PROXY_3, VOICE_REGISTRATION_STATE pRI=0x7de4828ef0 p=0x7de4832af0 execute on RIL_CMD_PROXY_3 using channel 1
09-20 14:47:26.627778   708   738 I AT      : AT> AT+CREG? (RIL_CMD_READER_1, tid:540680397904)
09-20 14:47:26.629811   708   756 I AT      : AT< OK (RIL_CMD_READER_4, tid:540677289040)
09-20 14:47:26.630228   708   753 I AT      : AT< +CREG: 3,2,"2495","0A7E720B",7,0,0 (RIL_CMD_READER_1, tid:540680397904)
09-20 14:47:26.630413   708   753 I AT      : AT< OK (RIL_CMD_READER_1, tid:540680397904)
09-20 14:47:26.630486   708   741 I AT      : AT> AT+EGLNKPF? (RIL_CMD_READER_4, tid:540677289040)
09-20 14:47:26.631220   708   738 I RILC-MTK: proxy id:1, proxyName: RIL_CMD_PROXY_3, QUERY_NETWORK_SELECTION_MODE pRI=0x7de4828f20 p=0x7de4832e00 execute on RIL_CMD_PROXY_3 using channel 1
09-20 14:47:26.631293   708   738 I AT      : AT> AT+COPS? (RIL_CMD_READER_1, tid:540680397904)
09-20 14:47:26.633458   708   756 I AT      : AT< OK (RIL_CMD_READER_4, tid:540677289040)
09-20 14:47:26.633576   708   741 I AT      : AT> AT+CGPADDR=0 (RIL_CMD_READER_4, tid:540677289040)
09-20 14:47:26.634801   708   753 I AT      : AT< +COPS: 0 (RIL_CMD_READER_1, tid:540680397904)
09-20 14:47:26.634864   708   753 I AT      : AT< OK (RIL_CMD_READER_1, tid:540680397904)
09-20 14:47:26.636181   708   756 I AT      : AT< +CGPADDR: 0, "" (RIL_CMD_READER_4, tid:540677289040)
09-20 14:47:26.637077   708   756 I AT      : AT< OK (RIL_CMD_READER_4, tid:540677289040)
09-20 14:47:26.637210   708   741 I AT      : AT> AT+CGPADDR=1 (RIL_CMD_READER_4, tid:540677289040)
09-20 14:47:26.637311   708   738 I RILC-MTK: proxy id:1, proxyName: RIL_CMD_PROXY_3, OPERATOR pRI=0x7de48293a0 p=0x7de4834ae0 execute on RIL_CMD_PROXY_3 using channel 1
09-20 14:47:26.637364   708   738 I AT      : AT> AT+COPS? (RIL_CMD_READER_1, tid:540680397904)
09-20 14:47:26.639851   708   756 I AT      : AT< +CGPADDR: 1, "" (RIL_CMD_READER_4, tid:540677289040)
09-20 14:47:26.653070   708   756 I AT      : AT< OK (RIL_CMD_READER_4, tid:540677289040)
09-20 14:47:26.653169   708   753 I AT      : AT< +COPS: 0 (RIL_CMD_READER_1, tid:540680397904)
09-20 14:47:26.653191   708   753 I AT      : AT< OK (RIL_CMD_READER_1, tid:540680397904)
09-20 14:47:26.653313   708   741 I AT      : AT> AT+CGPADDR=2 (RIL_CMD_READER_4, tid:540677289040)
09-20 14:47:26.653396   708   738 I AT      : AT> AT+EOPS? (RIL_CMD_READER_1, tid:540680397904)
09-20 14:47:26.656918   708   756 I AT      : AT< +CGPADDR: 2, "" (RIL_CMD_READER_4, tid:540677289040)
09-20 14:47:26.656985   708   756 I AT      : AT< OK (RIL_CMD_READER_4, tid:540677289040)
09-20 14:47:26.657120   708   741 I AT      : AT> AT+CGPADDR=3 (RIL_CMD_READER_4, tid:540677289040)
09-20 14:47:26.658279   708   753 I AT      : AT< +EOPS: 0,2,"46000",0 (RIL_CMD_READER_1, tid:540680397904)
09-20 14:47:26.658345   708   753 I AT      : AT< OK (RIL_CMD_READER_1, tid:540680397904)
09-20 14:47:26.658579   708   738 I RILC-MTK: proxy id:1, proxyName: RIL_CMD_PROXY_3, DATA_REGISTRATION_STATE pRI=0x7de4829490 p=0x7de4834b50 execute on RIL_CMD_PROXY_3 using channel 1
09-20 14:47:26.658642   708   738 I AT      : AT> AT+CGREG? (RIL_CMD_READER_1, tid:540680397904)
09-20 14:47:26.664215   708   753 I AT      : AT< +CGREG: 3,2,"2495","0A7E720B",7,"00",0,0 (RIL_CMD_READER_1, tid:540680397904)
09-20 14:47:26.664951   708   756 I AT      : AT< +CGPADDR: 3, "" (RIL_CMD_READER_4, tid:540677289040)
09-20 14:47:26.665010   708   756 I AT      : AT< OK (RIL_CMD_READER_4, tid:540677289040)
09-20 14:47:26.665113   708   753 I AT      : AT< OK (RIL_CMD_READER_1, tid:540680397904)
09-20 14:47:26.665125   708   741 I AT      : AT> AT+CGPADDR=4 (RIL_CMD_READER_4, tid:540677289040)
09-20 14:47:26.665353   708   738 I RILC-MTK: proxy id:1, proxyName: RIL_CMD_PROXY_3, VOICE_REGISTRATION_STATE pRI=0x7de48294c0 p=0x7de4834bc0 execute on RIL_CMD_PROXY_3 using channel 1
09-20 14:47:26.665405   708   738 I AT      : AT> AT+CREG? (RIL_CMD_READER_1, tid:540680397904)
09-20 14:47:26.668114   708   753 I AT      : AT< +CREG: 3,2,"2495","0A7E720B",7,0,0 (RIL_CMD_READER_1, tid:540680397904)
09-20 14:47:26.668679   708   753 I AT      : AT< OK (RIL_CMD_READER_1, tid:540680397904)
09-20 14:47:26.669069   708   738 I RILC-MTK: proxy id:1, proxyName: RIL_CMD_PROXY_3, QUERY_NETWORK_SELECTION_MODE pRI=0x7de48294f0 p=0x7de4834c30 execute on RIL_CMD_PROXY_3 using channel 1
09-20 14:47:26.669148   708   738 I AT      : AT> AT+COPS? (RIL_CMD_READER_1, tid:540680397904)
09-20 14:47:26.670036   708   756 I AT      : AT< +CGPADDR: 4, "" (RIL_CMD_READER_4, tid:540677289040)
09-20 14:47:26.670099   708   756 I AT      : AT< OK (RIL_CMD_READER_4, tid:540677289040)
09-20 14:47:26.670803   708   741 I AT      : AT> AT+CGPADDR=5 (RIL_CMD_READER_4, tid:540677289040)
09-20 14:47:26.671502   708   753 I AT      : AT< +COPS: 0 (RIL_CMD_READER_1, tid:540680397904)
09-20 14:47:26.672766   708   753 I AT      : AT< OK (RIL_CMD_READER_1, tid:540680397904)
09-20 14:47:26.673055   708   738 I RILC-MTK: proxy id:1, proxyName: RIL_CMD_PROXY_3, OEM_HOOK_STRINGS pRI=0x7de4829580 p=0x7de4834d10 execute on RIL_CMD_PROXY_3 using channel 1
09-20 14:47:26.673162   708   738 I AT      : AT> AT+EWFCP=2 (RIL_CMD_READER_1, tid:540680397904)
09-20 14:47:26.674466   708   756 I AT      : AT< +CGPADDR: 5, "" (RIL_CMD_READER_4, tid:540677289040)
09-20 14:47:26.674522   708   756 I AT      : AT< OK (RIL_CMD_READER_4, tid:540677289040)
09-20 14:47:26.674833   708   741 I AT      : AT> AT+CGPADDR=6 (RIL_CMD_READER_4, tid:540677289040)
09-20 14:47:26.676711   708   753 I AT      : AT< OK (RIL_CMD_READER_1, tid:540680397904)
09-20 14:47:26.676829   708   738 E         : Send Response to rild-ims
09-20 14:47:26.679587   708   756 I AT      : AT< +CGPADDR: 6, "" (RIL_CMD_READER_4, tid:540677289040)
09-20 14:47:26.679682   708   756 I AT      : AT< OK (RIL_CMD_READER_4, tid:540677289040)
09-20 14:47:26.679914   708   741 I AT      : AT> AT+CGPADDR=7 (RIL_CMD_READER_4, tid:540677289040)
09-20 14:47:26.681696   708   756 I AT      : AT< +CGPADDR: 7, "" (RIL_CMD_READER_4, tid:540677289040)
09-20 14:47:26.685117   708   756 I AT      : AT< OK (RIL_CMD_READER_4, tid:540677289040)
09-20 14:47:26.685531   708   741 I AT      : AT> AT+CGPADDR=8 (RIL_CMD_READER_4, tid:540677289040)
09-20 14:47:26.698475   708   756 I AT      : AT< +CGPADDR: 8, "" (RIL_CMD_READER_4, tid:540677289040)
09-20 14:47:26.698544   708   756 I AT      : AT< OK (RIL_CMD_READER_4, tid:540677289040)
09-20 14:47:26.698674   708   741 I AT      : AT> AT+CGPADDR=9 (RIL_CMD_READER_4, tid:540677289040)
09-20 14:47:26.700211   708   756 I AT      : AT< +CGPADDR: 9, "" (RIL_CMD_READER_4, tid:540677289040)
09-20 14:47:26.700889   708   756 I AT      : AT< OK (RIL_CMD_READER_4, tid:540677289040)
09-20 14:47:26.701049   708   741 I AT      : AT> AT+CGPADDR=10 (RIL_CMD_READER_4, tid:540677289040)
09-20 14:47:26.702480   708   756 I AT      : AT< +CGPADDR: 10, "" (RIL_CMD_READER_4, tid:540677289040)
09-20 14:47:26.705607   708   756 I AT      : AT< OK (RIL_CMD_READER_4, tid:540677289040)
09-20 14:47:26.705747   708   741 I AT      : AT> AT+CGPRCO? (RIL_CMD_READER_4, tid:540677289040)
09-20 14:47:26.709189   708   756 I AT      : AT< +CGPRCO: 0, "221.179.38.7", "120.196.165.7", "", "", 1 (RIL_CMD_READER_4, tid:540677289040)
09-20 14:47:26.709260   708   756 I AT      : AT< +CGPRCO: 1, "0.0.0.0", "0.0.0.0", "", "", 0 (RIL_CMD_READER_4, tid:540677289040)
09-20 14:47:26.714248   708   756 I AT      : AT< +CGPRCO: 2, "0.0.0.0", "0.0.0.0", "", "", 0 (RIL_CMD_READER_4, tid:540677289040)
09-20 14:47:26.714311   708   756 I AT      : AT< +CGPRCO: 3, "0.0.0.0", "0.0.0.0", "", "", 0 (RIL_CMD_READER_4, tid:540677289040)
09-20 14:47:26.714330   708   756 I AT      : AT< +CGPRCO: 4, "0.0.0.0", "0.0.0.0", "", "", 0 (RIL_CMD_READER_4, tid:540677289040)
09-20 14:47:26.714351   708   756 I AT      : AT< +CGPRCO: 5, "0.0.0.0", "0.0.0.0", "", "", 0 (RIL_CMD_READER_4, tid:540677289040)
09-20 14:47:26.714368   708   756 I AT      : AT< +CGPRCO: 6, "0.0.0.0", "0.0.0.0", "", "", 0 (RIL_CMD_READER_4, tid:540677289040)
09-20 14:47:26.714383   708   756 I AT      : AT< +CGPRCO: 7, "0.0.0.0", "0.0.0.0", "", "", 0 (RIL_CMD_READER_4, tid:540677289040)
09-20 14:47:26.714399   708   756 I AT      : AT< +CGPRCO: 8, "0.0.0.0", "0.0.0.0", "", "", 0 (RIL_CMD_READER_4, tid:540677289040)
09-20 14:47:26.714416   708   756 I AT      : AT< +CGPRCO: 9, "0.0.0.0", "0.0.0.0", "", "", 0 (RIL_CMD_READER_4, tid:540677289040)
09-20 14:47:26.714431   708   756 I AT      : AT< +CGPRCO: 10, "0.0.0.0", "0.0.0.0", "", "", 0 (RIL_CMD_READER_4, tid:540677289040)
09-20 14:47:26.714445   708   756 I AT      : AT< OK (RIL_CMD_READER_4, tid:540677289040)
09-20 14:47:26.716738   708   741 I RILC    : RIL_SOCKET_1 UNSOLICITED: UNSOL_DATA_CALL_LIST_CHANGED length:16
09-20 14:47:26.716891   708   741 I RILC    : RIL_SOCKET_1 UNSOLICITED: RIL_LOCAL_GSM_UNSOL_MAL_DATA_CALL_LIST_CHANGED length:16
09-20 14:47:26.716966   708   741 I RILC-MTK: proxy id:4, proxyName: RIL_CMD_PROXY_4, ALLOW_DATA pRI=0x7de4829520 p=0x7de4834ca0 execute on RIL_CMD_PROXY_4 using channel 4
09-20 14:47:26.717025   708   741 I RIL-DATA: requestAllowData: isDataAllowed= 0
09-20 14:47:26.717094   708   741 I RIL-DATA: Gsm rild get sim not inserted, but ICCID = N/A
09-20 14:47:26.717121   708   741 I AT      : AT> AT+EGTYPE=0,1 (RIL_CMD_READER_4, tid:540677289040)
09-20 14:47:26.721804   708   752 I AT      : AT< +CGEV: ME DETACH (RIL_URC_READER, tid:0)
09-20 14:47:26.722025   708   752 I AT      : AT< +CGREG: 4,"FFFF","0FFFFFFF",0,"00",0,0 (RIL_URC_READER, tid:0)
09-20 14:47:26.722176   708   752 I RILC    : RIL_SOCKET_1 UNSOLICITED: UNSOL_RESPONSE_PS_NETWORK_STATE_CHANGED length:16
09-20 14:47:26.722239   708   752 I AT      : AT< ^MODE:0,0 (RIL_URC_READER, tid:0)
09-20 14:47:26.722314   708   752 E RIL     : Unhandled unsolicited result code: ^MODE:0,0
09-20 14:47:26.722333   708   752 I AT      : AT< +EDRBSTATE: 0,0 (RIL_URC_READER, tid:0)
09-20 14:47:26.722442   708   752 I RILC    : RIL_SOCKET_1 UNSOLICITED: RIL_UNSOL_LTE_ACCESS_STRATUM_STATE_CHANGE length:20
09-20 14:47:26.722512   708   752 I AT      : AT< +EIMSINFO: 255,"00000000",1,"000000",1,"0000","0000",0,1 (RIL_URC_READER, tid:0)
09-20 14:47:26.722585   708   752 E RIL     : Unhandled unsolicited result code: +EIMSINFO: 255,"00000000",1,"000000",1,"0000","0000",0,1
09-20 14:47:26.722641   708   756 I AT      : AT< OK (RIL_CMD_READER_4, tid:540677289040)
09-20 14:47:26.725839   708   741 I AT      : AT> AT+CGATT=0 (RIL_CMD_READER_4, tid:540677289040)
09-20 14:47:26.729563   708   752 I AT      : AT< +CGEV: ME DETACH (RIL_URC_READER, tid:0)
09-20 14:47:26.730157   708   756 I AT      : AT< OK (RIL_CMD_READER_4, tid:540677289040)
09-20 14:47:26.730286   708   741 I RIL-DATA: requestDataIdle:AT+CGATT=0->detach success 
09-20 14:47:26.730533   708   752 I AT      : AT< +EIMSINFO: 255,"00000000",1,"000000",1,"0000","0000",0,1 (RIL_URC_READER, tid:0)
09-20 14:47:26.730646   708   752 E RIL     : Unhandled unsolicited result code: +EIMSINFO: 255,"00000000",1,"000000",1,"0000","0000",0,1
09-20 14:47:26.908075  1500  1500 E DataSubSelector: updateDefaultDataProperty, subInfo is null! defaultSub:10
09-20 14:47:26.927751  1211  1240 I LIBC2K_RIL: 1:OPERATOR pRI=0xf6f77700 p=0xf5a062a0 is queued in NW_CHANNEL
09-20 14:47:26.927815  1211  1240 I C2K_RILC: NW_CHANNEL is busy. DATA_REGISTRATION_STATE queued. total:2 requests pending
09-20 14:47:26.927862  1211  1240 I LIBC2K_RIL: 1:OPERATOR pRI=0xf6f77700 p=0xf5a062a0 is queued in NW_CHANNEL
09-20 14:47:26.927862  1211  1240 I LIBC2K_RIL: 2:DATA_REGISTRATION_STATE pRI=0xf6f77720 p=0xf4e27000 is queued in NW_CHANNEL
09-20 14:47:26.927889  1211  1240 I C2K_RILC: NW_CHANNEL is busy. VOICE_REGISTRATION_STATE queued. total:3 requests pending
09-20 14:47:26.928164   708   738 I RILC-MTK: proxy id:1, proxyName: RIL_CMD_PROXY_3, OPERATOR pRI=0x7de4829550 p=0x7de4834d80 execute on RIL_CMD_PROXY_3 using channel 1
09-20 14:47:26.928247  1211  1235 I LIBC2K_RIL: OPERATOR execute on NW_CHANNEL using channel 3
09-20 14:47:26.928248   708   738 I AT      : AT> AT+COPS? (RIL_CMD_READER_1, tid:540680397904)
09-20 14:47:26.928364  1211  1235 I C2K_AT  : <fd 44> AT > AT+CPIN? (NW_CHANNEL, tid:4117768480)
09-20 14:47:26.931734   708   753 I AT      : AT< +COPS: 0 (RIL_CMD_READER_1, tid:540680397904)
09-20 14:47:26.932919   708   753 I AT      : AT< OK (RIL_CMD_READER_1, tid:540680397904)
09-20 14:47:26.933287   708   738 I AT      : AT> AT+EOPS? (RIL_CMD_READER_1, tid:540680397904)
09-20 14:47:26.936900   708   753 I AT      : AT< +EOPS: 0,2,"000000",0 (RIL_CMD_READER_1, tid:540680397904)
09-20 14:47:26.936958   708   753 I AT      : AT< OK (RIL_CMD_READER_1, tid:540680397904)
09-20 14:47:26.937165   708   738 I RILC-MTK: proxy id:1, proxyName: RIL_CMD_PROXY_3, DATA_REGISTRATION_STATE pRI=0x7de4828800 p=0x7de4834df0 execute on RIL_CMD_PROXY_3 using channel 1
09-20 14:47:26.937224   708   738 I AT      : AT> AT+CGREG? (RIL_CMD_READER_1, tid:540680397904)
09-20 14:47:26.938847   708   753 I AT      : AT< +CGREG: 3,4,"FFFF","0FFFFFFF",0,"FF",0,0 (RIL_CMD_READER_1, tid:540680397904)
09-20 14:47:26.939386   708   753 I AT      : AT< OK (RIL_CMD_READER_1, tid:540680397904)
09-20 14:47:26.939674   708   738 I RILC-MTK: proxy id:1, proxyName: RIL_CMD_PROXY_3, VOICE_REGISTRATION_STATE pRI=0x7de4828830 p=0x7de4832620 execute on RIL_CMD_PROXY_3 using channel 1
09-20 14:47:26.939743   708   738 I AT      : AT> AT+CREG? (RIL_CMD_READER_1, tid:540680397904)
09-20 14:47:26.942498   708   753 I AT      : AT< +CREG: 3,2,"2495","0A7E720B",7,0,0 (RIL_CMD_READER_1, tid:540680397904)
09-20 14:47:26.943681   708   753 I AT      : AT< OK (RIL_CMD_READER_1, tid:540680397904)
09-20 14:47:26.944009   708   738 I RILC-MTK: proxy id:1, proxyName: RIL_CMD_PROXY_3, QUERY_NETWORK_SELECTION_MODE pRI=0x7de4828980 p=0x7de4833030 execute on RIL_CMD_PROXY_3 using channel 1
09-20 14:47:26.944074   708   738 I AT      : AT> AT+COPS? (RIL_CMD_READER_1, tid:540680397904)
09-20 14:47:26.949060   708   753 I AT      : AT< +COPS: 0 (RIL_CMD_READER_1, tid:540680397904)
09-20 14:47:26.949114   708   753 I AT      : AT< OK (RIL_CMD_READER_1, tid:540680397904)
09-20 14:47:26.950903  1211  1248 I C2K_AT  : <fd 44> AT < +CME ERROR:10 (NW_CHANNEL, tid:4117768480)
09-20 14:47:26.951534  1211  1235 I LIBC2K_RIL: DATA_REGISTRATION_STATE execute on NW_CHANNEL using channel 3
09-20 14:47:26.951640  1211  1235 I LIBC2K_RIL: VOICE_REGISTRATION_STATE execute on NW_CHANNEL using channel 3
09-20 14:47:26.976044  1211  1240 I LIBC2K_RIL: 1:OPERATOR pRI=0xf6f77620 p=0xf4e27230 is queued in NW_CHANNEL
09-20 14:47:26.976115  1211  1240 I C2K_RILC: NW_CHANNEL is busy. DATA_REGISTRATION_STATE queued. total:2 requests pending
09-20 14:47:26.976165  1211  1240 I LIBC2K_RIL: 1:OPERATOR pRI=0xf6f77620 p=0xf4e27230 is queued in NW_CHANNEL
09-20 14:47:26.976165  1211  1240 I LIBC2K_RIL: 2:DATA_REGISTRATION_STATE pRI=0xf6f77640 p=0xf4e27268 is queued in NW_CHANNEL
09-20 14:47:26.976193  1211  1240 I C2K_RILC: NW_CHANNEL is busy. VOICE_REGISTRATION_STATE queued. total:3 requests pending
09-20 14:47:26.976320   708   738 I RILC-MTK: proxy id:1, proxyName: RIL_CMD_PROXY_3, OPERATOR pRI=0x7de4828ec0 p=0x7de48330a0 execute on RIL_CMD_PROXY_3 using channel 1
09-20 14:47:26.976415   708   738 I AT      : AT> AT+COPS? (RIL_CMD_READER_1, tid:540680397904)
09-20 14:47:26.976603  1211  1235 I LIBC2K_RIL: OPERATOR execute on NW_CHANNEL using channel 3
09-20 14:47:26.976719  1211  1235 I C2K_AT  : <fd 44> AT > AT+CPIN? (NW_CHANNEL, tid:4117768480)
09-20 14:47:26.979546  1211  1248 I C2K_AT  : <fd 44> AT < +CME ERROR:10 (NW_CHANNEL, tid:4117768480)
09-20 14:47:26.979892  1211  1235 I LIBC2K_RIL: DATA_REGISTRATION_STATE execute on NW_CHANNEL using channel 3
09-20 14:47:26.979987  1211  1235 I LIBC2K_RIL: VOICE_REGISTRATION_STATE execute on NW_CHANNEL using channel 3
09-20 14:47:26.980933   708   753 I AT      : AT< +COPS: 0 (RIL_CMD_READER_1, tid:540680397904)
09-20 14:47:26.980999   708   753 I AT      : AT< OK (RIL_CMD_READER_1, tid:540680397904)
09-20 14:47:26.981243   708   738 I AT      : AT> AT+EOPS? (RIL_CMD_READER_1, tid:540680397904)
09-20 14:47:26.983604   708   753 I AT      : AT< +EOPS: 0,2,"000000",0 (RIL_CMD_READER_1, tid:540680397904)
09-20 14:47:26.984274   708   753 I AT      : AT< OK (RIL_CMD_READER_1, tid:540680397904)
09-20 14:47:26.984764   708   738 I RILC-MTK: proxy id:1, proxyName: RIL_CMD_PROXY_3, DATA_REGISTRATION_STATE pRI=0x7de48287d0 p=0x7de4833110 execute on RIL_CMD_PROXY_3 using channel 1
09-20 14:47:26.984838   708   738 I AT      : AT> AT+CGREG? (RIL_CMD_READER_1, tid:540680397904)
09-20 14:47:26.987810   708   753 I AT      : AT< +CGREG: 3,4,"FFFF","0FFFFFFF",0,"FF",0,0 (RIL_CMD_READER_1, tid:540680397904)
09-20 14:47:26.988266   708   753 I AT      : AT< OK (RIL_CMD_READER_1, tid:540680397904)
09-20 14:47:26.988681   708   738 I RILC-MTK: proxy id:1, proxyName: RIL_CMD_PROXY_3, VOICE_REGISTRATION_STATE pRI=0x7de48289e0 p=0x7de48327e0 execute on RIL_CMD_PROXY_3 using channel 1
09-20 14:47:26.988751   708   738 I AT      : AT> AT+CREG? (RIL_CMD_READER_1, tid:540680397904)
09-20 14:47:26.990814   708   753 I AT      : AT< +CREG: 3,2,"2495","0A7E720B",7,0,0 (RIL_CMD_READER_1, tid:540680397904)
09-20 14:47:26.992449   708   753 I AT      : AT< OK (RIL_CMD_READER_1, tid:540680397904)
09-20 14:47:26.992829   708   738 I RILC-MTK: proxy id:1, proxyName: RIL_CMD_PROXY_3, QUERY_NETWORK_SELECTION_MODE pRI=0x7de4828ef0 p=0x7de4832af0 execute on RIL_CMD_PROXY_3 using channel 1
09-20 14:47:26.992893   708   738 I AT      : AT> AT+COPS? (RIL_CMD_READER_1, tid:540680397904)
09-20 14:47:26.995150   708   753 I AT      : AT< +COPS: 0 (RIL_CMD_READER_1, tid:540680397904)
09-20 14:47:26.996930   708   753 I AT      : AT< OK (RIL_CMD_READER_1, tid:540680397904)
09-20 14:47:27.090750   375  1270 E RPC     : RPC-client RX thread after select! - (0)
09-20 14:47:27.122043   708   738 I RILC-MTK: proxy id:1, proxyName: RIL_CMD_PROXY_3, RIL_REQUEST_AT_COMMAND_WITH_PROXY pRI=0x7de4828f20 p=0x7de4832e00 execute on RIL_CMD_PROXY_3 using channel 1
09-20 14:47:27.122189   708   738 I AT      : AT> AT+ECSQ (RIL_CMD_READER_1, tid:540680397904)
09-20 14:47:27.124467   708   753 I AT      : AT< +ECSQ: 255,255,1,1,1,1,1,0,32767 (RIL_CMD_READER_1, tid:540680397904)
09-20 14:47:27.126291   708   753 I AT      : AT< OK (RIL_CMD_READER_1, tid:540680397904)
09-20 14:47:27.208467   708   738 I RILC-MTK: proxy id:1, proxyName: RIL_CMD_PROXY_3, OEM_HOOK_STRINGS pRI=0x7de4828980 p=0x7de4833180 execute on RIL_CMD_PROXY_3 using channel 1
09-20 14:47:27.208661   708   738 I AT      : AT> AT+EWFCP=2 (RIL_CMD_READER_1, tid:540680397904)
09-20 14:47:27.212917   708   753 I AT      : AT< OK (RIL_CMD_READER_1, tid:540680397904)
09-20 14:47:27.213132   708   738 E         : Send Response to rild-ims
09-20 14:47:27.215723  1500  1500 E GsmCdmaPhone: [GsmCdmaPhone] Invalid cdma_roaming_mode settings: -1
09-20 14:47:27.223815  1500  1500 E SST     : [GsmSST0] error parsing RegistrationState: java.lang.NumberFormatException: For input string: "ffffffff"
09-20 14:47:27.325267   708   738 I RILC-MTK: proxy id:1, proxyName: RIL_CMD_PROXY_3, OEM_HOOK_STRINGS pRI=0x7de4828ec0 p=0x7de4832620 execute on RIL_CMD_PROXY_3 using channel 1
09-20 14:47:27.325402   708   738 I AT      : AT> AT+EWFCP=2 (RIL_CMD_READER_1, tid:540680397904)
09-20 14:47:27.328120   708   753 I AT      : AT< OK (RIL_CMD_READER_1, tid:540680397904)
09-20 14:47:27.328338   708   738 E         : Send Response to rild-ims
09-20 14:47:27.329485  1500  1500 E GsmCdmaPhone: [GsmCdmaPhone] Invalid cdma_roaming_mode settings: -1
09-20 14:47:27.591519   375  1270 E RPC     : RPC-client RX thread after select! - (0)
09-20 14:47:28.092046   375  1270 E RPC     : RPC-client RX thread after select! - (0)
09-20 14:47:28.255542   708   740 I RILC    : RIL_SOCKET_1 UNSOLICITED: RIL_UNSOL_SMS_READY_NOTIFICATION length:8
09-20 14:47:28.255652   708   740 I AT      : AT> AT+CSMS=1 (RIL_CMD_READER_3, tid:540678325328)
09-20 14:47:28.258119   708   755 I AT      : AT< +CME ERROR: 14 (RIL_CMD_READER_3, tid:540678325328)
09-20 14:47:28.258252   708   740 I AT      : AT> AT+CNMI=1,2,2,1,1 (RIL_CMD_READER_3, tid:540678325328)
09-20 14:47:28.260903   708   755 I AT      : AT< OK (RIL_CMD_READER_3, tid:540678325328)
09-20 14:47:28.261015   708   740 I AT      : AT> AT+CPMS="SM", "SM", "SM" (RIL_CMD_READER_3, tid:540678325328)
09-20 14:47:28.263171   708   755 I AT      : AT< ERROR (RIL_CMD_READER_3, tid:540678325328)
09-20 14:47:28.592736   375  1270 E RPC     : RPC-client RX thread after select! - (0)
09-20 14:47:29.093392   375  1270 E RPC     : RPC-client RX thread after select! - (0)
09-20 14:47:29.594089   375  1270 E RPC     : RPC-client RX thread after select! - (0)
09-20 14:47:30.094834   375  1270 E RPC     : RPC-client RX thread after select! - (0)
09-20 14:47:30.595609   375  1270 E RPC     : RPC-client RX thread after select! - (0)
09-20 14:47:31.096368   375  1270 E RPC     : RPC-client RX thread after select! - (0)
09-20 14:47:31.597080   375  1270 E RPC     : RPC-client RX thread after select! - (0)
09-20 14:47:32.097832   375  1270 E RPC     : RPC-client RX thread after select! - (0)
09-20 14:47:32.511686   708   752 I AT      : AT< +ECSQ: 99,99,1,1,1,1,1,0,32767 (RIL_URC_READER, tid:0)
09-20 14:47:32.511973   708   752 E RIL-NW  : Recevice an invalid value from modem for <rxlevel>
09-20 14:47:32.598550   375  1270 E RPC     : RPC-client RX thread after select! - (0)
09-20 14:47:32.961026   708   749 I RILC    : NUMBER:1
09-20 14:47:32.961084   708   749 I RILC    : arg len:14
09-20 14:47:32.961105   708   749 I RILC    : ARGS[0]:THERMAL,0,-1
09-20 14:47:32.961253   708   749 I RILC-MTK: set request 2502 to protocal 1, proxyId=3
09-20 14:47:32.961690   708   740 I RILC-MTK: proxy id:3, proxyName: RIL_CMD_PROXY_1, QUERY_MODEM_THERMAL pRI=0x7de48287d0 p=0x7de48333b0 execute on RIL_CMD_PROXY_1 using channel 3
09-20 14:47:32.961918   708   740 I AT      : AT> AT+ETHERMAL (RIL_CMD_READER_3, tid:540678325328)
09-20 14:47:32.964822   708   755 I AT      : AT< +ETHERMAL: 0, 32767, -127, 0, 32767, 2 (RIL_CMD_READER_3, tid:540678325328)
09-20 14:47:32.964913   708   755 I AT      : AT< OK (RIL_CMD_READER_3, tid:540678325328)
09-20 14:47:33.099333   375  1270 E RPC     : RPC-client RX thread after select! - (0)
09-20 14:47:33.600119   375  1270 E RPC     : RPC-client RX thread after select! - (0)
09-20 14:47:34.100857   375  1270 E RPC     : RPC-client RX thread after select! - (0)
09-20 14:47:34.228162   708   738 I RILC-MTK: proxy id:1, proxyName: RIL_CMD_PROXY_3, RIL_REQUEST_AT_COMMAND_WITH_PROXY pRI=0x7de4829040 p=0x7de4833570 execute on RIL_CMD_PROXY_3 using channel 1
09-20 14:47:34.228282   708   738 I AT      : AT> AT+ECSQ (RIL_CMD_READER_1, tid:540680397904)
09-20 14:47:34.230748   708   753 I AT      : AT< +ECSQ: 255,255,1,1,1,1,1,0,32767 (RIL_CMD_READER_1, tid:540680397904)
09-20 14:47:34.230816   708   753 I AT      : AT< OK (RIL_CMD_READER_1, tid:540680397904)
09-20 14:47:34.601515   375  1270 E RPC     : RPC-client RX thread after select! - (0)
09-20 14:47:35.102110   375  1270 E RPC     : RPC-client RX thread after select! - (0)
09-20 14:47:35.602840   375  1270 E RPC     : RPC-client RX thread after select! - (0)
09-20 14:47:36.103801   375  1270 E RPC     : RPC-client RX thread after select! - (0)
09-20 14:47:36.604962   375  1270 E RPC     : RPC-client RX thread after select! - (0)
09-20 14:47:36.759672   708   752 I AT      : AT< +ECSQ: 36,99,-298,1,1,1,1,0,32767 (RIL_URC_READER, tid:0)
09-20 14:47:36.761223   708   752 I RILC    : RIL_SOCKET_1 UNSOLICITED: UNSOL_SIGNAL_STRENGTH length:72
09-20 14:47:36.762526   708   752 I AT      : AT< +CREG: 0,"253D","00004089",0,0,0 (RIL_URC_READER, tid:0)
09-20 14:47:36.762770   708   752 I RILC    : RIL_SOCKET_1 UNSOLICITED: UNSOL_RESPONSE_VOICE_NETWORK_STATE_CHANGED length:68
09-20 14:47:36.762830   708   752 I AT      : AT< +CGREG: 4,"253D","00004089",0,"00",0,0 (RIL_URC_READER, tid:0)
09-20 14:47:36.762941   708   752 I RILC    : RIL_SOCKET_1 UNSOLICITED: UNSOL_RESPONSE_PS_NETWORK_STATE_CHANGED length:16
09-20 14:47:36.762981   708   752 I AT      : AT< +PSBEARER: 0,0 (RIL_URC_READER, tid:0)
09-20 14:47:36.763072   708   752 I RILC    : RIL_SOCKET_1 UNSOLICITED: UNSOL_RESPONSE_PS_NETWORK_STATE_CHANGED length:16
09-20 14:47:36.763112   708   752 I AT      : AT< ^MODE:0,0 (RIL_URC_READER, tid:0)
09-20 14:47:36.763189   708   752 E RIL     : Unhandled unsolicited result code: ^MODE:0,0
09-20 14:47:36.763209   708   752 I AT      : AT< +EIMSINFO: 0,"00004089",1,"46001",1,"253D","0000",0,2 (RIL_URC_READER, tid:0)
09-20 14:47:36.763262   708   752 E RIL     : Unhandled unsolicited result code: +EIMSINFO: 0,"00004089",1,"46001",1,"253D","0000",0,2
09-20 14:47:36.805783  1211  1240 I LIBC2K_RIL: 1:OPERATOR pRI=0xf6f775a0 p=0xf4e270a8 is queued in NW_CHANNEL
09-20 14:47:36.805880  1211  1240 I C2K_RILC: NW_CHANNEL is busy. DATA_REGISTRATION_STATE queued. total:2 requests pending
09-20 14:47:36.805935  1211  1240 I LIBC2K_RIL: 1:OPERATOR pRI=0xf6f775a0 p=0xf4e270a8 is queued in NW_CHANNEL
09-20 14:47:36.805935  1211  1240 I LIBC2K_RIL: 2:DATA_REGISTRATION_STATE pRI=0xf6f775c0 p=0xf4e271c0 is queued in NW_CHANNEL
09-20 14:47:36.805963  1211  1240 I C2K_RILC: NW_CHANNEL is busy. VOICE_REGISTRATION_STATE queued. total:3 requests pending
09-20 14:47:36.806630   708   738 I RILC-MTK: proxy id:1, proxyName: RIL_CMD_PROXY_3, OPERATOR pRI=0x7de48290a0 p=0x7de4833ff0 execute on RIL_CMD_PROXY_3 using channel 1
09-20 14:47:36.806718   708   738 I AT      : AT> AT+COPS? (RIL_CMD_READER_1, tid:540680397904)
09-20 14:47:36.806954  1211  1240 I LIBC2K_RIL: 1:OPERATOR pRI=0xf6f775a0 p=0xf4e270a8 is queued in NW_CHANNEL
09-20 14:47:36.806954  1211  1240 I LIBC2K_RIL: 2:DATA_REGISTRATION_STATE pRI=0xf6f775c0 p=0xf4e271c0 is queued in NW_CHANNEL
09-20 14:47:36.806954  1211  1240 I LIBC2K_RIL: 3:VOICE_REGISTRATION_STATE pRI=0xf6f775e0 p=0xf4e27310 is queued in NW_CHANNEL
09-20 14:47:36.807005  1211  1240 I C2K_RILC: NW_CHANNEL is busy. OPERATOR queued. total:4 requests pending
09-20 14:47:36.807097  1211  1240 I LIBC2K_RIL: 1:OPERATOR pRI=0xf6f775a0 p=0xf4e270a8 is queued in NW_CHANNEL
09-20 14:47:36.807097  1211  1240 I LIBC2K_RIL: 2:DATA_REGISTRATION_STATE pRI=0xf6f775c0 p=0xf4e271c0 is queued in NW_CHANNEL
09-20 14:47:36.807097  1211  1240 I LIBC2K_RIL: 3:VOICE_REGISTRATION_STATE pRI=0xf6f775e0 p=0xf4e27310 is queued in NW_CHANNEL
09-20 14:47:36.807097  1211  1240 I LIBC2K_RIL: 4:OPERATOR pRI=0xf6f77760 p=0xf4e273f0 is queued in NW_CHANNEL
09-20 14:47:36.807124  1211  1240 I C2K_RILC: NW_CHANNEL is busy. DATA_REGISTRATION_STATE queued. total:5 requests pending
09-20 14:47:36.807198  1211  1240 I LIBC2K_RIL: 1:OPERATOR pRI=0xf6f775a0 p=0xf4e270a8 is queued in NW_CHANNEL
09-20 14:47:36.807198  1211  1240 I LIBC2K_RIL: 2:DATA_REGISTRATION_STATE pRI=0xf6f775c0 p=0xf4e271c0 is queued in NW_CHANNEL
09-20 14:47:36.807198  1211  1240 I LIBC2K_RIL: 3:VOICE_REGISTRATION_STATE pRI=0xf6f775e0 p=0xf4e27310 is queued in NW_CHANNEL
09-20 14:47:36.807198  1211  1240 I LIBC2K_RIL: 4:OPERATOR pRI=0xf6f77760 p=0xf4e273f0 is queued in NW_CHANNEL
09-20 14:47:36.807198  1211  1240 I LIBC2K_RIL: 5:DATA_REGISTRATION_STATE pRI=0xf6f77780 p=0xf4e27428 is queued in NW_CHANNEL
09-20 14:47:36.807224  1211  1240 I C2K_RILC: NW_CHANNEL is busy. VOICE_REGISTRATION_STATE queued. total:6 requests pending
09-20 14:47:36.807455  1211  1235 I LIBC2K_RIL: OPERATOR execute on NW_CHANNEL using channel 3
09-20 14:47:36.807571  1211  1235 I C2K_AT  : <fd 44> AT > AT+CPIN? (NW_CHANNEL, tid:4117768480)
09-20 14:47:36.808290  1211  1240 I LIBC2K_RIL: 1:DATA_REGISTRATION_STATE pRI=0xf6f775c0 p=0xf4e271c0 is queued in NW_CHANNEL
09-20 14:47:36.808290  1211  1240 I LIBC2K_RIL: 2:VOICE_REGISTRATION_STATE pRI=0xf6f775e0 p=0xf4e27310 is queued in NW_CHANNEL
09-20 14:47:36.808290  1211  1240 I LIBC2K_RIL: 3:OPERATOR pRI=0xf6f77760 p=0xf4e273f0 is queued in NW_CHANNEL
09-20 14:47:36.808290  1211  1240 I LIBC2K_RIL: 4:DATA_REGISTRATION_STATE pRI=0xf6f77780 p=0xf4e27428 is queued in NW_CHANNEL
09-20 14:47:36.808290  1211  1240 I LIBC2K_RIL: 5:VOICE_REGISTRATION_STATE pRI=0xf6f777a0 p=0xf4e27460 is queued in NW_CHANNEL
09-20 14:47:36.808341  1211  1240 I C2K_RILC: NW_CHANNEL is busy. OPERATOR queued. total:6 requests pending
09-20 14:47:36.808856   708   753 I AT      : AT< +COPS: 0 (RIL_CMD_READER_1, tid:540680397904)
09-20 14:47:36.808917   708   753 I AT      : AT< OK (RIL_CMD_READER_1, tid:540680397904)
09-20 14:47:36.809011   708   738 I AT      : AT> AT+EOPS? (RIL_CMD_READER_1, tid:540680397904)
09-20 14:47:36.809259  1211  1240 I LIBC2K_RIL: 1:DATA_REGISTRATION_STATE pRI=0xf6f775c0 p=0xf4e271c0 is queued in NW_CHANNEL
09-20 14:47:36.809259  1211  1240 I LIBC2K_RIL: 2:VOICE_REGISTRATION_STATE pRI=0xf6f775e0 p=0xf4e27310 is queued in NW_CHANNEL
09-20 14:47:36.809259  1211  1240 I LIBC2K_RIL: 3:OPERATOR pRI=0xf6f77760 p=0xf4e273f0 is queued in NW_CHANNEL
09-20 14:47:36.809259  1211  1240 I LIBC2K_RIL: 4:DATA_REGISTRATION_STATE pRI=0xf6f77780 p=0xf4e27428 is queued in NW_CHANNEL
09-20 14:47:36.809259  1211  1240 I LIBC2K_RIL: 5:VOICE_REGISTRATION_STATE pRI=0xf6f777a0 p=0xf4e27460 is queued in NW_CHANNEL
09-20 14:47:36.809259  1211  1240 I LIBC2K_RIL: 6:OPERATOR pRI=0xf6f777c0 p=0xf4e27498 is queued in NW_CHANNEL
09-20 14:47:36.809306  1211  1240 I C2K_RILC: NW_CHANNEL is busy. DATA_REGISTRATION_STATE queued. total:7 requests pending
09-20 14:47:36.809406  1211  1240 I LIBC2K_RIL: 1:DATA_REGISTRATION_STATE pRI=0xf6f775c0 p=0xf4e271c0 is queued in NW_CHANNEL
09-20 14:47:36.809406  1211  1240 I LIBC2K_RIL: 2:VOICE_REGISTRATION_STATE pRI=0xf6f775e0 p=0xf4e27310 is queued in NW_CHANNEL
09-20 14:47:36.809406  1211  1240 I LIBC2K_RIL: 3:OPERATOR pRI=0xf6f77760 p=0xf4e273f0 is queued in NW_CHANNEL
09-20 14:47:36.809406  1211  1240 I LIBC2K_RIL: 4:DATA_REGISTRATION_STATE pRI=0xf6f77780 p=0xf4e27428 is queued in NW_CHANNEL
09-20 14:47:36.809406  1211  1240 I LIBC2K_RIL: 5:VOICE_REGISTRATION_STATE pRI=0xf6f777a0 p=0xf4e27460 is queued in NW_CHANNEL
09-20 14:47:36.809406  1211  1240 I LIBC2K_RIL: 6:OPERATOR pRI=0xf6f777c0 p=0xf4e27498 is queued in NW_CHANNEL
09-20 14:47:36.809406  1211  1240 I LIBC2K_RIL: 7:DATA_REGISTRATION_STATE pRI=0xf6f777e0 p=0xf4e274d0 is queued in NW_CHANNEL
09-20 14:47:36.809432  1211  1240 I C2K_RILC: NW_CHANNEL is busy. VOICE_REGISTRATION_STATE queued. total:8 requests pending
09-20 14:47:36.811367   708   753 I AT      : AT< +EOPS: 0,2,"46001",0 (RIL_CMD_READER_1, tid:540680397904)
09-20 14:47:36.814080   708   753 I AT      : AT< OK (RIL_CMD_READER_1, tid:540680397904)
09-20 14:47:36.814476   708   738 I RILC-MTK: proxy id:1, proxyName: RIL_CMD_PROXY_3, DATA_REGISTRATION_STATE pRI=0x7de4829100 p=0x7de4834760 execute on RIL_CMD_PROXY_3 using channel 1
09-20 14:47:36.814565   708   738 I AT      : AT> AT+CGREG? (RIL_CMD_READER_1, tid:540680397904)
09-20 14:47:36.816437   708   753 I AT      : AT< +CGREG: 3,4,"253D","00004089",0,"00",0,0 (RIL_CMD_READER_1, tid:540680397904)
09-20 14:47:36.817001   708   753 I AT      : AT< OK (RIL_CMD_READER_1, tid:540680397904)
09-20 14:47:36.817378   708   738 I RILC-MTK: proxy id:1, proxyName: RIL_CMD_PROXY_3, VOICE_REGISTRATION_STATE pRI=0x7de4828ad0 p=0x7de48347d0 execute on RIL_CMD_PROXY_3 using channel 1
09-20 14:47:36.817466   708   738 I AT      : AT> AT+CREG? (RIL_CMD_READER_1, tid:540680397904)
09-20 14:47:36.820906   708   753 I AT      : AT< +CREG: 3,0,"253D","00004089",0,0,0 (RIL_CMD_READER_1, tid:540680397904)
09-20 14:47:36.820980   708   753 I AT      : AT< OK (RIL_CMD_READER_1, tid:540680397904)
09-20 14:47:36.821308   708   738 I RILC-MTK: proxy id:1, proxyName: RIL_CMD_PROXY_3, QUERY_NETWORK_SELECTION_MODE pRI=0x7de4828dd0 p=0x7de4834840 execute on RIL_CMD_PROXY_3 using channel 1
09-20 14:47:36.821383   708   738 I AT      : AT> AT+COPS? (RIL_CMD_READER_1, tid:540680397904)
09-20 14:47:36.824105   708   753 I AT      : AT< +COPS: 0 (RIL_CMD_READER_1, tid:540680397904)
