----- timezone:GMT
01-01 08:00:08.687023   263   263 I vold    : Vold 3.0 (the awakening) firing up
01-01 08:00:08.687441   263   263 V vold    : Detected support for: ext4 vfat
01-01 08:00:08.693293   263   263 D Vold    : dirtyRatioVal = 3
01-01 08:00:08.693779   263   263 D vold    : EmulatedVolume(emulated) is newed
01-01 08:00:08.693813   263   263 W vold    : emulated setState: 0
01-01 08:00:09.223186   263   266 V vold    : ----------------
01-01 08:00:09.223393   263   266 V vold    : handleBlockEvent with action 1
01-01 08:00:09.223523   263   266 D NetlinkEvent: NL action '1'
01-01 08:00:09.223580   263   266 D NetlinkEvent: NL subsystem 'block'
01-01 08:00:09.223631   263   266 D NetlinkEvent: NL param 'DEVPATH=/devices/virtual/block/dm-0'
01-01 08:00:09.223680   263   266 D NetlinkEvent: NL param 'MAJOR=253'
01-01 08:00:09.223739   263   266 D NetlinkEvent: NL param 'MINOR=0'
01-01 08:00:09.223788   263   266 D NetlinkEvent: NL param 'DEVNAME=dm-0'
01-01 08:00:09.223837   263   266 D NetlinkEvent: NL param 'DEVTYPE=disk'
01-01 08:00:09.223886   263   266 D NetlinkEvent: NL param 'NPARTS=0'
01-01 08:00:09.224217   263   266 V vold    : ----------------
01-01 08:00:09.224312   263   266 V vold    : handleBlockEvent with action 1
01-01 08:00:09.224407   263   266 D NetlinkEvent: NL action '1'
01-01 08:00:09.224462   263   266 D NetlinkEvent: NL subsystem 'block'
01-01 08:00:09.224520   263   266 D NetlinkEvent: NL param 'DEVPATH=/devices/virtual/block/loop0'
01-01 08:00:09.224578   263   266 D NetlinkEvent: NL param 'MAJOR=7'
01-01 08:00:09.224627   263   266 D NetlinkEvent: NL param 'MINOR=0'
01-01 08:00:09.224675   263   266 D NetlinkEvent: NL param 'DEVNAME=loop0'
01-01 08:00:09.224723   263   266 D NetlinkEvent: NL param 'DEVTYPE=disk'
01-01 08:00:09.224771   263   266 D NetlinkEvent: NL param 'NPARTS=0'
01-01 08:00:09.225059   263   266 V vold    : ----------------
01-01 08:00:09.225146   263   266 V vold    : handleBlockEvent with action 1
01-01 08:00:09.225250   263   266 D NetlinkEvent: NL action '1'
01-01 08:00:09.225305   263   266 D NetlinkEvent: NL subsystem 'block'
01-01 08:00:09.225355   263   266 D NetlinkEvent: NL param 'DEVPATH=/devices/virtual/block/loop1'
01-01 08:00:09.225404   263   266 D NetlinkEvent: NL param 'MAJOR=7'
01-01 08:00:09.225452   263   266 D NetlinkEvent: NL param 'MINOR=1'
01-01 08:00:09.225501   263   266 D NetlinkEvent: NL param 'DEVNAME=loop1'
01-01 08:00:09.225548   263   266 D NetlinkEvent: NL param 'DEVTYPE=disk'
01-01 08:00:09.225597   263   266 D NetlinkEvent: NL param 'NPARTS=0'
01-01 08:00:09.225911   263   266 V vold    : ----------------
01-01 08:00:09.226007   263   266 V vold    : handleBlockEvent with action 1
01-01 08:00:09.226101   263   266 D NetlinkEvent: NL action '1'
01-01 08:00:09.226155   263   266 D NetlinkEvent: NL subsystem 'block'
01-01 08:00:09.226204   263   266 D NetlinkEvent: NL param 'DEVPATH=/devices/virtual/block/loop2'
01-01 08:00:09.226256   263   266 D NetlinkEvent: NL param 'MAJOR=7'
01-01 08:00:09.226304   263   266 D NetlinkEvent: NL param 'MINOR=2'
01-01 08:00:09.226352   263   266 D NetlinkEvent: NL param 'DEVNAME=loop2'
01-01 08:00:09.226411   263   266 D NetlinkEvent: NL param 'DEVTYPE=disk'
01-01 08:00:09.226456   263   266 D NetlinkEvent: NL param 'NPARTS=0'
01-01 08:00:09.227239   263   266 V vold    : ----------------
01-01 08:00:09.227327   263   266 V vold    : handleBlockEvent with action 1
01-01 08:00:09.227418   263   266 D NetlinkEvent: NL action '1'
01-01 08:00:09.227469   263   266 D NetlinkEvent: NL subsystem 'block'
01-01 08:00:09.227624   263   266 D NetlinkEvent: NL param 'DEVPATH=/devices/virtual/block/loop3'
01-01 08:00:09.227679   263   266 D NetlinkEvent: NL param 'MAJOR=7'
01-01 08:00:09.227739   263   266 D NetlinkEvent: NL param 'MINOR=3'
01-01 08:00:09.227792   263   266 D NetlinkEvent: NL param 'DEVNAME=loop3'
01-01 08:00:09.227836   263   266 D NetlinkEvent: NL param 'DEVTYPE=disk'
01-01 08:00:09.227859   263   266 D NetlinkEvent: NL param 'NPARTS=0'
01-01 08:00:09.228117   263   266 V vold    : ----------------
01-01 08:00:09.228140   263   266 V vold    : handleBlockEvent with action 1
01-01 08:00:09.228163   263   266 D NetlinkEvent: NL action '1'
01-01 08:00:09.228176   263   266 D NetlinkEvent: NL subsystem 'block'
01-01 08:00:09.228188   263   266 D NetlinkEvent: NL param 'DEVPATH=/devices/virtual/block/loop4'
01-01 08:00:09.228200   263   266 D NetlinkEvent: NL param 'MAJOR=7'
01-01 08:00:09.228213   263   266 D NetlinkEvent: NL param 'MINOR=4'
01-01 08:00:09.228224   263   266 D NetlinkEvent: NL param 'DEVNAME=loop4'
01-01 08:00:09.228235   263   266 D NetlinkEvent: NL param 'DEVTYPE=disk'
01-01 08:00:09.228246   263   266 D NetlinkEvent: NL param 'NPARTS=0'
01-01 08:00:09.228293   263   266 V vold    : ----------------
01-01 08:00:09.228312   263   266 V vold    : handleBlockEvent with action 1
01-01 08:00:09.228333   263   266 D NetlinkEvent: NL action '1'
01-01 08:00:09.228346   263   266 D NetlinkEvent: NL subsystem 'block'
01-01 08:00:09.228359   263   266 D NetlinkEvent: NL param 'DEVPATH=/devices/virtual/block/loop5'
01-01 08:00:09.228370   263   266 D NetlinkEvent: NL param 'MAJOR=7'
01-01 08:00:09.228381   263   266 D NetlinkEvent: NL param 'MINOR=5'
01-01 08:00:09.228392   263   266 D NetlinkEvent: NL param 'DEVNAME=loop5'
01-01 08:00:09.228402   263   266 D NetlinkEvent: NL param 'DEVTYPE=disk'
01-01 08:00:09.228413   263   266 D NetlinkEvent: NL param 'NPARTS=0'
01-01 08:00:09.228462   263   266 V vold    : ----------------
01-01 08:00:09.228481   263   266 V vold    : handleBlockEvent with action 1
01-01 08:00:09.228504   263   266 D NetlinkEvent: NL action '1'
01-01 08:00:09.228516   263   266 D NetlinkEvent: NL subsystem 'block'
01-01 08:00:09.228527   263   266 D NetlinkEvent: NL param 'DEVPATH=/devices/virtual/block/loop6'
01-01 08:00:09.228538   263   266 D NetlinkEvent: NL param 'MAJOR=7'
01-01 08:00:09.228549   263   266 D NetlinkEvent: NL param 'MINOR=6'
01-01 08:00:09.228559   263   266 D NetlinkEvent: NL param 'DEVNAME=loop6'
01-01 08:00:09.228570   263   266 D NetlinkEvent: NL param 'DEVTYPE=disk'
01-01 08:00:09.228580   263   266 D NetlinkEvent: NL param 'NPARTS=0'
01-01 08:00:09.228688   263   266 V vold    : ----------------
01-01 08:00:09.228708   263   266 V vold    : handleBlockEvent with action 1
01-01 08:00:09.228729   263   266 D NetlinkEvent: NL action '1'
01-01 08:00:09.228742   263   266 D NetlinkEvent: NL subsystem 'block'
01-01 08:00:09.228753   263   266 D NetlinkEvent: NL param 'DEVPATH=/devices/virtual/block/loop7'
01-01 08:00:09.228764   263   266 D NetlinkEvent: NL param 'MAJOR=7'
01-01 08:00:09.228774   263   266 D NetlinkEvent: NL param 'MINOR=7'
01-01 08:00:09.228785   263   266 D NetlinkEvent: NL param 'DEVNAME=loop7'
01-01 08:00:09.228796   263   266 D NetlinkEvent: NL param 'DEVTYPE=disk'
01-01 08:00:09.228806   263   266 D NetlinkEvent: NL param 'NPARTS=0'
01-01 08:00:09.228935   263   266 V vold    : ----------------
01-01 08:00:09.228961   263   266 V vold    : handleBlockEvent with action 1
01-01 08:00:09.228983   263   266 D NetlinkEvent: NL action '1'
01-01 08:00:09.228997   263   266 D NetlinkEvent: NL subsystem 'block'
01-01 08:00:09.229008   263   266 D NetlinkEvent: NL param 'DEVPATH=/devices/virtual/block/zram0'
01-01 08:00:09.229020   263   266 D NetlinkEvent: NL param 'MAJOR=254'
01-01 08:00:09.229031   263   266 D NetlinkEvent: NL param 'MINOR=0'
01-01 08:00:09.229043   263   266 D NetlinkEvent: NL param 'DEVNAME=zram0'
01-01 08:00:09.229054   263   266 D NetlinkEvent: NL param 'DEVTYPE=disk'
01-01 08:00:09.229068   263   266 D NetlinkEvent: NL param 'NPARTS=0'
01-01 08:00:09.229336   263   266 V vold    : ----------------
01-01 08:00:09.229365   263   266 V vold    : handleBlockEvent with action 1
01-01 08:00:09.229388   263   266 D NetlinkEvent: NL action '1'
01-01 08:00:09.229401   263   266 D NetlinkEvent: NL subsystem 'block'
01-01 08:00:09.229413   263   266 D NetlinkEvent: NL param 'DEVPATH=/devices/mtk-msdc.0/11230000.msdc0/mmc_host/mmc0/mmc0:0001/block/mmcblk0/mmcblk0rpmb'
01-01 08:00:09.229425   263   266 D NetlinkEvent: NL param 'MAJOR=179'
01-01 08:00:09.229436   263   266 D NetlinkEvent: NL param 'MINOR=96'
01-01 08:00:09.229448   263   266 D NetlinkEvent: NL param 'DEVNAME=mmcblk0rpmb'
01-01 08:00:09.229459   263   266 D NetlinkEvent: NL param 'DEVTYPE=disk'
01-01 08:00:09.229471   263   266 D NetlinkEvent: NL param 'NPARTS=0'
01-01 08:00:09.229498   263   266 D vold    : Skip 'mmcblk0rpmb' disk uevent
01-01 08:00:09.229532   263   266 V vold    : ----------------
01-01 08:00:09.229551   263   266 V vold    : handleBlockEvent with action 1
01-01 08:00:09.229574   263   266 D NetlinkEvent: NL action '1'
01-01 08:00:09.229587   263   266 D NetlinkEvent: NL subsystem 'block'
01-01 08:00:09.229598   263   266 D NetlinkEvent: NL param 'DEVPATH=/devices/mtk-msdc.0/11230000.msdc0/mmc_host/mmc0/mmc0:0001/block/mmcblk0/mmcblk0boot0'
01-01 08:00:09.229610   263   266 D NetlinkEvent: NL param 'MAJOR=179'
01-01 08:00:09.229626   263   266 D NetlinkEvent: NL param 'MINOR=32'
01-01 08:00:09.229640   263   266 D NetlinkEvent: NL param 'DEVNAME=mmcblk0boot0'
01-01 08:00:09.229651   263   266 D NetlinkEvent: NL param 'DEVTYPE=disk'
01-01 08:00:09.229663   263   266 D NetlinkEvent: NL param 'NPARTS=0'
01-01 08:00:09.229688   263   266 D vold    : Skip 'mmcblk0boot0' disk uevent
01-01 08:00:09.230136   263   266 V vold    : ----------------
01-01 08:00:09.230169   263   266 V vold    : handleBlockEvent with action 1
01-01 08:00:09.230197   263   266 D NetlinkEvent: NL action '1'
01-01 08:00:09.230210   263   266 D NetlinkEvent: NL subsystem 'block'
01-01 08:00:09.230223   263   266 D NetlinkEvent: NL param 'DEVPATH=/devices/mtk-msdc.0/11230000.msdc0/mmc_host/mmc0/mmc0:0001/block/mmcblk0/mmcblk0boot1'
01-01 08:00:09.230235   263   266 D NetlinkEvent: NL param 'MAJOR=179'
01-01 08:00:09.230246   263   266 D NetlinkEvent: NL param 'MINOR=64'
01-01 08:00:09.230258   263   266 D NetlinkEvent: NL param 'DEVNAME=mmcblk0boot1'
01-01 08:00:09.230270   263   266 D NetlinkEvent: NL param 'DEVTYPE=disk'
01-01 08:00:09.230282   263   266 D NetlinkEvent: NL param 'NPARTS=0'
01-01 08:00:09.230308   263   266 D vold    : Skip 'mmcblk0boot1' disk uevent
01-01 08:00:09.230359   263   266 V vold    : ----------------
01-01 08:00:09.230379   263   266 V vold    : handleBlockEvent with action 1
01-01 08:00:09.230402   263   266 D NetlinkEvent: NL action '1'
01-01 08:00:09.230414   263   266 D NetlinkEvent: NL subsystem 'block'
01-01 08:00:09.230426   263   266 D NetlinkEvent: NL param 'DEVPATH=/devices/mtk-msdc.0/11230000.msdc0/mmc_host/mmc0/mmc0:0001/block/mmcblk0'
01-01 08:00:09.230438   263   266 D NetlinkEvent: NL param 'MAJOR=179'
01-01 08:00:09.230451   263   266 D NetlinkEvent: NL param 'MINOR=0'
01-01 08:00:09.230463   263   266 D NetlinkEvent: NL param 'DEVNAME=mmcblk0'
01-01 08:00:09.230475   263   266 D NetlinkEvent: NL param 'DEVTYPE=disk'
01-01 08:00:09.230488   263   266 D NetlinkEvent: NL param 'NPARTS=24'
01-01 08:00:09.230520   263   266 I Vold    : handleBlockEvent(): For MTK_SHARED_SDCARD, remove EMMC disk
01-01 08:00:09.230562   263   266 V vold    : ----------------
01-01 08:00:09.230582   263   266 V vold    : handleBlockEvent with action 1
01-01 08:00:09.230604   263   266 D NetlinkEvent: NL action '1'
01-01 08:00:09.230620   263   266 D NetlinkEvent: NL subsystem 'block'
01-01 08:00:09.230632   263   266 D NetlinkEvent: NL param 'DEVPATH=/devices/mtk-msdc.0/11230000.msdc0/mmc_host/mmc0/mmc0:0001/block/mmcblk0/mmcblk0p1'
01-01 08:00:09.230643   263   266 D NetlinkEvent: NL param 'MAJOR=179'
01-01 08:00:09.230655   263   266 D NetlinkEvent: NL param 'MINOR=1'
01-01 08:00:09.230667   263   266 D NetlinkEvent: NL param 'DEVNAME=mmcblk0p1'
01-01 08:00:09.230678   263   266 D NetlinkEvent: NL param 'DEVTYPE=partition'
01-01 08:00:09.230690   263   266 D NetlinkEvent: NL param 'PARTN=1'
01-01 08:00:09.230701   263   266 D NetlinkEvent: NL param 'PARTNAME=proinfo'
01-01 08:00:09.230745   263   266 V vold    : ----------------
01-01 08:00:09.230764   263   266 V vold    : handleBlockEvent with action 1
01-01 08:00:09.230786   263   266 D NetlinkEvent: NL action '1'
01-01 08:00:09.230800   263   266 D NetlinkEvent: NL subsystem 'block'
01-01 08:00:09.230812   263   266 D NetlinkEvent: NL param 'DEVPATH=/devices/mtk-msdc.0/11230000.msdc0/mmc_host/mmc0/mmc0:0001/block/mmcblk0/mmcblk0p2'
01-01 08:00:09.230826   263   266 D NetlinkEvent: NL param 'MAJOR=179'
01-01 08:00:09.230838   263   266 D NetlinkEvent: NL param 'MINOR=2'
01-01 08:00:09.230850   263   266 D NetlinkEvent: NL param 'DEVNAME=mmcblk0p2'
01-01 08:00:09.230863   263   266 D NetlinkEvent: NL param 'DEVTYPE=partition'
01-01 08:00:09.230875   263   266 D NetlinkEvent: NL param 'PARTN=2'
01-01 08:00:09.230886   263   266 D NetlinkEvent: NL param 'PARTNAME=nvram'
01-01 08:00:09.230926   263   266 V vold    : ----------------
01-01 08:00:09.230946   263   266 V vold    : handleBlockEvent with action 1
01-01 08:00:09.230967   263   266 D NetlinkEvent: NL action '1'
01-01 08:00:09.230980   263   266 D NetlinkEvent: NL subsystem 'block'
01-01 08:00:09.230992   263   266 D NetlinkEvent: NL param 'DEVPATH=/devices/mtk-msdc.0/11230000.msdc0/mmc_host/mmc0/mmc0:0001/block/mmcblk0/mmcblk0p3'
01-01 08:00:09.231006   263   266 D NetlinkEvent: NL param 'MAJOR=179'
01-01 08:00:09.231018   263   266 D NetlinkEvent: NL param 'MINOR=3'
01-01 08:00:09.231030   263   266 D NetlinkEvent: NL param 'DEVNAME=mmcblk0p3'
01-01 08:00:09.231041   263   266 D NetlinkEvent: NL param 'DEVTYPE=partition'
01-01 08:00:09.231053   263   266 D NetlinkEvent: NL param 'PARTN=3'
01-01 08:00:09.231065   263   266 D NetlinkEvent: NL param 'PARTNAME=protect1'
01-01 08:00:09.231109   263   266 V vold    : ----------------
01-01 08:00:09.231128   263   266 V vold    : handleBlockEvent with action 1
01-01 08:00:09.231152   263   266 D NetlinkEvent: NL action '1'
01-01 08:00:09.231165   263   266 D NetlinkEvent: NL subsystem 'block'
01-01 08:00:09.231177   263   266 D NetlinkEvent: NL param 'DEVPATH=/devices/mtk-msdc.0/11230000.msdc0/mmc_host/mmc0/mmc0:0001/block/mmcblk0/mmcblk0p4'
01-01 08:00:09.231189   263   266 D NetlinkEvent: NL param 'MAJOR=179'
01-01 08:00:09.231201   263   266 D NetlinkEvent: NL param 'MINOR=4'
01-01 08:00:09.231212   263   266 D NetlinkEvent: NL param 'DEVNAME=mmcblk0p4'
01-01 08:00:09.231224   263   266 D NetlinkEvent: NL param 'DEVTYPE=partition'
01-01 08:00:09.231235   263   266 D NetlinkEvent: NL param 'PARTN=4'
01-01 08:00:09.231249   263   266 D NetlinkEvent: NL param 'PARTNAME=protect2'
01-01 08:00:09.231290   263   266 V vold    : ----------------
01-01 08:00:09.231309   263   266 V vold    : handleBlockEvent with action 1
01-01 08:00:09.231331   263   266 D NetlinkEvent: NL action '1'
01-01 08:00:09.231344   263   266 D NetlinkEvent: NL subsystem 'block'
01-01 08:00:09.231356   263   266 D NetlinkEvent: NL param 'DEVPATH=/devices/mtk-msdc.0/11230000.msdc0/mmc_host/mmc0/mmc0:0001/block/mmcblk0/mmcblk0p5'
01-01 08:00:09.231368   263   266 D NetlinkEvent: NL param 'MAJOR=179'
01-01 08:00:09.231380   263   266 D NetlinkEvent: NL param 'MINOR=5'
01-01 08:00:09.231400   263   266 D NetlinkEvent: NL param 'DEVNAME=mmcblk0p5'
01-01 08:00:09.231412   263   266 D NetlinkEvent: NL param 'DEVTYPE=partition'
01-01 08:00:09.231424   263   266 D NetlinkEvent: NL param 'PARTN=5'
01-01 08:00:09.231435   263   266 D NetlinkEvent: NL param 'PARTNAME=lk'
01-01 08:00:09.231477   263   266 V vold    : ----------------
01-01 08:00:09.231497   263   266 V vold    : handleBlockEvent with action 1
01-01 08:00:09.231519   263   266 D NetlinkEvent: NL action '1'
01-01 08:00:09.231532   263   266 D NetlinkEvent: NL subsystem 'block'
01-01 08:00:09.231546   263   266 D NetlinkEvent: NL param 'DEVPATH=/devices/mtk-msdc.0/11230000.msdc0/mmc_host/mmc0/mmc0:0001/block/mmcblk0/mmcblk0p6'
01-01 08:00:09.231558   263   266 D NetlinkEvent: NL param 'MAJOR=179'
01-01 08:00:09.231571   263   266 D NetlinkEvent: NL param 'MINOR=6'
01-01 08:00:09.231582   263   266 D NetlinkEvent: NL param 'DEVNAME=mmcblk0p6'
01-01 08:00:09.231594   263   266 D NetlinkEvent: NL param 'DEVTYPE=partition'
01-01 08:00:09.231605   263   266 D NetlinkEvent: NL param 'PARTN=6'
01-01 08:00:09.231617   263   266 D NetlinkEvent: NL param 'PARTNAME=para'
01-01 08:00:09.231657   263   266 V vold    : ----------------
01-01 08:00:09.231679   263   266 V vold    : handleBlockEvent with action 1
01-01 08:00:09.231701   263   266 D NetlinkEvent: NL action '1'
01-01 08:00:09.231715   263   266 D NetlinkEvent: NL subsystem 'block'
01-01 08:00:09.231727   263   266 D NetlinkEvent: NL param 'DEVPATH=/devices/mtk-msdc.0/11230000.msdc0/mmc_host/mmc0/mmc0:0001/block/mmcblk0/mmcblk0p7'
01-01 08:00:09.231739   263   266 D NetlinkEvent: NL param 'MAJOR=179'
01-01 08:00:09.231750   263   266 D NetlinkEvent: NL param 'MINOR=7'
01-01 08:00:09.231762   263   266 D NetlinkEvent: NL param 'DEVNAME=mmcblk0p7'
01-01 08:00:09.231773   263   266 D NetlinkEvent: NL param 'DEVTYPE=partition'
01-01 08:00:09.231787   263   266 D NetlinkEvent: NL param 'PARTN=7'
01-01 08:00:09.231798   263   266 D NetlinkEvent: NL param 'PARTNAME=boot'
01-01 08:00:09.231839   263   266 V vold    : ----------------
01-01 08:00:09.231858   263   266 V vold    : handleBlockEvent with action 1
01-01 08:00:09.231880   263   266 D NetlinkEvent: NL action '1'
01-01 08:00:09.231893   263   266 D NetlinkEvent: NL subsystem 'block'
01-01 08:00:09.231905   263   266 D NetlinkEvent: NL param 'DEVPATH=/devices/mtk-msdc.0/11230000.msdc0/mmc_host/mmc0/mmc0:0001/block/mmcblk0/mmcblk0p8'
01-01 08:00:09.231917   263   266 D NetlinkEvent: NL param 'MAJOR=179'
01-01 08:00:09.231930   263   266 D NetlinkEvent: NL param 'MINOR=8'
01-01 08:00:09.231942   263   266 D NetlinkEvent: NL param 'DEVNAME=mmcblk0p8'
01-01 08:00:09.231954   263   266 D NetlinkEvent: NL param 'DEVTYPE=partition'
01-01 08:00:09.231968   263   266 D NetlinkEvent: NL param 'PARTN=8'
01-01 08:00:09.231979   263   266 D NetlinkEvent: NL param 'PARTNAME=recovery'
01-01 08:00:09.232021   263   266 V vold    : ----------------
01-01 08:00:09.232040   263   266 V vold    : handleBlockEvent with action 1
01-01 08:00:09.232062   263   266 D NetlinkEvent: NL action '1'
01-01 08:00:09.232077   263   266 D NetlinkEvent: NL subsystem 'block'
01-01 08:00:09.232089   263   266 D NetlinkEvent: NL param 'DEVPATH=/devices/mtk-msdc.0/11230000.msdc0/mmc_host/mmc0/mmc0:0001/block/mmcblk0/mmcblk0p9'
01-01 08:00:09.232101   263   266 D NetlinkEvent: NL param 'MAJOR=179'
01-01 08:00:09.232112   263   266 D NetlinkEvent: NL param 'MINOR=9'
01-01 08:00:09.232124   263   266 D NetlinkEvent: NL param 'DEVNAME=mmcblk0p9'
01-01 08:00:09.232135   263   266 D NetlinkEvent: NL param 'DEVTYPE=partition'
01-01 08:00:09.232147   263   266 D NetlinkEvent: NL param 'PARTN=9'
01-01 08:00:09.232158   263   266 D NetlinkEvent: NL param 'PARTNAME=logo'
01-01 08:00:09.232201   263   266 V vold    : ----------------
01-01 08:00:09.232220   263   266 V vold    : handleBlockEvent with action 1
01-01 08:00:09.232241   263   266 D NetlinkEvent: NL action '1'
01-01 08:00:09.232255   263   266 D NetlinkEvent: NL subsystem 'block'
01-01 08:00:09.232267   263   266 D NetlinkEvent: NL param 'DEVPATH=/devices/mtk-msdc.0/11230000.msdc0/mmc_host/mmc0/mmc0:0001/block/mmcblk0/mmcblk0rpmb'
01-01 08:00:09.232281   263   266 D NetlinkEvent: NL param 'MAJOR=179'
01-01 08:00:09.232293   263   266 D NetlinkEvent: NL param 'MINOR=96'
01-01 08:00:09.232305   263   266 D NetlinkEvent: NL param 'DEVNAME=mmcblk0rpmb'
01-01 08:00:09.232318   263   266 D NetlinkEvent: NL param 'DEVTYPE=disk'
01-01 08:00:09.232330   263   266 D NetlinkEvent: NL param 'NPARTS=0'
01-01 08:00:09.232356   263   266 D vold    : Skip 'mmcblk0rpmb' disk uevent
01-01 08:00:09.232390   263   266 V vold    : ----------------
01-01 08:00:09.232408   263   266 V vold    : handleBlockEvent with action 1
01-01 08:00:09.232430   263   266 D NetlinkEvent: NL action '1'
01-01 08:00:09.232443   263   266 D NetlinkEvent: NL subsystem 'block'
01-01 08:00:09.232455   263   266 D NetlinkEvent: NL param 'DEVPATH=/devices/mtk-msdc.0/11230000.msdc0/mmc_host/mmc0/mmc0:0001/block/mmcblk0/mmcblk0boot0'
01-01 08:00:09.232469   263   266 D NetlinkEvent: NL param 'MAJOR=179'
01-01 08:00:09.232480   263   266 D NetlinkEvent: NL param 'MINOR=32'
01-01 08:00:09.232492   263   266 D NetlinkEvent: NL param 'DEVNAME=mmcblk0boot0'
01-01 08:00:09.232503   263   266 D NetlinkEvent: NL param 'DEVTYPE=disk'
01-01 08:00:09.232515   263   266 D NetlinkEvent: NL param 'NPARTS=0'
01-01 08:00:09.232541   263   266 D vold    : Skip 'mmcblk0boot0' disk uevent
01-01 08:00:09.232576   263   266 V vold    : ----------------
01-01 08:00:09.232595   263   266 V vold    : handleBlockEvent with action 1
01-01 08:00:09.232619   263   266 D NetlinkEvent: NL action '1'
01-01 08:00:09.232631   263   266 D NetlinkEvent: NL subsystem 'block'
01-01 08:00:09.232643   263   266 D NetlinkEvent: NL param 'DEVPATH=/devices/mtk-msdc.0/11230000.msdc0/mmc_host/mmc0/mmc0:0001/block/mmcblk0/mmcblk0boot1'
01-01 08:00:09.232655   263   266 D NetlinkEvent: NL param 'MAJOR=179'
01-01 08:00:09.232667   263   266 D NetlinkEvent: NL param 'MINOR=64'
01-01 08:00:09.232678   263   266 D NetlinkEvent: NL param 'DEVNAME=mmcblk0boot1'
01-01 08:00:09.232690   263   266 D NetlinkEvent: NL param 'DEVTYPE=disk'
01-01 08:00:09.232701   263   266 D NetlinkEvent: NL param 'NPARTS=0'
01-01 08:00:09.232728   263   266 D vold    : Skip 'mmcblk0boot1' disk uevent
01-01 08:00:09.232762   263   266 V vold    : ----------------
01-01 08:00:09.232781   263   266 V vold    : handleBlockEvent with action 1
01-01 08:00:09.232803   263   266 D NetlinkEvent: NL action '1'
01-01 08:00:09.232816   263   266 D NetlinkEvent: NL subsystem 'block'
01-01 08:00:09.232828   263   266 D NetlinkEvent: NL param 'DEVPATH=/devices/mtk-msdc.0/11230000.msdc0/mmc_host/mmc0/mmc0:0001/block/mmcblk0/mmcblk0p10'
01-01 08:00:09.232840   263   266 D NetlinkEvent: NL param 'MAJOR=179'
01-01 08:00:09.232852   263   266 D NetlinkEvent: NL param 'MINOR=10'
01-01 08:00:09.232868   263   266 D NetlinkEvent: NL param 'DEVNAME=mmcblk0p10'
01-01 08:00:09.232879   263   266 D NetlinkEvent: NL param 'DEVTYPE=partition'
01-01 08:00:09.232891   263   266 D NetlinkEvent: NL param 'PARTN=10'
01-01 08:00:09.232902   263   266 D NetlinkEvent: NL param 'PARTNAME=yl_params'
01-01 08:00:09.232944   263   266 V vold    : ----------------
01-01 08:00:09.232962   263   266 V vold    : handleBlockEvent with action 1
01-01 08:00:09.232984   263   266 D NetlinkEvent: NL action '1'
01-01 08:00:09.232997   263   266 D NetlinkEvent: NL subsystem 'block'
01-01 08:00:09.233011   263   266 D NetlinkEvent: NL param 'DEVPATH=/devices/mtk-msdc.0/11230000.msdc0/mmc_host/mmc0/mmc0:0001/block/mmcblk0/mmcblk0p11'
01-01 08:00:09.233023   263   266 D NetlinkEvent: NL param 'MAJOR=179'
01-01 08:00:09.233034   263   266 D NetlinkEvent: NL param 'MINOR=11'
01-01 08:00:09.233045   263   266 D NetlinkEvent: NL param 'DEVNAME=mmcblk0p11'
01-01 08:00:09.233057   263   266 D NetlinkEvent: NL param 'DEVTYPE=partition'
01-01 08:00:09.233068   263   266 D NetlinkEvent: NL param 'PARTN=11'
01-01 08:00:09.233080   263   266 D NetlinkEvent: NL param 'PARTNAME=expdb'
01-01 08:00:09.233121   263   266 V vold    : ----------------
01-01 08:00:09.233143   263   266 V vold    : handleBlockEvent with action 1
01-01 08:00:09.233166   263   266 D NetlinkEvent: NL action '1'
01-01 08:00:09.233181   263   266 D NetlinkEvent: NL subsystem 'block'
01-01 08:00:09.233192   263   266 D NetlinkEvent: NL param 'DEVPATH=/devices/mtk-msdc.0/11230000.msdc0/mmc_host/mmc0/mmc0:0001/block/mmcblk0/mmcblk0p12'
01-01 08:00:09.233204   263   266 D NetlinkEvent: NL param 'MAJOR=179'
01-01 08:00:09.233215   263   266 D NetlinkEvent: NL param 'MINOR=12'
01-01 08:00:09.233227   263   266 D NetlinkEvent: NL param 'DEVNAME=mmcblk0p12'
01-01 08:00:09.233238   263   266 D NetlinkEvent: NL param 'DEVTYPE=partition'
01-01 08:00:09.233252   263   266 D NetlinkEvent: NL param 'PARTN=12'
01-01 08:00:09.233263   263   266 D NetlinkEvent: NL param 'PARTNAME=seccfg'
01-01 08:00:09.233304   263   266 V vold    : ----------------
01-01 08:00:09.233323   263   266 V vold    : handleBlockEvent with action 1
01-01 08:00:09.233345   263   266 D NetlinkEvent: NL action '1'
01-01 08:00:09.233358   263   266 D NetlinkEvent: NL subsystem 'block'
01-01 08:00:09.233369   263   266 D NetlinkEvent: NL param 'DEVPATH=/devices/mtk-msdc.0/11230000.msdc0/mmc_host/mmc0/mmc0:0001/block/mmcblk0/mmcblk0p13'
01-01 08:00:09.233381   263   266 D NetlinkEvent: NL param 'MAJOR=179'
01-01 08:00:09.233395   263   266 D NetlinkEvent: NL param 'MINOR=13'
01-01 08:00:09.233406   263   266 D NetlinkEvent: NL param 'DEVNAME=mmcblk0p13'
01-01 08:00:09.233418   263   266 D NetlinkEvent: NL param 'DEVTYPE=partition'
01-01 08:00:09.233432   263   266 D NetlinkEvent: NL param 'PARTN=13'
01-01 08:00:09.233443   263   266 D NetlinkEvent: NL param 'PARTNAME=oemkeystore'
01-01 08:00:09.233484   263   266 V vold    : ----------------
01-01 08:00:09.233503   263   266 V vold    : handleBlockEvent with action 1
01-01 08:00:09.233525   263   266 D NetlinkEvent: NL action '1'
01-01 08:00:09.233539   263   266 D NetlinkEvent: NL subsystem 'block'
01-01 08:00:09.233552   263   266 D NetlinkEvent: NL param 'DEVPATH=/devices/mtk-msdc.0/11230000.msdc0/mmc_host/mmc0/mmc0:0001/block/mmcblk0/mmcblk0p14'
01-01 08:00:09.233563   263   266 D NetlinkEvent: NL param 'MAJOR=179'
01-01 08:00:09.233575   263   266 D NetlinkEvent: NL param 'MINOR=14'
01-01 08:00:09.233586   263   266 D NetlinkEvent: NL param 'DEVNAME=mmcblk0p14'
01-01 08:00:09.233597   263   266 D NetlinkEvent: NL param 'DEVTYPE=partition'
01-01 08:00:09.233609   263   266 D NetlinkEvent: NL param 'PARTN=14'
01-01 08:00:09.233620   263   266 D NetlinkEvent: NL param 'PARTNAME=secro'
01-01 08:00:09.233662   263   266 V vold    : ----------------
01-01 08:00:09.233681   263   266 V vold    : handleBlockEvent with action 1
01-01 08:00:09.233703   263   266 D NetlinkEvent: NL action '1'
01-01 08:00:09.233716   263   266 D NetlinkEvent: NL subsystem 'block'
01-01 08:00:09.233728   263   266 D NetlinkEvent: NL param 'DEVPATH=/devices/mtk-msdc.0/11230000.msdc0/mmc_host/mmc0/mmc0:0001/block/mmcblk0/mmcblk0p15'
01-01 08:00:09.233742   263   266 D NetlinkEvent: NL param 'MAJOR=179'
01-01 08:00:09.233753   263   266 D NetlinkEvent: NL param 'MINOR=15'
01-01 08:00:09.233765   263   266 D NetlinkEvent: NL param 'DEVNAME=mmcblk0p15'
01-01 08:00:09.233778   263   266 D NetlinkEvent: NL param 'DEVTYPE=partition'
01-01 08:00:09.233789   263   266 D NetlinkEvent: NL param 'PARTN=15'
01-01 08:00:09.233801   263   266 D NetlinkEvent: NL param 'PARTNAME=keystore'
01-01 08:00:09.233841   263   266 V vold    : ----------------
01-01 08:00:09.233860   263   266 V vold    : handleBlockEvent with action 1
01-01 08:00:09.233882   263   266 D NetlinkEvent: NL action '1'
01-01 08:00:09.233895   263   266 D NetlinkEvent: NL subsystem 'block'
01-01 08:00:09.233907   263   266 D NetlinkEvent: NL param 'DEVPATH=/devices/mtk-msdc.0/11230000.msdc0/mmc_host/mmc0/mmc0:0001/block/mmcblk0/mmcblk0p16'
01-01 08:00:09.233927   263   263 I NVRAM   : Coldboot: try to wait for uevents, timeout 5s
01-01 08:00:09.233934   263   266 D NetlinkEvent: NL param 'MAJOR=179'
01-01 08:00:09.233954   263   266 D NetlinkEvent: NL param 'MINOR=16'
01-01 08:00:09.233966   263   266 D NetlinkEvent: NL param 'DEVNAME=mmcblk0p16'
01-01 08:00:09.233977   263   266 D NetlinkEvent: NL param 'DEVTYPE=partition'
01-01 08:00:09.233988   263   266 D NetlinkEvent: NL param 'PARTN=16'
01-01 08:00:09.233999   263   266 D NetlinkEvent: NL param 'PARTNAME=tee1'
01-01 08:00:09.234041   263   266 V vold    : ----------------
01-01 08:00:09.234059   263   266 V vold    : handleBlockEvent with action 1
01-01 08:00:09.234082   263   266 D NetlinkEvent: NL action '1'
01-01 08:00:09.234094   263   266 D NetlinkEvent: NL subsystem 'block'
01-01 08:00:09.234105   263   266 D NetlinkEvent: NL param 'DEVPATH=/devices/mtk-msdc.0/11230000.msdc0/mmc_host/mmc0/mmc0:0001/block/mmcblk0/mmcblk0p17'
01-01 08:00:09.234116   263   266 D NetlinkEvent: NL param 'MAJOR=179'
01-01 08:00:09.234126   263   266 D NetlinkEvent: NL param 'MINOR=17'
01-01 08:00:09.234137   263   266 D NetlinkEvent: NL param 'DEVNAME=mmcblk0p17'
01-01 08:00:09.234148   263   266 D NetlinkEvent: NL param 'DEVTYPE=partition'
01-01 08:00:09.234158   263   266 D NetlinkEvent: NL param 'PARTN=17'
01-01 08:00:09.234170   263   266 D NetlinkEvent: NL param 'PARTNAME=tee2'
01-01 08:00:09.234210   263   266 V vold    : ----------------
01-01 08:00:09.234228   263   266 V vold    : handleBlockEvent with action 1
01-01 08:00:09.234249   263   266 D NetlinkEvent: NL action '1'
01-01 08:00:09.234260   263   266 D NetlinkEvent: NL subsystem 'block'
01-01 08:00:09.234271   263   266 D NetlinkEvent: NL param 'DEVPATH=/devices/mtk-msdc.0/11230000.msdc0/mmc_host/mmc0/mmc0:0001/block/mmcblk0/mmcblk0p18'
01-01 08:00:09.234282   263   266 D NetlinkEvent: NL param 'MAJOR=179'
01-01 08:00:09.234294   263   266 D NetlinkEvent: NL param 'MINOR=18'
01-01 08:00:09.234314   263   266 D NetlinkEvent: NL param 'DEVNAME=mmcblk0p18'
01-01 08:00:09.234325   263   266 D NetlinkEvent: NL param 'DEVTYPE=partition'
01-01 08:00:09.234336   263   266 D NetlinkEvent: NL param 'PARTN=18'
01-01 08:00:09.234346   263   266 D NetlinkEvent: NL param 'PARTNAME=frp'
01-01 08:00:09.234386   263   266 V vold    : ----------------
01-01 08:00:09.234404   263   266 V vold    : handleBlockEvent with action 1
01-01 08:00:09.234425   263   266 D NetlinkEvent: NL action '1'
01-01 08:00:09.234437   263   266 D NetlinkEvent: NL subsystem 'block'
01-01 08:00:09.234450   263   266 D NetlinkEvent: NL param 'DEVPATH=/devices/mtk-msdc.0/11230000.msdc0/mmc_host/mmc0/mmc0:0001/block/mmcblk0/mmcblk0p19'
01-01 08:00:09.234461   263   266 D NetlinkEvent: NL param 'MAJOR=179'
01-01 08:00:09.234472   263   266 D NetlinkEvent: NL param 'MINOR=19'
01-01 08:00:09.234483   263   266 D NetlinkEvent: NL param 'DEVNAME=mmcblk0p19'
01-01 08:00:09.234494   263   266 D NetlinkEvent: NL param 'DEVTYPE=partition'
01-01 08:00:09.234505   263   266 D NetlinkEvent: NL param 'PARTN=19'
01-01 08:00:09.234515   263   266 D NetlinkEvent: NL param 'PARTNAME=nvdata'
01-01 08:00:09.234555   263   266 V vold    : ----------------
01-01 08:00:09.234575   263   266 V vold    : handleBlockEvent with action 1
01-01 08:00:09.234596   263   266 D NetlinkEvent: NL action '1'
01-01 08:00:09.234611   263   266 D NetlinkEvent: NL subsystem 'block'
01-01 08:00:09.234622   263   266 D NetlinkEvent: NL param 'DEVPATH=/devices/mtk-msdc.0/11230000.msdc0/mmc_host/mmc0/mmc0:0001/block/mmcblk0/mmcblk0p20'
01-01 08:00:09.234633   263   266 D NetlinkEvent: NL param 'MAJOR=179'
01-01 08:00:09.234644   263   266 D NetlinkEvent: NL param 'MINOR=20'
01-01 08:00:09.234655   263   266 D NetlinkEvent: NL param 'DEVNAME=mmcblk0p20'
01-01 08:00:09.234665   263   266 D NetlinkEvent: NL param 'DEVTYPE=partition'
01-01 08:00:09.234678   263   266 D NetlinkEvent: NL param 'PARTN=20'
01-01 08:00:09.234688   263   266 D NetlinkEvent: NL param 'PARTNAME=metadata'
01-01 08:00:09.234728   263   266 V vold    : ----------------
01-01 08:00:09.234770   263   266 V vold    : handleBlockEvent with action 1
01-01 08:00:09.234792   263   266 D NetlinkEvent: NL action '1'
01-01 08:00:09.234804   263   266 D NetlinkEvent: NL subsystem 'block'
01-01 08:00:09.234815   263   266 D NetlinkEvent: NL param 'DEVPATH=/devices/mtk-msdc.0/11230000.msdc0/mmc_host/mmc0/mmc0:0001/block/mmcblk0/mmcblk0p21'
01-01 08:00:09.234826   263   266 D NetlinkEvent: NL param 'MAJOR=179'
01-01 08:00:09.234839   263   266 D NetlinkEvent: NL param 'MINOR=21'
01-01 08:00:09.234850   263   266 D NetlinkEvent: NL param 'DEVNAME=mmcblk0p21'
01-01 08:00:09.234862   263   266 D NetlinkEvent: NL param 'DEVTYPE=partition'
01-01 08:00:09.234874   263   266 D NetlinkEvent: NL param 'PARTN=21'
01-01 08:00:09.234885   263   266 D NetlinkEvent: NL param 'PARTNAME=system'
01-01 08:00:09.234926   263   266 V vold    : ----------------
01-01 08:00:09.234943   263   266 V vold    : handleBlockEvent with action 1
01-01 08:00:09.234964   263   266 D NetlinkEvent: NL action '1'
01-01 08:00:09.234978   263   266 D NetlinkEvent: NL subsystem 'block'
01-01 08:00:09.234989   263   266 D NetlinkEvent: NL param 'DEVPATH=/devices/mtk-msdc.0/11230000.msdc0/mmc_host/mmc0/mmc0:0001/block/mmcblk0/mmcblk0p22'
01-01 08:00:09.235001   263   266 D NetlinkEvent: NL param 'MAJOR=179'
01-01 08:00:09.235012   263   266 D NetlinkEvent: NL param 'MINOR=22'
01-01 08:00:09.235022   263   266 D NetlinkEvent: NL param 'DEVNAME=mmcblk0p22'
01-01 08:00:09.235033   263   266 D NetlinkEvent: NL param 'DEVTYPE=partition'
01-01 08:00:09.235043   263   266 D NetlinkEvent: NL param 'PARTN=22'
01-01 08:00:09.235054   263   266 D NetlinkEvent: NL param 'PARTNAME=cache'
01-01 08:00:09.235095   263   266 V vold    : ----------------
01-01 08:00:09.235112   263   266 V vold    : handleBlockEvent with action 1
01-01 08:00:09.235134   263   266 D NetlinkEvent: NL action '1'
01-01 08:00:09.235146   263   266 D NetlinkEvent: NL subsystem 'block'
01-01 08:00:09.235157   263   266 D NetlinkEvent: NL param 'DEVPATH=/devices/mtk-msdc.0/11230000.msdc0/mmc_host/mmc0/mmc0:0001/block/mmcblk0/mmcblk0p23'
01-01 08:00:09.235170   263   266 D NetlinkEvent: NL param 'MAJOR=179'
01-01 08:00:09.235181   263   266 D NetlinkEvent: NL param 'MINOR=23'
01-01 08:00:09.235192   263   266 D NetlinkEvent: NL param 'DEVNAME=mmcblk0p23'
01-01 08:00:09.235204   263   266 D NetlinkEvent: NL param 'DEVTYPE=partition'
01-01 08:00:09.235215   263   266 D NetlinkEvent: NL param 'PARTN=23'
01-01 08:00:09.235226   263   266 D NetlinkEvent: NL param 'PARTNAME=userdata'
01-01 08:00:09.235265   263   266 V vold    : ----------------
01-01 08:00:09.235283   263   266 V vold    : handleBlockEvent with action 1
01-01 08:00:09.235304   263   266 D NetlinkEvent: NL action '1'
01-01 08:00:09.235317   263   266 D NetlinkEvent: NL subsystem 'block'
01-01 08:00:09.235328   263   266 D NetlinkEvent: NL param 'DEVPATH=/devices/mtk-msdc.0/11230000.msdc0/mmc_host/mmc0/mmc0:0001/block/mmcblk0/mmcblk0p24'
01-01 08:00:09.235340   263   266 D NetlinkEvent: NL param 'MAJOR=179'
01-01 08:00:09.235352   263   266 D NetlinkEvent: NL param 'MINOR=24'
01-01 08:00:09.235362   263   266 D NetlinkEvent: NL param 'DEVNAME=mmcblk0p24'
01-01 08:00:09.235372   263   266 D NetlinkEvent: NL param 'DEVTYPE=partition'
01-01 08:00:09.235383   263   266 D NetlinkEvent: NL param 'PARTN=24'
01-01 08:00:09.235396   263   266 D NetlinkEvent: NL param 'PARTNAME=flashinfo'
01-01 08:00:09.235421   263   266 I Vold    : Coldboot: sem_post() because all uevent has handled
01-01 08:00:09.235505   263   263 I NVRAM   : Coldboot: all uevent has handled
01-01 08:00:09.235537   263   263 I vold    : 'nvdata' partition exists.
01-01 08:00:09.240072   263   268 D FrameworkListener: dispatchCommand data = (264 cryptfs init_user0)
01-01 08:00:09.240164   263   268 D vold    : e4crypt_init_user0
01-01 08:00:09.240233   263   268 D vold    : e4crypt_prepare_user_storage for volume null, user 0, serial 0, flags 1
01-01 08:00:09.240288   263   268 D vold    : Preparing: /data/system/users/0
01-01 08:00:09.240428   263   268 D vold    : Preparing: /data/misc/profiles/cur/0
01-01 08:00:09.240598   263   268 D vold    : Preparing: /data/misc/profiles/cur/0/foreign-dex
01-01 08:00:09.240669   263   268 D vold    : Preparing: /data/system_de/0
01-01 08:00:09.240742   263   268 D vold    : Preparing: /data/misc_de/0
01-01 08:00:09.240803   263   268 D vold    : Preparing: /data/user_de/0
01-01 08:00:09.241015   263   268 D vold    : e4crypt_unlock_user_key 0 serial=0 token_present=0
01-01 08:00:09.241078   263   268 E vold    : Failed to chmod /data/system_ce/0: No such file or directory
01-01 08:00:09.241123   263   268 E vold    : Failed to chmod /data/misc_ce/0: No such file or directory
01-01 08:00:09.241202   263   268 E vold    : Failed to chmod /data/media/0: No such file or directory
01-01 08:00:09.241290   263   268 D SocketClient: SocketClient sendData done: 200 264 Command succeeded
01-01 08:00:09.396911   272   272 I PROP_STC: YLLOG: setted compatibility flag : 0
01-01 08:00:09.417774   272   272 I PROP_STC: set factory tag for ivvi register service, flag : 0
01-01 08:00:09.614275   273   273 E BootLogoUpdater: [boot_logo_updater]boot package = 0
01-01 08:00:09.614335   273   273 E BootLogoUpdater: [boot_logo_updater]update boot reason = 0, ret = 2
01-01 08:00:34.828447  1260  1260 E PackageManager: updateAllSharedLibrariesLPw failed: Package com.mediatek.engineermode requires unavailable shared library com.mediatek.crossmount.adapter; failing!
01-01 08:00:35.679918  1260  1260 E AlarmManager: dm binder is null!
01-01 08:00:35.878735  1260  1260 E PinnerService: Starting PinnerService
01-01 08:00:36.093491  1260  1260 E PersistentDataBlockService: not able to find package com.google.android.gms
01-01 08:00:36.093491  1260  1260 E PersistentDataBlockService: android.content.pm.PackageManager$NameNotFoundException: com.google.android.gms
01-01 08:00:36.093491  1260  1260 E PersistentDataBlockService: 	at android.app.ApplicationPackageManager.getPackageUidAsUser(ApplicationPackageManager.java:261)
01-01 08:00:36.093491  1260  1260 E PersistentDataBlockService: 	at com.android.server.PersistentDataBlockService.getAllowedUid(PersistentDataBlockService.java:105)
01-01 08:00:36.093491  1260  1260 E PersistentDataBlockService: 	at com.android.server.PersistentDataBlockService.<init>(PersistentDataBlockService.java:93)
01-01 08:00:36.093491  1260  1260 E PersistentDataBlockService: 	at java.lang.reflect.Constructor.newInstance0(Native Method)
01-01 08:00:36.093491  1260  1260 E PersistentDataBlockService: 	at java.lang.reflect.Constructor.newInstance(Constructor.java:430)
01-01 08:00:36.093491  1260  1260 E PersistentDataBlockService: 	at com.android.server.SystemServiceManager.startService(SystemServiceManager.java:100)
01-01 08:00:36.093491  1260  1260 E PersistentDataBlockService: 	at com.android.server.SystemServer.startOtherServices(SystemServer.java:909)
01-01 08:00:36.093491  1260  1260 E PersistentDataBlockService: 	at com.android.server.SystemServer.run(SystemServer.java:415)
01-01 08:00:36.093491  1260  1260 E PersistentDataBlockService: 	at com.android.server.SystemServer.main(SystemServer.java:287)
01-01 08:00:36.093491  1260  1260 E PersistentDataBlockService: 	at java.lang.reflect.Method.invoke(Native Method)
01-01 08:00:36.093491  1260  1260 E PersistentDataBlockService: 	at com.android.internal.os.ZygoteInit$MethodAndArgsCaller.run(ZygoteInit.java:1088)
01-01 08:00:36.093491  1260  1260 E PersistentDataBlockService: 	at com.android.internal.os.ZygoteInit.main(ZygoteInit.java:949)
01-01 08:00:36.955863  1260  1260 E WallpaperManagerService: Invalid wallpaper data
01-01 08:00:36.955893  1260  1260 E WallpaperManagerService: Unable to apply new wallpaper
01-01 08:00:40.968241  1260  1260 E LockSettingsStorage: Cannot read file java.io.FileNotFoundException: /data/system/password.key: open failed: ENOENT (No such file or directory)
01-01 08:00:40.969026  1260  1260 E LockSettingsStorage: Cannot read file java.io.FileNotFoundException: /data/system/gatekeeper.gesture.key: open failed: ENOENT (No such file or directory)
01-01 08:00:40.969642  1260  1260 E LockSettingsStorage: Cannot read file java.io.FileNotFoundException: /data/system/gesture.key: open failed: ENOENT (No such file or directory)
01-01 08:00:41.262762  1260  1283 E WifiDisplayController: actionAtDisconnected, null display
01-01 08:00:41.264691  1260  1283 E WifiDisplayController: WFD disconnected, and WifiLock isn't Held!
01-01 08:00:41.285912  1260  1260 E InputMethodManagerService: Ignoring updateSystemUiLocked due to an invalid token. uid:1000 token:null
01-01 08:00:41.287386  1260  1279 E BatteryStatsService: no controller energy info supplied
01-01 08:00:41.287435  1260  1279 E BatteryStatsService: no controller energy info supplied
01-01 08:00:41.287451  1260  1279 E BatteryStatsService: no controller energy info supplied
01-01 08:00:41.386851  1260  1260 E WallpaperManagerService: Invalid wallpaper data
01-01 08:00:41.386869  1260  1260 E WallpaperManagerService: Unable to apply new wallpaper
01-01 08:00:42.082473  1361  1466 E ActivityThread: Failed to find provider info for user_dictionary
01-01 08:00:42.106059  1260  1260 E NetworkPolicy: No ApplicationInfo for package com.google.android.gms
01-01 08:00:42.782379  1431  1431 E STATUS_BAR: YulongConfig read system/lib/uitechno/cfg.xml error java.io.IOException: Couldn't open file:///system/lib/uitechno/cfg.xml
01-01 08:00:42.783555  1431  1431 E STATUS_BAR: YulongConfig SystemProperties.get(ro.yulong.has_nfc)=
01-01 08:00:42.786010  1431  1431 E STATUS_BAR: YulongConfig flag,supportNfc=true,(mNfcAdapter==null) is true
01-01 08:00:42.786510  1431  1431 E STATUS_BAR: YulongConfig SystemProperties.get(ro.yulong.has_nfc)=
01-01 08:00:42.786823  1431  1431 E STATUS_BAR: YulongConfig flag,supportNfc=true,(mNfcAdapter==null) is true
01-01 08:00:42.984557  1260  1316 E MountService: setDefaultPath new path=/storage/emulated/0
01-01 08:00:43.411641   468  1188 E NetlinkEvent: Failed to open ra_info_flag (No such file or directory)
01-01 08:00:43.730983  1260  1635 E ActivityThread: Failed to find provider info for call_log
01-01 08:00:44.102091  1260  1334 E ActivityThread: Failed to find provider info for com.android.calendar
01-01 08:00:44.103409  1260  1334 E ActivityThread: Failed to find provider info for com.android.calendar
01-01 08:00:44.423210  1260  1279 E BatteryStatsService: no controller energy info supplied
01-01 08:00:44.450250  1260  1279 E BatteryStatsService: no controller energy info supplied
01-01 08:00:44.620006  1500  1710 E ActivityThread: Failed to find provider info for com.android.contacts
01-01 08:00:45.895345  1431  1755 E ActivityThread: Failed to find provider info for com.android.contacts
01-01 08:00:49.354248  1950  2130 E ActivityThread: Failed to find provider info for com.xdja.scservice.cp.SksProvider
01-01 08:00:50.499531  1260  1328 V ActivityManager: Broadcast: Intent { act=com.android.server.action.NETWORK_STATS_UPDATED flg=0x40000010 } ordered=false userid=-1 callerApp=ProcessRecord{bc2cf64 1260:system/1000}
01-01 08:00:50.500266  1260  1328 I NetworkIdentity: buildNetworkIdentity:
01-01 08:00:50.500516  1260  1328 I NetworkIdentity: networkId = TP-LINK_CTS
01-01 08:00:50.500581  1260  1328 I NetworkStats: NetworkIdentity: {type=WIFI, subType=COMBINED, networkId=TP-LINK_CTS, metered=false}
01-01 08:00:50.500640  1260  1328 I NetworkStats: iface:wlan0
01-01 08:00:50.500681  1260  1328 I NetworkStats: ident:{type=WIFI, subType=COMBINED, networkId=TP-LINK_CTS, metered=false}
01-01 08:00:50.500791  1260  1328 D PowerManagerNotifier: onWakeLockReleased: flags=1, tag="NetworkStats", packageName=android, ownerUid=1000, ownerPid=1260, workSource=null
01-01 08:00:50.505637  1260  1585 V ActivityManager: Broadcast: Intent { act=android.intent.action.ACTION_SET_RADIO_CAPABILITY_DONE flg=0x10 (has extras) } ordered=false userid=0 callerApp=ProcessRecord{5c5f1c2 1500:com.android.phone/1001}
01-01 08:00:50.506813  1260  1321 V NetworkPolicy:  checking policy:NetworkPolicy[NetworkTemplate: matchRule=MOBILE_ALL, subscriberId=460008..., matchSubscriberIds=[460008...]]: cycleDay=1, cycleTimezone=Asia/Shanghai, warningBytes=2147483648, limitBytes=-1, lastWarningSnooze=-1, lastLimitSnooze=-1, metered=true, inferred=true
01-01 08:00:50.509779   468  1191 D FrameworkListener: dispatchCommand data = (getaddrinfo captive.apple.com ^ 1024 0 1 0 100)
01-01 08:00:50.509867  1260  1328 D ConnectivityService: scheduleUnvalidatedPrompt 100
01-01 08:00:50.511027  1260  1328 D ConnectivityService: updateSignalStrengthThresholds: CONNECT, sending [-85, -75] to NetworkAgentInfo [WIFI () - 100]
01-01 08:00:50.511912  1260  1328 D ConnectivityService: rematching NetworkAgentInfo [WIFI () - 100]
01-01 08:00:50.512062  1260  1328 D ConnectivityService:  network has: [ Transports: WIFI Capabilities: NOT_METERED&INTERNET&NOT_RESTRICTED&TRUSTED&NOT_VPN LinkUpBandwidth>=1048576Kbps LinkDnBandwidth>=1048576Kbps SignalStrength: -36]
01-01 08:00:50.512188  1260  1328 D ConnectivityService:   checking if request is satisfied: NetworkRequest [ id=1, legacyType=-1, [ Capabilities: INTERNET&NOT_RESTRICTED&TRUSTED&NOT_VPN] ]
01-01 08:00:50.512272  1260  1328 D ConnectivityService: currentScore = 0, newScore = 20
01-01 08:00:50.512337  1260  1328 D ConnectivityService: rematch for NetworkAgentInfo [WIFI () - 100]
01-01 08:00:50.512386  1260  1328 D ConnectivityService:    accepting network in place of null
01-01 08:00:50.512576  1260  1328 D ConnectivityService: sending new Min Network Score(20): NetworkRequest [ id=1, legacyType=-1, [ Capabilities: INTERNET&NOT_RESTRICTED&TRUSTED&NOT_VPN] ]
01-01 08:00:50.515969  1260  1328 D ConnectivityService: Switching to new default network: NetworkAgentInfo{ ni{[type: WIFI[], state: CONNECTED/CONNECTED, reason: (unspecified), extra: "TP-LINK_CTS", failover: false, available: true, roaming: false, metered: false]}  network{100}  nethandle{429513165534}  lp{{InterfaceName: wlan0 LinkAddresses: [fe80::216:6dff:fe30:2842/64,]  Routes: [fe80::/64 -> :: wlan0,] DnsAddresses: [] Domains: null MTU: 0 TcpBufferSizes: 524288,1048576,2097152,262144,524288,1048576}}  nc{[ Transports: WIFI Capabilities: NOT_METERED&INTERNET&NOT_RESTRICTED&TRUSTED&NOT_VPN LinkUpBandwidth>=1048576Kbps LinkDnBandwidth>=1048576Kbps SignalStrength: -36]}  Score{20}  everValidated{false}  lastValidated{false}  created{true} lingering{false} explicitlySelected{false} acceptUnvalidated{false} everCaptivePortalDetected{false} lastCaptivePortalDetected{false} }
01-01 08:00:50.516298  1260  1328 D NetworkManagement: Adding idletimer
01-01 08:00:50.518124  1431  1431 D STATUS_BAR: CPDataConnSettingUtils getDefaultDataNetwork getPhoneId:0 SubscriptionManager.getDefaultDataSubId():10
01-01 08:00:50.520588  1431  1431 D STATUS_BAR: QuickSettingsModel onNetworkChanged newType = -1
01-01 08:00:50.520633  1260  1321 V NetworkPolicy: setPolicyDataEnableForSubscriber:subId(10),true
01-01 08:00:50.520929  1431  1431 D STATUS_BAR: QuickSettingsModel onNetworkTypeSelected newworkType = -1
01-01 08:00:50.522808  1260  1321 V NetworkPolicy:  checking policy:NetworkPolicy[NetworkTemplate: matchRule=MOBILE_ALL, subscriberId=460110..., matchSubscriberIds=[460110...]]: cycleDay=26, cycleTimezone=Asia/Shanghai, warningBytes=2147483648, limitBytes=-1, lastWarningSnooze=-1, lastLimitSnooze=-1, metered=true, inferred=true
01-01 08:00:50.524724  1260  1328 D NetdConnector: SND -> {41 idletimer add wlan0 15 1}
01-01 08:00:50.525497   468  1196 D FrameworkListener: dispatchCommand data = (41 idletimer add wlan0 15 1)
01-01 08:00:50.628974  1260  1279 E BatteryStatsService: no controller energy info supplied
01-01 08:00:50.644961  1431  1431 D STATUS_BAR: StatusBar.MSimNetworkController refreshSignalCluster, phoneId:0 mMSimDataConnected:false mMSimDataTypeIconId:(null) mMSimDataDirectionIconId:(null) mDataUsingPhoneIconId:(null)
01-01 08:00:50.645140  1431  1431 D STATUS_BAR: StatusBar.MSimNetworkController updateDataIcon phoneId =1
01-01 08:00:50.645176  1431  1431 D STATUS_BAR: StatusBar.MSimNetworkController updateDataIcon  when mMSimState =ABSENT
01-01 08:00:50.645215  1431  1431 D STATUS_BAR: StatusBar.MSimNetworkController getPsNetworkTypeIcon  NetworkType = 0:UNKNOWN icon = 0:(null)
01-01 08:00:50.645242  1431  1431 D STATUS_BAR: StatusBar.MSimNetworkController updateDataIcon when mMSimDataConnected[1] =false mMSimDataDirectionIconId[1] = 0 mDataUsingPhoneId = -1
01-01 08:00:50.645287  1431  1431 D STATUS_BAR: StatusBar.MSimNetworkController refreshViews phoneId =1 mMSimDataConnected =false
01-01 08:00:50.645306  1431  1431 D STATUS_BAR: StatusBar.MSimNetworkController refreshViews mMSimDataActivity =0
09-20 14:44:42.266995  1260  1281 E NetdConnector: Error handling '600 Iface IPv6state ccmni4 up': java.lang.IllegalStateException: Invalid event from daemon (600 Iface IPv6state ccmni4 up)
09-20 14:44:42.673920  1260  1959 E ActivityManager: applyOptionsLocked: Unknown animationType=0
09-20 14:44:44.887465  3153  3186 E ActivityThread: Failed to find provider info for com.mediatek.hotknot.Service
09-20 14:44:47.064820  1260  1278 E libprocessgroup: failed to kill 1 processes for processgroup 2960
09-20 14:44:48.221888  1260  1328 E Nat464Xlat: Error stopping clatd: java.lang.IllegalStateException: command '73 clatd stop wlan0' failed with '400 73 Clatd operation failed'
09-20 14:44:48.335766  1260  1279 E BatteryStatsService: no controller energy info supplied
09-20 14:44:55.454285  1260  1328 V ActivityManager: Broadcast: Intent { act=android.intent.action.CLEAR_DNS_CACHE flg=0x24000010 } ordered=false userid=-1 callerApp=ProcessRecord{bc2cf64 1260:system/1000}
09-20 14:44:55.454730  1431  1431 D STATUS_BAR: StatusBar.MSimNetworkController refreshViews, CA_State = 0
09-20 14:44:55.455061  1431  1431 D STATUS_BAR: StatusBar.MSimNetworkController refreshViews connected={ data } level=4 mMSimcombinedSignalIconId=0x0/(null) mMSimcombinedActivityIconId=0x0 mAirplaneMode=false mMSimDataActivity=0 mMSimPhoneSignalIconId=0x7f0205a2/com.android.systemui:drawable/stat_sys_signal_0_4 mMSimDataDirectionIconId=0x7f0204ce mMSimDataSignalIconId=0x0 mMSimDataTypeIconId=0x7f020700/com.android.systemui:drawable/stat_sys_signal_type_4g mNoMSimIconId=0x0/(null) mMSimMobileActivityIconId=0x0/(null) mWifiIconId=0x0 mBluetoothTetherIconId=0x1080704
09-20 14:44:55.609757  1260  1279 E BatteryStatsService: no controller energy info supplied
