09-20 14:48:01.713502  1260  1286 D DisplayPowerController: updatePowerState: policy=OFF, useProximitySensor=false, screenBrightness=102, screenAutoBrightnessAdjustment=1.0, brightnessSetByUser=true, useAutoBrightness=true, blockScreenOn=false, lowPowerMode=false, boostScreenBrightness=false, dozeScreenBrightness=-1, dozeScreenState=UNKNOWN, useTwilight=false, mWaitingForNegativeProximity=false, autoBrightnessAdjustmentChanged=false, mustNotify=true
09-20 14:48:01.713638  1260  1315 D PowerManagerNotifier: onWakeLockReleased: flags=1, tag="PhoneWindowManager.mPowerKeyWakeLock", packageName=android, ownerUid=1000, ownerPid=1260, workSource=null
09-20 14:48:01.715696  1260  1260 V ActivityManager: Broadcast: Intent { act=com.android.systemui.lock flg=0x10 } ordered=false userid=0 callerApp=ProcessRecord{f394985 1431:com.android.systemui/u0a27}
09-20 14:48:01.720939  1260  1401 I NetworkIdentity: buildNetworkIdentity:
09-20 14:48:01.721176  1260  1401 I NetworkIdentity: networkId = TP-test005
09-20 14:48:01.722560  1260  1959 I NetworkIdentity: buildNetworkIdentity:
09-20 14:48:01.722800  1260  1959 I NetworkIdentity: networkId = TP-test005
09-20 14:48:01.724073  1260  1411 I NetworkIdentity: buildNetworkIdentity:
09-20 14:48:01.724350  1260  1411 I NetworkIdentity: networkId = TP-test005
09-20 14:48:01.726834  1260  1271 I NetworkIdentity: buildNetworkIdentity:
09-20 14:48:01.727051  1260  1271 I NetworkIdentity: networkId = TP-test005
09-20 14:48:01.729226  1260  1539 I NetworkIdentity: buildNetworkIdentity:
09-20 14:48:01.729501  1260  1539 I NetworkIdentity: networkId = TP-test005
09-20 14:48:01.730727  1260  1959 I NetworkIdentity: buildNetworkIdentity:
09-20 14:48:01.730838  1260  1260 D RunningBoosterService: [onWakefulnessChanged] wakefulness = 0
09-20 14:48:01.730860  1260  1260 D RunningBoosterService: [onWakefulnessChanged] SCREEN_OFF 
09-20 14:48:01.730957  1260  1959 I NetworkIdentity: networkId = TP-test005
09-20 14:48:01.731035  1260  1260 D PowerManagerNotifier: onWakeLockAcquired: flags=1, tag="ActivityManager-Sleep", packageName=android, ownerUid=1000, ownerPid=1260, workSource=null
09-20 14:48:01.731074  1260  1350 D RunningBoosterService: [stopAllSuppressTask] enter
09-20 14:48:01.731094  1260  1350 D RunningBoosterService: [stopAllSuppressTask] mSuppressTagList is null
09-20 14:48:01.735092  1260  1585 I NetworkIdentity: buildNetworkIdentity:
09-20 14:48:01.735319  1260  1585 I NetworkIdentity: networkId = TP-test005
09-20 14:48:01.736592  1260  4115 I NetworkIdentity: buildNetworkIdentity:
09-20 14:48:01.736811  1260  4115 I NetworkIdentity: networkId = TP-test005
09-20 14:48:01.738015  1260  1411 I NetworkIdentity: buildNetworkIdentity:
09-20 14:48:01.738226  1260  1411 I NetworkIdentity: networkId = TP-test005
09-20 14:48:01.783813  1260  1260 V ActivityManager: Broadcast: Intent { act=android.intent.action.DROPBOX_ENTRY_ADDED flg=0x10 (has extras) } ordered=false userid=0 callerApp=ProcessRecord{bc2cf64 1260:system/1000}
09-20 14:48:01.784892  1260  1277 V NetworkStats: setKernelCounterSet uid=10066 set=0
09-20 14:48:01.787868  1260  1915 I NetworkIdentity: buildNetworkIdentity:
09-20 14:48:01.788101  1260  1915 I NetworkIdentity: networkId = TP-test005
09-20 14:48:01.788231  1260  1915 D ConnectivityService: getActiveNetworkInfo networkInfo = [type: WIFI[], state: CONNECTED/CONNECTED, reason: (unspecified), extra: "TP-test005", failover: false, available: true, roaming: false, metered: false]
09-20 14:48:01.792749  1260  1286 D DisplayPowerController: ABC configure: enabledInDoze=false, lowDimmingProtectionEnabled=false, adjustment=1.0, state=2, brightness=-1
09-20 14:48:01.792876  1260  1286 D AutomaticBrightnessController: getAutomaticScreenBrightness: brightness=148, dozing=false, factor=1.0
09-20 14:48:01.792908  1260  1286 D DisplayPowerController: Unfinished business...
09-20 14:48:01.795702  1260  1963 D PowerManagerNotifier: onWakeLockReleased: flags=1, tag="ActivityManager-Sleep", packageName=android, ownerUid=1000, ownerPid=1260, workSource=null
09-20 14:48:01.890716  1260  1286 D AutomaticBrightnessController: updateAmbientLux: mAmbientLuxValid=true, AAL=false
09-20 14:48:01.890832  1260  1286 D AutomaticBrightnessController: calculateAmbientLux: [-5507, 100]: lux=145.0, weight=4.0911476E7
09-20 14:48:01.890864  1260  1286 D AutomaticBrightnessController: calculateAmbientLux: [-10000, -5507]: lux=90.0, weight=1.0093524E7
09-20 14:48:01.890900  1260  1286 D AutomaticBrightnessController: calculateAmbientLux: totalWeight=5.1005E7, newAmbientLux=134.11589
09-20 14:48:01.890934  1260  1286 D AutomaticBrightnessController: updateAmbientLux: Scheduling ambient lux update for 218038218038 (in 249 ms)
09-20 14:48:02.065259  1260  1963 D PowerManagerNotifier: onWakeLockReleased: flags=1, tag="AudioMix", packageName=audioserver, ownerUid=1041, ownerPid=0, workSource=null
09-20 14:48:02.140799  1260  1286 D AutomaticBrightnessController: updateAmbientLux: mAmbientLuxValid=true, AAL=false
09-20 14:48:02.140932  1260  1286 D AutomaticBrightnessController: calculateAmbientLux: [-5757, 100]: lux=145.0, weight=4.2003476E7
09-20 14:48:02.140979  1260  1286 D AutomaticBrightnessController: calculateAmbientLux: [-10000, -5757]: lux=90.0, weight=9001524.0
09-20 14:48:02.141011  1260  1286 D AutomaticBrightnessController: calculateAmbientLux: totalWeight=5.1005E7, newAmbientLux=135.29343
09-20 14:48:02.141076  1260  1286 D AutomaticBrightnessController: updateAmbientLux: Darkened: mBrighteningLuxThreshold=142.05809, mAmbientLightRingBuffer=[90.0 / 4243ms, 145.0 / 5758ms], mAmbientLux=135.29343
09-20 14:48:02.141110  1260  1286 D AutomaticBrightnessController: updateAutoBrightness: adjGamma=0.33333334
09-20 14:48:02.141142  1260  1286 D AutomaticBrightnessController: updateAutoBrightness: gamma=0.33333334, in=0.20811297, out=0.5926064
09-20 14:48:02.141177  1260  1286 D AutomaticBrightnessController: updateAutoBrightness: mScreenAutoBrightness=148, newScreenAutoBrightness=151, ambientLux=135.29343
09-20 14:48:02.141234  1260  1286 D AutomaticBrightnessController: updateAmbientLux: Scheduling ambient lux update for 218288218288 (in 249 ms)
09-20 14:48:02.141373  1260  1286 D DisplayPowerController: updatePowerState: policy=OFF, useProximitySensor=false, screenBrightness=102, screenAutoBrightnessAdjustment=1.0, brightnessSetByUser=true, useAutoBrightness=true, blockScreenOn=false, lowPowerMode=false, boostScreenBrightness=false, dozeScreenBrightness=-1, dozeScreenState=UNKNOWN, useTwilight=false, mWaitingForNegativeProximity=false, autoBrightnessAdjustmentChanged=false, mustNotify=true
09-20 14:48:02.141416  1260  1286 D DisplayPowerController: ABC configure: enabledInDoze=false, lowDimmingProtectionEnabled=false, adjustment=1.0, state=2, brightness=-1
09-20 14:48:02.141457  1260  1286 D AutomaticBrightnessController: getAutomaticScreenBrightness: brightness=151, dozing=false, factor=1.0
09-20 14:48:02.221403  1260  1286 D DisplayPowerController: updatePowerState: policy=OFF, useProximitySensor=false, screenBrightness=102, screenAutoBrightnessAdjustment=1.0, brightnessSetByUser=true, useAutoBrightness=true, blockScreenOn=false, lowPowerMode=false, boostScreenBrightness=false, dozeScreenBrightness=-1, dozeScreenState=UNKNOWN, useTwilight=false, mWaitingForNegativeProximity=false, autoBrightnessAdjustmentChanged=false, mustNotify=true
09-20 14:48:02.221512  1260  1356 D DisplayManagerService: Update global display state (ON, 0) for DisplayDeviceInfo{"": uniqueId="local:0", 720 x 1280, modeId 1, defaultModeId 1, supportedModes [{id=1, width=720, height=1280, fps=61.000004}], colorTransformId 1, defaultColorTransformId 1, supportedColorTransforms [{id=1, colorTransform=0}], HdrCapabilities android.view.Display$HdrCapabilities@cebb2d3, density 320, 268.941 x 268.694 dpi, appVsyncOff -8000000, presDeadline 25393442, touch INTERNAL, rotation 0, type BUILT_IN, state ON, FLAG_DEFAULT_DISPLAY, FLAG_ROTATES_WITH_CONTENT, FLAG_SECURE, FLAG_SUPPORTS_PROTECTED_BUFFERS}
09-20 14:48:02.221568  1260  1356 D LocalDisplayAdapter: setDisplayBrightness(id=0, brightness=0)
09-20 14:48:02.238847  1260  1286 D DisplayPowerController: ABC configure: enabledInDoze=false, lowDimmingProtectionEnabled=false, adjustment=1.0, state=1, brightness=0
09-20 14:48:02.238901  1260  1286 D AutomaticBrightnessController: setLightSensorEnabled: enable=false, mLightSensorEnabled=true, mAmbientLuxValid=true, mResetAmbientLuxAfterWarmUpConfig=true
09-20 14:48:02.242099  1260  1356 D DisplayManagerService: Update global display state (OFF, 0) for DisplayDeviceInfo{"": uniqueId="local:0", 720 x 1280, modeId 1, defaultModeId 1, supportedModes [{id=1, width=720, height=1280, fps=61.000004}], colorTransformId 1, defaultColorTransformId 1, supportedColorTransforms [{id=1, colorTransform=0}], HdrCapabilities android.view.Display$HdrCapabilities@cebb2d3, density 320, 268.941 x 268.694 dpi, appVsyncOff -8000000, presDeadline 25393442, touch INTERNAL, rotation 0, type BUILT_IN, state ON, FLAG_DEFAULT_DISPLAY, FLAG_ROTATES_WITH_CONTENT, FLAG_SECURE, FLAG_SUPPORTS_PROTECTED_BUFFERS}
09-20 14:48:02.242199  1260  1356 D LocalDisplayAdapter: setDisplayState(id=0, state=OFF)
09-20 14:48:02.242553  1260  1283 I DisplayManagerService: Display device changed state: "", OFF
09-20 14:48:02.242705  1260  1283 D DisplayManagerService: Delivering display event: displayId=0, event=2
09-20 14:48:02.249243  1260  1539 D PowerManagerNotifier: onWakeLockAcquired: flags=1, tag="RILJ", packageName=com.android.phone, ownerUid=1001, ownerPid=1500, workSource=null
09-20 14:48:02.252250  1260  1915 D PowerManagerNotifier: onWakeLockAcquired: flags=1, tag="RILJ", packageName=com.android.phone, ownerUid=1001, ownerPid=1500, workSource=null
09-20 14:48:02.277240  1260  1915 D PowerManagerNotifier: onWakeLockReleased: flags=1, tag="RILJ", packageName=com.android.phone, ownerUid=1001, ownerPid=1500, workSource=null
09-20 14:48:02.288484  1260  1963 D PowerManagerNotifier: onWakeLockReleased: flags=1, tag="RILJ", packageName=com.android.phone, ownerUid=1001, ownerPid=1500, workSource=null
09-20 14:48:02.332453   472   472 I sn      : Retry 20
09-20 14:48:02.332939   472   472 I sn      : Fail to access err=2
09-20 14:48:02.333145   472   472 I sn      : Fail to access err=2
09-20 14:48:02.333187   472   472 I sn      : Fail to access err=2
09-20 14:48:02.333201   472   472 I sn      : Check all possible paths
09-20 14:48:02.340922  1260  1356 D PowerManagerService: Setting HAL interactive mode to false
09-20 14:48:02.341125  1260  1356 D PowerManagerService: Setting HAL auto-suspend mode to true
09-20 14:48:02.342762  1260  1286 D DisplayPowerController: updatePowerState: policy=OFF, useProximitySensor=false, screenBrightness=102, screenAutoBrightnessAdjustment=1.0, brightnessSetByUser=true, useAutoBrightness=true, blockScreenOn=false, lowPowerMode=false, boostScreenBrightness=false, dozeScreenBrightness=-1, dozeScreenState=UNKNOWN, useTwilight=false, mWaitingForNegativeProximity=false, autoBrightnessAdjustmentChanged=false, mustNotify=true
09-20 14:48:02.342846  1260  1286 D DisplayPowerController: ABC configure: enabledInDoze=false, lowDimmingProtectionEnabled=false, adjustment=1.0, state=1, brightness=0
09-20 14:48:02.342874  1260  1286 D DisplayPowerController: Display ready!
09-20 14:48:02.342913  1260  1286 D DisplayPowerController: Finished business...
09-20 14:48:02.343045  1260  1286 D PowerManagerNotifier: onWakefulnessChangeFinished
09-20 14:48:02.343164  1260  1286 D PowerManagerNotifier: updatePendingBroadcastLocked mBroadcastInProgress = false, mPendingInteractiveState = 2, mPendingGoToSleepBroadcast = true, mBroadcastedInteractiveState = 1
09-20 14:48:02.345226  1260  1260 D PowerManagerNotifier: sendNextBroadcast mBroadcastedInteractiveState = 1, mPendingInteractiveState = 2, mPendingWakeUpBroadcast = false, mPendingGoToSleepBroadcast = true
09-20 14:48:02.345329  1260  1260 D PowerManagerNotifier: sendGoToSleepBroadcast
09-20 14:48:02.345349  1260  1260 D PowerManagerNotifier: sendGoToSleepBroadcast - sendOrderedBroadcastAsUser
09-20 14:48:02.346930  1260  1260 V ActivityManager: Broadcast: Intent { act=android.intent.action.SCREEN_OFF flg=0x50000010 } ordered=true userid=-1 callerApp=ProcessRecord{bc2cf64 1260:system/1000}
09-20 14:48:02.348974  1260  1260 D ActivityThread: BDC-Calling finishReceiver: IIntentReceiver=83c8bd
09-20 14:48:02.351658  1260  1260 D ActivityThread: BDC-Calling finishReceiver: IIntentReceiver=4be4660
09-20 14:48:02.353811  1260  1260 D ActivityThread: BDC-Calling finishReceiver: IIntentReceiver=5d4b24d
09-20 14:48:02.356037  1260  1260 D ActivityThread: BDC-Calling finishReceiver: IIntentReceiver=1c72649
09-20 14:48:02.362161  1260  1260 D ActivityThread: BDC-Calling finishReceiver: IIntentReceiver=e846a3b
09-20 14:48:02.364431  1260  1260 D ActivityThread: BDC-Calling finishReceiver: IIntentReceiver=ceb195a
09-20 14:48:02.366673  1260  1260 D ActivityThread: BDC-Calling finishReceiver: IIntentReceiver=43ab144
09-20 14:48:02.367661  1260  1324 D PowerManagerNotifier: onWakeLockAcquired: flags=1, tag="WifiSuspend", packageName=android, ownerUid=1000, ownerPid=1260, workSource=null
09-20 14:48:02.368746  1260  1260 D ActivityThread: BDC-Calling finishReceiver: IIntentReceiver=397141d
09-20 14:48:02.370265  1260  1324 D AlarmManager: manual remove option = null
09-20 14:48:02.370493  1260  1324 D AlarmManager: remove(operation) changed bounds; rebatching operation = null
09-20 14:48:02.370567  1260  1324 V AlarmManager: mScreenOff time is not enough
09-20 14:48:02.370619  1260  1324 V AlarmManager: mScreenOff time is not enough
09-20 14:48:02.370648  1260  1324 V AlarmManager: mScreenOff time is not enough
09-20 14:48:02.370677  1260  1324 V AlarmManager: mScreenOff time is not enough
09-20 14:48:02.370703  1260  1324 V AlarmManager: mScreenOff time is not enough
09-20 14:48:02.370733  1260  1324 V AlarmManager: mScreenOff time is not enough
09-20 14:48:02.370764  1260  1324 V AlarmManager: mScreenOff time is not enough
09-20 14:48:02.370790  1260  1324 V AlarmManager: mScreenOff time is not enough
09-20 14:48:02.370817  1260  1324 V AlarmManager: mScreenOff time is not enough
09-20 14:48:02.370844  1260  1324 V AlarmManager: mScreenOff time is not enough
09-20 14:48:02.370872  1260  1324 V AlarmManager: mScreenOff time is not enough
09-20 14:48:02.370913  1260  1324 V AlarmManager: mScreenOff time is not enough
09-20 14:48:02.370940  1260  1324 V AlarmManager: mScreenOff time is not enough
09-20 14:48:02.370971  1260  1324 V AlarmManager: mScreenOff time is not enough
09-20 14:48:02.370997  1260  1324 V AlarmManager: mScreenOff time is not enough
09-20 14:48:02.371023  1260  1324 V AlarmManager: mScreenOff time is not enough
09-20 14:48:02.371053  1260  1324 V AlarmManager: mScreenOff time is not enough
09-20 14:48:02.371087  1260  1324 V AlarmManager: mScreenOff time is not enough
09-20 14:48:02.371118  1260  1324 V AlarmManager: mScreenOff time is not enough
09-20 14:48:02.371149  1260  1324 V AlarmManager: mScreenOff time is not enough
09-20 14:48:02.371179  1260  1324 V AlarmManager: mScreenOff time is not enough
09-20 14:48:02.371210  1260  1324 V AlarmManager: mScreenOff time is not enough
09-20 14:48:02.371241  1260  1324 V AlarmManager: mScreenOff time is not enough
09-20 14:48:02.371272  1260  1324 V AlarmManager: mScreenOff time is not enough
09-20 14:48:02.371306  1260  1324 V AlarmManager: mScreenOff time is not enough
09-20 14:48:02.371339  1260  1324 V AlarmManager: mScreenOff time is not enough
09-20 14:48:02.371367  1260  1324 V AlarmManager: mScreenOff time is not enough
09-20 14:48:02.371403  1260  1324 V AlarmManager: mScreenOff time is not enough
09-20 14:48:02.371431  1260  1324 V AlarmManager: mScreenOff time is not enough
09-20 14:48:02.371458  1260  1324 V AlarmManager: mScreenOff time is not enough
09-20 14:48:02.371484  1260  1324 V AlarmManager: mScreenOff time is not enough
09-20 14:48:02.371520  1260  1324 V AlarmManager: mScreenOff time is not enough
09-20 14:48:02.371548  1260  1324 V AlarmManager: mScreenOff time is not enough
09-20 14:48:02.371581  1260  1324 V AlarmManager: mScreenOff time is not enough
09-20 14:48:02.371607  1260  1324 V AlarmManager: mScreenOff time is not enough
09-20 14:48:02.371634  1260  1324 V AlarmManager: mScreenOff time is not enough
09-20 14:48:02.371660  1260  1324 V AlarmManager: mScreenOff time is not enough
09-20 14:48:02.371686  1260  1324 V AlarmManager: mScreenOff time is not enough
09-20 14:48:02.371714  1260  1324 V AlarmManager: mScreenOff time is not enough
09-20 14:48:02.371746  1260  1324 V AlarmManager: mScreenOff time is not enough
09-20 14:48:02.372019  1260  1260 D ActivityThread: BDC-Calling finishReceiver: IIntentReceiver=e294f3e
09-20 14:48:02.371803  1260  1324 V AlarmManager: mScreenOff time is not enough
09-20 14:48:02.372715  1260  1324 V AlarmManager: mScreenOff time is not enough
09-20 14:48:02.372758  1260  1324 V AlarmManager: mScreenOff time is not enough
09-20 14:48:02.372791  1260  1324 V AlarmManager: mScreenOff time is not enough
09-20 14:48:02.372819  1260  1324 V AlarmManager: mScreenOff time is not enough
09-20 14:48:02.372846  1260  1324 V AlarmManager: mScreenOff time is not enough
09-20 14:48:02.372880  1260  1324 V AlarmManager: mScreenOff time is not enough
09-20 14:48:02.372910  1260  1324 V AlarmManager: mScreenOff time is not enough
09-20 14:48:02.372936  1260  1324 V AlarmManager: mScreenOff time is not enough
09-20 14:48:02.373031  1260  1324 V AlarmManager: mScreenOff time is not enough
09-20 14:48:02.373060  1260  1324 V AlarmManager: mScreenOff time is not enough
09-20 14:48:02.373086  1260  1324 V AlarmManager: mScreenOff time is not enough
09-20 14:48:02.373114  1260  1324 V AlarmManager: mScreenOff time is not enough
09-20 14:48:02.373156  1260  1324 V AlarmManager: mScreenOff time is not enough
09-20 14:48:02.373185  1260  1324 V AlarmManager: mScreenOff time is not enough
09-20 14:48:02.373210  1260  1324 V AlarmManager: mScreenOff time is not enough
09-20 14:48:02.373237  1260  1324 V AlarmManager: mScreenOff time is not enough
09-20 14:48:02.373270  1260  1324 V AlarmManager: mScreenOff time is not enough
09-20 14:48:02.373295  1260  1324 V AlarmManager: mScreenOff time is not enough
09-20 14:48:02.373323  1260  1324 V AlarmManager: mScreenOff time is not enough
09-20 14:48:02.373352  1260  1324 V AlarmManager: mScreenOff time is not enough
09-20 14:48:02.373380  1260  1324 V AlarmManager: mScreenOff time is not enough
09-20 14:48:02.373405  1260  1324 V AlarmManager: mScreenOff time is not enough
09-20 14:48:02.373430  1260  1324 V AlarmManager: mScreenOff time is not enough
09-20 14:48:02.373454  1260  1324 V AlarmManager: mScreenOff time is not enough
09-20 14:48:02.373482  1260  1324 V AlarmManager: mScreenOff time is not enough
09-20 14:48:02.373508  1260  1324 V AlarmManager: mScreenOff time is not enough
09-20 14:48:02.373532  1260  1324 V AlarmManager: mScreenOff time is not enough
09-20 14:48:02.373564  1260  1324 V AlarmManager: mScreenOff time is not enough
09-20 14:48:02.373593  1260  1324 V AlarmManager: mScreenOff time is not enough
09-20 14:48:02.373617  1260  1324 V AlarmManager: mScreenOff time is not enough
09-20 14:48:02.373642  1260  1324 V AlarmManager: mScreenOff time is not enough
09-20 14:48:02.373672  1260  1324 V AlarmManager: mScreenOff time is not enough
09-20 14:48:02.373697  1260  1324 V AlarmManager: mScreenOff time is not enough
09-20 14:48:02.373730  1260  1324 V AlarmManager: mScreenOff time is not enough
09-20 14:48:02.373757  1260  1324 V AlarmManager: mScreenOff time is not enough
09-20 14:48:02.373782  1260  1324 V AlarmManager: mScreenOff time is not enough
09-20 14:48:02.373807  1260  1324 V AlarmManager: mScreenOff time is not enough
09-20 14:48:02.373832  1260  1324 V AlarmManager: mScreenOff time is not enough
09-20 14:48:02.373859  1260  1324 V AlarmManager: mScreenOff time is not enough
09-20 14:48:02.373884  1260  1324 V AlarmManager: mScreenOff time is not enough
09-20 14:48:02.373909  1260  1324 V AlarmManager: mScreenOff time is not enough
09-20 14:48:02.373959  1260  1324 D AlarmManager: set alarm to RTC 263602
09-20 14:48:02.374108  1260  1260 V IdleController: Scheduling idle : android.intent.action.SCREEN_OFF now:264094 when=4524094
09-20 14:48:02.374227  1260  1260 D AlarmManager: Targetpackage alarm set type = 2
09-20 14:48:02.374285  1260  1313 D AlarmManager: set alarm to RTC 414628
09-20 14:48:02.374316  1260  1313 D AlarmManager: set alarm to RTC 274619
09-20 14:48:02.374454  1260  1313 D DataShapingService: Alarm manager openLteDataUpLinkGate: false
09-20 14:48:02.374492  1260  1313 V AlarmManager: openLteGateSuccess = false
09-20 14:48:02.374596  1260  1313 D AlarmManager: wakeup alarm = Alarm{f0a45d0 type 2 when 263602 com.android.flowmonitor}; package = com.android.flowmonitorneedGrouping = false
09-20 14:48:02.375287  1260  1313 V ActivityManager: Broadcast: Intent { act=com.android.server.action.NETWORK_STATS_POLL_COOPAD flg=0x14 (has extras) } ordered=true userid=0 callerApp=null
09-20 14:48:02.388921  1260  1313 V AlarmManager: sending alarm Alarm{f0a45d0 type 2 when 263602 com.android.flowmonitor} success
09-20 14:48:02.389701  1260  1313 D PowerManagerNotifier: onWakeLockAcquired: flags=1, tag="*alarm*", packageName=android, ownerUid=1000, ownerPid=1260, workSource=WorkSource{1000}
09-20 14:48:02.390073  1260  1260 V AlarmManager: APP set(PendingIntent{367bcd2: PendingIntentRecord{b1f91a3 android broadcastIntent}}) : type=2 triggerAtTime=4524094 win=300000 tElapsed=4524094 maxElapsed=4824094 interval=0 flags=0x8
09-20 14:48:02.391989  1260  1260 D ActivityThread: BDC-Calling finishReceiver: IIntentReceiver=26114e
09-20 14:48:02.394009  1260  1324 D PowerManagerNotifier: onWakeLockReleased: flags=1, tag="WifiSuspend", packageName=android, ownerUid=1000, ownerPid=1260, workSource=null
09-20 14:48:02.394751  1260  1260 V ActivityManager: Broadcast: Intent { act=android.intent.action.DROPBOX_ENTRY_ADDED flg=0x10 (has extras) } ordered=false userid=0 callerApp=ProcessRecord{bc2cf64 1260:system/1000}
09-20 14:48:02.395564  1260  1260 D ActivityThread: BDC-Calling finishReceiver: IIntentReceiver=ad61f5b
09-20 14:48:02.397690  1260  1260 D WifiService: onReceive, action:android.intent.action.SCREEN_OFF
09-20 14:48:02.397850  1260  1260 D ActivityThread: BDC-Calling finishReceiver: IIntentReceiver=e733dd2
09-20 14:48:02.397952  1260  1323 D WifiController: DeviceActiveState{ when=-1ms what=155651 target=com.android.internal.util.StateMachine$SmHandler }
09-20 14:48:02.398002  1260  1323 D WifiController: StaEnabledState{ when=-1ms what=155651 target=com.android.internal.util.StateMachine$SmHandler }
09-20 14:48:02.398077  1260  1323 D WifiController: DefaultState{ when=-1ms what=155651 target=com.android.internal.util.StateMachine$SmHandler }
09-20 14:48:02.398115  1260  1323 D WifiController: wifiSleepPolicy:2, means: Never sleep
09-20 14:48:02.399912  1260  1916 D AlarmManager: Targetpackage alarm set type = 2
09-20 14:48:02.400013  1260  1916 V AlarmManager: mScreenOff time is not enough
09-20 14:48:02.400110  1260  1916 V AlarmManager: APP set(PendingIntent{b1c43ef: PendingIntentRecord{e738a73 com.android.flowmonitor broadcastIntent}}) : type=2 triggerAtTime=265119 win=-1 tElapsed=269120 maxElapsed=269120 interval=0 flags=0x8
09-20 14:48:02.400671  1260  1916 D AlarmManager: set alarm to RTC 269120
09-20 14:48:02.401131  5640  5724 D ActivityThread: BDC-Calling finishReceiver: IIntentReceiver=aaa514c
09-20 14:48:02.403653  1260  1539 D AlarmManager: Targetpackage alarm set type = 2
09-20 14:48:02.403744  1260  1539 V AlarmManager: mScreenOff time is not enough
09-20 14:48:02.403843  1260  1539 V AlarmManager: APP set(PendingIntent{195eefc: PendingIntentRecord{e738a73 com.android.flowmonitor broadcastIntent}}) : type=2 triggerAtTime=265123 win=-1 tElapsed=269124 maxElapsed=269124 interval=0 flags=0x8
09-20 14:48:02.405907  1260  1260 D DataShapingService: received broadcast, action is: android.intent.action.SCREEN_OFF
09-20 14:48:02.406080  1260  1260 D ActivityThread: BDC-Calling finishReceiver: IIntentReceiver=b4a73ad
09-20 14:48:02.406101  1260  1539 D AlarmManager: remove(operation) changed bounds; rebatching operation = PendingIntent{195eefc: PendingIntentRecord{e738a73 com.android.flowmonitor broadcastIntent}}
09-20 14:48:02.406229  1260  1539 V AlarmManager: mScreenOff time is not enough
09-20 14:48:02.406284  1260  1539 V AlarmManager: mScreenOff time is not enough
09-20 14:48:02.406314  1260  1539 V AlarmManager: mScreenOff time is not enough
09-20 14:48:02.406341  1260  1539 V AlarmManager: mScreenOff time is not enough
09-20 14:48:02.406367  1260  1539 V AlarmManager: mScreenOff time is not enough
09-20 14:48:02.406395  1260  1539 V AlarmManager: mScreenOff time is not enough
09-20 14:48:02.406422  1260  1539 V AlarmManager: mScreenOff time is not enough
09-20 14:48:02.406450  1260  1539 V AlarmManager: mScreenOff time is not enough
09-20 14:48:02.406477  1260  1539 V AlarmManager: mScreenOff time is not enough
09-20 14:48:02.406503  1260  1539 V AlarmManager: mScreenOff time is not enough
09-20 14:48:02.406537  1260  1539 V AlarmManager: mScreenOff time is not enough
09-20 14:48:02.406562  1260  1539 V AlarmManager: mScreenOff time is not enough
09-20 14:48:02.406588  1260  1539 V AlarmManager: mScreenOff time is not enough
09-20 14:48:02.406613  1260  1539 V AlarmManager: mScreenOff time is not enough
09-20 14:48:02.406638  1260  1539 V AlarmManager: mScreenOff time is not enough
09-20 14:48:02.406681  1260  1539 V AlarmManager: mScreenOff time is not enough
09-20 14:48:02.406711  1260  1539 V AlarmManager: mScreenOff time is not enough
09-20 14:48:02.406743  1260  1539 V AlarmManager: mScreenOff time is not enough
09-20 14:48:02.406776  1260  1539 V AlarmManager: mScreenOff time is not enough
09-20 14:48:02.406811  1260  1539 V AlarmManager: mScreenOff time is not enough
09-20 14:48:02.406842  1260  1539 V AlarmManager: mScreenOff time is not enough
09-20 14:48:02.406867  1260  1539 V AlarmManager: mScreenOff time is not enough
09-20 14:48:02.406897  1260  1539 V AlarmManager: mScreenOff time is not enough
09-20 14:48:02.406926  1260  1539 V AlarmManager: mScreenOff time is not enough
09-20 14:48:02.406955  1260  1539 V AlarmManager: mScreenOff time is not enough
09-20 14:48:02.406981  1260  1539 V AlarmManager: mScreenOff time is not enough
09-20 14:48:02.407006  1260  1539 V AlarmManager: mScreenOff time is not enough
09-20 14:48:02.407031  1260  1539 V AlarmManager: mScreenOff time is not enough
09-20 14:48:02.407059  1260  1539 V AlarmManager: mScreenOff time is not enough
09-20 14:48:02.407088  1260  1539 V AlarmManager: mScreenOff time is not enough
09-20 14:48:02.407115  1260  1539 V AlarmManager: mScreenOff time is not enough
09-20 14:48:02.407142  1260  1539 V AlarmManager: mScreenOff time is not enough
09-20 14:48:02.407169  1260  1539 V AlarmManager: mScreenOff time is not enough
09-20 14:48:02.407199  1260  1539 V AlarmManager: mScreenOff time is not enough
09-20 14:48:02.407227  1260  1539 V AlarmManager: mScreenOff time is not enough
09-20 14:48:02.407262  1260  1539 V AlarmManager: mScreenOff time is not enough
09-20 14:48:02.407288  1260  1539 V AlarmManager: mScreenOff time is not enough
09-20 14:48:02.407315  1260  1539 V AlarmManager: mScreenOff time is not enough
09-20 14:48:02.407347  1260  1539 V AlarmManager: mScreenOff time is not enough
09-20 14:48:02.407382  1260  1539 V AlarmManager: mScreenOff time is not enough
09-20 14:48:02.407414  1260  1539 V AlarmManager: mScreenOff time is not enough
09-20 14:48:02.407447  1260  1539 V AlarmManager: mScreenOff time is not enough
09-20 14:48:02.407475  1260  1539 V AlarmManager: mScreenOff time is not enough
09-20 14:48:02.407502  1260  1539 V AlarmManager: mScreenOff time is not enough
09-20 14:48:02.407529  1260  1539 V AlarmManager: mScreenOff time is not enough
09-20 14:48:02.407560  1260  1539 V AlarmManager: mScreenOff time is not enough
09-20 14:48:02.407588  1260  1539 V AlarmManager: mScreenOff time is not enough
09-20 14:48:02.407614  1260  1539 V AlarmManager: mScreenOff time is not enough
09-20 14:48:02.407639  1260  1539 V AlarmManager: mScreenOff time is not enough
09-20 14:48:02.407665  1260  1539 V AlarmManager: mScreenOff time is not enough
09-20 14:48:02.407693  1260  1539 V AlarmManager: mScreenOff time is not enough
09-20 14:48:02.407719  1260  1539 V AlarmManager: mScreenOff time is not enough
09-20 14:48:02.407750  1260  1539 V AlarmManager: mScreenOff time is not enough
09-20 14:48:02.407780  1260  1539 V AlarmManager: mScreenOff time is not enough
09-20 14:48:02.407808  1260  1539 V AlarmManager: mScreenOff time is not enough
09-20 14:48:02.407850  1260  1539 V AlarmManager: mScreenOff time is not enough
09-20 14:48:02.407876  1260  1539 V AlarmManager: mScreenOff time is not enough
09-20 14:48:02.407903  1260  1539 V AlarmManager: mScreenOff time is not enough
09-20 14:48:02.407938  1260  1539 V AlarmManager: mScreenOff time is not enough
09-20 14:48:02.407973  1260  1539 V AlarmManager: mScreenOff time is not enough
09-20 14:48:02.408003  1260  1539 V AlarmManager: mScreenOff time is not enough
09-20 14:48:02.408031  1260  1539 V AlarmManager: mScreenOff time is not enough
09-20 14:48:02.408056  1260  1539 V AlarmManager: mScreenOff time is not enough
09-20 14:48:02.408083  1260  1539 V AlarmManager: mScreenOff time is not enough
09-20 14:48:02.408183  1260  1260 D ActivityThread: BDC-Calling finishReceiver: IIntentReceiver=b28eb39
09-20 14:48:02.408303  1260  1321 D NetworkPolicy: no need to update restrict power rules for uid 1001
09-20 14:48:02.408330  1260  1321 D NetworkPolicy: no need to update restrict data rules for uid 1001
09-20 14:48:02.408352  1260  1321 D NetworkPolicy: no need to update restrict power rules for uid 1027
09-20 14:48:02.408377  1260  1321 D NetworkPolicy: no need to update restrict data rules for uid 1027
09-20 14:48:02.408623  1260  1321 D NetworkManagement: oldRule = 0, newRule=0 for uid=10002 on chain 2
09-20 14:48:02.408661  1260  1321 D NetworkManagement: !!!!! Skipping change
09-20 14:48:02.409064  1260  1321 W PackageManager: checkUidPermission(): android.permission.INTERNET of 10004 is denied.
09-20 14:48:02.409097  1260  1321 W PackageManager: checkUidPermission(): android.permission.INTERNET of 10004 is denied.
09-20 14:48:02.409135  1260  1321 D NetworkPolicy: no need to update restrict power rules for uid 10004
09-20 14:48:02.409176  1260  1321 W PackageManager: checkUidPermission(): android.permission.INTERNET of 10004 is denied.
09-20 14:48:02.409210  1260  1321 D NetworkPolicy: no need to update restrict data rules for uid 10004
09-20 14:48:02.409398  1260  1321 D NetworkManagement: oldRule = 0, newRule=0 for uid=10027 on chain 2
09-20 14:48:02.409422  1260  1321 D NetworkManagement: !!!!! Skipping change
09-20 14:48:02.409792  1260  1321 D NetworkManagement: oldRule = 0, newRule=0 for uid=10063 on chain 2
09-20 14:48:02.409812  1260  1321 D NetworkManagement: !!!!! Skipping change
09-20 14:48:02.410077  1260  1321 D NetworkManagement: oldRule = 0, newRule=0 for uid=10066 on chain 2
09-20 14:48:02.410098  1260  1321 D NetworkManagement: !!!!! Skipping change
09-20 14:48:02.410433  1260  1355 D DataShapingService: [handleMessage] msg_screen_state_changed
09-20 14:48:02.410513  1260  1355 D DataShapingUtils: [isNetworkTypeLte] mCurrentNetworkType: 1
09-20 14:48:02.410589  1260  1355 D DataShapingUtils: [isScreenOn] false
09-20 14:48:02.411560  1260  1539 V AlarmManager: mScreenOff time is not enough
09-20 14:48:02.411684  1260  1539 V AlarmManager: mScreenOff time is not enough
09-20 14:48:02.411716  1260  1539 V AlarmManager: mScreenOff time is not enough
09-20 14:48:02.411743  1260  1539 V AlarmManager: mScreenOff time is not enough
09-20 14:48:02.411771  1260  1539 V AlarmManager: mScreenOff time is not enough
09-20 14:48:02.411886  1260  1539 V AlarmManager: mScreenOff time is not enough
09-20 14:48:02.411996  1260  1539 V AlarmManager: mScreenOff time is not enough
09-20 14:48:02.412037  1260  1539 V AlarmManager: mScreenOff time is not enough
09-20 14:48:02.412067  1260  1539 V AlarmManager: mScreenOff time is not enough
09-20 14:48:02.412094  1260  1539 V AlarmManager: mScreenOff time is not enough
09-20 14:48:02.412121  1260  1539 V AlarmManager: mScreenOff time is not enough
09-20 14:48:02.412289  1431  1483 D ActivityThread: BDC-Calling finishReceiver: IIntentReceiver=e05cb2e
09-20 14:48:02.414069  1431  1431 D ActivityThread: BDC-Calling finishReceiver: IIntentReceiver=af61fad
09-20 14:48:02.417927  1260  1275 D ActivityThread: BDC-Calling finishReceiver: IIntentReceiver=23ee080
09-20 14:48:02.418908  1260  1539 V AlarmManager: mScreenOff time is not enough
09-20 14:48:02.418974  1260  1539 V AlarmManager: mScreenOff time is not enough
09-20 14:48:02.419007  1260  1539 V AlarmManager: mScreenOff time is not enough
09-20 14:48:02.419037  1260  1539 V AlarmManager: mScreenOff time is not enough
09-20 14:48:02.419065  1260  1539 V AlarmManager: mScreenOff time is not enough
09-20 14:48:02.419092  1260  1539 V AlarmManager: mScreenOff time is not enough
09-20 14:48:02.419147  1260  1539 D AlarmManager: set alarm to RTC 414628
09-20 14:48:02.419212  1260  1539 D AlarmManager: set alarm to RTC 269124
09-20 14:48:02.419502  1260  1355 D DataShapingUtils: [isSharedDefaultApnEstablished]: false
09-20 14:48:02.419590  1260  1355 D UsbDeviceManager: getCurrentState - 0
09-20 14:48:02.419626  1260  1355 D DataShapingUtils: [isUsbConnected] isUsbConneted: false
09-20 14:48:02.419664  1260  1355 D UsbDeviceManager: getCurrentState - 0
09-20 14:48:02.419719  1260  1355 D DataShapingUtils: [isWifiTetheringEnabled] isWifiApEnabled: false
09-20 14:48:02.419746  1260  1355 D DataShapingUtils: [isAppIdleParoleOn] App Standby is enable
09-20 14:48:02.419805  1260  1355 D DataShapingUtils: [canTurnFromLockedToOpen] isNetworkTypeLte|false isScreenOn|false isSharedDefaultApnEstablised|false isUsbConnected|false isWifiTetheringEnabled|false isAppIdleParoleOn|false isDeviceIdleEnable|false
09-20 14:48:02.419828  1260  1355 D DataShapingUtils: [canTurnFromLockedToOpen]: false
09-20 14:48:02.419857  1260  1355 D GateOpenLockedState: Still stay in Open Locked state!
09-20 14:48:02.422975  1500  1500 D ActivityThread: BDC-Calling finishReceiver: IIntentReceiver=335f788
09-20 14:48:02.426094  5640  5723 D ActivityThread: BDC-Calling finishReceiver: IIntentReceiver=c11f595
09-20 14:48:02.427282  1260  1260 D AlarmManager: onSendFinished begin
09-20 14:48:02.427473  1260  1260 D PowerManagerNotifier: onWakeLockReleased: flags=1, tag="*alarm*", packageName=android, ownerUid=1000, ownerPid=1260, workSource=WorkSource{1000}
09-20 14:48:02.435824  1500  1500 D ActivityThread: BDC-Calling finishReceiver: IIntentReceiver=a960521
09-20 14:48:02.438759  1260  1411 D PowerManagerNotifier: onWakeLockAcquired: flags=1, tag="RILJ", packageName=com.android.phone, ownerUid=1001, ownerPid=1500, workSource=null
09-20 14:48:02.439621  1500  1500 D ActivityThread: BDC-Calling finishReceiver: IIntentReceiver=ff66d46
09-20 14:48:02.442828  1500  1500 D ActivityThread: BDC-Calling finishReceiver: IIntentReceiver=b5c0b07
09-20 14:48:02.446379  1260  1916 D PowerManagerNotifier: onWakeLockAcquired: flags=1, tag="NetworkStats", packageName=com.android.flowmonitor, ownerUid=1000, ownerPid=5640, workSource=null
09-20 14:48:02.448491  1260  1539 D PowerManagerNotifier: onWakeLockAcquired: flags=1, tag="NetworkStats", packageName=com.android.flowmonitor, ownerUid=1000, ownerPid=5640, workSource=null
09-20 14:48:02.451502  1260  1963 D PowerManagerNotifier: onWakeLockReleased: flags=1, tag="RILJ", packageName=com.android.phone, ownerUid=1001, ownerPid=1500, workSource=null
09-20 14:48:02.457938  1500  1500 D ActivityThread: BDC-Calling finishReceiver: IIntentReceiver=ff70434
09-20 14:48:02.459961  1500  1500 D ActivityThread: BDC-Calling finishReceiver: IIntentReceiver=3acd25d
09-20 14:48:02.463292  1431  1431 D ActivityThread: BDC-Calling finishReceiver: IIntentReceiver=54062e2
09-20 14:48:02.475432  1260  1411 D PowerManagerNotifier: onWakeLockReleased: flags=1, tag="NetworkStats", packageName=com.android.flowmonitor, ownerUid=1000, ownerPid=5640, workSource=null
09-20 14:48:02.496059  1260  1383 D PowerManagerNotifier: onWakeLockReleased: flags=1, tag="NetworkStats", packageName=com.android.flowmonitor, ownerUid=1000, ownerPid=5640, workSource=null
09-20 14:48:02.524655  1260  1539 I NetworkIdentity: buildNetworkIdentity:
09-20 14:48:02.524951  1260  1539 I NetworkIdentity: networkId = TP-test005
09-20 14:48:02.525100  1260  1539 D ConnectivityService: getActiveNetworkInfo networkInfo = [type: WIFI[], state: CONNECTED/CONNECTED, reason: (unspecified), extra: "TP-test005", failover: false, available: true, roaming: false, metered: false]
09-20 14:48:02.526111  1260  1271 D AlarmManager: manual remove option = PendingIntent{e8fb985: PendingIntentRecord{eb32c78 com.android.systemui broadcastIntent}}
09-20 14:48:02.526396  1260  1271 D AlarmManager: remove(operation) changed bounds; rebatching operation = PendingIntent{e8fb985: PendingIntentRecord{eb32c78 com.android.systemui broadcastIntent}}
09-20 14:48:02.526484  1260  1271 V AlarmManager: mScreenOff time is not enough
09-20 14:48:02.526545  1260  1271 V AlarmManager: mScreenOff time is not enough
09-20 14:48:02.526577  1260  1271 V AlarmManager: mScreenOff time is not enough
09-20 14:48:02.526610  1260  1271 V AlarmManager: mScreenOff time is not enough
09-20 14:48:02.526652  1260  1271 V AlarmManager: mScreenOff time is not enough
09-20 14:48:02.526678  1260  1271 V AlarmManager: mScreenOff time is not enough
09-20 14:48:02.526703  1260  1271 V AlarmManager: mScreenOff time is not enough
09-20 14:48:02.526729  1260  1271 V AlarmManager: mScreenOff time is not enough
09-20 14:48:02.526758  1260  1271 V AlarmManager: mScreenOff time is not enough
09-20 14:48:02.526787  1260  1271 V AlarmManager: mScreenOff time is not enough
09-20 14:48:02.526819  1260  1271 V AlarmManager: mScreenOff time is not enough
09-20 14:48:02.526850  1260  1271 V AlarmManager: mScreenOff time is not enough
09-20 14:48:02.526875  1260  1271 V AlarmManager: mScreenOff time is not enough
09-20 14:48:02.526904  1260  1271 V AlarmManager: mScreenOff time is not enough
09-20 14:48:02.526931  1260  1271 V AlarmManager: mScreenOff time is not enough
09-20 14:48:02.526958  1260  1271 V AlarmManager: mScreenOff time is not enough
09-20 14:48:02.527008  1260  1271 V AlarmManager: mScreenOff time is not enough
09-20 14:48:02.527040  1260  1271 V AlarmManager: mScreenOff time is not enough
09-20 14:48:02.527074  1260  1271 V AlarmManager: mScreenOff time is not enough
09-20 14:48:02.527105  1260  1271 V AlarmManager: mScreenOff time is not enough
09-20 14:48:02.527135  1260  1271 V AlarmManager: mScreenOff time is not enough
09-20 14:48:02.527164  1260  1271 V AlarmManager: mScreenOff time is not enough
09-20 14:48:02.527189  1260  1271 V AlarmManager: mScreenOff time is not enough
09-20 14:48:02.527218  1260  1271 V AlarmManager: mScreenOff time is not enough
09-20 14:48:02.527250  1260  1271 V AlarmManager: mScreenOff time is not enough
09-20 14:48:02.527307  1260  1271 V AlarmManager: mScreenOff time is not enough
09-20 14:48:02.527337  1260  1271 V AlarmManager: mScreenOff time is not enough
09-20 14:48:02.527367  1260  1271 V AlarmManager: mScreenOff time is not enough
09-20 14:48:02.527393  1260  1271 V AlarmManager: mScreenOff time is not enough
09-20 14:48:02.527419  1260  1271 V AlarmManager: mScreenOff time is not enough
09-20 14:48:02.527455  1260  1271 V AlarmManager: mScreenOff time is not enough
09-20 14:48:02.527485  1260  1271 V AlarmManager: mScreenOff time is not enough
09-20 14:48:02.527510  1260  1271 V AlarmManager: mScreenOff time is not enough
09-20 14:48:02.527537  1260  1271 V AlarmManager: mScreenOff time is not enough
09-20 14:48:02.527564  1260  1271 V AlarmManager: mScreenOff time is not enough
09-20 14:48:02.527589  1260  1271 V AlarmManager: mScreenOff time is not enough
09-20 14:48:02.527618  1260  1271 V AlarmManager: mScreenOff time is not enough
09-20 14:48:02.527643  1260  1271 V AlarmManager: mScreenOff time is not enough
09-20 14:48:02.527673  1260  1271 V AlarmManager: mScreenOff time is not enough
09-20 14:48:02.527703  1260  1271 V AlarmManager: mScreenOff time is not enough
09-20 14:48:02.527735  1260  1271 V AlarmManager: mScreenOff time is not enough
09-20 14:48:02.527765  1260  1271 V AlarmManager: mScreenOff time is not enough
09-20 14:48:02.527793  1260  1271 V AlarmManager: mScreenOff time is not enough
09-20 14:48:02.527820  1260  1271 V AlarmManager: mScreenOff time is not enough
09-20 14:48:02.527846  1260  1271 V AlarmManager: mScreenOff time is not enough
09-20 14:48:02.527888  1260  1271 V AlarmManager: mScreenOff time is not enough
09-20 14:48:02.527919  1260  1271 V AlarmManager: mScreenOff time is not enough
09-20 14:48:02.527963  1260  1271 V AlarmManager: mScreenOff time is not enough
09-20 14:48:02.527992  1260  1271 V AlarmManager: mScreenOff time is not enough
09-20 14:48:02.528018  1260  1271 V AlarmManager: mScreenOff time is not enough
09-20 14:48:02.528044  1260  1271 V AlarmManager: mScreenOff time is not enough
09-20 14:48:02.528070  1260  1271 V AlarmManager: mScreenOff time is not enough
09-20 14:48:02.528105  1260  1271 V AlarmManager: mScreenOff time is not enough
09-20 14:48:02.528132  1260  1271 V AlarmManager: mScreenOff time is not enough
09-20 14:48:02.528158  1260  1271 V AlarmManager: mScreenOff time is not enough
09-20 14:48:02.528183  1260  1271 V AlarmManager: mScreenOff time is not enough
09-20 14:48:02.528210  1260  1271 V AlarmManager: mScreenOff time is not enough
09-20 14:48:02.528236  1260  1271 V AlarmManager: mScreenOff time is not enough
09-20 14:48:02.528269  1260  1271 V AlarmManager: mScreenOff time is not enough
09-20 14:48:02.528295  1260  1271 V AlarmManager: mScreenOff time is not enough
09-20 14:48:02.528321  1260  1271 V AlarmManager: mScreenOff time is not enough
09-20 14:48:02.528347  1260  1271 V AlarmManager: mScreenOff time is not enough
09-20 14:48:02.528373  1260  1271 V AlarmManager: mScreenOff time is not enough
09-20 14:48:02.528399  1260  1271 V AlarmManager: mScreenOff time is not enough
09-20 14:48:02.528426  1260  1271 V AlarmManager: mScreenOff time is not enough
09-20 14:48:02.528452  1260  1271 V AlarmManager: mScreenOff time is not enough
09-20 14:48:02.528483  1260  1271 V AlarmManager: mScreenOff time is not enough
09-20 14:48:02.528510  1260  1271 V AlarmManager: mScreenOff time is not enough
09-20 14:48:02.528536  1260  1271 V AlarmManager: mScreenOff time is not enough
09-20 14:48:02.528566  1260  1271 V AlarmManager: mScreenOff time is not enough
09-20 14:48:02.528591  1260  1271 V AlarmManager: mScreenOff time is not enough
09-20 14:48:02.528621  1260  1271 V AlarmManager: mScreenOff time is not enough
09-20 14:48:02.528647  1260  1271 V AlarmManager: mScreenOff time is not enough
09-20 14:48:02.528676  1260  1271 V AlarmManager: mScreenOff time is not enough
09-20 14:48:02.528702  1260  1271 V AlarmManager: mScreenOff time is not enough
09-20 14:48:02.528809  1260  1271 V AlarmManager: mScreenOff time is not enough
09-20 14:48:02.528839  1260  1271 V AlarmManager: mScreenOff time is not enough
09-20 14:48:02.528869  1260  1271 V AlarmManager: mScreenOff time is not enough
09-20 14:48:02.528894  1260  1271 V AlarmManager: mScreenOff time is not enough
09-20 14:48:02.528919  1260  1271 V AlarmManager: mScreenOff time is not enough
09-20 14:48:02.528966  1260  1271 V AlarmManager: mScreenOff time is not enough
09-20 14:48:02.529019  1260  1271 D AlarmManager: set alarm to RTC 265123
09-20 14:48:02.539388  1260  1401 D AlarmManager: Targetpackage alarm set type = 1
09-20 14:48:02.539529  1260  1401 V AlarmManager: mScreenOff time is not enough
09-20 14:48:02.539631  1260  1401 V AlarmManager: APP set(PendingIntent{f96b3da: PendingIntentRecord{eb32c78 com.android.systemui broadcastIntent}}) : type=1 triggerAtTime=1505976277883 win=-1 tElapsed=86459603 maxElapsed=151106111 interval=0 flags=0x0
09-20 14:48:02.553179  1260  1272 V ActivityManager: check isInBlackList_:com.android.google.hk ret=true
09-20 14:48:02.554978  1431  1431 D ActivityThread: BDC-Calling finishReceiver: IIntentReceiver=4ab93f4
09-20 14:48:02.555054  4279  4279 D ActivityThread: SVC-Calling onStartCommand: com.android.action.HkService@ddf726a, flags=0, startId=11
09-20 14:48:02.557651  1775  1775 D ActivityThread: BDC-Calling finishReceiver: IIntentReceiver=c7f7de4
09-20 14:48:02.558776  1431  1431 D STATUS_BAR: CPDataConnSettingUtils getDefaultDataNetwork getPhoneId:2147483647 SubscriptionManager.getDefaultDataSubId():10
09-20 14:48:02.561611  1431  1431 D STATUS_BAR: CPDataConnSettingUtils getMobileDataEnabled:false
09-20 14:48:02.564493  1950  1950 D ActivityThread: BDC-Calling finishReceiver: IIntentReceiver=ad5d101
09-20 14:48:02.566072  1431  1431 D STATUS_BAR: DataNetworkController refreshApn mIsAirplaneMode = false mIsNetworkOn = false mCurNetwork = 2147483647 mCardIsUsing[0] = false mCardIsUsing[1] = false
09-20 14:48:02.567357  1431  1431 D STATUS_BAR: CPDataConnSettingUtils getValidCardNum SubscriptionManager.getActiveSubInfoCount():10
09-20 14:48:02.567425  1431  1431 D STATUS_BAR: DataNetworkController IsCardValid validNum = 10
09-20 14:48:02.567539  1431  1431 D STATUS_BAR: DataNetworkController refreshUI mNotifyQuickSetting == null ? false mIsNetworkOnInUi = false mApnName = 
09-20 14:48:02.569551  2039  2039 D ActivityThread: BDC-Calling finishReceiver: IIntentReceiver=f14a1a
09-20 14:48:02.571058  1431  1431 D STATUS_BAR: CPDataConnSettingUtils getDefaultDataNetwork getPhoneId:2147483647 SubscriptionManager.getDefaultDataSubId():10
09-20 14:48:02.574126  1992  1992 D ActivityThread: BDC-Calling finishReceiver: IIntentReceiver=99c1054
09-20 14:48:02.574826  1431  1431 D STATUS_BAR: CPDataConnSettingUtils getMobileDataEnabled:false
09-20 14:48:02.576619  1431  1431 D STATUS_BAR: DataNetworkController refreshApn mIsAirplaneMode = false mIsNetworkOn = false mCurNetwork = 2147483647 mCardIsUsing[0] = false mCardIsUsing[1] = false
09-20 14:48:02.578385  1431  1431 D STATUS_BAR: CPDataConnSettingUtils getValidCardNum SubscriptionManager.getActiveSubInfoCount():10
09-20 14:48:02.578471  1431  1431 D STATUS_BAR: DataNetworkController IsCardValid validNum = 10
09-20 14:48:02.578584  1431  1431 D STATUS_BAR: DataNetworkController refreshUI mNotifyQuickSetting == null ? false mIsNetworkOnInUi = false mApnName = 
09-20 14:48:02.581147  1431  1431 D STATUS_BAR: CPDataConnSettingUtils getDefaultDataNetwork getPhoneId:2147483647 SubscriptionManager.getDefaultDataSubId():10
09-20 14:48:02.581681  1431  1431 D STATUS_BAR: QuickSettingsModel onNetworkChanged newType = -1
09-20 14:48:02.582319  1431  1431 D STATUS_BAR: QuickSettingsModel onNetworkTypeSelected newworkType = -1
09-20 14:48:02.584889  1431  1431 D STATUS_BAR: CPDataConnSettingUtils getDefaultDataNetwork getPhoneId:2147483647 SubscriptionManager.getDefaultDataSubId():10
09-20 14:48:02.587154  1431  1431 D ActivityThread: BDC-Calling finishReceiver: IIntentReceiver=ff3b6cf
09-20 14:48:02.592208  1431  1431 D STATUS_BAR: CPDataConnSettingUtils getDefaultDataNetwork getPhoneId:2147483647 SubscriptionManager.getDefaultDataSubId():10
09-20 14:48:02.592743  1431  1431 D STATUS_BAR: QuickSettingsModel onNetworkChanged newType = -1
09-20 14:48:02.592977  1260  1401 D AlarmManager: manual remove option = PendingIntent{293300b: PendingIntentRecord{fab9fb8 com.huakesoft.memorymonitor startService}}
09-20 14:48:02.593164  1431  1431 D STATUS_BAR: QuickSettingsModel onNetworkTypeSelected newworkType = -1
09-20 14:48:02.593918  1260  1959 D AlarmManager: Targetpackage alarm set type = 0
09-20 14:48:02.594005  1260  1959 V AlarmManager: mScreenOff time is not enough
09-20 14:48:02.594100  1260  1959 V AlarmManager: APP set(PendingIntent{4d0fee8: PendingIntentRecord{fab9fb8 com.huakesoft.memorymonitor startService}}) : type=0 triggerAtTime=1505890622593 win=-1 tElapsed=804314 maxElapsed=1209314 interval=0 flags=0x0
09-20 14:48:02.594824  4264  4264 D ActivityThread: BDC-Calling finishReceiver: IIntentReceiver=cebb2d3
09-20 14:48:02.595489  1431  1431 D STATUS_BAR: CPDataConnSettingUtils getDefaultDataNetwork getPhoneId:2147483647 SubscriptionManager.getDefaultDataSubId():10
09-20 14:48:02.597658  4279  4279 D ActivityThread: BDC-Calling finishReceiver: IIntentReceiver=cec579c
09-20 14:48:02.603522  1260  1585 D AlarmManager: manual remove option = PendingIntent{a176901: PendingIntentRecord{e738a73 com.android.flowmonitor broadcastIntent}}
09-20 14:48:02.603795  1260  1585 D AlarmManager: remove(operation) changed bounds; rebatching operation = PendingIntent{a176901: PendingIntentRecord{e738a73 com.android.flowmonitor broadcastIntent}}
09-20 14:48:02.603894  1260  1585 V AlarmManager: mScreenOff time is not enough
09-20 14:48:02.603943  1260  1585 V AlarmManager: mScreenOff time is not enough
09-20 14:48:02.603973  1260  1585 V AlarmManager: mScreenOff time is not enough
09-20 14:48:02.604001  1260  1585 V AlarmManager: mScreenOff time is not enough
09-20 14:48:02.604028  1260  1585 V AlarmManager: mScreenOff time is not enough
09-20 14:48:02.604056  1260  1585 V AlarmManager: mScreenOff time is not enough
09-20 14:48:02.604090  1260  1585 V AlarmManager: mScreenOff time is not enough
09-20 14:48:02.604115  1260  1585 V AlarmManager: mScreenOff time is not enough
09-20 14:48:02.604140  1260  1585 V AlarmManager: mScreenOff time is not enough
09-20 14:48:02.604169  1260  1585 V AlarmManager: mScreenOff time is not enough
09-20 14:48:02.604201  1260  1585 V AlarmManager: mScreenOff time is not enough
