09-20 14:57:50.540976  1431  1431 D STATUS_BAR: SignalClusterViewYuLong setDataNetworkIndicators  typeIconId = 0 activityIconId = 0
09-20 14:57:50.541414  1260  1401 V ActivityManager: check isInBlackList_:com.ivvi.browser ret=true
09-20 14:57:50.541548  1260  1401 V BroadcastQueue: Skipping delivery of static [background] BroadcastRecord{42bf6bf u-1 android.net.wifi.STATE_CHANGE} for forbiden auto run com.ivvi.browser:Uid=10035
09-20 14:57:50.541816  1260  1313 V AlarmManager: sending alarm Alarm{d1ebf60 type 2 when 849730 com.android.flowmonitor} success
09-20 14:57:50.542600  1260  1313 D PowerManagerNotifier: onWakeLockAcquired: flags=1, tag="*alarm*", packageName=android, ownerUid=1000, ownerPid=1260, workSource=WorkSource{1000}
09-20 14:57:50.545245  1260  1260 V ActivityManager: Broadcast: Intent { act=android.intent.action.DROPBOX_ENTRY_ADDED flg=0x10 (has extras) } ordered=false userid=0 callerApp=ProcessRecord{bc2cf64 1260:system/1000}
09-20 14:57:50.546698  5555  5555 D ActivityThread: BDC-Calling onReceive: intent=Intent { act=android.net.wifi.STATE_CHANGE flg=0x4000010 cmp=com.mediatek.op01.plugin/.WifiSettingsReceiver (has extras) }, receiver=com.mediatek.op01.plugin.WifiSettingsReceiver@54f12a3
09-20 14:57:50.547509  1260  1324 V ActivityManager: Broadcast sticky: Intent { act=android.net.wifi.STATE_CHANGE flg=0x4000010 (has extras) } ordered=false userid=-1 callerApp=ProcessRecord{bc2cf64 1260:system/1000}
09-20 14:57:50.548504  1431  1431 D STATUS_BAR: CPDataConnSettingUtils getMobileDataEnabled:false
09-20 14:57:50.548760  1431  1431 D STATUS_BAR: SignalClusterViewYuLong setDataNetworkIndicators  typeIconId = 0 activityIconId = 0
09-20 14:57:50.551413  1260  1283 I WifiDisplayController: Received NETWORK_STATE_CHANGED,con:false,SSID:null,Freq:0,netId:-1, updated:false
09-20 14:57:50.551855  1260  1260 D WifiService: onReceive, action:android.net.wifi.STATE_CHANGE
09-20 14:57:50.553651  1431  1431 D STATUS_BAR: CPDataConnSettingUtils getMobileDataEnabled:false
09-20 14:57:50.553769  1260  1324 D ConnectivityService: registerNetworkAgent NetworkAgentInfo{ ni{[type: WIFI[], state: CONNECTING/CONNECTING, reason: (unspecified), extra: "Wisdom Zhang", failover: false, available: true, roaming: false, metered: false]}  network{106}  nethandle{455282969310}  lp{{LinkAddresses: []  Routes: [] DnsAddresses: [] Domains: null MTU: 0}}  nc{[ Transports: WIFI Capabilities: NOT_METERED&INTERNET&NOT_RESTRICTED&TRUSTED&NOT_VPN LinkUpBandwidth>=1048576Kbps LinkDnBandwidth>=1048576Kbps]}  Score{20}  everValidated{false}  lastValidated{false}  created{false} lingering{false} explicitlySelected{false} acceptUnvalidated{false} everCaptivePortalDetected{false} lastCaptivePortalDetected{false} }
09-20 14:57:50.553884  1260  1328 D ConnectivityService: Got NetworkAgent Messenger
09-20 14:57:50.554008  1431  1431 D STATUS_BAR: SignalClusterViewYuLong setDataNetworkIndicators  typeIconId = 0 activityIconId = 0
09-20 14:57:50.554021  1260  1328 D ConnectivityService: NetworkAgentInfo [WIFI () - 106] EVENT_NETWORK_INFO_CHANGED, going from null to CONNECTING
09-20 14:57:50.554086  1260  1328 D ConnectivityService: NetworkAgent connected
09-20 14:57:50.559891  1260  1271 D AlarmManager: Targetpackage alarm set type = 2
09-20 14:57:50.560017  1260  1271 V AlarmManager: APP set(PendingIntent{edfa58d: PendingIntentRecord{e738a73 com.android.flowmonitor broadcastIntent}}) : type=2 triggerAtTime=853279 win=-1 tElapsed=857280 maxElapsed=857280 interval=0 flags=0x8
09-20 14:57:50.560162  1431  1431 D STATUS_BAR: CPDataConnSettingUtils getMobileDataEnabled:false
09-20 14:57:50.560309  1260  1324 V ActivityManager: Broadcast sticky: Intent { act=android.net.wifi.STATE_CHANGE flg=0x4000010 (has extras) } ordered=false userid=-1 callerApp=ProcessRecord{bc2cf64 1260:system/1000}
09-20 14:57:50.560512  1431  1431 D STATUS_BAR: StatusBar.MSimNetworkController refreshSignalCluster, phoneId:0 mMSimDataConnected:false mMSimDataTypeIconId:(null) mMSimDataDirectionIconId:(null) mDataUsingPhoneIconId:com.android.systemui:drawable/stat_sys_signal_type_card1
09-20 14:57:50.560703  1431  1431 D STATUS_BAR: QuickSettingsModel mQuickSettingsReceiver onReceive android.net.wifi.STATE_CHANGE
09-20 14:57:50.560958  1431  1431 D STATUS_BAR: QuickSettingsModel mQuickSettingsReceiver onReceive android.net.wifi.STATE_CHANGE
09-20 14:57:50.561617  1431  1431 D STATUS_BAR: StatusBar.MSimNetworkController refreshViews phoneId =0 mMSimDataConnected =false
09-20 14:57:50.561684  1431  1431 D STATUS_BAR: StatusBar.MSimNetworkController refreshViews mMSimDataActivity =0
09-20 14:57:50.563536  1260  1283 I WifiDisplayController: Received NETWORK_STATE_CHANGED,con:false,SSID:null,Freq:0,netId:-1, updated:false
09-20 14:57:50.565716  1260  1260 D WifiService: onReceive, action:android.net.wifi.STATE_CHANGE
09-20 14:57:50.568132  1260  1271 D AlarmManager: set alarm to RTC 857280
09-20 14:57:50.568481  1431  1431 D STATUS_BAR: StatusBar.MSimNetworkController refreshViews, CA_State = 0
09-20 14:57:50.568600  1431  1431 D STATUS_BAR: StatusBar.MSimNetworkController refreshViews: Data not connected!! Set no data type icon / Roaming for phoneId: 0
09-20 14:57:50.568657  1431  1431 D STATUS_BAR: StatusBar.MSimNetworkController isCdma(phoneId) = false, isCdmaEri(phoneId) = falsemMSimPhoneStateListener[phoneId].mMSimServiceState = true, mMSimPhoneStateListener[phoneId].mMSimServiceState.getRoaming() = false
09-20 14:57:50.568653  5640  5724 D ActivityThread: BDC-Calling finishReceiver: IIntentReceiver=aaa514c
09-20 14:57:50.568999  1431  1431 D STATUS_BAR: StatusBar.MSimNetworkController refreshViews connected={ } level=0 mMSimcombinedSignalIconId=0x0/(null) mMSimcombinedActivityIconId=0x0 mAirplaneMode=false mMSimDataActivity=0 mMSimPhoneSignalIconId=0x7f020587/com.android.systemui:drawable/stat_sys_signal_0 mMSimDataDirectionIconId=0x0 mMSimDataSignalIconId=0x0 mMSimDataTypeIconId=0x0/(null) mNoMSimIconId=0x7f020518/com.android.systemui:drawable/stat_sys_no_sims mMSimMobileActivityIconId=0x0/(null) mWifiIconId=0x0 mBluetoothTetherIconId=0x1080704
09-20 14:57:50.569107  1431  1431 D STATUS_BAR: SignalClusterViewYuLong setDataNetworkIndicators  typeIconId = 0 activityIconId = 0
09-20 14:57:50.573610  1431  1431 D STATUS_BAR: CPDataConnSettingUtils getMobileDataEnabled:false
09-20 14:57:50.573853  1431  1431 D STATUS_BAR: SignalClusterViewYuLong setDataNetworkIndicators  typeIconId = 0 activityIconId = 0
09-20 14:57:50.574773  1260  1325 D NetdConnector: SND -> {201 interface ipv6privacyextensions wlan0 enable}
09-20 14:57:50.576453  1260  1959 D AlarmManager: Targetpackage alarm set type = 2
09-20 14:57:50.576572  1260  1959 V AlarmManager: APP set(PendingIntent{1b8a342: PendingIntentRecord{e738a73 com.android.flowmonitor broadcastIntent}}) : type=2 triggerAtTime=853296 win=-1 tElapsed=857296 maxElapsed=857296 interval=0 flags=0x8
09-20 14:57:50.576741  1431  1431 D STATUS_BAR: CPDataConnSettingUtils getMobileDataEnabled:false
09-20 14:57:50.576955  1431  1431 D STATUS_BAR: SignalClusterViewYuLong setDataNetworkIndicators  typeIconId = 0 activityIconId = 0
09-20 14:57:50.577049   468  1196 D FrameworkListener: dispatchCommand data = (201 interface ipv6privacyextensions wlan0 enable)
09-20 14:57:50.577201  1260  1959 D AlarmManager: remove(operation) changed bounds; rebatching operation = PendingIntent{1b8a342: PendingIntentRecord{e738a73 com.android.flowmonitor broadcastIntent}}
09-20 14:57:50.577267   468  1196 D SocketClient: SocketClient sendData done: 200 201 IPv6 privacy extensions changed
09-20 14:57:50.577367  1260  1319 D NetdConnector: RCV <- {200 201 IPv6 privacy extensions changed}
09-20 14:57:50.577833  1260  1959 D AlarmManager: set alarm to RTC 934340
09-20 14:57:50.577921  1260  1959 D AlarmManager: set alarm to RTC 857296
09-20 14:57:50.577943  1260  1325 D NetdConnector: RMV <- {200 201 IPv6 privacy extensions changed}
09-20 14:57:50.578497  1260  1325 D NetdConnector: SND -> {202 interface ipv6 wlan0 enable}
09-20 14:57:50.579110   468  1196 D FrameworkListener: dispatchCommand data = (202 interface ipv6 wlan0 enable)
09-20 14:57:50.579136  1260  1324 V ActivityManager: Broadcast sticky: Intent { act=android.net.wifi.RSSI_CHANGED flg=0x4000010 (has extras) } ordered=false userid=-1 callerApp=ProcessRecord{bc2cf64 1260:system/1000}
09-20 14:57:50.579462   468  1196 D SocketClient: SocketClient sendData done: 200 202 IPv6 state changed
09-20 14:57:50.579620  1260  1319 D NetdConnector: RCV <- {200 202 IPv6 state changed}
09-20 14:57:50.579881   468  1188 D SocketClient: SocketClient sendData done: 616 Route updated fe80::/64 dev wlan0
09-20 14:57:50.579889  5640  5723 D ActivityThread: BDC-Calling finishReceiver: IIntentReceiver=c11f595
09-20 14:57:50.580264  1260  1319 D NetdConnector: RCV <- {616 Route updated fe80::/64 dev wlan0}
09-20 14:57:50.580963  1260  1281 D NetworkManagement: onEvent:616 Route updated fe80::/64 dev wlan0:6
09-20 14:57:50.580975  1260  1325 D NetdConnector: RMV <- {200 202 IPv6 state changed}
09-20 14:57:50.582017  1260  1324 V ActivityManager: Broadcast sticky: Intent { act=android.net.wifi.RSSI_CHANGED flg=0x4000010 (has extras) } ordered=false userid=-1 callerApp=ProcessRecord{bc2cf64 1260:system/1000}
09-20 14:57:50.584484  1260  1383 D PowerManagerNotifier: onWakeLockAcquired: flags=1, tag="NetworkStats", packageName=com.android.flowmonitor, ownerUid=1000, ownerPid=5640, workSource=null
09-20 14:57:50.584673  1260  1328 D ConnectivityService: ignoring duplicate network state non-change
09-20 14:57:50.584835  1260  1328 D ConnectivityService: updateCapabilities cap: [ Transports: WIFI Capabilities: NOT_METERED&INTERNET&NOT_RESTRICTED&TRUSTED&NOT_VPN LinkUpBandwidth>=1048576Kbps LinkDnBandwidth>=1048576Kbps SignalStrength: -40]
09-20 14:57:50.584908  1260  1328 D ConnectivityService: notifyType CAP_CHANGED for NetworkAgentInfo [WIFI () - 106]
09-20 14:57:50.585023  1260  1383 D PowerManagerNotifier: onWakeLockAcquired: flags=1, tag="NetworkStats", packageName=com.android.flowmonitor, ownerUid=1000, ownerPid=5640, workSource=null
09-20 14:57:50.585308   468  1188 D NetlinkEvent: parseIfAddrMessage: if:wlan0; ADDRESS fe80::216:6dff:fe30:2842;VALID=1;
09-20 14:57:50.585423   468  1188 D SocketClient: SocketClient sendData done: 614 Address updated fe80::216:6dff:fe30:2842/64 wlan0 196 253 1
09-20 14:57:50.585953  1431  1431 D STATUS_BAR: CPDataConnSettingUtils getMobileDataEnabled:false
09-20 14:57:50.586239  1431  1431 D STATUS_BAR: SignalClusterViewYuLong setDataNetworkIndicators  typeIconId = 0 activityIconId = 0
09-20 14:57:50.586305  1260  1401 V ActivityManager: check isInBlackList_:com.ivvi.browser ret=true
09-20 14:57:50.586388  1260  1401 V BroadcastQueue: Skipping delivery of static [background] BroadcastRecord{9533343 u-1 android.net.wifi.STATE_CHANGE} for forbiden auto run com.ivvi.browser:Uid=10035
09-20 14:57:50.586406  1260  1260 D AlarmManager: onSendFinished begin
09-20 14:57:50.586547  1260  1260 D PowerManagerNotifier: onWakeLockReleased: flags=1, tag="*alarm*", packageName=android, ownerUid=1000, ownerPid=1260, workSource=WorkSource{1000}
09-20 14:57:50.587601  1260  1319 D NetdConnector: RCV <- {614 Address updated fe80::216:6dff:fe30:2842/64 wlan0 196 253 1}
09-20 14:57:50.588864  1260  1281 D NetworkManagement: onEvent:614 Address updated fe80::216:6dff:fe30:2842/64 wlan0 196 253 1:8
09-20 14:57:50.589115  1431  1431 D STATUS_BAR: CPDataConnSettingUtils getMobileDataEnabled:false
09-20 14:57:50.589125  1260  1281 D NetworkManagement: InterfaceAddressChange valid=1
09-20 14:57:50.589357  1431  1431 D STATUS_BAR: StatusBar.MSimNetworkController refreshSignalCluster, phoneId:0 mMSimDataConnected:false mMSimDataTypeIconId:(null) mMSimDataDirectionIconId:(null) mDataUsingPhoneIconId:com.android.systemui:drawable/stat_sys_signal_type_card1
09-20 14:57:50.589527  1431  1431 D STATUS_BAR: QuickSettingsModel mQuickSettingsReceiver onReceive android.net.wifi.STATE_CHANGE
09-20 14:57:50.589751  1431  1431 D STATUS_BAR: QuickSettingsModel mQuickSettingsReceiver onReceive android.net.wifi.STATE_CHANGE
09-20 14:57:50.590356  1431  1431 D STATUS_BAR: StatusBar.MSimNetworkController refreshViews phoneId =0 mMSimDataConnected =false
09-20 14:57:50.590419  1431  1431 D STATUS_BAR: StatusBar.MSimNetworkController refreshViews mMSimDataActivity =0
09-20 14:57:50.590706  1260  1325 V AlarmManager: APP set with listener(IpManager.wlan0.EVENT_PROVISIONING_TIMEOUT) : type=2 triggerAtTime=888310 win=0 tElapsed=888310 maxElapsed=888310 interval=0 flags=0x9
09-20 14:57:50.591733  1260  1324 V ActivityManager: Broadcast sticky: Intent { act=android.net.wifi.supplicant.STATE_CHANGE flg=0x24000010 (has extras) } ordered=false userid=-1 callerApp=ProcessRecord{bc2cf64 1260:system/1000}
09-20 14:57:50.592335  1431  1431 D STATUS_BAR: StatusBar.MSimNetworkController refreshViews, CA_State = 0
09-20 14:57:50.592467  1431  1431 D STATUS_BAR: StatusBar.MSimNetworkController refreshViews: Data not connected!! Set no data type icon / Roaming for phoneId: 0
09-20 14:57:50.592544  1431  1431 D STATUS_BAR: StatusBar.MSimNetworkController isCdma(phoneId) = false, isCdmaEri(phoneId) = falsemMSimPhoneStateListener[phoneId].mMSimServiceState = true, mMSimPhoneStateListener[phoneId].mMSimServiceState.getRoaming() = false
09-20 14:57:50.592844  1431  1431 D STATUS_BAR: StatusBar.MSimNetworkController refreshViews connected={ } level=0 mMSimcombinedSignalIconId=0x0/(null) mMSimcombinedActivityIconId=0x0 mAirplaneMode=false mMSimDataActivity=0 mMSimPhoneSignalIconId=0x7f020587/com.android.systemui:drawable/stat_sys_signal_0 mMSimDataDirectionIconId=0x0 mMSimDataSignalIconId=0x0 mMSimDataTypeIconId=0x0/(null) mNoMSimIconId=0x7f020518/com.android.systemui:drawable/stat_sys_no_sims mMSimMobileActivityIconId=0x0/(null) mWifiIconId=0x0 mBluetoothTetherIconId=0x1080704
09-20 14:57:50.592928  1431  1431 D STATUS_BAR: SignalClusterViewYuLong setDataNetworkIndicators  typeIconId = 0 activityIconId = 0
09-20 14:57:50.597279  1431  1431 D STATUS_BAR: CPDataConnSettingUtils getMobileDataEnabled:false
09-20 14:57:50.597523  1431  1431 D STATUS_BAR: SignalClusterViewYuLong setDataNetworkIndicators  typeIconId = 0 activityIconId = 0
09-20 14:57:50.597712  1260  1325 D AlarmManager: manual remove option = null
09-20 14:57:50.597853  1260  1325 D AlarmManager: remove(operation) changed bounds; rebatching operation = null
09-20 14:57:50.599060  1260  1325 D AlarmManager: set alarm to RTC 853296
09-20 14:57:50.600259  1260  1328 D ConnectivityService: Update of LinkProperties for NetworkAgentInfo [WIFI () - 106]; created=false; everConnected=false
09-20 14:57:50.600316  1431  1431 D STATUS_BAR: CPDataConnSettingUtils getMobileDataEnabled:false
09-20 14:57:50.600543  1431  1431 D STATUS_BAR: SignalClusterViewYuLong setDataNetworkIndicators  typeIconId = 0 activityIconId = 0
09-20 14:57:50.601003  5555  5555 D ActivityThread: BDC-Calling onReceive: intent=Intent { act=android.net.wifi.STATE_CHANGE flg=0x4000010 cmp=com.mediatek.op01.plugin/.WifiSettingsReceiver (has extras) }, receiver=com.mediatek.op01.plugin.WifiSettingsReceiver@76ac9a0
09-20 14:57:50.602825  1260  1325 V AlarmManager: APP set with listener(IpManager.wlan0.EVENT_DHCPACTION_TIMEOUT) : type=2 triggerAtTime=888323 win=0 tElapsed=888323 maxElapsed=888323 interval=0 flags=0x9
09-20 14:57:50.602936  1260  1324 W PackageManager: checkUidPermission(): android.permission.OVERRIDE_WIFI_CONFIG of -1 is denied.
09-20 14:57:50.604173  1260  1328 D ConnectivityService: updateCapabilities cap: [ Transports: WIFI Capabilities: NOT_METERED&INTERNET&NOT_RESTRICTED&TRUSTED&NOT_VPN LinkUpBandwidth>=1048576Kbps LinkDnBandwidth>=1048576Kbps SignalStrength: -40]
09-20 14:57:50.604268  1260  1328 D ConnectivityService: NetworkAgentInfo [WIFI () - 106] EVENT_NETWORK_INFO_CHANGED, going from CONNECTING to CONNECTED
09-20 14:57:50.604365  1260  1328 D NetdConnector: SND -> {203 network create 106}
09-20 14:57:50.604921  1260  1959 V ActivityManager: check isInBlackList_:com.ivvi.browser ret=true
09-20 14:57:50.605009  1260  1959 V BroadcastQueue: Skipping delivery of static [background] BroadcastRecord{407c6f0 u-1 android.net.wifi.STATE_CHANGE} for forbiden auto run com.ivvi.browser:Uid=10035
09-20 14:57:50.605193   468  1196 D FrameworkListener: dispatchCommand data = (203 network create 106)
09-20 14:57:50.605282   468  1196 D SocketClient: SocketClient sendData done: 200 203 success
09-20 14:57:50.605405  1260  1319 D NetdConnector: RCV <- {200 203 success}
09-20 14:57:50.606043  1260  1328 D NetdConnector: RMV <- {200 203 success}
09-20 14:57:50.607122  1260  1328 D ConnectivityService: updateLinkProperties for NetworkAgentInfo [WIFI () - 106]
09-20 14:57:50.607393  1260  1328 D ConnectivityService: LinkProperties:{InterfaceName: wlan0 LinkAddresses: [fe80::216:6dff:fe30:2842/64,]  Routes: [fe80::/64 -> :: wlan0,] DnsAddresses: [] Domains: null MTU: 0 TcpBufferSizes: 524288,1048576,2097152,262144,524288,1048576}
09-20 14:57:50.607455  1260  1328 D ConnectivityService: Adding iface wlan0 to network 106
09-20 14:57:50.607544  1260  1328 D NetdConnector: SND -> {204 network interface add 106 wlan0}
09-20 14:57:50.608262   468  1196 D FrameworkListener: dispatchCommand data = (204 network interface add 106 wlan0)
09-20 14:57:50.609535  5555  5555 D ActivityThread: BDC-Calling onReceive: intent=Intent { act=android.net.wifi.STATE_CHANGE flg=0x4000010 cmp=com.mediatek.op01.plugin/.WifiSettingsReceiver (has extras) }, receiver=com.mediatek.op01.plugin.WifiSettingsReceiver@3a6c959
09-20 14:57:50.610490  1431  1431 D STATUS_BAR: CPDataConnSettingUtils getMobileDataEnabled:false
09-20 14:57:50.610823  1431  1431 D STATUS_BAR: SignalClusterViewYuLong setDataNetworkIndicators  typeIconId = 0 activityIconId = 0
09-20 14:57:50.611095  1260  1324 V ActivityManager: Broadcast sticky: Intent { act=android.net.wifi.RSSI_CHANGED flg=0x4000010 (has extras) } ordered=false userid=-1 callerApp=ProcessRecord{bc2cf64 1260:system/1000}
09-20 14:57:50.615017  1431  1431 D STATUS_BAR: CPDataConnSettingUtils getMobileDataEnabled:false
09-20 14:57:50.615278  1431  1431 D STATUS_BAR: StatusBar.MSimNetworkController refreshSignalCluster, phoneId:0 mMSimDataConnected:false mMSimDataTypeIconId:(null) mMSimDataDirectionIconId:(null) mDataUsingPhoneIconId:com.android.systemui:drawable/stat_sys_signal_type_card1
09-20 14:57:50.615427  1431  1431 D STATUS_BAR: QuickSettingsModel mQuickSettingsReceiver onReceive android.net.wifi.STATE_CHANGE
09-20 14:57:50.615665  1431  1431 D STATUS_BAR: QuickSettingsModel mQuickSettingsReceiver onReceive android.net.wifi.STATE_CHANGE
09-20 14:57:50.615949  1260  1324 V ActivityManager: Broadcast sticky: Intent { act=android.net.wifi.STATE_CHANGE flg=0x4000010 (has extras) } ordered=false userid=-1 callerApp=ProcessRecord{bc2cf64 1260:system/1000}
09-20 14:57:50.616234  1431  1431 D STATUS_BAR: StatusBar.MSimNetworkController refreshViews phoneId =0 mMSimDataConnected =false
09-20 14:57:50.616269  1431  1431 D STATUS_BAR: StatusBar.MSimNetworkController refreshViews mMSimDataActivity =0
09-20 14:57:50.618225  1260  1260 D WifiService: onReceive, action:android.net.wifi.STATE_CHANGE
09-20 14:57:50.618512  1260  1283 I WifiDisplayController: Received NETWORK_STATE_CHANGED,con:true,SSID:"Wisdom Zhang",Freq:2437,netId:4, updated:true
09-20 14:57:50.618864  1431  1431 D STATUS_BAR: StatusBar.MSimNetworkController refreshViews, CA_State = 0
09-20 14:57:50.618972  1431  1431 D STATUS_BAR: StatusBar.MSimNetworkController refreshViews: Data not connected!! Set no data type icon / Roaming for phoneId: 0
09-20 14:57:50.619043  1431  1431 D STATUS_BAR: StatusBar.MSimNetworkController isCdma(phoneId) = false, isCdmaEri(phoneId) = falsemMSimPhoneStateListener[phoneId].mMSimServiceState = true, mMSimPhoneStateListener[phoneId].mMSimServiceState.getRoaming() = false
09-20 14:57:50.619343  1431  1431 D STATUS_BAR: StatusBar.MSimNetworkController refreshViews connected={ } level=0 mMSimcombinedSignalIconId=0x0/(null) mMSimcombinedActivityIconId=0x0 mAirplaneMode=false mMSimDataActivity=0 mMSimPhoneSignalIconId=0x7f020587/com.android.systemui:drawable/stat_sys_signal_0 mMSimDataDirectionIconId=0x0 mMSimDataSignalIconId=0x0 mMSimDataTypeIconId=0x0/(null) mNoMSimIconId=0x7f020518/com.android.systemui:drawable/stat_sys_no_sims mMSimMobileActivityIconId=0x0/(null) mWifiIconId=0x0 mBluetoothTetherIconId=0x1080704
09-20 14:57:50.619432  1431  1431 D STATUS_BAR: SignalClusterViewYuLong setDataNetworkIndicators  typeIconId = 0 activityIconId = 0
09-20 14:57:50.622512  1260  1276 V ActivityManager: check isInBlackList_:com.ivvi.browser ret=true
09-20 14:57:50.622612  1260  1276 V BroadcastQueue: Skipping delivery of static [background] BroadcastRecord{38d0469 u-1 android.net.wifi.STATE_CHANGE} for forbiden auto run com.ivvi.browser:Uid=10035
09-20 14:57:50.624947  1260  1539 D PowerManagerNotifier: onWakeLockReleased: flags=1, tag="NetworkStats", packageName=com.android.flowmonitor, ownerUid=1000, ownerPid=5640, workSource=null
09-20 14:57:50.626192   468  1187 D SocketClient: SocketClient sendData done: 613 IfaceClass active 0 852346101774 0
09-20 14:57:50.626813  1260  1319 D NetdConnector: RCV <- {613 IfaceClass active 0 852346101774 0}
09-20 14:57:50.627488  1260  1281 D NetworkManagement: onEvent:613 IfaceClass active 0 852346101774 0:6
09-20 14:57:50.629708  5555  5555 D ActivityThread: BDC-Calling onReceive: intent=Intent { act=android.net.wifi.STATE_CHANGE flg=0x4000010 cmp=com.mediatek.op01.plugin/.WifiSettingsReceiver (has extras) }, receiver=com.mediatek.op01.plugin.WifiSettingsReceiver@333091e
09-20 14:57:50.629952  1431  1431 D STATUS_BAR: CPDataConnSettingUtils getMobileDataEnabled:false
09-20 14:57:50.630208  1431  1431 D STATUS_BAR: SignalClusterViewYuLong setDataNetworkIndicators  typeIconId = 0 activityIconId = 0
09-20 14:57:50.630812  1260  1324 V ActivityManager: Broadcast sticky: Intent { act=android.net.wifi.STATE_CHANGE flg=0x4000010 (has extras) } ordered=false userid=-1 callerApp=ProcessRecord{bc2cf64 1260:system/1000}
09-20 14:57:50.633489  1260  1260 D WifiService: onReceive, action:android.net.wifi.STATE_CHANGE
09-20 14:57:50.634368  1260  1324 V AlarmManager: APP set with listener(WifiConnectivityManager Schedule Periodic Scan Timer) : type=2 triggerAtTime=866660 win=-1 tElapsed=866660 maxElapsed=877389 interval=0 flags=0x8
09-20 14:57:50.637739  1260  1283 I WifiDisplayController: Received NETWORK_STATE_CHANGED,con:true,SSID:"Wisdom Zhang",Freq:2437,netId:4, updated:false
09-20 14:57:50.637910  1260  1281 V ActivityManager: Broadcast: Intent { act=android.net.conn.DATA_ACTIVITY_CHANGE flg=0x10 (has extras) } ordered=true userid=-1 callerApp=ProcessRecord{bc2cf64 1260:system/1000}
09-20 14:57:50.638085  1431  1431 D STATUS_BAR: CPDataConnSettingUtils getMobileDataEnabled:false
09-20 14:57:50.638254  1431  1431 D STATUS_BAR: SignalClusterViewYuLong setDataNetworkIndicators  typeIconId = 0 activityIconId = 0
09-20 14:57:50.640480  1260  1281 V ActivityManager: Broadcast sticky: Intent { act=android.net.conn.DATA_ACTIVITY_CHANGE_CT flg=0x10 (has extras) } ordered=false userid=-1 callerApp=ProcessRecord{bc2cf64 1260:system/1000}
09-20 14:57:50.641279  1431  1431 D STATUS_BAR: CPDataConnSettingUtils getMobileDataEnabled:false
09-20 14:57:50.641558  1431  1431 D STATUS_BAR: SignalClusterViewYuLong setDataNetworkIndicators  typeIconId = 0 activityIconId = 0
09-20 14:57:50.645062  1431  1431 D STATUS_BAR: CPDataConnSettingUtils getMobileDataEnabled:false
09-20 14:57:50.645325  1431  1431 D STATUS_BAR: StatusBar.MSimNetworkController refreshSignalCluster, phoneId:0 mMSimDataConnected:false mMSimDataTypeIconId:(null) mMSimDataDirectionIconId:(null) mDataUsingPhoneIconId:com.android.systemui:drawable/stat_sys_signal_type_card1
09-20 14:57:50.645482  1260  1383 D PowerManagerNotifier: onWakeLockReleased: flags=1, tag="NetworkStats", packageName=com.android.flowmonitor, ownerUid=1000, ownerPid=5640, workSource=null
09-20 14:57:50.645513  1431  1431 D STATUS_BAR: QuickSettingsModel mQuickSettingsReceiver onReceive android.net.wifi.STATE_CHANGE
09-20 14:57:50.645735  1431  1431 D STATUS_BAR: QuickSettingsModel mQuickSettingsReceiver onReceive android.net.wifi.STATE_CHANGE
09-20 14:57:50.646028  1260  1272 V ActivityManager: check isInBlackList_:com.ivvi.browser ret=true
09-20 14:57:50.646104  1260  1272 V BroadcastQueue: Skipping delivery of static [background] BroadcastRecord{c990eee u-1 android.net.wifi.STATE_CHANGE} for forbiden auto run com.ivvi.browser:Uid=10035
09-20 14:57:50.646567  1260  4115 D ConnectivityService: getActiveNetworkInfo networkInfo = null
09-20 14:57:50.651188  1431  1431 D STATUS_BAR: NetworkController updateWifiState java.lang.NoSuchMethodException: YLcalculateSignalLevel [int, int]
09-20 14:57:50.651257  1431  1431 D STATUS_BAR: StatusBar.MSimNetworkController refreshViews phoneId =0 mMSimDataConnected =false
09-20 14:57:50.651282  1431  1431 D STATUS_BAR: StatusBar.MSimNetworkController refreshViews mMSimDataActivity =0
09-20 14:57:50.652592  5555  5555 D ActivityThread: BDC-Calling onReceive: intent=Intent { act=android.net.wifi.STATE_CHANGE flg=0x4000010 cmp=com.mediatek.op01.plugin/.WifiSettingsReceiver (has extras) }, receiver=com.mediatek.op01.plugin.WifiSettingsReceiver@4b635ff
09-20 14:57:50.654382  1260  1585 D WifiService: addOrUpdateNetwork, pid:11031, uid:1000, config:* ID: 5 SSID: null PROVIDER-NAME: null BSSID: null FQDN: null PRIO: 7 HIDDEN: false
09-20 14:57:50.654382  1260  1585 D WifiService:  NetworkSelectionStatus NETWORK_SELECTION_ENABLED
09-20 14:57:50.654382  1260  1585 D WifiService:  hasEverConnected: false
09-20 14:57:50.654382  1260  1585 D WifiService:  KeyMgmt: Protocols:
09-20 14:57:50.654382  1260  1585 D WifiService:  AuthAlgorithms:
09-20 14:57:50.654382  1260  1585 D WifiService:  PairwiseCiphers:
09-20 14:57:50.654382  1260  1585 D WifiService:  GroupCiphers:
09-20 14:57:50.654382  1260  1585 D WifiService:  PSK: 
09-20 14:57:50.654382  1260  1585 D WifiService: Enterprise config:
09-20 14:57:50.654382  1260  1585 D WifiService: IP config:
09-20 14:57:50.654382  1260  1585 D WifiService: IP assignment: UNASSIGNED
09-20 14:57:50.654382  1260  1585 D WifiService: Proxy settings: UNASSIGNED
09-20 14:57:50.654382  1260  1585 D WifiService:  cuid=-1 luid=-1 lcuid=0 userApproved=USER_UNSPECIFIED noInternetAccessExpected=false roamingFailureBlackListTimeMilli: 1000
09-20 14:57:50.654382  1260  1585 D WifiService: triggeredLow: 0 triggeredBad: 0 triggeredNotHigh: 0
09-20 14:57:50.654382  1260  1585 D WifiService: ticksLow: 0 ticksBad: 0 ticksNotHigh: 0
09-20 14:57:50.654382  1260  1585 D WifiService: triggeredJoin: 0
09-20 14:57:50.654382  1260  1585 D WifiService:  simSlot: nullpacFile: null phase1: null
09-20 14:57:50.654382  1260  1585 D WifiService: Channel: 0 ChannelWidth: 0
09-20 14:57:50.654382  1260  1585 D WifiService:  isGbkEncoding: false
09-20 14:57:50.654470  1260  1585 I addOrUpdateNetwork:  uid = 1000 SSID null nid=5
09-20 14:57:50.659678  1431  1431 D STATUS_BAR: StatusBar.MSimNetworkController refreshViews, CA_State = 0
09-20 14:57:50.659771  1431  1431 D STATUS_BAR: StatusBar.MSimNetworkController refreshViews: Data not connected!! Set no data type icon / Roaming for phoneId: 0
09-20 14:57:50.659837  1431  1431 D STATUS_BAR: StatusBar.MSimNetworkController isCdma(phoneId) = false, isCdmaEri(phoneId) = falsemMSimPhoneStateListener[phoneId].mMSimServiceState = true, mMSimPhoneStateListener[phoneId].mMSimServiceState.getRoaming() = false
09-20 14:57:50.660111  1431  1431 D STATUS_BAR: StatusBar.MSimNetworkController refreshViews connected={ } level=0 mMSimcombinedSignalIconId=0x0/(null) mMSimcombinedActivityIconId=0x0 mAirplaneMode=false mMSimDataActivity=0 mMSimPhoneSignalIconId=0x7f020587/com.android.systemui:drawable/stat_sys_signal_0 mMSimDataDirectionIconId=0x0 mMSimDataSignalIconId=0x0 mMSimDataTypeIconId=0x0/(null) mNoMSimIconId=0x7f020518/com.android.systemui:drawable/stat_sys_no_sims mMSimMobileActivityIconId=0x0/(null) mWifiIconId=0x0 mBluetoothTetherIconId=0x1080704
09-20 14:57:50.660182  1431  1431 D STATUS_BAR: SignalClusterViewYuLong setDataNetworkIndicators  typeIconId = 0 activityIconId = 0
09-20 14:57:50.663490  1431  1431 D STATUS_BAR: CPDataConnSettingUtils getMobileDataEnabled:false
09-20 14:57:50.663747  1431  1431 D STATUS_BAR: SignalClusterViewYuLong setDataNetworkIndicators  typeIconId = 0 activityIconId = 0
09-20 14:57:50.668305  1431  1431 D STATUS_BAR: CPDataConnSettingUtils getMobileDataEnabled:false
09-20 14:57:50.668501  1431  1431 D STATUS_BAR: SignalClusterViewYuLong setDataNetworkIndicators  typeIconId = 0 activityIconId = 0
09-20 14:57:50.672356  1431  1431 D STATUS_BAR: CPDataConnSettingUtils getMobileDataEnabled:false
09-20 14:57:50.672637  1431  1431 D STATUS_BAR: SignalClusterViewYuLong setDataNetworkIndicators  typeIconId = 0 activityIconId = 0
09-20 14:57:50.676003  1431  1431 D STATUS_BAR: CPDataConnSettingUtils getMobileDataEnabled:false
09-20 14:57:50.676288  1431  1431 D STATUS_BAR: StatusBar.MSimNetworkController refreshSignalCluster, phoneId:0 mMSimDataConnected:false mMSimDataTypeIconId:(null) mMSimDataDirectionIconId:(null) mDataUsingPhoneIconId:com.android.systemui:drawable/stat_sys_signal_type_card1
09-20 14:57:50.676883  1431  1431 D STATUS_BAR: NetworkController updateWifiState java.lang.NoSuchMethodException: YLcalculateSignalLevel [int, int]
09-20 14:57:50.676932  1431  1431 D STATUS_BAR: StatusBar.MSimNetworkController refreshViews phoneId =0 mMSimDataConnected =false
09-20 14:57:50.676953  1431  1431 D STATUS_BAR: StatusBar.MSimNetworkController refreshViews mMSimDataActivity =0
09-20 14:57:50.678445  1431  1431 D STATUS_BAR: StatusBar.MSimNetworkController refreshViews, CA_State = 0
09-20 14:57:50.678548  1431  1431 D STATUS_BAR: StatusBar.MSimNetworkController refreshViews: Data not connected!! Set no data type icon / Roaming for phoneId: 0
09-20 14:57:50.678601  1431  1431 D STATUS_BAR: StatusBar.MSimNetworkController isCdma(phoneId) = false, isCdmaEri(phoneId) = falsemMSimPhoneStateListener[phoneId].mMSimServiceState = true, mMSimPhoneStateListener[phoneId].mMSimServiceState.getRoaming() = false
09-20 14:57:50.678866  1431  1431 D STATUS_BAR: StatusBar.MSimNetworkController refreshViews connected={ } level=0 mMSimcombinedSignalIconId=0x0/(null) mMSimcombinedActivityIconId=0x0 mAirplaneMode=false mMSimDataActivity=0 mMSimPhoneSignalIconId=0x7f020587/com.android.systemui:drawable/stat_sys_signal_0 mMSimDataDirectionIconId=0x0 mMSimDataSignalIconId=0x0 mMSimDataTypeIconId=0x0/(null) mNoMSimIconId=0x7f020518/com.android.systemui:drawable/stat_sys_no_sims mMSimMobileActivityIconId=0x0/(null) mWifiIconId=0x0 mBluetoothTetherIconId=0x1080704
09-20 14:57:50.678943  1431  1431 D STATUS_BAR: SignalClusterViewYuLong setDataNetworkIndicators  typeIconId = 0 activityIconId = 0
09-20 14:57:50.682566  1431  1431 D STATUS_BAR: CPDataConnSettingUtils getMobileDataEnabled:false
09-20 14:57:50.682808  1431  1431 D STATUS_BAR: SignalClusterViewYuLong setDataNetworkIndicators  typeIconId = 0 activityIconId = 0
09-20 14:57:50.685182  1431  1431 D STATUS_BAR: CPDataConnSettingUtils getMobileDataEnabled:false
09-20 14:57:50.685372  1431  1431 D STATUS_BAR: SignalClusterViewYuLong setDataNetworkIndicators  typeIconId = 0 activityIconId = 0
09-20 14:57:50.688548  1260  1324 V ActivityManager: Broadcast: Intent { act=android.net.wifi.CONFIGURED_NETWORKS_CHANGE flg=0x4000010 (has extras) } ordered=false userid=-1 callerApp=ProcessRecord{bc2cf64 1260:system/1000}
09-20 14:57:50.689315   468  1196 D SocketClient: SocketClient sendData done: 200 204 success
09-20 14:57:50.693718  1260  1963 D WifiService: saveConfiguration, pid:11031, uid:1000
09-20 14:57:50.694284  1260  1319 D NetdConnector: RCV <- {200 204 success}
09-20 14:57:50.694691  1260  1328 D NetdConnector: RMV <- {200 204 success}
09-20 14:57:50.695118  1260  1328 D ConnectivityService: Adding Route [fe80::/64 -> :: wlan0] to network 106
09-20 14:57:50.695244  1260  1328 D NetdConnector: SND -> {205 network route add 106 wlan0 fe80::/64}
09-20 14:57:50.695883   468  1196 D FrameworkListener: dispatchCommand data = (205 network route add 106 wlan0 fe80::/64)
09-20 14:57:50.696211  1431  1431 D STATUS_BAR: CPDataConnSettingUtils getMobileDataEnabled:false
09-20 14:57:50.696369   468  1196 D SocketClient: SocketClient sendData done: 200 205 success
09-20 14:57:50.696514  1431  1431 D STATUS_BAR: SignalClusterViewYuLong setDataNetworkIndicators  typeIconId = 0 activityIconId = 0
09-20 14:57:50.696876  1260  1319 D NetdConnector: RCV <- {200 205 success}
09-20 14:57:50.699439  1260  1328 D NetdConnector: RMV <- {200 205 success}
09-20 14:57:50.699619  1431  1431 D STATUS_BAR: CPDataConnSettingUtils getMobileDataEnabled:false
09-20 14:57:50.699875  1260  1328 D ConnectivityService: Setting Dns servers for network 106 to []
09-20 14:57:50.699888  1431  1431 D STATUS_BAR: StatusBar.MSimNetworkController refreshSignalCluster, phoneId:0 mMSimDataConnected:false mMSimDataTypeIconId:(null) mMSimDataDirectionIconId:(null) mDataUsingPhoneIconId:com.android.systemui:drawable/stat_sys_signal_type_card1
09-20 14:57:50.700426  1431  1431 D STATUS_BAR: NetworkController updateWifiState java.lang.NoSuchMethodException: YLcalculateSignalLevel [int, int]
09-20 14:57:50.700481  1431  1431 D STATUS_BAR: StatusBar.MSimNetworkController refreshViews phoneId =0 mMSimDataConnected =false
09-20 14:57:50.700503  1431  1431 D STATUS_BAR: StatusBar.MSimNetworkController refreshViews mMSimDataActivity =0
09-20 14:57:50.702067  1260  1328 V ActivityManager: Broadcast: Intent { act=android.intent.action.CLEAR_DNS_CACHE flg=0x24000010 } ordered=false userid=-1 callerApp=ProcessRecord{bc2cf64 1260:system/1000}
09-20 14:57:50.708536  1260  1328 I Nat464Xlat: Starting clatd on wlan0
09-20 14:57:50.708620  1260  1328 D NetdConnector: SND -> {206 clatd start wlan0}
09-20 14:57:50.710468  1431  1431 D STATUS_BAR: StatusBar.MSimNetworkController refreshViews, CA_State = 0
09-20 14:57:50.710577  1431  1431 D STATUS_BAR: StatusBar.MSimNetworkController refreshViews: Data not connected!! Set no data type icon / Roaming for phoneId: 0
09-20 14:57:50.710642  1431  1431 D STATUS_BAR: StatusBar.MSimNetworkController isCdma(phoneId) = false, isCdmaEri(phoneId) = falsemMSimPhoneStateListener[phoneId].mMSimServiceState = true, mMSimPhoneStateListener[phoneId].mMSimServiceState.getRoaming() = false
09-20 14:57:50.710944  1431  1431 D STATUS_BAR: StatusBar.MSimNetworkController refreshViews connected={ } level=0 mMSimcombinedSignalIconId=0x0/(null) mMSimcombinedActivityIconId=0x0 mAirplaneMode=false mMSimDataActivity=0 mMSimPhoneSignalIconId=0x7f020587/com.android.systemui:drawable/stat_sys_signal_0 mMSimDataDirectionIconId=0x0 mMSimDataSignalIconId=0x0 mMSimDataTypeIconId=0x0/(null) mNoMSimIconId=0x7f020518/com.android.systemui:drawable/stat_sys_no_sims mMSimMobileActivityIconId=0x0/(null) mWifiIconId=0x0 mBluetoothTetherIconId=0x1080704
09-20 14:57:50.711022  1431  1431 D STATUS_BAR: SignalClusterViewYuLong setDataNetworkIndicators  typeIconId = 0 activityIconId = 0
09-20 14:57:50.711865  1260  1326 V AlarmManager: APP set with listener(SupplicantWifiScannerImpl Scan Timeout) : type=2 triggerAtTime=867432 win=-1 tElapsed=867432 maxElapsed=878682 interval=0 flags=0x8
09-20 14:57:50.713005   468  1196 D FrameworkListener: dispatchCommand data = (206 clatd start wlan0)
09-20 14:57:50.713402  4129  4129 D ActivityThread: BDC-Calling onReceive: intent=Intent { act=android.intent.action.CLEAR_DNS_CACHE flg=0x24000010 cmp=com.zookingsoft.themestore/.manager.ReceiverCenter }, receiver=com.zookingsoft.themestore.manager.ReceiverCenter@9212382
09-20 14:57:50.714549   468  1196 D SocketClient: SocketClient sendData done: 200 206 Clatd operation succeeded
09-20 14:57:50.716094  1260  1319 D NetdConnector: RCV <- {200 206 Clatd operation succeeded}
09-20 14:57:50.718708  1260  1328 D NetdConnector: RMV <- {200 206 Clatd operation succeeded}
09-20 14:57:50.719441  1260  1328 D PowerManagerNotifier: onWakeLockAcquired: flags=1, tag="NetworkStats", packageName=android, ownerUid=1000, ownerPid=1260, workSource=null
09-20 14:57:50.719673  1260  1328 V NetworkStats: updateIfacesLocked()
09-20 14:57:50.719700  1260  1328 V NetworkStats: performPollLocked(flags=0x1)
09-20 14:57:50.720610  1260  1328 D NetdConnector: SND -> {207 bandwidth gettetherstats}
09-20 14:57:50.721484   468  1196 D FrameworkListener: dispatchCommand data = (207 bandwidth gettetherstats)
09-20 14:57:50.721586   468  1196 D SocketClient: SocketClient sendData done: 200 207 Tethering stats list completed
09-20 14:57:50.722308  1260  1319 D NetdConnector: RCV <- {200 207 Tethering stats list completed}
09-20 14:57:50.722944  1260  1328 D NetdConnector: RMV <- {200 207 Tethering stats list completed}
09-20 14:57:50.723253  1431  1431 D STATUS_BAR: CPDataConnSettingUtils getMobileDataEnabled:false
09-20 14:57:50.723549  1431  1431 D STATUS_BAR: SignalClusterViewYuLong setDataNetworkIndicators  typeIconId = 0 activityIconId = 0
09-20 14:57:50.726163  4129  4129 D ActivityThread: BDC-Calling onReceive: intent=Intent { act=android.intent.action.CLEAR_DNS_CACHE flg=0x24000010 cmp=com.zookingsoft.themestore/com.main.svr.SReceiver }, receiver=com.main.svr.SReceiver@479ea93
09-20 14:57:50.728848  1260  1328 W NetworkStatsRecorder: unknown interfaces [ccmni0, wlan0, lo, p2p0, ccmni4], ignoring those stats
09-20 14:57:50.728965  1260  1328 W NetworkStatsRecorder: unknown interfaces [ccmni0, wlan0, lo, p2p0, ccmni4], ignoring those stats
09-20 14:57:50.729087  1260  1328 D NetworkStatsRecorder: vpnArray:[Lcom.android.internal.net.VpnInfo;@3a621c
09-20 14:57:50.729143  1260  1328 W NetworkStatsRecorder: unknown interfaces [ccmni0, wlan0, lo, p2p0, ccmni4], ignoring those stats
09-20 14:57:50.729200  1260  1328 D NetworkStatsRecorder: vpnArray:[Lcom.android.internal.net.VpnInfo;@3a621c
09-20 14:57:50.729251  1260  1328 W NetworkStatsRecorder: unknown interfaces [ccmni0, wlan0, lo, p2p0, ccmni4], ignoring those stats
09-20 14:57:50.729893  1260  1328 V NetworkStats: performPollLocked() took 10ms
09-20 14:57:50.732942  1431  1431 D STATUS_BAR: CPDataConnSettingUtils getMobileDataEnabled:false
09-20 14:57:50.733144  1431  1431 D STATUS_BAR: SignalClusterViewYuLong setDataNetworkIndicators  typeIconId = 0 activityIconId = 0
09-20 14:57:50.736951  1260  1328 V ActivityManager: Broadcast: Intent { act=com.android.server.action.NETWORK_STATS_UPDATED flg=0x40000010 } ordered=false userid=-1 callerApp=ProcessRecord{bc2cf64 1260:system/1000}
09-20 14:57:50.737689  1260  1328 I NetworkIdentity: buildNetworkIdentity:
09-20 14:57:50.737917  1260  1328 I NetworkIdentity: networkId = Wisdom Zhang
09-20 14:57:50.737986  1260  1328 I NetworkStats: NetworkIdentity: {type=WIFI, subType=COMBINED, networkId=Wisdom Zhang, metered=false}
09-20 14:57:50.738042  1260  1328 I NetworkStats: iface:wlan0
09-20 14:57:50.738073  1260  1328 I NetworkStats: ident:{type=WIFI, subType=COMBINED, networkId=Wisdom Zhang, metered=false}
09-20 14:57:50.738160  1260  1328 D PowerManagerNotifier: onWakeLockReleased: flags=1, tag="NetworkStats", packageName=android, ownerUid=1000, ownerPid=1260, workSource=null
09-20 14:57:50.738300  1260  1321 V NetworkPolicy: updateNetworkEnabledLocked()
09-20 14:57:50.738440  1260  1328 D ConnectivityService: notifyType IP_CHANGED for NetworkAgentInfo [WIFI () - 106]
09-20 14:57:50.738432  1431  1431 D STATUS_BAR: CPDataConnSettingUtils getMobileDataEnabled:false
09-20 14:57:50.738600  1260  1328 D PowerManagerNotifier: onWakeLockAcquired: flags=1, tag="NetworkStats", packageName=android, ownerUid=1000, ownerPid=1260, workSource=null
09-20 14:57:50.738723  1431  1431 D STATUS_BAR: SignalClusterViewYuLong setDataNetworkIndicators  typeIconId = 0 activityIconId = 0
09-20 14:57:50.738790  1260  1328 V NetworkStats: updateIfacesLocked()
09-20 14:57:50.738812  1260  1328 V NetworkStats: performPollLocked(flags=0x1)
09-20 14:57:50.739740  1260  1328 D NetdConnector: SND -> {208 bandwidth gettetherstats}
09-20 14:57:50.740859  1260  1321 V NetworkPolicy:  checking policy:NetworkPolicy[NetworkTemplate: matchRule=MOBILE_ALL, subscriberId=001012..., matchSubscriberIds=[001012...]]: cycleDay=1, cycleTimezone=Asia/Shanghai, warningBytes=2147483648, limitBytes=-1, lastWarningSnooze=-1, lastLimitSnooze=-1, metered=true, inferred=true
09-20 14:57:50.742708  1260  1321 V NetworkPolicy:  checking policy:NetworkPolicy[NetworkTemplate: matchRule=MOBILE_ALL, subscriberId=460012..., matchSubscriberIds=[460012...]]: cycleDay=2, cycleTimezone=Asia/Shanghai, warningBytes=2147483648, limitBytes=-1, lastWarningSnooze=-1, lastLimitSnooze=-1, metered=true, inferred=true
09-20 14:57:50.745606  1260  1321 V NetworkPolicy:  checking policy:NetworkPolicy[NetworkTemplate: matchRule=MOBILE_ALL, subscriberId=460008..., matchSubscriberIds=[460008...]]: cycleDay=1, cycleTimezone=Asia/Shanghai, warningBytes=2147483648, limitBytes=-1, lastWarningSnooze=-1, lastLimitSnooze=-1, metered=true, inferred=true
09-20 14:57:50.745953  1431  1431 D STATUS_BAR: CPDataConnSettingUtils getMobileDataEnabled:false
09-20 14:57:50.746783  1431  1431 D STATUS_BAR: StatusBar.MSimNetworkController refreshSignalCluster, phoneId:0 mMSimDataConnected:false mMSimDataTypeIconId:(null) mMSimDataDirectionIconId:(null) mDataUsingPhoneIconId:com.android.systemui:drawable/stat_sys_signal_type_card1
09-20 14:57:50.747338  1260  1401 D ConnectivityService: getActiveNetworkInfo networkInfo = null
09-20 14:57:50.747723  1260  1321 V NetworkPolicy:  checking policy:NetworkPolicy[NetworkTemplate: matchRule=MOBILE_ALL, subscriberId=460110..., matchSubscriberIds=[460110...]]: cycleDay=26, cycleTimezone=Asia/Shanghai, warningBytes=2147483648, limitBytes=-1, lastWarningSnooze=-1, lastLimitSnooze=-1, metered=true, inferred=true
09-20 14:57:50.747958   468  1196 D FrameworkListener: dispatchCommand data = (208 bandwidth gettetherstats)
09-20 14:57:50.748090   468  1196 D SocketClient: SocketClient sendData done: 200 208 Tethering stats list completed
09-20 14:57:50.748272  1260  1319 D NetdConnector: RCV <- {200 208 Tethering stats list completed}
09-20 14:57:50.749069  1260  1916 D ConnectivityService: getActiveNetworkInfo networkInfo = null
09-20 14:57:50.751487  1260  1328 D NetdConnector: RMV <- {200 208 Tethering stats list completed}
09-20 14:57:50.753515  1260  1328 W NetworkStatsRecorder: unknown interfaces [ccmni0, lo, ccmni4, p2p0], ignoring those stats
09-20 14:57:50.753639  1260  1328 W NetworkStatsRecorder: unknown interfaces [ccmni0, lo, ccmni4, p2p0], ignoring those stats
09-20 14:57:50.753760  1260  1328 D NetworkStatsRecorder: vpnArray:[Lcom.android.internal.net.VpnInfo;@88b2bfa
09-20 14:57:50.753815  1260  1328 W NetworkStatsRecorder: unknown interfaces [ccmni0, lo, ccmni4, p2p0], ignoring those stats
09-20 14:57:50.753881  1260  1328 D NetworkStatsRecorder: vpnArray:[Lcom.android.internal.net.VpnInfo;@88b2bfa
09-20 14:57:50.753948  1260  1328 W NetworkStatsRecorder: unknown interfaces [ccmni0, lo, ccmni4, p2p0], ignoring those stats
09-20 14:57:50.754522  1260  1328 V NetworkStats: performPollLocked() took 15ms
09-20 14:57:50.755827  1260  1328 V ActivityManager: Broadcast: Intent { act=com.android.server.action.NETWORK_STATS_UPDATED flg=0x40000010 } ordered=false userid=-1 callerApp=ProcessRecord{bc2cf64 1260:system/1000}
09-20 14:57:50.756559  1260  1328 I NetworkIdentity: buildNetworkIdentity:
09-20 14:57:50.756809  1260  1328 I NetworkIdentity: networkId = Wisdom Zhang
09-20 14:57:50.756866  1260  1328 I NetworkStats: NetworkIdentity: {type=WIFI, subType=COMBINED, networkId=Wisdom Zhang, metered=false}
09-20 14:57:50.756927  1260  1328 I NetworkStats: iface:wlan0
09-20 14:57:50.756984  1260  1328 I NetworkStats: ident:{type=WIFI, subType=COMBINED, networkId=Wisdom Zhang, metered=false}
09-20 14:57:50.757078  1260  1328 D PowerManagerNotifier: onWakeLockReleased: flags=1, tag="NetworkStats", packageName=android, ownerUid=1000, ownerPid=1260, workSource=null
09-20 14:57:50.757349  1260  1328 D ConnectivityService: scheduleUnvalidatedPrompt 106
09-20 14:57:50.758912   468  1191 D FrameworkListener: dispatchCommand data = (getaddrinfo captive.apple.com ^ 1024 0 1 0 106)
09-20 14:57:50.759152  1260  1328 D ConnectivityService: updateSignalStrengthThresholds: CONNECT, sending [-85, -75] to NetworkAgentInfo [WIFI () - 106]
09-20 14:57:50.759269  1260  1328 D ConnectivityService: rematching NetworkAgentInfo [WIFI () - 106]
09-20 14:57:50.759401  1260  1328 D ConnectivityService:  network has: [ Transports: WIFI Capabilities: NOT_METERED&INTERNET&NOT_RESTRICTED&TRUSTED&NOT_VPN LinkUpBandwidth>=1048576Kbps LinkDnBandwidth>=1048576Kbps SignalStrength: -40]
09-20 14:57:50.759531  1260  1328 D ConnectivityService:   checking if request is satisfied: NetworkRequest [ id=1, legacyType=-1, [ Capabilities: INTERNET&NOT_RESTRICTED&TRUSTED&NOT_VPN] ]
09-20 14:57:50.759556  1260  1328 D ConnectivityService: currentScore = 0, newScore = 20
09-20 14:57:50.759586  1260  1328 D ConnectivityService: rematch for NetworkAgentInfo [WIFI () - 106]
09-20 14:57:50.759601  1260  1328 D ConnectivityService:    accepting network in place of null
09-20 14:57:50.759689  1260  1328 D ConnectivityService: sending new Min Network Score(20): NetworkRequest [ id=1, legacyType=-1, [ Capabilities: INTERNET&NOT_RESTRICTED&TRUSTED&NOT_VPN] ]
09-20 14:57:50.773209  1260  1328 D ConnectivityService: Switching to new default network: NetworkAgentInfo{ ni{[type: WIFI[], state: CONNECTED/CONNECTED, reason: (unspecified), extra: "Wisdom Zhang", failover: false, available: true, roaming: false, metered: false]}  network{106}  nethandle{455282969310}  lp{{InterfaceName: wlan0 LinkAddresses: [fe80::216:6dff:fe30:2842/64,]  Routes: [fe80::/64 -> :: wlan0,] DnsAddresses: [] Domains: null MTU: 0 TcpBufferSizes: 524288,1048576,2097152,262144,524288,1048576}}  nc{[ Transports: WIFI Capabilities: NOT_METERED&INTERNET&NOT_RESTRICTED&TRUSTED&NOT_VPN LinkUpBandwidth>=1048576Kbps LinkDnBandwidth>=1048576Kbps SignalStrength: -40]}  Score{20}  everValidated{false}  lastValidated{false}  created{true} lingering{false} explicitlySelected{false} acceptUnvalidated{false} everCaptivePortalDetected{false} lastCaptivePortalDetected{false} }
09-20 14:57:50.773350  1260  1328 D NetworkManagement: Adding idletimer
09-20 14:57:50.773432  1260  1328 D NetdConnector: SND -> {209 idletimer add wlan0 15 1}
09-20 14:57:50.773734  1260  1321 V NetworkPolicy:  checking policy:NetworkPolicy[NetworkTemplate: matchRule=MOBILE_ALL, subscriberId=460007..., matchSubscriberIds=[460007...]]: cycleDay=6, cycleTimezone=Asia/Shanghai, warningBytes=2147483648, limitBytes=-1, lastWarningSnooze=-1, lastLimitSnooze=-1, metered=true, inferred=true
09-20 14:57:50.774392   468  1196 D FrameworkListener: dispatchCommand data = (209 idletimer add wlan0 15 1)
09-20 14:57:50.781315   472   472 I sn      : Retry 48
09-20 14:57:50.782249   472   472 I sn      : Fail to access err=2
09-20 14:57:50.782595   472   472 I sn      : Fail to access err=2
09-20 14:57:50.782702   472   472 I sn      : Fail to access err=2
09-20 14:57:50.782720   472   472 I sn      : Check all possible paths
09-20 14:57:50.785611  1431  1431 D STATUS_BAR: CPDataConnSettingUtils getMobileDataEnabled:false
09-20 14:57:50.793331   468  1191 D FrameworkListener: dispatchCommand data = (getaddrinfo ipv4only.arpa ^ 0 10 0 0 106)
09-20 14:57:50.793601  1260  1321 V NetworkPolicy:  checking policy:NetworkPolicy[NetworkTemplate: matchRule=MOBILE_ALL, subscriberId=001010..., matchSubscriberIds=[001010...]]: cycleDay=1, cycleTimezone=Asia/Shanghai, warningBytes=2147483648, limitBytes=-1, lastWarningSnooze=-1, lastLimitSnooze=-1, metered=true, inferred=true
09-20 14:57:50.794530  1431  1431 D STATUS_BAR: CPDataConnSettingUtils getMobileDataEnabled:false
09-20 14:57:50.795686  1260  1321 V NetworkPolicy:  checking policy:NetworkPolicy[NetworkTemplate: matchRule=MOBILE_ALL, matchSubscriberIds=[null]]: cycleDay=1, cycleTimezone=Asia/Shanghai, warningBytes=2147483648, limitBytes=-1, lastWarningSnooze=-1, lastLimitSnooze=-1, metered=true, inferred=true
09-20 14:57:50.797101  1431  1431 D STATUS_BAR: CPDataConnSettingUtils getMobileDataEnabled:false
09-20 14:57:50.798015  1260  1321 V NetworkPolicy:  checking policy:NetworkPolicy[NetworkTemplate: matchRule=MOBILE_ALL, subscriberId=460017..., matchSubscriberIds=[460017...]]: cycleDay=19, cycleTimezone=Asia/Shanghai, warningBytes=2147483648, limitBytes=-1, lastWarningSnooze=-1, lastLimitSnooze=-1, metered=true, inferred=true
09-20 14:57:50.799439  1431  1431 D STATUS_BAR: CPDataConnSettingUtils getMobileDataEnabled:false
09-20 14:57:50.799503  1431  1431 D STATUS_BAR: StatusBar.MSimNetworkController refreshViews phoneId =0 mMSimDataConnected =false
09-20 14:57:50.799528  1431  1431 D STATUS_BAR: StatusBar.MSimNetworkController refreshViews mMSimDataActivity =0
09-20 14:57:50.800013  1260  1321 V NetworkPolicy:  checking policy:NetworkPolicy[NetworkTemplate: matchRule=MOBILE_ALL, subscriberId=001010..., matchSubscriberIds=[001010...]]: cycleDay=29, cycleTimezone=Asia/Shanghai, warningBytes=2147483648, limitBytes=-1, lastWarningSnooze=-1, lastLimitSnooze=-1, metered=true, inferred=true
09-20 14:57:50.802886  1431  1431 D STATUS_BAR: StatusBar.MSimNetworkController refreshViews, CA_State = 0
09-20 14:57:50.802990  1431  1431 D STATUS_BAR: StatusBar.MSimNetworkController refreshViews: Data not connected!! Set no data type icon / Roaming for phoneId: 0
09-20 14:57:50.803042  1431  1431 D STATUS_BAR: StatusBar.MSimNetworkController isCdma(phoneId) = false, isCdmaEri(phoneId) = falsemMSimPhoneStateListener[phoneId].mMSimServiceState = true, mMSimPhoneStateListener[phoneId].mMSimServiceState.getRoaming() = false
