09-20 14:57:39.321996  1260  1286 D AutomaticBrightnessController: calculateAmbientLux: [-10000, 100]: lux=145.0, weight=5.1005E7
09-20 14:57:39.322066  1260  1286 D AutomaticBrightnessController: calculateAmbientLux: totalWeight=5.1005E7, newAmbientLux=145.0
09-20 14:57:39.322110  1260  1286 D AutomaticBrightnessController: updateAmbientLux: Scheduling ambient lux update for 488299488299 (in 1499 ms)
09-20 14:57:39.334903  1260  4115 D PowerManagerNotifier: onWakeLockReleased: flags=1, tag="*launch*", packageName=android, ownerUid=1000, ownerPid=1260, workSource=WorkSource{1000}
09-20 14:57:39.431124  1260  1277 W PackageManager: checkUidPermission(): android.permission.INTERNET of 10056 is denied.
09-20 14:57:39.431213  1260  1277 D NetworkPolicy: no need to update restrict data rules for uid 10056
09-20 14:57:39.431192  5252  5252 V ActivityThread: SVC-Creating service CreateServiceData{token=android.os.BinderProxy@9a15d09 className=com.android.printspooler.model.PrintSpoolerService packageName=com.android.printspooler intent=null}
09-20 14:57:39.432261  1260  1277 W PackageManager: checkUidPermission(): android.permission.INTERNET of 10056 is denied.
09-20 14:57:39.432356  1260  1277 D NetworkPolicy: no need to update restrict power rules for uid 10056
09-20 14:57:39.461298 11031 12504 E ActivityThread: Failed to find provider info for com.mediatek.hotknot.Service
09-20 14:57:39.461989 11031 12504 W ContextImpl: Calling a method in the system process without a qualified user: android.app.ContextImpl.startService:1369 android.content.ContextWrapper.startService:613 com.mediatek.hotknot.HotKnotAdapter.getDefaultAdapter:322 com.android.settings.SettingsActivity.doUpdateTilesList:1134 com.android.settings.SettingsActivity.-wrap0:-1 
09-20 14:57:39.462723  1260  1959 W ActivityManager: Unable to start service Intent { cmp=com.mediatek.hotknot.service/.HotKnotService } U=0: not found
09-20 14:57:39.486208  1260  1963 E BatteryStatsService: no controller energy info supplied
09-20 14:57:39.486275  1260  1963 E BatteryStatsService: no controller energy info supplied
09-20 14:57:39.488499  1260  4115 D PowerManagerNotifier: onWakeLockAcquired: flags=1, tag="RILJ", packageName=com.android.phone, ownerUid=1001, ownerPid=1500, workSource=null
09-20 14:57:39.502972  1260  1585 D PowerManagerNotifier: onWakeLockReleased: flags=1, tag="RILJ", packageName=com.android.phone, ownerUid=1001, ownerPid=1500, workSource=null
09-20 14:57:39.511166  1260  1963 E BatteryStatsService: modem info is invalid: ModemActivityInfo{ mTimestamp=0 mSleepTimeMs=0 mIdleTimeMs=0 mTxTimeMs[]=[0, 0, 0, 0, 0] mRxTimeMs=0 mEnergyUsed=0}
09-20 14:57:39.539695  1260  1283 V WindowManager: Looking for focus: 10 = Window{32dbc30 u0 StatusBar}, flags=-2122055608, canReceive=false
09-20 14:57:39.547459  1260  1277 V NetworkStats: setKernelCounterSet uid=10011 set=0
09-20 14:57:39.556591  1260  1539 I WindowManager: Destroying surface Surface(name=com.yulong.android.launcherL/com.yulong.android.launcherL.Launcher) called by com.android.server.wm.WindowStateAnimator.destroySurface:2135 com.android.server.wm.WindowStateAnimator.destroySurfaceLocked:947 com.android.server.wm.WindowState.destroyOrSaveSurface:2085 com.android.server.wm.AppWindowToken.destroySurfaces:363 com.android.server.wm.AppWindowToken.notifyAppStopped:389 com.android.server.wm.WindowManagerService.notifyAppStopped:4743 com.android.server.am.ActivityStack.activityStoppedLocked:1346 com.android.server.am.ActivityManagerService.activityStopped:7575 
09-20 14:57:40.069112  1260  1314 D PowerManagerNotifier: onUserActivity: event=2, uid=1000
09-20 14:57:40.129291  1260  1272 I ActivityManager: START u0 {flg=0x8000 cmp=com.android.settings/.Settings$WifiSettingsActivity (has extras)} from uid 1000 on display 0
09-20 14:57:40.130456  1260  1272 V WindowManager: Looking for focus: 10 = Window{32dbc30 u0 StatusBar}, flags=-2122055608, canReceive=false
09-20 14:57:40.132163  1260  1272 V WindowManager: Looking for focus: 10 = Window{32dbc30 u0 StatusBar}, flags=-2122055608, canReceive=false
09-20 14:57:40.132843  1260  1272 V WindowManager: Set focused app to: AppWindowToken{c9a3661 token=Token{f5325c8 ActivityRecord{97c266b u0 com.android.settings/.Settings$WifiSettingsActivity t200}}} old focus=AppWindowToken{80bf733 token=Token{2bad26d ActivityRecord{61bba84 u0 com.android.settings/.Settings t200}}} moveFocusNow=true
09-20 14:57:40.133097  1260  1272 V WindowManager: Looking for focus: 10 = Window{32dbc30 u0 StatusBar}, flags=-2122055608, canReceive=false
09-20 14:57:40.133160  1260  1272 V WindowManager: findFocusedWindow: Reached focused app=AppWindowToken{c9a3661 token=Token{f5325c8 ActivityRecord{97c266b u0 com.android.settings/.Settings$WifiSettingsActivity t200}}} target=AppWindowToken{80bf733 token=Token{2bad26d ActivityRecord{61bba84 u0 com.android.settings/.Settings t200}}}
09-20 14:57:40.133645  1260  1272 V WindowManager: Changing focus from Window{2f6927c u0 com.android.settings/com.android.settings.Settings} to null Callers=com.android.server.wm.WindowManagerService.setFocusedApp:4172 com.android.server.am.ActivityManagerService.setFocusedActivityLocked:3205 com.android.server.am.ActivityStarter.startActivityUnchecked:1223 com.android.server.am.ActivityStarter.startActivityLocked:543 
09-20 14:57:40.133753  1260  1272 D WindowManager: Input focus has changed to null
09-20 14:57:40.135111  1260  1272 D PowerManagerNotifier: onWakeLockAcquired: flags=1, tag="*launch*", packageName=android, ownerUid=1000, ownerPid=1260, workSource=WorkSource{1000}
09-20 14:57:40.135854  1260  1272 D RunningBoosterService: [onBeforeActivitySwitch] mCurrentSuppressPointList is null
09-20 14:57:40.141136  1260  1915 D RunningBoosterService: [onBeforeActivitySwitch] mCurrentSuppressPointList is null
09-20 14:57:40.145288  1260  1915 D RunningBoosterService: [onAfterActivityResumed] mScreenStateChange = true mScreenOffState = false
09-20 14:57:40.145333  1260  1915 D RunningBoosterService: [onAfterActivityResumed] mCurrentSuppressPointList is null
09-20 14:57:40.197062  1260  1392 D AudioTrack: audiotrack 0x774c281000 stop done
09-20 14:57:40.221246  1260  1539 V SettingsProvider: packageValueForCallResult, name = null, value : Bundle[{_track_generation=android.util.MemoryIntArray@5a, value=null, _generation_index=2, _generation=16}]
09-20 14:57:40.244486  1260  1915 D ConnectivityService: getActiveNetworkInfo networkInfo = null
09-20 14:57:40.246178  1260  1411 D ConnectivityService: getActiveNetworkInfo networkInfo = null
09-20 14:57:40.246607  1260  4115 D ConnectivityService: getActiveNetworkInfo networkInfo = null
09-20 14:57:40.267607  1260  1539 D ConnectivityService: getActiveNetworkInfo networkInfo = null
09-20 14:57:40.353314  1260  1272 W PackageManager: checkUidPermission(): android.permission.READ_PRIVILEGED_PHONE_STATE of 10033 is denied.
09-20 14:57:40.487842  1260  1539 D DisplayManagerService: Display listener for pid 12460 died.
09-20 14:57:40.488733  1260  1401 I ActivityManager: Process com.zookingsoft.themestore:zremote (pid 12460) has died
09-20 14:57:40.488845  1260  1401 D ActivityManager: handleAppDiedLocked: app = ProcessRecord{fff0067 12460:com.zookingsoft.themestore:zremote/u0a33}, app.pid = 12460
09-20 14:57:40.488863  1260  1401 D ActivityManager: cleanUpApplicationRecord -- 12460
09-20 14:57:40.489129  1260  1401 W ActivityManager: Scheduling restart of crashed service com.zookingsoft.themestore/com.main.svr.MService in 1000ms
09-20 14:57:40.491001  1260  1411 D ActivityManager: [process suppression] suppressAction = allowed
09-20 14:57:40.491497  1260  1411 W PackageManager: checkUidPermission(): android.permission.WRITE_MEDIA_STORAGE of 10033 is denied.
09-20 14:57:40.511943  1260  1411 I ActivityManager: Start proc 12531:com.zookingsoft.themestore:zremote/u0a33 for service com.zookingsoft.themestore/com.main.svr.MService
09-20 14:57:40.629855  1260  1313 D AlarmManager: set alarm to RTC 934340
09-20 14:57:40.630008  1260  1313 D DataShapingService: Alarm manager openLteDataUpLinkGate: false
09-20 14:57:40.630045  1260  1313 V AlarmManager: openLteGateSuccess = false
09-20 14:57:40.630136  1260  1313 D AlarmManager: wakeup alarm = Alarm{74de20d type 2 when 838349 com.android.flowmonitor}; package = com.android.flowmonitorneedGrouping = false
09-20 14:57:40.630675  1260  1313 V ActivityManager: Broadcast: Intent { act=com.android.server.action.NETWORK_STATS_POLL_COOPAD flg=0x14 (has extras) } ordered=true userid=0 callerApp=null
09-20 14:57:40.663698  1260  1313 V AlarmManager: sending alarm Alarm{74de20d type 2 when 838349 com.android.flowmonitor} success
09-20 14:57:40.664069  1260  1313 D PowerManagerNotifier: onWakeLockAcquired: flags=1, tag="*alarm*", packageName=android, ownerUid=1000, ownerPid=1260, workSource=WorkSource{1000}
09-20 14:57:40.665623  1260  1260 V ActivityManager: Broadcast: Intent { act=android.intent.action.DROPBOX_ENTRY_ADDED flg=0x10 (has extras) } ordered=false userid=0 callerApp=ProcessRecord{bc2cf64 1260:system/1000}
09-20 14:57:40.666584  1260  1959 D AlarmManager: Targetpackage alarm set type = 2
09-20 14:57:40.666682  1260  1959 V AlarmManager: APP set(PendingIntent{36f8710: PendingIntentRecord{e738a73 com.android.flowmonitor broadcastIntent}}) : type=2 triggerAtTime=843386 win=-1 tElapsed=847386 maxElapsed=847386 interval=0 flags=0x8
09-20 14:57:40.667892  1260  1959 D AlarmManager: set alarm to RTC 847386
09-20 14:57:40.668715  5640  5724 D ActivityThread: BDC-Calling finishReceiver: IIntentReceiver=aaa514c
09-20 14:57:40.670825  1260  1411 D AlarmManager: Targetpackage alarm set type = 2
09-20 14:57:40.670919  1260  1411 V AlarmManager: APP set(PendingIntent{8039209: PendingIntentRecord{e738a73 com.android.flowmonitor broadcastIntent}}) : type=2 triggerAtTime=843390 win=-1 tElapsed=847391 maxElapsed=847391 interval=0 flags=0x8
09-20 14:57:40.671999  1260  1411 D AlarmManager: remove(operation) changed bounds; rebatching operation = PendingIntent{8039209: PendingIntentRecord{e738a73 com.android.flowmonitor broadcastIntent}}
09-20 14:57:40.672628  1260  1411 D AlarmManager: set alarm to RTC 934340
09-20 14:57:40.672706  1260  1411 D AlarmManager: set alarm to RTC 847391
09-20 14:57:40.673458  1260  4115 D PowerManagerNotifier: onWakeLockAcquired: flags=1, tag="NetworkStats", packageName=com.android.flowmonitor, ownerUid=1000, ownerPid=5640, workSource=null
09-20 14:57:40.674585  5640  5723 D ActivityThread: BDC-Calling finishReceiver: IIntentReceiver=c11f595
09-20 14:57:40.676112  1260  1260 D AlarmManager: onSendFinished begin
09-20 14:57:40.676271  1260  1260 D PowerManagerNotifier: onWakeLockReleased: flags=1, tag="*alarm*", packageName=android, ownerUid=1000, ownerPid=1260, workSource=WorkSource{1000}
09-20 14:57:40.678822  1260  1963 D PowerManagerNotifier: onWakeLockAcquired: flags=1, tag="NetworkStats", packageName=com.android.flowmonitor, ownerUid=1000, ownerPid=5640, workSource=null
09-20 14:57:40.685626  1260  1915 D PowerManagerNotifier: onWakeLockReleased: flags=1, tag="NetworkStats", packageName=com.android.flowmonitor, ownerUid=1000, ownerPid=5640, workSource=null
09-20 14:57:40.690483  1260  1272 D PowerManagerNotifier: onWakeLockReleased: flags=1, tag="NetworkStats", packageName=com.android.flowmonitor, ownerUid=1000, ownerPid=5640, workSource=null
09-20 14:57:40.779965   472   472 I sn      : Retry 47
09-20 14:57:40.780573   472   472 I sn      : Fail to access err=2
09-20 14:57:40.781010   472   472 I sn      : Fail to access err=2
09-20 14:57:40.781071   472   472 I sn      : Fail to access err=2
09-20 14:57:40.781087   472   472 I sn      : Check all possible paths
09-20 14:57:40.821246  1260  1286 D AutomaticBrightnessController: updateAmbientLux: mAmbientLuxValid=true, AAL=false
09-20 14:57:40.821353  1260  1286 D AutomaticBrightnessController: calculateAmbientLux: [-10000, 100]: lux=145.0, weight=5.1005E7
09-20 14:57:40.821401  1260  1286 D AutomaticBrightnessController: calculateAmbientLux: totalWeight=5.1005E7, newAmbientLux=145.0
09-20 14:57:40.821434  1260  1286 D AutomaticBrightnessController: updateAmbientLux: Scheduling ambient lux update for 489799489799 (in 1500 ms)
09-20 14:57:40.833156  1260  1916 D ConnectivityService: listenForNetwork for Listen from uid/pid:1000/11031 for NetworkRequest [ id=19, legacyType=-1, [ Transports: WIFI] ]
09-20 14:57:40.845587  1260  1272 D RunningBoosterService: [onActivityThreadResumedDone]
09-20 14:57:40.862048  1260  1383 V WindowManager: Looking for focus: 11 = Window{32dbc30 u0 StatusBar}, flags=-2122055608, canReceive=false
09-20 14:57:40.863231  1260  1383 V WindowManager: Changing focus from null to Window{b458d96 u0 com.android.settings/com.android.settings.Settings$WifiSettingsActivity} Callers=com.android.server.wm.WindowManagerService.relayoutWindow:3133 com.android.server.wm.Session.relayout:223 android.view.IWindowSession$Stub.onTransact:286 com.android.server.wm.Session.onTransact:144 
09-20 14:57:40.863453  1260  1383 D WindowManager: Input focus has changed to Window{b458d96 u0 com.android.settings/com.android.settings.Settings$WifiSettingsActivity}
09-20 14:57:41.008408  1260  1283 V WindowManager: Looking for focus: 11 = Window{32dbc30 u0 StatusBar}, flags=-2122055608, canReceive=false
09-20 14:57:41.012624 11031 12502 E ActivityThread: Failed to find provider info for com.mediatek.hotknot.Service
09-20 14:57:41.014757 11031 12502 W ContextImpl: Calling a method in the system process without a qualified user: android.app.ContextImpl.startService:1369 android.content.ContextWrapper.startService:613 com.mediatek.hotknot.HotKnotAdapter.getDefaultAdapter:322 com.android.settings.SettingsActivity.doUpdateTilesList:1134 com.android.settings.SettingsActivity.-wrap0:-1 
09-20 14:57:41.015873  1260  1916 W ActivityManager: Unable to start service Intent { cmp=com.mediatek.hotknot.service/.HotKnotService } U=0: not found
09-20 14:57:41.077469  1260  4115 V WindowManager: Looking for focus: 11 = Window{32dbc30 u0 StatusBar}, flags=-2122055608, canReceive=false
09-20 14:57:41.095038  1260  1271 D PowerManagerNotifier: onWakeLockReleased: flags=1, tag="*launch*", packageName=android, ownerUid=1000, ownerPid=1260, workSource=WorkSource{1000}
09-20 14:57:41.372676  1260  1283 V WindowManager: Looking for focus: 11 = Window{32dbc30 u0 StatusBar}, flags=-2122055608, canReceive=false
09-20 14:57:41.388608  1260  1963 I WindowManager: Destroying surface Surface(name=com.android.settings/com.android.settings.Settings) called by com.android.server.wm.WindowStateAnimator.destroySurface:2135 com.android.server.wm.WindowStateAnimator.destroySurfaceLocked:947 com.android.server.wm.WindowState.destroyOrSaveSurface:2085 com.android.server.wm.WindowManagerService.tryStartExitingAnimation:3241 com.android.server.wm.WindowManagerService.relayoutWindow:3121 com.android.server.wm.Session.relayout:223 android.view.IWindowSession$Stub.onTransact:286 com.android.server.wm.Session.onTransact:144 
09-20 14:57:41.882465 12531 12531 V ActivityThread: SVC-Creating service CreateServiceData{token=android.os.BinderProxy@8e9470c className=com.main.svr.MService packageName=com.zookingsoft.themestore intent=null}
09-20 14:57:41.883914  1260  1959 V ActivityManager: Broadcast: Intent { act=com.yulong.action.YLUIWatchService flg=0x10 (has extras) } ordered=false userid=0 callerApp=ProcessRecord{a6583b3 12531:com.zookingsoft.themestore:zremote/u0a33}
09-20 14:57:41.885162  1260  1585 V ActivityManager: Broadcast: Intent { act=com.yulong.action.YLUIWatchService flg=0x10 (has extras) } ordered=false userid=0 callerApp=ProcessRecord{a6583b3 12531:com.zookingsoft.themestore:zremote/u0a33}
09-20 14:57:41.889033  4224  4224 D ActivityThread: SVC-Calling onStartCommand: com.main.svr.MonitorService@e411855, flags=0, startId=108
09-20 14:57:41.896304 12531 12531 D ActivityThread: SVC-Calling onStartCommand: com.main.svr.MService@e411855, flags=0, startId=144
09-20 14:57:42.220379  1260  1314 D PowerManagerNotifier: onUserActivity: event=2, uid=1000
09-20 14:57:42.292444  1260  1272 D WifiService: setWifiEnabled: true pid=11031, uid=1000
09-20 14:57:42.293393  1260  1272 D CtaUtils: enforceCheckPermission callingPackage = com.android.settings
09-20 14:57:42.294324  1260  1323 D WifiController: ApStaDisabledState{ when=-1ms what=155656 arg2=1000 target=com.android.internal.util.StateMachine$SmHandler }
09-20 14:57:42.294420  1260  1323 D WifiController: StaEnabledState
09-20 14:57:42.294471  1260  1323 D WifiController: DeviceActiveState
09-20 14:57:42.318449  1260  1411 D PowerManagerNotifier: onWakeLockReleased: flags=1, tag="AudioMix", packageName=audioserver, ownerUid=1041, ownerPid=0, workSource=null
09-20 14:57:42.322130  1260  1286 D AutomaticBrightnessController: updateAmbientLux: mAmbientLuxValid=true, AAL=false
09-20 14:57:42.322254  1260  1286 D AutomaticBrightnessController: calculateAmbientLux: [-10000, 100]: lux=145.0, weight=5.1005E7
09-20 14:57:42.322286  1260  1286 D AutomaticBrightnessController: calculateAmbientLux: totalWeight=5.1005E7, newAmbientLux=145.0
09-20 14:57:42.322321  1260  1286 D AutomaticBrightnessController: updateAmbientLux: Scheduling ambient lux update for 491300491300 (in 1500 ms)
09-20 14:57:42.372823  1260  1392 D AudioTrack: audiotrack 0x774c281000 stop done
09-20 14:57:42.441627  1260  1401 D PowerManagerNotifier: onWakeLockAcquired: flags=1, tag="AudioMix", packageName=audioserver, ownerUid=1041, ownerPid=0, workSource=null
09-20 14:57:42.783894  1260  1492 W Watchdog: **Get SF Time **1
09-20 14:57:42.784102  1260  1492 W Watchdog: SWT Watchdog before synchronized:490262
09-20 14:57:42.784151  1260  1492 W Watchdog: SWT Watchdog after synchronized:490262
09-20 14:57:43.269691  1260  1963 V SettingsProvider: packageValueForCallResult, name = null, value : Bundle[{_track_generation=android.util.MemoryIntArray@5a, value=null, _generation_index=2, _generation=17}]
09-20 14:57:43.287454  1260  1539 D ConnectivityService: getActiveNetworkInfo networkInfo = null
09-20 14:57:43.288226  1260  1959 D ConnectivityService: getActiveNetworkInfo networkInfo = null
09-20 14:57:43.288480  1260  1916 D ConnectivityService: getActiveNetworkInfo networkInfo = null
09-20 14:57:43.302763  1260  1539 D ConnectivityService: getActiveNetworkInfo networkInfo = null
09-20 14:57:43.376155  1260  1959 W PackageManager: checkUidPermission(): android.permission.READ_PRIVILEGED_PHONE_STATE of 10033 is denied.
09-20 14:57:43.496983  1260  4115 D DisplayManagerService: Display listener for pid 12531 died.
09-20 14:57:43.497468  1260  1401 I ActivityManager: Process com.zookingsoft.themestore:zremote (pid 12531) has died
09-20 14:57:43.497567  1260  1401 D ActivityManager: handleAppDiedLocked: app = ProcessRecord{a6583b3 12531:com.zookingsoft.themestore:zremote/u0a33}, app.pid = 12531
09-20 14:57:43.497586  1260  1401 D ActivityManager: cleanUpApplicationRecord -- 12531
09-20 14:57:43.497851  1260  1401 W ActivityManager: Scheduling restart of crashed service com.zookingsoft.themestore/com.main.svr.MService in 1000ms
09-20 14:57:43.499582  1260  1959 D ActivityManager: [process suppression] suppressAction = allowed
09-20 14:57:43.500006  1260  1959 W PackageManager: checkUidPermission(): android.permission.WRITE_MEDIA_STORAGE of 10033 is denied.
09-20 14:57:43.510887  1260  1959 I ActivityManager: Start proc 12599:com.zookingsoft.themestore:zremote/u0a33 for service com.zookingsoft.themestore/com.main.svr.MService
09-20 14:57:43.823616  1260  1286 D AutomaticBrightnessController: updateAmbientLux: mAmbientLuxValid=true, AAL=false
09-20 14:57:43.823726  1260  1286 D AutomaticBrightnessController: calculateAmbientLux: [-10000, 100]: lux=145.0, weight=5.1005E7
09-20 14:57:43.823761  1260  1286 D AutomaticBrightnessController: calculateAmbientLux: totalWeight=5.1005E7, newAmbientLux=145.0
09-20 14:57:43.823806  1260  1286 D AutomaticBrightnessController: updateAmbientLux: Scheduling ambient lux update for 492801492801 (in 1500 ms)
09-20 14:57:44.083335  1260  1286 D AutomaticBrightnessController: onSensorChanged: mLightSensorEnabled=true, mAmbientLuxValid=true
09-20 14:57:44.083402  1260  1286 D AutomaticBrightnessController: updateAmbientLux: mAmbientLuxValid=true, AAL=false
09-20 14:57:44.083455  1260  1286 D AutomaticBrightnessController: calculateAmbientLux: [0, 100]: lux=90.0, weight=1005000.0
09-20 14:57:44.083496  1260  1286 D AutomaticBrightnessController: calculateAmbientLux: [-10000, 0]: lux=145.0, weight=5.0E7
09-20 14:57:44.083530  1260  1286 D AutomaticBrightnessController: calculateAmbientLux: totalWeight=5.1005E7, newAmbientLux=143.91628
09-20 14:57:44.083560  1260  1286 D AutomaticBrightnessController: updateAmbientLux: Scheduling ambient lux update for 493061493061 (in 1500 ms)
09-20 14:57:44.083605  1260  1286 D AutomaticBrightnessController: onSensorChanged: lux = 90.0
09-20 14:57:44.084931   468  1188 E NetlinkEvent: Failed to open ra_info_flag (No such file or directory)
09-20 14:57:44.085179   468  1188 D SocketClient: SocketClient sendData done: 600 Iface linkstate wlan%d down
09-20 14:57:44.085419  1260  1319 D NetdConnector: RCV <- {600 Iface linkstate wlan%d down}
09-20 14:57:44.086385  1260  1281 D NetworkManagement: onEvent:600 Iface linkstate wlan%d down:5
09-20 14:57:44.105388   468  1187 D SocketClient: SocketClient sendData done: 600 Iface added wlan0
09-20 14:57:44.105539  1260  1319 D NetdConnector: RCV <- {600 Iface added wlan0}
09-20 14:57:44.106325  1260  1281 D NetworkManagement: onEvent:600 Iface added wlan0:4
09-20 14:57:44.106685   468  1188 D NetlinkEvent: clear RA flag done
09-20 14:57:44.106846   468  1188 D SocketClient: SocketClient sendData done: 600 Iface linkstate wlan0 down
09-20 14:57:44.107528  1260  1319 D NetdConnector: RCV <- {600 Iface linkstate wlan0 down}
09-20 14:57:44.108281  1260  1281 D NetworkManagement: onEvent:600 Iface linkstate wlan0 down:5
09-20 14:57:44.113409  1260  1324 D NetdConnector: SND -> {193 softap fwreload wlan0 STA}
09-20 14:57:44.114282   468  1196 D FrameworkListener: dispatchCommand data = (193 softap fwreload wlan0 STA)
09-20 14:57:44.115543   468  1187 D SocketClient: SocketClient sendData done: 600 Iface added p2p0
09-20 14:57:44.116807   468  1188 D NetlinkEvent: clear RA flag done
09-20 14:57:44.116976   468  1188 D SocketClient: SocketClient sendData done: 600 Iface linkstate p2p0 down
09-20 14:57:44.118103  1260  1319 D NetdConnector: RCV <- {600 Iface added p2p0}
09-20 14:57:44.118777  1260  1319 D NetdConnector: RCV <- {600 Iface linkstate p2p0 down}
09-20 14:57:44.118866   468  1196 D SocketClient: SocketClient sendData done: 214 193 Ok
09-20 14:57:44.119207  1260  1281 D NetworkManagement: onEvent:600 Iface added p2p0:4
09-20 14:57:44.119413  1260  1319 D NetdConnector: RCV <- {214 193 Ok}
09-20 14:57:44.120225  1260  1324 D NetdConnector: RMV <- {214 193 Ok}
09-20 14:57:44.122145  1260  1281 D NetworkManagement: onEvent:600 Iface linkstate p2p0 down:5
09-20 14:57:44.123875  1260  1324 D NetdConnector: SND -> {194 interface getcfg wlan0}
09-20 14:57:44.124639   468  1196 D FrameworkListener: dispatchCommand data = (194 interface getcfg wlan0)
09-20 14:57:44.124963   468  1196 D SocketClient: SocketClient sendData done: 213 194 00:16:6d:30:28:42 0.0.0.0 0 down broadcast multicast
09-20 14:57:44.125079  1260  1319 D NetdConnector: RCV <- {213 194 00:16:6d:30:28:42 0.0.0.0 0 down broadcast multicast}
09-20 14:57:44.125740  1260  1324 D NetdConnector: RMV <- {213 194 00:16:6d:30:28:42 0.0.0.0 0 down broadcast multicast}
09-20 14:57:44.126486  1260  1324 D NetworkManagement: Enter setInterfaceConfig, iface=wlan0
09-20 14:57:44.126645  1260  1324 D NetdConnector: SND -> {195 interface setcfg wlan0 0.0.0.0 0 multicast broadcast down}
09-20 14:57:44.127339   468  1196 D FrameworkListener: dispatchCommand data = (195 interface setcfg wlan0 0.0.0.0 0 multicast broadcast down)
09-20 14:57:44.127638   468  1196 D SocketClient: SocketClient sendData done: 200 195 Interface configuration set
09-20 14:57:44.127754  1260  1319 D NetdConnector: RCV <- {200 195 Interface configuration set}
09-20 14:57:44.128494  1260  1324 D NetdConnector: RMV <- {200 195 Interface configuration set}
09-20 14:57:44.129162  1260  1324 D NetdConnector: SND -> {196 interface clearaddrs wlan0}
09-20 14:57:44.129833   468  1196 D FrameworkListener: dispatchCommand data = (196 interface clearaddrs wlan0)
09-20 14:57:44.130498   468  1196 D SocketClient: SocketClient sendData done: 200 196 Interface IP addresses cleared
09-20 14:57:44.130716  1260  1319 D NetdConnector: RCV <- {200 196 Interface IP addresses cleared}
09-20 14:57:44.131458  1260  1324 D NetdConnector: RMV <- {200 196 Interface IP addresses cleared}
09-20 14:57:44.132121  1260  1324 D NetdConnector: SND -> {197 interface ipv6privacyextensions wlan0 enable}
09-20 14:57:44.132735   468  1196 D FrameworkListener: dispatchCommand data = (197 interface ipv6privacyextensions wlan0 enable)
09-20 14:57:44.133012   468  1196 D SocketClient: SocketClient sendData done: 200 197 IPv6 privacy extensions changed
09-20 14:57:44.133166  1260  1319 D NetdConnector: RCV <- {200 197 IPv6 privacy extensions changed}
09-20 14:57:44.133784  1260  1324 D NetdConnector: RMV <- {200 197 IPv6 privacy extensions changed}
09-20 14:57:44.134369  1260  1324 D NetdConnector: SND -> {198 interface ipv6 wlan0 disable}
09-20 14:57:44.135012   468  1196 D FrameworkListener: dispatchCommand data = (198 interface ipv6 wlan0 disable)
09-20 14:57:44.135417   468  1196 D SocketClient: SocketClient sendData done: 200 198 IPv6 state changed
09-20 14:57:44.135592  1260  1319 D NetdConnector: RCV <- {200 198 IPv6 state changed}
09-20 14:57:44.136253  1260  1324 D NetdConnector: RMV <- {200 198 IPv6 state changed}
09-20 14:57:44.138637   468  1188 D NetlinkEvent: clear RA flag done
09-20 14:57:44.138826   468  1188 D SocketClient: SocketClient sendData done: 600 Iface linkstate wlan0 down
09-20 14:57:44.144931  1260  1319 D NetdConnector: RCV <- {600 Iface linkstate wlan0 down}
09-20 14:57:44.147377  1260  1281 D NetworkManagement: onEvent:600 Iface linkstate wlan0 down:5
09-20 14:57:44.153150  1260  1324 V ActivityManager: Broadcast sticky: Intent { act=android.net.wifi.WIFI_STATE_CHANGED flg=0x4000010 (has extras) } ordered=false userid=-1 callerApp=ProcessRecord{bc2cf64 1260:system/1000}
09-20 14:57:44.157906  1431  1431 D STATUS_BAR: StatusNetSpeed mQuickSettingsReceiver onReceive android.net.wifi.WIFI_STATE_CHANGED
09-20 14:57:44.162201  1431  1431 D STATUS_BAR: StatusNetSpeed mQuickSettingsReceiver onReceive android.net.wifi.WIFI_STATE_CHANGED
09-20 14:57:44.162413  1431  1431 D STATUS_BAR: StatusBar.MSimNetworkController refreshViews phoneId =0 mMSimDataConnected =false
09-20 14:57:44.162451  1431  1431 D STATUS_BAR: StatusBar.MSimNetworkController refreshViews mMSimDataActivity =0
09-20 14:57:44.166156  1431  1431 D STATUS_BAR: StatusBar.MSimNetworkController refreshViews, CA_State = 0
09-20 14:57:44.166279  1431  1431 D STATUS_BAR: StatusBar.MSimNetworkController refreshViews: Data not connected!! Set no data type icon / Roaming for phoneId: 0
09-20 14:57:44.166332  1431  1431 D STATUS_BAR: StatusBar.MSimNetworkController isCdma(phoneId) = false, isCdmaEri(phoneId) = falsemMSimPhoneStateListener[phoneId].mMSimServiceState = true, mMSimPhoneStateListener[phoneId].mMSimServiceState.getRoaming() = false
09-20 14:57:44.166642  1431  1431 D STATUS_BAR: StatusBar.MSimNetworkController refreshViews connected={ } level=0 mMSimcombinedSignalIconId=0x0/(null) mMSimcombinedActivityIconId=0x0 mAirplaneMode=false mMSimDataActivity=0 mMSimPhoneSignalIconId=0x7f020587/com.android.systemui:drawable/stat_sys_signal_0 mMSimDataDirectionIconId=0x0 mMSimDataSignalIconId=0x0 mMSimDataTypeIconId=0x0/(null) mNoMSimIconId=0x7f020518/com.android.systemui:drawable/stat_sys_no_sims mMSimMobileActivityIconId=0x0/(null) mWifiIconId=0x0 mBluetoothTetherIconId=0x1080704
09-20 14:57:44.166718  1431  1431 D STATUS_BAR: SignalClusterViewYuLong setDataNetworkIndicators  typeIconId = 0 activityIconId = 0
09-20 14:57:44.168996  1260  1276 V ActivityManager: check isInBlackList_:com.ivvi.browser ret=true
09-20 14:57:44.169111  1260  1276 V BroadcastQueue: Skipping delivery of static [background] BroadcastRecord{48bb2ff u-1 android.net.wifi.WIFI_STATE_CHANGED} for forbiden auto run com.ivvi.browser:Uid=10035
09-20 14:57:44.179918  1431  1431 D STATUS_BAR: CPDataConnSettingUtils getMobileDataEnabled:false
09-20 14:57:44.179910  5608  5608 D ActivityThread: BDC-Calling onReceive: intent=Intent { act=android.net.wifi.WIFI_STATE_CHANGED flg=0x4000010 cmp=com.mediatek.engineermode/.wifi.WifiStateReceiver (has extras) }, receiver=com.mediatek.engineermode.wifi.WifiStateReceiver@5c61c27
09-20 14:57:44.180188  1431  1431 D STATUS_BAR: SignalClusterViewYuLong setDataNetworkIndicators  typeIconId = 0 activityIconId = 0
09-20 14:57:44.182692  1431  1431 D STATUS_BAR: CPDataConnSettingUtils getMobileDataEnabled:false
09-20 14:57:44.182881  1431  1431 D STATUS_BAR: SignalClusterViewYuLong setDataNetworkIndicators  typeIconId = 0 activityIconId = 0
09-20 14:57:44.187105  1431  1431 D STATUS_BAR: CPDataConnSettingUtils getMobileDataEnabled:false
09-20 14:57:44.187376  5555  5555 D ActivityThread: BDC-Calling onReceive: intent=Intent { act=android.net.wifi.WIFI_STATE_CHANGED flg=0x4000010 cmp=com.mediatek.op01.plugin/.WifiSettingsReceiver (has extras) }, receiver=com.mediatek.op01.plugin.WifiSettingsReceiver@637dd7a
09-20 14:57:44.187377  1431  1431 D STATUS_BAR: SignalClusterViewYuLong setDataNetworkIndicators  typeIconId = 0 activityIconId = 0
09-20 14:57:44.192517  1431  1431 D STATUS_BAR: CPDataConnSettingUtils getMobileDataEnabled:false
09-20 14:57:44.192759  1431  1431 D STATUS_BAR: StatusBar.MSimNetworkController refreshSignalCluster, phoneId:0 mMSimDataConnected:false mMSimDataTypeIconId:(null) mMSimDataDirectionIconId:(null) mDataUsingPhoneIconId:com.android.systemui:drawable/stat_sys_signal_type_card1
09-20 14:57:44.192932  1431  1431 D STATUS_BAR: QuickSettingsModel mQuickSettingsReceiver onReceive android.net.wifi.WIFI_STATE_CHANGED
09-20 14:57:44.193009  1431  1431 D STATUS_BAR: QuickSettingsModel onWifiStateChange state = 2
09-20 14:57:44.193075  1431  1431 D STATUS_BAR: QuickSettingsModel mQuickSettingsReceiver onReceive android.net.wifi.WIFI_STATE_CHANGED
09-20 14:57:44.193112  1431  1431 D STATUS_BAR: QuickSettingsModel onWifiStateChange state = 2
09-20 14:57:44.415577   468  1188 D NetlinkEvent: clear RA flag done
09-20 14:57:44.415749   468  1188 D SocketClient: SocketClient sendData done: 600 Iface linkstate wlan0 down
09-20 14:57:44.415953  1260  1319 D NetdConnector: RCV <- {600 Iface linkstate wlan0 down}
09-20 14:57:44.416842  1260  1281 D NetworkManagement: onEvent:600 Iface linkstate wlan0 down:5
09-20 14:57:44.442655  5252  5252 V ActivityThread: SVC-Destroying service com.android.printspooler.model.PrintSpoolerService@ab4a92f
09-20 14:57:44.444701  1260  1277 W PackageManager: checkUidPermission(): android.permission.INTERNET of 10056 is denied.
09-20 14:57:44.444766  1260  1277 D NetworkPolicy: no need to update restrict data rules for uid 10056
09-20 14:57:44.444966  1260  1277 W PackageManager: checkUidPermission(): android.permission.INTERNET of 10056 is denied.
09-20 14:57:44.445014  1260  1277 D NetworkPolicy: no need to update restrict power rules for uid 10056
09-20 14:57:44.546948   468  1188 D SocketClient: SocketClient sendData done: 600 Iface linkstate p2p0 up
09-20 14:57:44.547138  1260  1319 D NetdConnector: RCV <- {600 Iface linkstate p2p0 up}
09-20 14:57:44.547962  1260  1281 D NetworkManagement: onEvent:600 Iface linkstate p2p0 up:5
09-20 14:57:44.571619   468  1188 D SocketClient: SocketClient sendData done: 616 Route updated fe80::/64 dev p2p0
09-20 14:57:44.571739   468  1188 D SocketClient: SocketClient sendData done: 600 Iface linkstate p2p0 up
09-20 14:57:44.571776  1260  1319 D NetdConnector: RCV <- {616 Route updated fe80::/64 dev p2p0}
09-20 14:57:44.571831   468  1188 D SocketClient: SocketClient sendData done: 600 Iface linkstate p2p0 up
09-20 14:57:44.571981   468  1188 D SocketClient: SocketClient sendData done: 600 Iface linkstate p2p0 up
09-20 14:57:44.572665  1260  1319 D NetdConnector: RCV <- {600 Iface linkstate p2p0 up}
09-20 14:57:44.572663  1260  1281 D NetworkManagement: onEvent:616 Route updated fe80::/64 dev p2p0:6
09-20 14:57:44.573189  1260  1319 D NetdConnector: RCV <- {600 Iface linkstate p2p0 up}
09-20 14:57:44.573567   468  1188 D NetlinkEvent: parseIfAddrMessage: if:p2p0; ADDRESS fe80::16:6dff:fe30:2842;VALID=1;
09-20 14:57:44.573697   468  1188 D SocketClient: SocketClient sendData done: 614 Address updated fe80::16:6dff:fe30:2842/64 p2p0 196 253 1
09-20 14:57:44.573739  1260  1319 D NetdConnector: RCV <- {600 Iface linkstate p2p0 up}
09-20 14:57:44.574385  1260  1319 D NetdConnector: RCV <- {614 Address updated fe80::16:6dff:fe30:2842/64 p2p0 196 253 1}
09-20 14:57:44.574750  1260  1281 D NetworkManagement: onEvent:600 Iface linkstate p2p0 up:5
09-20 14:57:44.576093  1260  1281 D NetworkManagement: onEvent:600 Iface linkstate p2p0 up:5
09-20 14:57:44.578468  1260  1281 D NetworkManagement: onEvent:600 Iface linkstate p2p0 up:5
09-20 14:57:44.581729  1260  1281 D NetworkManagement: onEvent:614 Address updated fe80::16:6dff:fe30:2842/64 p2p0 196 253 1:8
09-20 14:57:44.582083  1260  1281 D NetworkManagement: InterfaceAddressChange valid=1
09-20 14:57:44.770573  1260  1324 V ActivityManager: Broadcast sticky: Intent { act=android.net.wifi.WIFI_STATE_CHANGED flg=0x4000010 (has extras) } ordered=false userid=-1 callerApp=ProcessRecord{bc2cf64 1260:system/1000}
09-20 14:57:44.776772  1431  1431 D STATUS_BAR: StatusNetSpeed mQuickSettingsReceiver onReceive android.net.wifi.WIFI_STATE_CHANGED
09-20 14:57:44.776968  1431  1431 D STATUS_BAR: StatusNetSpeed mQuickSettingsReceiver onReceive android.net.wifi.WIFI_STATE_CHANGED
09-20 14:57:44.777394  1260  1411 D ConnectivityService: getActiveNetworkInfo networkInfo = null
09-20 14:57:44.778065  1431  1431 D STATUS_BAR: StatusBar.MSimNetworkController refreshViews phoneId =0 mMSimDataConnected =false
09-20 14:57:44.778089  1431  1431 D STATUS_BAR: StatusBar.MSimNetworkController refreshViews mMSimDataActivity =0
09-20 14:57:44.780713  1260  1276 V ActivityManager: check isInBlackList_:com.ivvi.browser ret=true
09-20 14:57:44.780791  1260  1276 V BroadcastQueue: Skipping delivery of static [background] BroadcastRecord{3f18cc u-1 android.net.wifi.WIFI_STATE_CHANGED} for forbiden auto run com.ivvi.browser:Uid=10035
09-20 14:57:44.785603  1431  1431 D STATUS_BAR: StatusBar.MSimNetworkController refreshViews, CA_State = 0
09-20 14:57:44.785725  1431  1431 D STATUS_BAR: StatusBar.MSimNetworkController refreshViews: Data not connected!! Set no data type icon / Roaming for phoneId: 0
09-20 14:57:44.785787  1431  1431 D STATUS_BAR: StatusBar.MSimNetworkController isCdma(phoneId) = false, isCdmaEri(phoneId) = falsemMSimPhoneStateListener[phoneId].mMSimServiceState = true, mMSimPhoneStateListener[phoneId].mMSimServiceState.getRoaming() = false
09-20 14:57:44.786065  1431  1431 D STATUS_BAR: StatusBar.MSimNetworkController refreshViews connected={ } level=0 mMSimcombinedSignalIconId=0x0/(null) mMSimcombinedActivityIconId=0x0 mAirplaneMode=false mMSimDataActivity=0 mMSimPhoneSignalIconId=0x7f020587/com.android.systemui:drawable/stat_sys_signal_0 mMSimDataDirectionIconId=0x0 mMSimDataSignalIconId=0x0 mMSimDataTypeIconId=0x0/(null) mNoMSimIconId=0x7f020518/com.android.systemui:drawable/stat_sys_no_sims mMSimMobileActivityIconId=0x0/(null) mWifiIconId=0x0 mBluetoothTetherIconId=0x1080704
09-20 14:57:44.786146  1431  1431 D STATUS_BAR: SignalClusterViewYuLong setDataNetworkIndicators  typeIconId = 0 activityIconId = 0
09-20 14:57:44.796278  1431  1431 D STATUS_BAR: CPDataConnSettingUtils getMobileDataEnabled:false
09-20 14:57:44.796523  1431  1431 D STATUS_BAR: SignalClusterViewYuLong setDataNetworkIndicators  typeIconId = 0 activityIconId = 0
09-20 14:57:44.800934  1431  1431 D STATUS_BAR: CPDataConnSettingUtils getMobileDataEnabled:false
09-20 14:57:44.801188  1431  1431 D STATUS_BAR: SignalClusterViewYuLong setDataNetworkIndicators  typeIconId = 0 activityIconId = 0
09-20 14:57:44.805364  1431  1431 D STATUS_BAR: CPDataConnSettingUtils getMobileDataEnabled:false
09-20 14:57:44.805728  1431  1431 D STATUS_BAR: SignalClusterViewYuLong setDataNetworkIndicators  typeIconId = 0 activityIconId = 0
09-20 14:57:44.807372  5608  5608 D ActivityThread: BDC-Calling onReceive: intent=Intent { act=android.net.wifi.WIFI_STATE_CHANGED flg=0x4000010 cmp=com.mediatek.engineermode/.wifi.WifiStateReceiver (has extras) }, receiver=com.mediatek.engineermode.wifi.WifiStateReceiver@f180ed4
09-20 14:57:44.813624  1431  1431 D STATUS_BAR: CPDataConnSettingUtils getMobileDataEnabled:false
09-20 14:57:44.813930  1431  1431 D STATUS_BAR: StatusBar.MSimNetworkController refreshSignalCluster, phoneId:0 mMSimDataConnected:false mMSimDataTypeIconId:(null) mMSimDataDirectionIconId:(null) mDataUsingPhoneIconId:com.android.systemui:drawable/stat_sys_signal_type_card1
09-20 14:57:44.814097  1431  1431 D STATUS_BAR: QuickSettingsModel mQuickSettingsReceiver onReceive android.net.wifi.WIFI_STATE_CHANGED
09-20 14:57:44.814194  1431  1431 D STATUS_BAR: QuickSettingsModel onWifiStateChange state = 3
09-20 14:57:44.815211  1431  1431 D STATUS_BAR: QuickSettingsModel mQuickSettingsReceiver onReceive android.net.wifi.WIFI_STATE_CHANGED
09-20 14:57:44.815307  1431  1431 D STATUS_BAR: QuickSettingsModel onWifiStateChange state = 3
09-20 14:57:44.836419  5555  5555 D ActivityThread: BDC-Calling onReceive: intent=Intent { act=android.net.wifi.WIFI_STATE_CHANGED flg=0x4000010 cmp=com.mediatek.op01.plugin/.WifiSettingsReceiver (has extras) }, receiver=com.mediatek.op01.plugin.WifiSettingsReceiver@1a0a92b
09-20 14:57:44.883069  1260  1324 V ActivityManager: Broadcast: Intent { act=android.net.wifi.CONFIGURED_NETWORKS_CHANGE flg=0x4000010 (has extras) } ordered=false userid=-1 callerApp=ProcessRecord{bc2cf64 1260:system/1000}
09-20 14:57:44.894455  1260  1324 V ActivityManager: Broadcast: Intent { act=android.net.wifi.supplicant.CONNECTION_CHANGE flg=0x4000010 (has extras) } ordered=false userid=-1 callerApp=ProcessRecord{bc2cf64 1260:system/1000}
09-20 14:57:44.905920  1260  1324 V ActivityManager: Broadcast sticky: Intent { act=android.net.wifi.STATE_CHANGE flg=0x4000010 (has extras) } ordered=false userid=-1 callerApp=ProcessRecord{bc2cf64 1260:system/1000}
09-20 14:57:44.908511  1260  1260 D WifiService: onReceive, action:android.net.wifi.STATE_CHANGE
09-20 14:57:44.908614  1260  1283 I WifiDisplayController: Received NETWORK_STATE_CHANGED,con:false,SSID:null,Freq:0,netId:-1, updated:false
09-20 14:57:44.910685  1431  1431 D STATUS_BAR: StatusBar.MSimNetworkController refreshViews phoneId =0 mMSimDataConnected =false
09-20 14:57:44.910752  1431  1431 D STATUS_BAR: StatusBar.MSimNetworkController refreshViews mMSimDataActivity =0
09-20 14:57:44.914683  1431  1431 D STATUS_BAR: StatusBar.MSimNetworkController refreshViews, CA_State = 0
09-20 14:57:44.914808  1431  1431 D STATUS_BAR: StatusBar.MSimNetworkController refreshViews: Data not connected!! Set no data type icon / Roaming for phoneId: 0
09-20 14:57:44.914865  1431  1431 D STATUS_BAR: StatusBar.MSimNetworkController isCdma(phoneId) = false, isCdmaEri(phoneId) = falsemMSimPhoneStateListener[phoneId].mMSimServiceState = true, mMSimPhoneStateListener[phoneId].mMSimServiceState.getRoaming() = false
09-20 14:57:44.915185  1431  1431 D STATUS_BAR: StatusBar.MSimNetworkController refreshViews connected={ } level=0 mMSimcombinedSignalIconId=0x0/(null) mMSimcombinedActivityIconId=0x0 mAirplaneMode=false mMSimDataActivity=0 mMSimPhoneSignalIconId=0x7f020587/com.android.systemui:drawable/stat_sys_signal_0 mMSimDataDirectionIconId=0x0 mMSimDataSignalIconId=0x0 mMSimDataTypeIconId=0x0/(null) mNoMSimIconId=0x7f020518/com.android.systemui:drawable/stat_sys_no_sims mMSimMobileActivityIconId=0x0/(null) mWifiIconId=0x0 mBluetoothTetherIconId=0x1080704
09-20 14:57:44.915268  1431  1431 D STATUS_BAR: SignalClusterViewYuLong setDataNetworkIndicators  typeIconId = 0 activityIconId = 0
09-20 14:57:44.918713  1431  1431 D STATUS_BAR: CPDataConnSettingUtils getMobileDataEnabled:false
09-20 14:57:44.919022  1431  1431 D STATUS_BAR: SignalClusterViewYuLong setDataNetworkIndicators  typeIconId = 0 activityIconId = 0
09-20 14:57:44.924790  1431  1431 D STATUS_BAR: CPDataConnSettingUtils getMobileDataEnabled:false
09-20 14:57:44.925024  1431  1431 D STATUS_BAR: SignalClusterViewYuLong setDataNetworkIndicators  typeIconId = 0 activityIconId = 0
09-20 14:57:44.928824  1431  1431 D STATUS_BAR: CPDataConnSettingUtils getMobileDataEnabled:false
09-20 14:57:44.929132  1431  1431 D STATUS_BAR: SignalClusterViewYuLong setDataNetworkIndicators  typeIconId = 0 activityIconId = 0
09-20 14:57:44.930678  1260  1322 D NetdConnector: SND -> {199 interface getcfg p2p0}
09-20 14:57:44.930835  1260  1324 V ActivityManager: Broadcast sticky: Intent { act=wifi_scan_available flg=0x4000010 (has extras) } ordered=false userid=-1 callerApp=ProcessRecord{bc2cf64 1260:system/1000}
09-20 14:57:44.931407   468  1196 D FrameworkListener: dispatchCommand data = (199 interface getcfg p2p0)
09-20 14:57:44.931699   468  1196 D SocketClient: SocketClient sendData done: 213 199 02:16:6d:30:28:42 0.0.0.0 0 up broadcast multicast
09-20 14:57:44.931959  1260  1319 D NetdConnector: RCV <- {213 199 02:16:6d:30:28:42 0.0.0.0 0 up broadcast multicast}
09-20 14:57:44.932497  1260  1324 V AlarmManager: APP set with listener(WifiConnectivityManager Schedule Watchdog Timer) : type=2 triggerAtTime=2046652 win=-1 tElapsed=2046652 maxElapsed=2946652 interval=0 flags=0x8
09-20 14:57:44.932965  1260  1322 D NetdConnector: RMV <- {213 199 02:16:6d:30:28:42 0.0.0.0 0 up broadcast multicast}
09-20 14:57:44.933778  1260  1322 D NetworkManagement: Enter setInterfaceConfig, iface=p2p0
09-20 14:57:44.933937  1260  1322 D NetdConnector: SND -> {200 interface setcfg p2p0 0.0.0.0 0 up multicast broadcast}
09-20 14:57:44.934396  1431  1431 D STATUS_BAR: CPDataConnSettingUtils getMobileDataEnabled:false
09-20 14:57:44.934600   468  1196 D FrameworkListener: dispatchCommand data = (200 interface setcfg p2p0 0.0.0.0 0 up multicast broadcast)
09-20 14:57:44.934697  1431  1431 D STATUS_BAR: StatusBar.MSimNetworkController refreshSignalCluster, phoneId:0 mMSimDataConnected:false mMSimDataTypeIconId:(null) mMSimDataDirectionIconId:(null) mDataUsingPhoneIconId:com.android.systemui:drawable/stat_sys_signal_type_card1
09-20 14:57:44.934861  1431  1431 D STATUS_BAR: QuickSettingsModel mQuickSettingsReceiver onReceive android.net.wifi.STATE_CHANGE
09-20 14:57:44.934920   468  1196 D SocketClient: SocketClient sendData done: 200 200 Interface configuration set
09-20 14:57:44.935085  1431  1431 D STATUS_BAR: QuickSettingsModel mQuickSettingsReceiver onReceive android.net.wifi.STATE_CHANGE
09-20 14:57:44.936442  1260  1324 D AlarmManager: remove(operation) changed bounds; rebatching operation = null
09-20 14:57:44.937070  1260  1324 D AlarmManager: set alarm to RTC 843390
09-20 14:57:44.937404  1260  1319 D NetdConnector: RCV <- {200 200 Interface configuration set}
09-20 14:57:44.937405  1260  1313 D AlarmManager: set alarm to RTC 934340
09-20 14:57:44.937527  1260  1313 D DataShapingService: Alarm manager openLteDataUpLinkGate: false
09-20 14:57:44.938197  1260  1313 V AlarmManager: openLteGateSuccess = false
09-20 14:57:44.938340  1260  1313 D AlarmManager: wakeup alarm = Alarm{e33e715 type 2 when 843390 com.android.flowmonitor}; package = com.android.flowmonitorneedGrouping = false
09-20 14:57:44.940124  1260  1322 D NetdConnector: RMV <- {200 200 Interface configuration set}
09-20 14:57:44.940123  1260  1313 V ActivityManager: Broadcast: Intent { act=com.android.server.action.NETWORK_STATS_POLL_COOPAD flg=0x14 (has extras) } ordered=true userid=0 callerApp=null
09-20 14:57:44.950839  1260  1313 V AlarmManager: sending alarm Alarm{e33e715 type 2 when 843390 com.android.flowmonitor} success
09-20 14:57:44.951059  1260  1313 D PowerManagerNotifier: onWakeLockAcquired: flags=1, tag="*alarm*", packageName=android, ownerUid=1000, ownerPid=1260, workSource=WorkSource{1000}
09-20 14:57:44.951834  1260  1326 V AlarmManager: APP set with listener(SupplicantWifiScannerImpl Scan Timeout) : type=2 triggerAtTime=861671 win=-1 tElapsed=861671 maxElapsed=872920 interval=0 flags=0x8
09-20 14:57:44.952198  1260  1260 V ActivityManager: Broadcast: Intent { act=android.intent.action.DROPBOX_ENTRY_ADDED flg=0x10 (has extras) } ordered=false userid=0 callerApp=ProcessRecord{bc2cf64 1260:system/1000}
09-20 14:57:44.953044  1260  1322 V ActivityManager: Broadcast sticky: Intent { act=android.net.wifi.p2p.STATE_CHANGED flg=0x4000010 (has extras) } ordered=false userid=-1 callerApp=ProcessRecord{bc2cf64 1260:system/1000}
09-20 14:57:44.954378  1260  1283 D WifiDisplayController: Received WIFI_P2P_STATE_CHANGED_ACTION: enabled=true
09-20 14:57:44.954438  1260  1283 I WifiDisplayController: updateWfdEnableState(), mWifiDisplayOnSetting:false, mWifiP2pEnabled:true
09-20 14:57:44.954466  1260  1283 I WifiDisplayController: updateWfdInfo(), enable:false,mWfdEnabling:false
09-20 14:57:44.954665  1260  1283 D WifiDisplayController: reportFeatureState(), featureState = 2
09-20 14:57:44.954703  1260  1283 I WifiDisplayController: updateScanState(), mSinkEnabled:falsemDiscoverPeersInProgress:false
09-20 14:57:44.954742  1260  1283 I WifiDisplayController: disconnect, mRemoteDisplayInterface = null
09-20 14:57:44.954777  1260  1283 I WifiDisplayController: updateScanState(), mSinkEnabled:falsemDiscoverPeersInProgress:false
09-20 14:57:44.954878  1260  1283 D WifiDisplayController: callback onFeatureStateChanged(): featureState = 2
09-20 14:57:44.956774  1260  1326 D AlarmManager: set alarm to RTC 861671
09-20 14:57:44.956956  1260  1324 V AlarmManager: APP set with listener(WifiConnectivityManager Schedule Periodic Scan Timer) : type=2 triggerAtTime=866662 win=-1 tElapsed=866662 maxElapsed=881662 interval=0 flags=0x8
09-20 14:57:44.959331  1260  1322 V ActivityManager: Broadcast sticky: Intent { act=android.net.wifi.p2p.CONNECTION_STATE_CHANGE flg=0x24000010 (has extras) } ordered=false userid=-1 callerApp=ProcessRecord{bc2cf64 1260:system/1000}
09-20 14:57:44.960731  1260  1283 D WifiDisplayController: Received WIFI_P2P_CONNECTION_CHANGED_ACTION: isConnected? false, reason = -1
09-20 14:57:44.960771  1260  1283 D WifiDisplayController: updateWifiP2pChannelId(), id:-1
09-20 14:57:44.960815  1260  1283 I WifiDisplayController: handleConnectionChanged(), mWfdEnabled:false
09-20 14:57:44.961603  1260  1279 E BatteryStatsService: no controller energy info supplied
09-20 14:57:44.967744  1260  1322 V ActivityManager: Broadcast sticky: Intent { act=android.net.wifi.p2p.THIS_DEVICE_CHANGED flg=0x4000010 (has extras) } ordered=false userid=-1 callerApp=ProcessRecord{bc2cf64 1260:system/1000}
09-20 14:57:44.969456  1260  1411 V ActivityManager: check isInBlackList_:com.ivvi.browser ret=true
09-20 14:57:44.969570  1260  1411 V BroadcastQueue: Skipping delivery of static [background] BroadcastRecord{7f8df91 u-1 android.net.wifi.STATE_CHANGE} for forbiden auto run com.ivvi.browser:Uid=10035
09-20 14:57:44.973277  1260  1324 V ActivityManager: Broadcast sticky: Intent { act=android.net.wifi.STATE_CHANGE flg=0x4000010 (has extras) } ordered=false userid=-1 callerApp=ProcessRecord{bc2cf64 1260:system/1000}
09-20 14:57:44.976821  1260  1260 D WifiService: onReceive, action:android.net.wifi.STATE_CHANGE
09-20 14:57:44.977383  1260  1283 I WifiDisplayController: Received NETWORK_STATE_CHANGED,con:false,SSID:null,Freq:0,netId:-1, updated:false
09-20 14:57:44.981302  1431  1431 D STATUS_BAR: StatusBar.MSimNetworkController refreshViews phoneId =0 mMSimDataConnected =false
09-20 14:57:44.981354  1431  1431 D STATUS_BAR: StatusBar.MSimNetworkController refreshViews mMSimDataActivity =0
09-20 14:57:44.983599  1431  1431 D STATUS_BAR: StatusBar.MSimNetworkController refreshViews, CA_State = 0
09-20 14:57:44.983616  5555  5555 D ActivityThread: BDC-Calling onReceive: intent=Intent { act=android.net.wifi.STATE_CHANGE flg=0x4000010 cmp=com.mediatek.op01.plugin/.WifiSettingsReceiver (has extras) }, receiver=com.mediatek.op01.plugin.WifiSettingsReceiver@7355188
09-20 14:57:44.983708  1431  1431 D STATUS_BAR: StatusBar.MSimNetworkController refreshViews: Data not connected!! Set no data type icon / Roaming for phoneId: 0
09-20 14:57:44.983783  1431  1431 D STATUS_BAR: StatusBar.MSimNetworkController isCdma(phoneId) = false, isCdmaEri(phoneId) = falsemMSimPhoneStateListener[phoneId].mMSimServiceState = true, mMSimPhoneStateListener[phoneId].mMSimServiceState.getRoaming() = false
09-20 14:57:44.984033  1431  1431 D STATUS_BAR: StatusBar.MSimNetworkController refreshViews connected={ } level=0 mMSimcombinedSignalIconId=0x0/(null) mMSimcombinedActivityIconId=0x0 mAirplaneMode=false mMSimDataActivity=0 mMSimPhoneSignalIconId=0x7f020587/com.android.systemui:drawable/stat_sys_signal_0 mMSimDataDirectionIconId=0x0 mMSimDataSignalIconId=0x0 mMSimDataTypeIconId=0x0/(null) mNoMSimIconId=0x7f020518/com.android.systemui:drawable/stat_sys_no_sims mMSimMobileActivityIconId=0x0/(null) mWifiIconId=0x0 mBluetoothTetherIconId=0x1080704
09-20 14:57:44.984108  1431  1431 D STATUS_BAR: SignalClusterViewYuLong setDataNetworkIndicators  typeIconId = 0 activityIconId = 0
09-20 14:57:44.984648  1260  1324 V ActivityManager: Broadcast sticky: Intent { act=android.net.wifi.supplicant.STATE_CHANGE flg=0x24000010 (has extras) } ordered=false userid=-1 callerApp=ProcessRecord{bc2cf64 1260:system/1000}
